 ConEmuBg

 Timestamp is 5a0575c4 (Fri Nov 10 12:47:48 2017)

 Preferred load address is 10000000

 Start         Length     Name                   Class
 0001:00000000 00012d44H .text$mn                CODE
 0001:00012d44 000000d7H .text$x                 CODE
 0002:00000000 00000230H .idata$5                DATA
 0002:00000230 00000004H .00cfg                  DATA
 0002:00000234 00000004H .CRT$XCA                DATA
 0002:00000238 00000004H .CRT$XCZ                DATA
 0002:0000023c 00000004H .CRT$XIA                DATA
 0002:00000240 00000010H .CRT$XIC                DATA
 0002:00000250 00000004H .CRT$XIZ                DATA
 0002:00000254 00000004H .CRT$XLA                DATA
 0002:00000258 00000004H .CRT$XLZ                DATA
 0002:0000025c 00000004H .CRT$XPA                DATA
 0002:00000260 00000008H .CRT$XPX                DATA
 0002:00000268 00000004H .CRT$XPXA               DATA
 0002:0000026c 00000004H .CRT$XPZ                DATA
 0002:00000270 00000004H .CRT$XTA                DATA
 0002:00000274 0000000cH .CRT$XTZ                DATA
 0002:00000278 00000000H .gfids$x                DATA
 0002:00000278 00000000H .gfids$y                DATA
 0002:00000280 00005e80H .rdata                  DATA
 0002:00006100 00000018H .rdata$T                DATA
 0002:00006118 000001d8H .rdata$r                DATA
 0002:000062f0 00000028H .rdata$sxdata           DATA
 0002:00006318 00000380H .rdata$zzzdbg           DATA
 0002:00006698 00000004H .rtc$IAA                DATA
 0002:0000669c 00000004H .rtc$IZZ                DATA
 0002:000066a0 00000004H .rtc$TAA                DATA
 0002:000066a4 00000004H .rtc$TZZ                DATA
 0002:000066a8 00000004H .tls                    DATA
 0002:000066ac 00000004H .tls$                   DATA
 0002:000066b0 00000008H .tls$ZZZ                DATA
 0002:000066b8 000005c8H .xdata$x                DATA
 0002:00006c80 0000018cH .edata                  DATA
 0002:00006e0c 00000078H .idata$2                DATA
 0002:00006e84 00000014H .idata$3                DATA
 0002:00006e98 00000230H .idata$4                DATA
 0002:000070c8 000009b8H .idata$6                DATA
 0003:00000000 00001e50H .data                   DATA
 0003:00001e50 000000c0H .data$r                 DATA
 0003:00001f10 00008bf4H .bss                    DATA
 0004:00000000 000000a0H .rsrc$01                DATA
 0004:000000a0 00000498H .rsrc$02                DATA

  Address         Publics by Value              Rva+Base       Lib:Object

 0000:00000000       __except_list              00000000     <absolute>
 0000:00000000       ___enclave_config          00000000     <absolute>
 0000:00000000       ___guard_longjmp_count     00000000     <absolute>
 0000:00000000       ___guard_fids_count        00000000     <absolute>
 0000:00000000       ___guard_longjmp_table     00000000     <absolute>
 0000:00000000       ___guard_iat_table         00000000     <absolute>
 0000:00000000       ___guard_iat_count         00000000     <absolute>
 0000:00000000       ___hybrid_auxiliary_iat    00000000     <absolute>
 0000:00000000       ___hybrid_code_map         00000000     <absolute>
 0000:00000000       ___guard_fids_table        00000000     <absolute>
 0000:00000000       ___dynamic_value_reloc_table 00000000     <absolute>
 0000:00000000       ___hybrid_code_map_count   00000000     <absolute>
 0000:0000000a       ___safe_se_handler_count   0000000a     <absolute>
 0000:0000002c       __tls_array                0000002c     <absolute>
 0000:00000100       ___guard_flags             00000100     <absolute>
 0000:00000000       ___ImageBase               10000000     <linker-defined>
 0001:00000000       _ConfigureW@4              10001000 f   ConEmuBg.obj
 0001:00000046       _ExitFARW@0                10001046 f   ConEmuBg.obj
 0001:0000006b       ?ExitFARW3@@YGXPAX@Z       1000106b f   ConEmuBg.obj
 0001:00000099       ?ConfigureW3@@YGHPAX@Z     10001099 f   ConEmuBg.obj
 0001:000000da       ??$SafeDelete@UMSectionSimple@@@@YAXAAPAUMSectionSimple@@@Z 100010da f i ConEmuBg.obj
 0001:0000010b       ??$wcscpy_c@$0BAE@@@YAHAAY0BAE@_WPB_W@Z 1000110b f i ConEmuBg.obj
 0001:00000120       ??1MStream@@UAE@XZ         10001120 f i ConEmuBg.obj
 0001:00000157       ??_EMStream@@UAEPAXI@Z     10001157 f i ConEmuBg.obj
 0001:00000157       ??_GMStream@@UAEPAXI@Z     10001157 f i ConEmuBg.obj
 0001:00000179       ?AddRef@MStream@@UAGKXZ    10001179 f i ConEmuBg.obj
 0001:000002c9       ?CheckXmlFile@@YA_N_N@Z    100012c9 f   ConEmuBg.obj
 0001:0000072a       ?Clone@MStream@@UAGJPAPAUIStream@@@Z 1000172a f i ConEmuBg.obj
 0001:00000732       ?Close@CachedImage@@QAEXXZ 10001732 f i ConEmuBg.obj
 0001:000007a6       ?Close@GDIPlusDecoder@@QAEXXZ 100017a6 f i ConEmuBg.obj
 0001:00000859       ?ClrPart@@YAEH@Z           10001859 f i ConEmuBg.obj
 0001:00000880       ?Commit@MStream@@UAGJK@Z   10001880 f i ConEmuBg.obj
 0001:00000892       ?CompareNames@@YA_NPB_WPA_W@Z 10001892 f   ConEmuBg.obj
 0001:000009a3       ?ExitPlugin@@YAXXZ         100019a3 f   ConEmuBg.obj
 0001:000009eb       ?FMatch@@YA_NPB_WPA_W@Z    100019eb f   ConEmuBg.obj
 0001:00000af8       ?FillPanelParams@@YAHPAUPaintBackgroundArg@@PAUBkPanelInfo@@PAUDrawInfo@@@Z 10001af8 f   ConEmuBg.obj
 0001:000018a7       ?FormatSize@@YAXT_ULARGE_INTEGER@@PA_W@Z 100028a7 f   ConEmuBg.obj
 0001:00001998       ?FreeThreadProc@GDIPlusDecoder@@SGKPAX@Z 10002998 f i ConEmuBg.obj
 0001:000019b7       ?GdipDone@@YAXXZ           100029b7 f   ConEmuBg.obj
 0001:00001ab4       ?GdipInit@@YA_NXZ          10002ab4 f   ConEmuBg.obj
 0001:00001b58       ?GetImage@GDIPlusDecoder@@QAEPAUCachedImage@@PB_W@Z 10002b58 f i ConEmuBg.obj
 0001:00001f3d       ?GetMsgW@@YAPB_WH@Z        10002f3d f   ConEmuBg.obj
 0001:00001f7d       ?GetPluginInfoWcmn@@YGXPAX@Z 10002f7d f   ConEmuBg.obj
 0001:00001fae       ?GetStatusLineCount@@YAHPAUPaintBackgroundArg@@H@Z 10002fae f   ConEmuBg.obj
 0001:00002153       ?HSV2RGB@@YAXABUHSVColor@@AAURGBColor@@@Z 10003153 f   ConEmuBg.obj
 0001:000022c5       ?Init@CachedImage@@QAE_NPB_WPAUHDC__@@IIQAU2@@Z 100032c5 f i ConEmuBg.obj
 0001:000023ac       ?Init@GDIPlusDecoder@@QAE_NXZ 100033ac f i ConEmuBg.obj
 0001:000025ed       ?LoadFarVersion@@YAHXZ     100035ed f   ConEmuBg.obj
 0001:0000292b       ?UnlockRegion@MStream@@UAGJT_ULARGE_INTEGER@@0K@Z 1000392b f i ConEmuBg.obj
 0001:0000292b       ?CopyTo@MStream@@UAGJPAUIStream@@T_ULARGE_INTEGER@@PAT3@2@Z 1000392b f i ConEmuBg.obj
 0001:0000292b       ?LockRegion@MStream@@UAGJT_ULARGE_INTEGER@@0K@Z 1000392b f i ConEmuBg.obj
 0001:00002933       ?OnConEmuLoaded@@YGXPAUConEmuLoadedArg@@@Z 10003933 f   ConEmuBg.obj
 0001:00002963       ?OpenPluginWcmn@@YAPAXHH@Z 10003963 f   ConEmuBg.obj
 0001:00002990       ?OpenW@@YGPAXPBX@Z         10003990 f   ConEmuBg.obj
 0001:000029bb       ?PaintConEmuBackground@@YGHPAUPaintBackgroundArg@@@Z 100039bb f   ConEmuBg.obj
 0001:00002b0a       ?PaintPanel@@YAHPAUPaintBackgroundArg@@HAAKAAH@Z 10003b0a f   ConEmuBg.obj
 0001:00003b72       ?ParseColors@@YAXPB_WHAAY0CA@KAAH@Z 10004b72 f   ConEmuBg.obj
 0001:00003c1f       ?QueryInterface@MStream@@UAGJABU_GUID@@PAPAX@Z 10004c1f f i ConEmuBg.obj
 0001:00003c87       ?RGB2HSV@@YAXABURGBColor@@AAUHSVColor@@@Z 10004c87 f   ConEmuBg.obj
 0001:00003d58       ?Read@MStream@@UAGJPAXKPAK@Z 10004d58 f i ConEmuBg.obj
 0001:00003dbb       ?Release@MStream@@UAGKXZ   10004dbb f i ConEmuBg.obj
 0001:00003de2       ?ReportFail@@YAXPB_W@Z     10004de2 f   ConEmuBg.obj
 0001:00003e7d       ?Revert@MStream@@UAGJXZ    10004e7d f i ConEmuBg.obj
 0001:00003e85       ?Seek@MStream@@UAGJT_LARGE_INTEGER@@KPAT_ULARGE_INTEGER@@@Z 10004e85 f i ConEmuBg.obj
 0001:00003f01       ?SetData@MStream@@QAEXPBXK@Z 10004f01 f i ConEmuBg.obj
 0001:00003f40       ?SetSize@MStream@@UAGJT_ULARGE_INTEGER@@@Z 10004f40 f i ConEmuBg.obj
 0001:00003fba       ?SettingsLoad@@YAXXZ       10004fba f   ConEmuBg.obj
 0001:00004019       ?SettingsLoadReg@@YAXPB_W@Z 10005019 f   ConEmuBg.obj
 0001:000041a3       ?SettingsSave@@YAXXZ       100051a3 f   ConEmuBg.obj
 0001:000041d8       ?SettingsSaveReg@@YAXPB_W@Z 100051d8 f   ConEmuBg.obj
 0001:00004279       ?StartPlugin@@YAXH@Z       10005279 f   ConEmuBg.obj
 0001:0000438e       ?Stat@MStream@@UAGJPAUtagSTATSTG@@K@Z 1000538e f i ConEmuBg.obj
 0001:00004408       ?StringCchCatW@@YGJPA_WIPB_W@Z 10005408 f i ConEmuBg.obj
 0001:00004448       ?StringCchCopyW@@YGJPA_WIPB_W@Z 10005448 f i ConEmuBg.obj
 0001:00004556       ?WasXmlLoaded@@YA_NXZ      10005556 f   ConEmuBg.obj
 0001:00004561       ?Write@MStream@@UAGJPBXKPAK@Z 10005561 f i ConEmuBg.obj
 0001:000045f4       _DllMain@12                100055f4 f   ConEmuBg.obj
 0001:0000464b       _GetMinFarVersionW@0       1000564b f   ConEmuBg.obj
 0001:00004651       _SetStartupInfoW@4         10005651 f   ConEmuBg.obj
 0001:000049ee       ?ConfigureW1900@@YAHH@Z    100059ee f   ConEmuBg1900.obj
 0001:00004a04       ?ExitFARW1900@@YAXXZ       10005a04 f   ConEmuBg1900.obj
 0001:00004a33       ?FMatchW1900@@YA_NPB_WPA_W@Z 10005a33 f   ConEmuBg1900.obj
 0001:00004a53       ?GetMsgW1900@@YAPB_WH@Z    10005a53 f   ConEmuBg1900.obj
 0001:00004a79       ?GetPluginInfoW1900@@YAXPAX@Z 10005a79 f   ConEmuBg1900.obj
 0001:00004add       ?SetStartupInfoW1900@@YAXPAX@Z 10005add f   ConEmuBg1900.obj
 0001:00004bd8       ?SettingsLoadW1900@@YAXXZ  10005bd8 f   ConEmuBg1900.obj
 0001:00004d2d       ?SettingsSaveW1900@@YAXXZ  10005d2d f   ConEmuBg1900.obj
 0001:0000516a       ?ConfigureW2800@@YAHH@Z    1000616a f   ConEmuBg2800.obj
 0001:00005180       ?ExitFARW2800@@YAXXZ       10006180 f   ConEmuBg2800.obj
 0001:000051af       ?FMatchW2800@@YA_NPB_WPA_W@Z 100061af f   ConEmuBg2800.obj
 0001:000051cf       ?GetMsgW2800@@YAPB_WH@Z    100061cf f   ConEmuBg2800.obj
 0001:000051f5       ?GetPluginInfoW2800@@YAXPAX@Z 100061f5 f   ConEmuBg2800.obj
 0001:00005259       ?OpenW1900@@YGPAXPBX@Z     10006259 f   ConEmuBg1900.obj
 0001:00005259       ?OpenW2800@@YGPAXPBX@Z     10006259 f   ConEmuBg2800.obj
 0001:0000527d       ?SetStartupInfoW2800@@YAXPAX@Z 1000627d f   ConEmuBg2800.obj
 0001:00005378       ?SettingsLoadW2800@@YAXXZ  10006378 f   ConEmuBg2800.obj
 0001:000054c0       ?SettingsSaveW2800@@YAXXZ  100064c0 f   ConEmuBg2800.obj
 0001:000055b1       _GetGlobalInfoW@4          100065b1 f   ConEmuBg2800.obj
 0001:00005981       ?ConfigureW995@@YAHH@Z     10006981 f   ConEmuBg995.obj
 0001:00005997       ?ExitFARW995@@YAXXZ        10006997 f   ConEmuBg995.obj
 0001:000059dd       ?FMatchW995@@YA_NPB_WPA_W@Z 100069dd f   ConEmuBg995.obj
 0001:000059fc       ?GetMsgW995@@YAPB_WH@Z     100069fc f   ConEmuBg995.obj
 0001:00005a20       ?GetPluginInfoW995@@YAXPAX@Z 10006a20 f   ConEmuBg995.obj
 0001:00005a77       ?SetStartupInfoW995@@YAXPAX@Z 10006a77 f   ConEmuBg995.obj
 0001:00005bb9       ?SettingsLoadW995@@YAXXZ   10006bb9 f   ConEmuBg995.obj
 0001:00005bc6       ?SettingsSaveW995@@YAXXZ   10006bc6 f   ConEmuBg995.obj
 0001:00005bd3       _OpenPluginW@8             10006bd3 f   ConEmuBg995.obj
 0001:00005f82       ?FMatchA@@YA_NPBDPAD@Z     10006f82 f   ConEmuBgA.obj
 0001:00005fb8       ?SettingsLoadA@@YAXXZ      10006fb8 f   ConEmuBgA.obj
 0001:00005fc5       ?SettingsSaveA@@YAXXZ      10006fc5 f   ConEmuBgA.obj
 0001:00005fd2       _Configure@4               10006fd2 f   ConEmuBgA.obj
 0001:00005fef       _ExitFAR@0                 10006fef f   ConEmuBgA.obj
 0001:0000603a       _GetMinFarVersion@0        1000703a f   ConEmuBgA.obj
 0001:0000605f       _GetPluginInfo@4           1000705f f   ConEmuBgA.obj
 0001:000060cb       _OpenPlugin@8              100070cb f   ConEmuBgA.obj
 0001:000060e1       _SetStartupInfo@4          100070e1 f   ConEmuBgA.obj
 0001:00006252       _GetFileVersionInfoSizeW@8 10007252 f   version:VERSION.dll
 0001:00006258       _GetFileVersionInfoW@16    10007258 f   version:VERSION.dll
 0001:0000625e       _VerQueryValueW@16         1000725e f   version:VERSION.dll
 0001:00006264       ??2@YAPAXI@Z               10007264 f   common-kernel32:Memory.obj
 0001:00006285       ??3@YAXPAX@Z               10007285 f   common-kernel32:Memory.obj
 0001:00006285       ??_V@YAXPAX@Z              10007285 f   common-kernel32:Memory.obj
 0001:0000628a       ??_U@YAPAXI@Z              1000728a f   common-kernel32:Memory.obj
 0001:00006293       ?HeapDeinitialize@@YAXXZ   10007293 f   common-kernel32:Memory.obj
 0001:000062ab       ?HeapInitialize@@YA_NXZ    100072ab f   common-kernel32:Memory.obj
 0001:000062cd       ?xf_calloc@@YAPAXII@Z      100072cd f   common-kernel32:Memory.obj
 0001:000062e8       ?xf_free@@YAXPAX@Z         100072e8 f   common-kernel32:Memory.obj
 0001:00006308       ?xf_malloc@@YAPAXI@Z       10007308 f   common-kernel32:Memory.obj
 0001:0000631e       ?lstrdup@@YAPA_WPB_WI@Z    1000731e f   common-kernel32:MStrDup.obj
 0001:0000636a       ?lstrmerge@@YAPA_WPB_W00000000@Z 1000736a f   common-kernel32:MStrDup.obj
 0001:00006466       ??0MSectionLockSimple@@QAE@XZ 10007466 f   common-kernel32:MSectionSimple.obj
 0001:00006470       ??0MSectionSimple@@QAE@_N@Z 10007470 f   common-kernel32:MSectionSimple.obj
 0001:0000649d       ??1MSectionLockSimple@@QAE@XZ 1000749d f   common-kernel32:MSectionSimple.obj
 0001:000064a8       ??1MSectionSimple@@QAE@XZ  100074a8 f   common-kernel32:MSectionSimple.obj
 0001:000064ad       ?Close@MSectionSimple@@QAEXXZ 100074ad f   common-kernel32:MSectionSimple.obj
 0001:000064c3       ?Init@MSectionSimple@@QAEXXZ 100074c3 f   common-kernel32:MSectionSimple.obj
 0001:000064d9       ?Lock@MSectionLockSimple@@QAEHPAUMSectionSimple@@K@Z 100074d9 f   common-kernel32:MSectionSimple.obj
 0001:00006541       ?TryEnter@MSectionSimple@@QAE_NXZ 10007541 f   common-kernel32:MSectionSimple.obj
 0001:00006560       ?Unlock@MSectionLockSimple@@QAEXXZ 10007560 f   common-kernel32:MSectionSimple.obj
 0001:0000657c       ?SetThreadName@@YAXKPAD@Z  1000757c f   common-kernel32:WThreads.obj
 0001:000065cb       ?apiCreateThread@@YAPAXP6GKPAX@Z0PAKPBDH@Z 100075cb f   common-kernel32:WThreads.obj
 0001:000066bd       ?apiTerminateThreadEx@@YAHPAXKPBDH@Z 100076bd f   common-kernel32:WThreads.obj
 0001:00006794       ?apiThreadHelper@@YGKPAX@Z 10007794 f   common-kernel32:WThreads.obj
 0001:00006922       ??3@YAXPAXI@Z              10007922 f   LIBCMT:delete_scalar_size.obj
 0001:00006930       ___raise_securityfailure   10007930 f   LIBCMT:gs_report.obj
 0001:00006958       ___report_gsfailure        10007958 f   LIBCMT:gs_report.obj
 0001:00006a53       ___report_rangecheckfailure 10007a53 f   LIBCMT:gs_report.obj
 0001:00006a5f       ___report_securityfailure  10007a5f f   LIBCMT:gs_report.obj
 0001:00006b2f       @__security_check_cookie@4 10007b2f f   LIBCMT:_secchk_.obj
 0001:00006b40       __EH_epilog3               10007b40 f   LIBCMT:ehprolg3.obj
 0001:00006b55       __EH_epilog3_GS            10007b55 f   LIBCMT:ehprolg3.obj
 0001:00006b66       __EH_prolog3               10007b66 f   LIBCMT:ehprolg3.obj
 0001:00006b9a       __EH_prolog3_GS            10007b9a f   LIBCMT:ehprolg3.obj
 0001:00006bd1       __EH_prolog3_catch         10007bd1 f   LIBCMT:ehprolg3.obj
 0001:00006c10       __allmul                   10007c10 f   LIBCMT:llmul.obj
 0001:00006c50       __aulldiv                  10007c50 f   LIBCMT:ulldiv.obj
 0001:00006cb8       ??_Etype_info@@UAEPAXI@Z   10007cb8 f i LIBCMT:std_type_info_static.obj
 0001:00006cb8       ??_Gtype_info@@UAEPAXI@Z   10007cb8 f i LIBCMT:std_type_info_static.obj
 0001:00006dde       __Init_thread_footer       10007dde f   LIBCMT:thread_safe_statics.obj
 0001:00006e1d       __Init_thread_header       10007e1d f   LIBCMT:thread_safe_statics.obj
 0001:00006e63       __Init_thread_lock         10007e63 f   LIBCMT:thread_safe_statics.obj
 0001:00006e6f       __Init_thread_notify       10007e6f f   LIBCMT:thread_safe_statics.obj
 0001:00006eb0       __Init_thread_unlock       10007eb0 f   LIBCMT:thread_safe_statics.obj
 0001:00006ebc       __Init_thread_wait         10007ebc f   LIBCMT:thread_safe_statics.obj
 0001:00007218       __DllMainCRTStartup@12     10008218 f   LIBCMT:dll_dllmain.obj
 0001:00007240       __SEH_prolog4              10008240 f   LIBCMT:_sehprolg4_.obj
 0001:00007286       __SEH_epilog4              10008286 f   LIBCMT:_sehprolg4_.obj
 0001:000072df       ___scrt_acquire_startup_lock 100082df f   LIBCMT:utility.obj
 0001:00007314       ___scrt_dllmain_after_initialize_c 10008314 f   LIBCMT:utility.obj
 0001:0000733f       ___scrt_dllmain_before_initialize_c 1000833f f   LIBCMT:utility.obj
 0001:0000734d       ___scrt_dllmain_crt_thread_attach 1000834d f   LIBCMT:utility.obj
 0001:0000736c       ___scrt_dllmain_crt_thread_detach 1000836c f   LIBCMT:utility.obj
 0001:00007379       ___scrt_dllmain_exception_filter 10008379 f   LIBCMT:utility.obj
 0001:000073ac       ___scrt_dllmain_uninitialize_c 100083ac f   LIBCMT:utility.obj
 0001:000073cf       ___scrt_dllmain_uninitialize_critical 100083cf f   LIBCMT:utility.obj
 0001:000073dc       ___scrt_initialize_crt     100083dc f   LIBCMT:utility.obj
 0001:00007415       ___scrt_initialize_onexit_tables 10008415 f   LIBCMT:utility.obj
 0001:000074bf       ___scrt_is_nonwritable_in_current_image 100084bf f   LIBCMT:utility.obj
 0001:00007549       ___scrt_release_startup_lock 10008549 f   LIBCMT:utility.obj
 0001:00007566       ___scrt_uninitialize_crt   10008566 f   LIBCMT:utility.obj
 0001:0000758e       __onexit                   1000858e f   LIBCMT:utility.obj
 0001:000075c9       _atexit                    100085c9 f   LIBCMT:utility.obj
 0001:000075de       ___scrt_fastfail           100085de f   LIBCMT:utility_desktop.obj
 0001:000076fa       __crt_debugger_hook        100086fa f   LIBCMT:utility_desktop.obj
 0001:00007702       @_guard_check_icall@4      10008702 f i LIBCMT:checkcfg.obj
 0001:00007757       ___security_init_cookie    10008757 f   LIBCMT:gs_support.obj
 0001:000077aa       ?__scrt_initialize_type_info@@YAXXZ 100087aa f   LIBCMT:tncleanup.obj
 0001:000077b6       ?__scrt_uninitialize_type_info@@YAXXZ 100087b6 f   LIBCMT:tncleanup.obj
 0001:000077c2       ___local_stdio_printf_options 100087c2 f i LIBCMT:default_local_stdio_options.obj
 0001:000077c8       ___local_stdio_scanf_options 100087c8 f i LIBCMT:default_local_stdio_options.obj
 0001:000077ce       ___scrt_initialize_default_local_stdio_options 100087ce f   LIBCMT:default_local_stdio_options.obj
 0001:000077eb       ___scrt_get_dyn_tls_init_callback 100087eb f   LIBCMT:dyn_tls_init.obj
 0001:000077f1       __RTC_Initialize           100087f1 f   LIBCMT:_initsect_.obj
 0001:0000781c       __RTC_Terminate            1000881c f   LIBCMT:_initsect_.obj
 0001:00007847       ___isa_available_init      10008847 f   LIBCMT:_cpu_disp_.obj
 0001:000079e6       __get_startup_argv_mode    100089e6 f   LIBCMT:argv_mode.obj
 0001:000079ea       ___scrt_is_ucrt_dll_in_use 100089ea f   LIBCMT:ucrt_detection.obj
 0001:000079f6       @_guard_check_icall_nop@4  100089f6 f i LIBCMT:guard_support.obj
 0001:00007a00       _memmove                   10008a00 f   libvcruntime:memmove.obj
 0001:00007f74       _wcschr                    10008f74 f   libvcruntime:wcschr.obj
 0001:00008022       _wcsrchr                   10009022 f   libvcruntime:wcsrchr.obj
 0001:000080c3       _wcsstr                    100090c3 f   libvcruntime:wcsstr.obj
 0001:00008346       ?_CallCatchBlock2@@YAPAXPAUEHRegistrationNode@@PBU_s_FuncInfo@@PAXHK@Z 10009346 f   libvcruntime:trnsctrl.obj
 0001:000083a6       ?_CallSETranslator@@YAHPAUEHExceptionRecord@@PAUEHRegistrationNode@@PAX2PBU_s_FuncInfo@@H1@Z 100093a6 f   libvcruntime:trnsctrl.obj
 0001:00008483       ?_GetRangeOfTrysToCheck@@YAPBU_s_TryBlockMapEntry@@PBU_s_FuncInfo@@HHPAI1@Z 10009483 f   libvcruntime:trnsctrl.obj
 0001:000084fb       ?_JumpToContinuation@@YGXPAXPAUEHRegistrationNode@@@Z 100094fb f   libvcruntime:trnsctrl.obj
 0001:0000852d       ?_UnwindNestedFrames@@YGXPAUEHRegistrationNode@@PAUEHExceptionRecord@@@Z 1000952d f   libvcruntime:trnsctrl.obj
 0001:00008582       __CatchGuardHandler        10009582 f   libvcruntime:trnsctrl.obj
 0001:000085b3       __CreateFrameInfo          100095b3 f   libvcruntime:trnsctrl.obj
 0001:000085d7       __FindAndUnlinkFrame       100095d7 f   libvcruntime:trnsctrl.obj
 0001:00008621       __TranslatorGuardHandler   10009621 f   libvcruntime:trnsctrl.obj
 0001:000086c0       ___CxxFrameHandler3        100096c0 f   libvcruntime:trnsctrl.obj
 0001:00008700       _memset                    10009700 f   libvcruntime:memset.obj
 0001:00008860       _strchr                    10009860 f   libvcruntime:strchr.obj
 0001:000088ce       ___from_strstr_to_strchr   100098ce     libvcruntime:strchr.obj
 0001:00008990       _strrchr                   10009990 f   libvcruntime:strrchr.obj
 0001:00008b10       __except_handler4          10009b10 f   libvcruntime:_chandler4_.obj
 0001:00008c76       ??$__crt_fast_encode_pointer@P6GHPAU_RTL_CONDITION_VARIABLE@@PAU_RTL_CRITICAL_SECTION@@K@Z@@YAP6GHPAU_RTL_CONDITION_VARIABLE@@PAU_RTL_CRITICAL_SECTION@@K@ZQ6GH01K@Z@Z 10009c76 f i LIBCMT:thread_safe_statics.obj
 0001:00008c76       ??$__crt_fast_encode_pointer@PAP6AXXZ@@YAPAP6AXXZQAP6AXXZ@Z 10009c76 f i LIBCMT:utility.obj
 0001:00008c76       ??$__crt_fast_encode_pointer@PAX@@YAPAXQAX@Z 10009c76 f i libvcruntime:winapi_downlevel.obj
 0001:00008c76       ??$__crt_fast_encode_pointer@P6GXPAU_RTL_CONDITION_VARIABLE@@@Z@@YAP6GXPAU_RTL_CONDITION_VARIABLE@@@ZQ6GX0@Z@Z 10009c76 f i LIBCMT:thread_safe_statics.obj
 0001:00008dd9       ___vcrt_FlsAlloc           10009dd9 f   libvcruntime:winapi_downlevel.obj
 0001:00008e13       ___vcrt_FlsFree            10009e13 f   libvcruntime:winapi_downlevel.obj
 0001:00008e4d       ___vcrt_FlsGetValue        10009e4d f   libvcruntime:winapi_downlevel.obj
 0001:00008e87       ___vcrt_FlsSetValue        10009e87 f   libvcruntime:winapi_downlevel.obj
 0001:00008ec4       ___vcrt_InitializeCriticalSectionEx 10009ec4 f   libvcruntime:winapi_downlevel.obj
 0001:00008f0a       ___vcrt_initialize_winapi_thunks 10009f0a f   libvcruntime:winapi_downlevel.obj
 0001:00008f44       ___vcrt_uninitialize_winapi_thunks 10009f44 f   libvcruntime:winapi_downlevel.obj
 0001:00008f76       ___vcrt_initialize         10009f76 f   libvcruntime:initialization.obj
 0001:00008f9f       ___vcrt_thread_attach      10009f9f f   libvcruntime:initialization.obj
 0001:00008faa       ___vcrt_thread_detach      10009faa f   libvcruntime:initialization.obj
 0001:00008fb5       ___vcrt_uninitialize       10009fb5 f   libvcruntime:initialization.obj
 0001:00008fd4       ___vcrt_uninitialize_critical 10009fd4 f   libvcruntime:initialization.obj
 0001:00008fdc       ___std_type_info_compare   10009fdc f   libvcruntime:std_type_info.obj
 0001:00009018       ___std_type_info_destroy_list 1000a018 f   libvcruntime:std_type_info.obj
 0001:0000903b       ___vcrt_freefls@4          1000a03b f   libvcruntime:per_thread_data.obj
 0001:00009057       ___vcrt_freeptd            1000a057 f   libvcruntime:per_thread_data.obj
 0001:0000908d       ___vcrt_getptd             1000a08d f   libvcruntime:per_thread_data.obj
 0001:0000909b       ___vcrt_getptd_noexit      1000a09b f   libvcruntime:per_thread_data.obj
 0001:0000912d       ___vcrt_initialize_ptd     1000a12d f   libvcruntime:per_thread_data.obj
 0001:00009160       ___vcrt_uninitialize_ptd   1000a160 f   libvcruntime:per_thread_data.obj
 0001:00009180       __CallSettingFrame@12      1000a180 f   libvcruntime:lowhelpr.obj
 0001:000091a7       __NLG_Return               1000a1a7     libvcruntime:lowhelpr.obj
 0001:000091cc       ??0bad_exception@std@@QAE@ABV01@@Z 1000a1cc f i libvcruntime:frame.obj
 0001:000091e7       ??0bad_exception@std@@QAE@XZ 1000a1e7 f i libvcruntime:frame.obj
 0001:000091ff       ??0exception@std@@QAE@ABV01@@Z 1000a1ff f i libvcruntime:frame.obj
 0001:0000922b       ??1bad_exception@std@@UAE@XZ 1000a22b f i libvcruntime:frame.obj
 0001:0000923c       ??8type_info@@QBE_NABV0@@Z 1000a23c f i libvcruntime:frame.obj
 0001:0000925b       ??_Gexception@std@@UAEPAXI@Z 1000a25b f i libvcruntime:frame.obj
 0001:0000925b       ??_Ebad_exception@std@@UAEPAXI@Z 1000a25b f i libvcruntime:frame.obj
 0001:0000925b       ??_Gbad_exception@std@@UAEPAXI@Z 1000a25b f i libvcruntime:frame.obj
 0001:0000925b       ??_Eexception@std@@UAEPAXI@Z 1000a25b f i libvcruntime:frame.obj
 0001:00009a80       ?_CallMemberFunction1@@YGXQAX00@Z 1000aa80 f i libvcruntime:frame.obj
 0001:00009a90       ?_CallMemberFunction2@@YGXQAX00H@Z 1000aa90 f i libvcruntime:frame.obj
 0001:00009aa3       ?what@exception@std@@UBEPBDXZ 1000aaa3 f i libvcruntime:frame.obj
 0001:00009ab0       ___BuildCatchObject        1000aab0 f   libvcruntime:frame.obj
 0001:00009b3f       ___BuildCatchObjectHelper  1000ab3f f   libvcruntime:frame.obj
 0001:00009c6d       ___FrameUnwindToState      1000ac6d f   libvcruntime:frame.obj
 0001:00009d35       ___InternalCxxFrameHandler 1000ad35 f   libvcruntime:frame.obj
 0001:00009e31       ___TypeMatch               1000ae31 f   libvcruntime:frame.obj
 0001:00009ebf       ___except_validate_context_record 1000aebf f   libvcruntime:jbcxrval.obj
 0001:00009eef       ___except_validate_jump_buffer 1000aeef f   libvcruntime:jbcxrval.obj
 0001:00009f20       __local_unwind4            1000af20 f   libvcruntime:_exsup4_.obj
 0001:00009ff8       __seh_longjmp_unwind4@4    1000aff8 f   libvcruntime:_exsup4_.obj
 0001:0000a020       @_EH4_CallFilterFunc@8     1000b020 f   libvcruntime:_exsup4_.obj
 0001:0000a038       @_EH4_TransferToHandler@8  1000b038 f   libvcruntime:_exsup4_.obj
 0001:0000a054       @_EH4_GlobalUnwind2@8      1000b054 f   libvcruntime:_exsup4_.obj
 0001:0000a070       @_EH4_LocalUnwind@16       1000b070 f   libvcruntime:_exsup4_.obj
 0001:0000a087       ___vcrt_initialize_locks   1000b087 f   libvcruntime:locks.obj
 0001:0000a0c3       ___vcrt_uninitialize_locks 1000b0c3 f   libvcruntime:locks.obj
 0001:0000a0f2       ___vcrt_initialize_pure_virtual_call_handler 1000b0f2 f   libvcruntime:purevirt_data.obj
 0001:0000a110       __global_unwind2           1000b110 f   libvcruntime:_exsup_.obj
 0001:0000a176       __local_unwind2            1000b176 f   libvcruntime:_exsup_.obj
 0001:0000a1fa       __abnormal_termination     1000b1fa f   libvcruntime:_exsup_.obj
 0001:0000a220       __NLG_Notify1              1000b220 f   libvcruntime:_exsup_.obj
 0001:0000a22c       __NLG_Notify               1000b22c f   libvcruntime:_exsup_.obj
 0001:0000a243       __NLG_Dispatch2            1000b243     libvcruntime:_exsup_.obj
 0001:0000a243       __NLG_Dispatch             1000b243     libvcruntime:_exsup_.obj
 0001:0000a24b       __NLG_Call                 1000b24b f   libvcruntime:_exsup_.obj
 0001:0000a24d       __NLG_Return2              1000b24d     libvcruntime:_exsup_.obj
 0001:0000a24e       _unexpected                1000b24e f   libvcruntime:unexpected.obj
 0001:0000a26a       ___DestructExceptionObject 1000b26a f   libvcruntime:ehhelpers.obj
 0001:0000a2fe       ?_CallMemberFunction0@@YGXQAX0@Z 1000b2fe f i libvcruntime:ehhelpers.obj
 0001:0000a30b       __IsExceptionObjectToBeDestroyed 1000b30b f   libvcruntime:ehhelpers.obj
 0001:0000a331       ___AdjustPointer           1000b331 f   libvcruntime:ehhelpers.obj
 0001:0000a356       ___FrameUnwindFilter       1000b356 f   libvcruntime:ehhelpers.obj
 0001:0000a39b       ___std_exception_copy      1000b39b f   libvcruntime:std_exception.obj
 0001:0000a3fe       ___std_exception_destroy   1000b3fe f   libvcruntime:std_exception.obj
 0001:0000a41d       __CxxThrowException@8      1000b41d f   libvcruntime:throw.obj
 0001:0000a48b       ??$is_overflow_condition@K@__crt_strtox@@YA_NIK@Z 1000b48b f i libucrt:strtox.obj
 0001:0000a4be       ??$make_c_string_character_source@_WPAPA_W@__crt_strtox@@YA?AV?$c_string_character_source@_W@0@QB_WQAPA_W@Z 1000b4be f i libucrt:strtox.obj
 0001:0000a4d9       ??$parse_integer@KV?$c_string_character_source@_W@__crt_strtox@@@__crt_strtox@@YAKQAU__crt_locale_pointers@@V?$c_string_character_source@_W@0@H_N@Z 1000b4d9 f i libucrt:strtox.obj
 0001:0000abbe       ??0_LocaleUpdate@@QAE@QAU__crt_locale_pointers@@@Z 1000bbbe f i libucrt:strtox.obj
 0001:0000ac41       ?unget@?$c_string_character_source@_W@__crt_strtox@@QAEX_W@Z 1000bc41 f i libucrt:strtox.obj
 0001:0000ac6d       ?validate@?$c_string_character_source@_W@__crt_strtox@@QBE_NXZ 1000bc6d f i libucrt:strtox.obj
 0001:0000ac88       _wcstoul                   1000bc88 f   libucrt:strtox.obj
 0001:0000acb4       __initterm                 1000bcb4 f   libucrt:initterm.obj
 0001:0000ad10       __initterm_e               1000bd10 f   libucrt:initterm.obj
 0001:0000ad55       __seh_filter_dll           1000bd55 f   libucrt:exception_filter.obj
 0001:0000ad75       __seh_filter_exe           1000bd75 f   libucrt:exception_filter.obj
 0001:0000b103       ___acrt_initialize_thread_local_exit_callback 1000c103 f   libucrt:exit.obj
 0001:0000b112       __cexit                    1000c112 f   libucrt:exit.obj
 0001:0000b121       __exit                     1000c121 f   libucrt:exit.obj
 0001:0000b137       __is_c_termination_complete 1000c137 f   libucrt:exit.obj
 0001:0000b3d6       ___acrt_allocate_buffer_for_argv 1000c3d6 f   libucrt:argv_parsing.obj
 0001:0000b42b       __configure_narrow_argv    1000c42b f   libucrt:argv_parsing.obj
 0001:0000b58f       ??$uninitialize@A6AXAAPAPA_W@Z@?$dual_state_global@PAPA_W@__crt_state_management@@QAEXA6AXAAPAPA_W@Z@Z 1000c58f f i libucrt:environment_initialization.obj
 0001:0000b58f       ??$uninitialize@A6AXAAPAPAD@Z@?$dual_state_global@PAPAD@__crt_state_management@@QAEXA6AXAAPAPAD@Z@Z 1000c58f f i libucrt:environment_initialization.obj
 0001:0000b605       ___dcrt_uninitialize_environments_nolock 1000c605 f   libucrt:environment_initialization.obj
 0001:0000b63c       __initialize_narrow_environment 1000c63c f   libucrt:environment_initialization.obj
 0001:0000b641       ??$?RV<lambda_800076c951b434888f4765a74a194fcc>@@AAV<lambda_4e60a939b0d047cfe11ddc22648dfba9>@@V<lambda_6dbb1268764f43b569ce7b67e331d33a>@@@?$__crt_seh_guarded_call@H@@QAEH$$QAV<lambda_800076c951b434888f4765a74a194fcc>@@AAV<lambda_4e60a939b0d047cfe11ddc22648dfba9>@@$$QAV<lambda_6dbb1268764f43b569ce7b67e331d33a>@@@Z 1000c641 f i libucrt:onexit.obj
 0001:0000b692       ??$?RV<lambda_995298e7d72eb4c2aab26c0585b3abe5>@@AAV<lambda_275893d493268fdec8709772e3fcec0e>@@V<lambda_293819299cbf9a7022e18b56a874bb5c>@@@?$__crt_seh_guarded_call@H@@QAEH$$QAV<lambda_995298e7d72eb4c2aab26c0585b3abe5>@@AAV<lambda_275893d493268fdec8709772e3fcec0e>@@$$QAV<lambda_293819299cbf9a7022e18b56a874bb5c>@@@Z 1000c692 f i libucrt:onexit.obj
 0001:0000b6e3       ??$__acrt_lock_and_call@V<lambda_275893d493268fdec8709772e3fcec0e>@@@@YAHW4__acrt_lock_id@@$$QAV<lambda_275893d493268fdec8709772e3fcec0e>@@@Z 1000c6e3 f i libucrt:onexit.obj
 0001:0000b70b       ??$__acrt_lock_and_call@V<lambda_4e60a939b0d047cfe11ddc22648dfba9>@@@@YAHW4__acrt_lock_id@@$$QAV<lambda_4e60a939b0d047cfe11ddc22648dfba9>@@@Z 1000c70b f i libucrt:onexit.obj
 0001:0000b733       ??$__crt_fast_encode_pointer@P6AHXZ@@YAP6AHXZQ6AHXZ@Z 1000c733 f i libucrt:onexit.obj
 0001:0000b9b3       __crt_atexit               1000c9b3 f   libucrt:onexit.obj
 0001:0000b9c9       __execute_onexit_table     1000c9c9 f   libucrt:onexit.obj
 0001:0000b9e6       __initialize_onexit_table  1000c9e6 f   libucrt:onexit.obj
 0001:0000ba23       __register_onexit_function 1000ca23 f   libucrt:onexit.obj
 0001:0000ba7b       ___acrt_uninitialize_command_line 1000ca7b f   libucrt:argv_data.obj
 0001:0000bb3b       ___acrt_initialize         1000cb3b f   libucrt:initialization.obj
 0001:0000bb4d       ___acrt_thread_attach      1000cb4d f   libucrt:initialization.obj
 0001:0000bb58       ___acrt_thread_detach      1000cb58 f   libucrt:initialization.obj
 0001:0000bb60       ___acrt_uninitialize       1000cb60 f   libucrt:initialization.obj
 0001:0000bb72       ___acrt_uninitialize_critical 1000cb72 f   libucrt:initialization.obj
 0001:0000bb84       _terminate                 1000cb84 f   libucrt:terminate.obj
 0001:0000bbc0       _wcsncmp                   1000cbc0 f   libucrt:wcsncmp.obj
 0001:0000bbfa       __free_base                1000cbfa f   libucrt:free_base.obj
 0001:0000bc34       __malloc_base              1000cc34 f   libucrt:malloc_base.obj
 0001:0000bc82       _strcpy_s                  1000cc82 f   libucrt:strcpy_s.obj
 0001:0000bcdc       _abort                     1000ccdc f   libucrt:abort.obj
 0001:0000bd1f       __calloc_base              1000cd1f f   libucrt:calloc_base.obj
 0001:0000bd7c       _free                      1000cd7c f   libucrt:free.obj
 0001:0000bd81       _malloc                    1000cd81 f   libucrt:malloc.obj
 0001:0000bd8c       ___acrt_call_reportfault   1000cd8c f   libucrt:invalid_parameter.obj
 0001:0000bec7       ___acrt_initialize_invalid_parameter_handler 1000cec7 f   libucrt:invalid_parameter.obj
 0001:0000bedb       __invalid_parameter        1000cedb f   libucrt:invalid_parameter.obj
 0001:0000bf56       __invalid_parameter_noinfo 1000cf56 f   libucrt:invalid_parameter.obj
 0001:0000bf66       __invoke_watson            1000cf66 f   libucrt:invalid_parameter.obj
 0001:0000bf99       ___acrt_errno_from_os_error 1000cf99 f   libucrt:errno.obj
 0001:0000bfdc       ___acrt_errno_map_os_error 1000cfdc f   libucrt:errno.obj
 0001:0000bfff       ___doserrno                1000cfff f   libucrt:errno.obj
 0001:0000c012       __errno                    1000d012 f   libucrt:errno.obj
 0001:0000c025       ___pctype_func             1000d025 f   libucrt:ctype.obj
 0001:0000c04b       _iswctype                  1000d04b f   libucrt:iswctype.obj
 0001:0000c0aa       ??$?RV<lambda_3518db117f0e7cdb002338c5d3c47b6c>@@AAV<lambda_b2ea41f6bbb362cd97d94c6828d90b61>@@V<lambda_abdedf541bb04549bc734292b4a045d4>@@@?$__crt_seh_guarded_call@X@@QAEX$$QAV<lambda_3518db117f0e7cdb002338c5d3c47b6c>@@AAV<lambda_b2ea41f6bbb362cd97d94c6828d90b61>@@$$QAV<lambda_abdedf541bb04549bc734292b4a045d4>@@@Z 1000d0aa f i libucrt:per_thread_data.obj
 0001:0000c0fa       ??$?RV<lambda_51b6e8b1eb166f2a3faf91f424b38130>@@AAV<lambda_6250bd4b2a391816dd638c3bf72b0bcb>@@V<lambda_0b5a4a3e68152e1d9b943535f5f47bed>@@@?$__crt_seh_guarded_call@X@@QAEX$$QAV<lambda_51b6e8b1eb166f2a3faf91f424b38130>@@AAV<lambda_6250bd4b2a391816dd638c3bf72b0bcb>@@$$QAV<lambda_0b5a4a3e68152e1d9b943535f5f47bed>@@@Z 1000d0fa f i libucrt:per_thread_data.obj
 0001:0000c15b       ??$?RV<lambda_5b71d36f03204c0beab531769a5b5694>@@AAV<lambda_be2b3da3f62db62e9dad5dc70221a656>@@V<lambda_8f9ce462984622f9bf76b59e2aaaf805>@@@?$__crt_seh_guarded_call@X@@QAEX$$QAV<lambda_5b71d36f03204c0beab531769a5b5694>@@AAV<lambda_be2b3da3f62db62e9dad5dc70221a656>@@$$QAV<lambda_8f9ce462984622f9bf76b59e2aaaf805>@@@Z 1000d15b f i libucrt:per_thread_data.obj
 0001:0000c1a6       ??$?RV<lambda_9df27f884b057bc3edfc946cb5b7cf47>@@AAV<lambda_e69574bed617af4e071282c136b37893>@@V<lambda_cc0d902bcbbeb830f749456577db4721>@@@?$__crt_seh_guarded_call@X@@QAEX$$QAV<lambda_9df27f884b057bc3edfc946cb5b7cf47>@@AAV<lambda_e69574bed617af4e071282c136b37893>@@$$QAV<lambda_cc0d902bcbbeb830f749456577db4721>@@@Z 1000d1a6 f i libucrt:per_thread_data.obj
 0001:0000c1ee       ??$__acrt_lock_and_call@V<lambda_6250bd4b2a391816dd638c3bf72b0bcb>@@@@YAXW4__acrt_lock_id@@$$QAV<lambda_6250bd4b2a391816dd638c3bf72b0bcb>@@@Z 1000d1ee f i libucrt:per_thread_data.obj
 0001:0000c216       ??$__acrt_lock_and_call@V<lambda_b2ea41f6bbb362cd97d94c6828d90b61>@@@@YAXW4__acrt_lock_id@@$$QAV<lambda_b2ea41f6bbb362cd97d94c6828d90b61>@@@Z 1000d216 f i libucrt:per_thread_data.obj
 0001:0000c23e       ??$__acrt_lock_and_call@V<lambda_be2b3da3f62db62e9dad5dc70221a656>@@@@YAXW4__acrt_lock_id@@$$QAV<lambda_be2b3da3f62db62e9dad5dc70221a656>@@@Z 1000d23e f i libucrt:per_thread_data.obj
 0001:0000c266       ??$__acrt_lock_and_call@V<lambda_e69574bed617af4e071282c136b37893>@@@@YAXW4__acrt_lock_id@@$$QAV<lambda_e69574bed617af4e071282c136b37893>@@@Z 1000d266 f i libucrt:per_thread_data.obj
 0001:0000c41c       ___acrt_freeptd            1000d41c f   libucrt:per_thread_data.obj
 0001:0000c448       ___acrt_getptd             1000d448 f   libucrt:per_thread_data.obj
 0001:0000c4cc       ___acrt_getptd_noexit      1000d4cc f   libucrt:per_thread_data.obj
 0001:0000c551       ___acrt_initialize_ptd     1000d551 f   libucrt:per_thread_data.obj
 0001:0000c57d       ___acrt_uninitialize_ptd   1000d57d f   libucrt:per_thread_data.obj
 0001:0000c597       ___acrt_update_locale_info 1000d597 f   libucrt:locale_update.obj
 0001:0000c5c4       ___acrt_update_multibyte_info 1000d5c4 f   libucrt:locale_update.obj
 0001:0000c5f1       ___acrt_set_locale_changed 1000d5f1 f   libucrt:wsetlocale.obj
 0001:0000c5fc       ___acrt_uninitialize_locale 1000d5fc f   libucrt:wsetlocale.obj
 0001:0000c64e       ___acrt_initialize_locks   1000d64e f   libucrt:locks.obj
 0001:0000c68f       ___acrt_lock               1000d68f f   libucrt:locks.obj
 0001:0000c6a6       ___acrt_uninitialize_locks 1000d6a6 f   libucrt:locks.obj
 0001:0000c6d7       ___acrt_unlock             1000d6d7 f   libucrt:locks.obj
 0001:0000c805       ___acrt_FlsAlloc@4         1000d805 f   libucrt:winapi_thunks.obj
 0001:0000c85b       ___acrt_FlsFree@4          1000d85b f   libucrt:winapi_thunks.obj
 0001:0000c8b1       ___acrt_FlsGetValue@4      1000d8b1 f   libucrt:winapi_thunks.obj
 0001:0000c907       ___acrt_FlsSetValue@8      1000d907 f   libucrt:winapi_thunks.obj
 0001:0000c960       ___acrt_InitializeCriticalSectionEx@12 1000d960 f   libucrt:winapi_thunks.obj
 0001:0000c9c2       ___acrt_LCMapStringEx@36   1000d9c2 f   libucrt:winapi_thunks.obj
 0001:0000ca4a       ___acrt_LocaleNameToLCID@8 1000da4a f   libucrt:winapi_thunks.obj
 0001:0000caa6       ___acrt_initialize_winapi_thunks 1000daa6 f   libucrt:winapi_thunks.obj
 0001:0000cacc       ___acrt_is_packaged_app    1000dacc f   libucrt:winapi_thunks.obj
 0001:0000cb53       ___acrt_uninitialize_winapi_thunks 1000db53 f   libucrt:winapi_thunks.obj
 0001:0000cf4b       ??1?$argument_list@D@?A0xb0e4b824@@QAE@XZ 1000df4b f i libucrt:argv_wildcards.obj
 0001:0000cf70       ?append@?$argument_list@D@?A0xb0e4b824@@QAEHQAD@Z 1000df70 f i libucrt:argv_wildcards.obj
 0001:0000cfa5       ?expand_if_necessary@?$argument_list@D@?A0xb0e4b824@@AAEHXZ 1000dfa5 f i libucrt:argv_wildcards.obj
 0001:0000d02c       ___acrt_expand_narrow_argv_wildcards 1000e02c f   libucrt:argv_wildcards.obj
 0001:0000d037       ??$?RV<lambda_978dc153c237d78434369da87b74ff60>@@AAV<lambda_ad1ced32f4ac17aa236e5ef05d6b3b7c>@@V<lambda_4a8533e2866a575feecb8298ce776b0d>@@@?$__crt_seh_guarded_call@X@@QAEX$$QAV<lambda_978dc153c237d78434369da87b74ff60>@@AAV<lambda_ad1ced32f4ac17aa236e5ef05d6b3b7c>@@$$QAV<lambda_4a8533e2866a575feecb8298ce776b0d>@@@Z 1000e037 f i libucrt:mbctype.obj
 0001:0000d07a       ??$__acrt_lock_and_call@V<lambda_ad1ced32f4ac17aa236e5ef05d6b3b7c>@@@@YAXW4__acrt_lock_id@@$$QAV<lambda_ad1ced32f4ac17aa236e5ef05d6b3b7c>@@@Z 1000e07a f i libucrt:mbctype.obj
 0001:0000d511       ___acrt_initialize_multibyte 1000e511 f   libucrt:mbctype.obj
 0001:0000d52f       ___acrt_update_thread_multibyte_data 1000e52f f   libucrt:mbctype.obj
 0001:0000d5d1       __setmbcp_nolock           1000e5d1 f   libucrt:mbctype.obj
 0001:0000d89c       __ismbblead                1000e89c f   libucrt:ismbbyte.obj
 0001:0000d8b4       ___acrt_initialize_command_line 1000e8b4 f   libucrt:argv_data.obj
 0001:0000d904       ___dcrt_get_narrow_environment_from_os 1000e904 f   libucrt:get_environment_from_os.obj
 0001:0000d987       __recalloc                 1000e987 f   libucrt:recalloc.obj
 0001:0000d992       __recalloc_base            1000e992 f   libucrt:recalloc.obj
 0001:0000d9ff       ___acrt_initialize_heap    1000e9ff f   libucrt:heap_handle.obj
 0001:0000da10       ___acrt_uninitialize_heap  1000ea10 f   libucrt:heap_handle.obj
 0001:0000db86       ___acrt_initialize_lowio   1000eb86 f   libucrt:ioinit.obj
 0001:0000dbdc       ___acrt_uninitialize_lowio 1000ebdc f   libucrt:ioinit.obj
 0001:0000dc08       ___acrt_execute_initializers 1000ec08 f   libucrt:shared_initialization.obj
 0001:0000dc8b       ___acrt_execute_uninitializers 1000ec8b f   libucrt:shared_initialization.obj
 0001:0000dcd8       ___acrt_initialize_new_handler 1000ecd8 f   libucrt:new_handler.obj
 0001:0000dcec       __callnewh                 1000ecec f   libucrt:new_handler.obj
 0001:0000dd30       __query_new_handler        1000ed30 f   libucrt:new_handler.obj
 0001:0000dd82       ??$?RV<lambda_a048d3beccc847880fc8490e18b82769>@@AAV<lambda_ec61778202f4f5fc7e7711acc23c3bca>@@V<lambda_f7496a158712204296dd6628a163878e>@@@?$__crt_seh_guarded_call@P6AXH@Z@@QAEP6AXH@Z$$QAV<lambda_a048d3beccc847880fc8490e18b82769>@@AAV<lambda_ec61778202f4f5fc7e7711acc23c3bca>@@$$QAV<lambda_f7496a158712204296dd6628a163878e>@@@Z 1000ed82 f i libucrt:signal.obj
 0001:0000dddc       ??$__acrt_lock_and_call@V<lambda_ec61778202f4f5fc7e7711acc23c3bca>@@@@YAP6AXH@ZW4__acrt_lock_id@@$$QAV<lambda_ec61778202f4f5fc7e7711acc23c3bca>@@@Z 1000eddc f i libucrt:signal.obj
 0001:0000de46       ?initialize@?$dual_state_global@PAU__crt_locale_data@@@__crt_state_management@@QAEXQAU__crt_locale_data@@@Z 1000ee46 f i libucrt:initialization.obj
 0001:0000de46       ?initialize@?$dual_state_global@P6AXPB_W00II@Z@__crt_state_management@@QAEXQ6AXPB_W00II@Z@Z 1000ee46 f i libucrt:invalid_parameter.obj
 0001:0000de46       ?initialize@?$dual_state_global@P6AXH@Z@__crt_state_management@@QAEXQ6AXH@Z@Z 1000ee46 f i libucrt:signal.obj
 0001:0000de46       ?initialize@?$dual_state_global@PAPAD@__crt_state_management@@QAEXQAPAD@Z 1000ee46 f i libucrt:environment_initialization.obj
 0001:0000de46       ?initialize@?$dual_state_global@P6AHI@Z@__crt_state_management@@QAEXQ6AHI@Z@Z 1000ee46 f i libucrt:new_handler.obj
 0001:0000de46       ?initialize@?$dual_state_global@P6AHPAU_exception@@@Z@__crt_state_management@@QAEXQ6AHPAU_exception@@@Z@Z 1000ee46 f i libucrt:matherr.obj
 0001:0000de9f       ___acrt_get_sigabrt_handler 1000ee9f f   libucrt:signal.obj
 0001:0000deb6       ___acrt_initialize_signal_handlers 1000eeb6 f   libucrt:signal.obj
 0001:0000def1       ___fpecode                 1000eef1 f   libucrt:signal.obj
 0001:0000defa       _raise                     1000eefa f   libucrt:signal.obj
 0001:0000e102       ___acrt_has_user_matherr   1000f102 f   libucrt:matherr.obj
 0001:0000e11b       ___acrt_initialize_user_matherr 1000f11b f   libucrt:matherr.obj
 0001:0000e12f       ___acrt_invoke_user_matherr 1000f12f f   libucrt:matherr.obj
 0001:0000e178       __query_new_mode           1000f178 f   libucrt:new_mode.obj
 0001:0000e17e       __mbtowc_l                 1000f17e f   libucrt:mbtowc.obj
 0001:0000e278       _mbtowc                    1000f278 f   libucrt:mbtowc.obj
 0001:0000e292       __fileno                   1000f292 f   libucrt:fileno.obj
 0001:0000e2b8       ___acrt_initialize_stdio   1000f2b8 f   libucrt:_file.obj
 0001:0000e380       ___acrt_uninitialize_stdio 1000f380 f   libucrt:_file.obj
 0001:0000e3cc       __lock_file                1000f3cc f   libucrt:_file.obj
 0001:0000e3e0       __unlock_file              1000f3e0 f   libucrt:_file.obj
 0001:0000e3f4       __isleadbyte_l             1000f3f4 f i libucrt:_wctype.obj
 0001:0000e42d       ___acrt_GetStringTypeA     1000f42d f   libucrt:getstringtypea.obj
 0001:0000e54a       __freea_crt                1000f54a f i libucrt:getstringtypea.obj
 0001:0000e56a       ___acrt_add_locale_ref     1000f56a f   libucrt:locale_refcounting.obj
 0001:0000e5e7       ___acrt_free_locale        1000f5e7 f   libucrt:locale_refcounting.obj
 0001:0000e731       ___acrt_locale_add_lc_time_reference 1000f731 f   libucrt:locale_refcounting.obj
 0001:0000e75a       ___acrt_locale_free_lc_time_if_unreferenced 1000f75a f   libucrt:locale_refcounting.obj
 0001:0000e78a       ___acrt_locale_release_lc_time_reference 1000f78a f   libucrt:locale_refcounting.obj
 0001:0000e7b3       ___acrt_release_locale_ref 1000f7b3 f   libucrt:locale_refcounting.obj
 0001:0000e834       ___acrt_update_thread_locale_data 1000f834 f   libucrt:locale_refcounting.obj
 0001:0000e8ab       __updatetlocinfoEx_nolock  1000f8ab f   libucrt:locale_refcounting.obj
 0001:0000e8fb       ___acrt_locale_free_monetary 1000f8fb f   libucrt:initmon.obj
 0001:0000e9f9       ___acrt_locale_free_numeric 1000f9f9 f   libucrt:initnum.obj
 0001:0000ea9e       ___acrt_locale_free_time   1000fa9e f   libucrt:inittime.obj
 0001:0000ec3e       ___acrt_DownlevelLocaleNameToLCID 1000fc3e f   libucrt:lcidtoname_downlevel.obj
 0001:0000ed50       _qsort                     1000fd50 f   libucrt:qsort.obj
 0001:0000f19b       _strncpy_s                 1001019b f   libucrt:strncpy_s.obj
 0001:0000f1b0       _strpbrk                   100101b0 f   libucrt:strpbrk.obj
 0001:0000f1f0       __mbsdec                   100101f0 f   libucrt:mbsdec.obj
 0001:0000f207       __mbsdec_l                 10010207 f   libucrt:mbsdec.obj
 0001:0000f4c0       ___acrt_LCMapStringA       100104c0 f   libucrt:lcmapstringa.obj
 0001:0000f50b       __msize                    1001050b f   libucrt:msize.obj
 0001:0000f53e       __realloc_base             1001053e f   libucrt:realloc_base.obj
 0001:0000f5a7       ___acrt_lowio_create_handle_array 100105a7 f   libucrt:osfinfo.obj
 0001:0000f621       ___acrt_lowio_destroy_handle_array 10010621 f   libucrt:osfinfo.obj
 0001:0000f656       ___acrt_lowio_ensure_fh_exists 10010656 f   libucrt:osfinfo.obj
 0001:0000f6ee       ___acrt_lowio_lock_fh      100106ee f   libucrt:osfinfo.obj
 0001:0000f711       ___acrt_lowio_unlock_fh    10010711 f   libucrt:osfinfo.obj
 0001:0000f734       __free_osfhnd              10010734 f   libucrt:osfinfo.obj
 0001:0000f7c5       __get_osfhandle            100107c5 f   libucrt:osfinfo.obj
 0001:0000f82f       __isatty                   1001082f f   libucrt:isatty.obj
 0001:0000f885       ___acrt_stdio_flush_nolock 10010885 f   libucrt:fflush.obj
 0001:0000f8eb       __fflush_nolock            100108eb f   libucrt:fflush.obj
 0001:0000f932       __flushall                 10010932 f   libucrt:fflush.obj
 0001:0000fa13       __fcloseall                10010a13 f   libucrt:closeall.obj
 0001:0000fab3       ___acrt_stdio_free_buffer_nolock 10010ab3 f   libucrt:_freebuf.obj
 0001:0000faf1       ___strncnt                 10010af1 f   libucrt:strncnt.obj
 0001:0000fb0d       __query_app_type           10010b0d f   libucrt:report_runtime_error.obj
 0001:0000fb13       ??$?RV<lambda_61cee617f5178ae960314fd4d05640a0>@@AAV<lambda_6978c1fb23f02e42e1d9e99668cc68aa>@@V<lambda_9cd88cf8ad10232537feb2133f08c833>@@@?$__crt_seh_guarded_call@H@@QAEH$$QAV<lambda_61cee617f5178ae960314fd4d05640a0>@@AAV<lambda_6978c1fb23f02e42e1d9e99668cc68aa>@@$$QAV<lambda_9cd88cf8ad10232537feb2133f08c833>@@@Z 10010b13 f i libucrt:commit.obj
 0001:0000fbab       ??$__acrt_lowio_lock_fh_and_call@V<lambda_6978c1fb23f02e42e1d9e99668cc68aa>@@@@YAHH$$QAV<lambda_6978c1fb23f02e42e1d9e99668cc68aa>@@@Z 10010bab f i libucrt:commit.obj
 0001:0000fbd3       __commit                   10010bd3 f   libucrt:commit.obj
 0001:000101d2       __write                    100111d2 f   libucrt:write.obj
 0001:000102bd       __write_nolock             100112bd f   libucrt:write.obj
 0001:000104d0       _log10                     100114d0 f   libucrt:log10.obj
 0001:00010510       __CIlog10                  10011510 f   libucrt:log10.obj
 0001:0001054b       __CIlog10_default          1001154b f   libucrt:log10.obj
 0001:0001055f       __log10_default            1001155f     libucrt:log10.obj
 0001:00010620       _ceil                      10011620 f   libucrt:ceil_pentium4.obj
 0001:00010660       __ceil_pentium4            10011660 f   libucrt:ceil_pentium4.obj
 0001:000107bb       __lseeki64_nolock          100117bb f   libucrt:lseek.obj
 0001:000107d6       __fclose_nolock            100117d6 f   libucrt:fclose.obj
 0001:0001084c       _fclose                    1001184c f   libucrt:fclose.obj
 0001:000108d0       ___ascii_strnicmp          100118d0 f   libucrt:_strnicm.obj
 0001:00010931       __putwch_nolock            10011931 f   libucrt:putwch.obj
 0001:00010976       ___acrt_initialize_sse2    10011976 f   libucrt:mathfcns.obj
 0001:00010990       __CIlog10_pentium4         10011990 f   libucrt:log10_pentium4.obj
 0001:000109a8       __log10_pentium4           100119a8     libucrt:log10_pentium4.obj
 0001:00010c31       __fFEXP                    10011c31     libucrt:87tran.obj
 0001:00010c88       __rtinfpopse               10011c88     libucrt:87tran.obj
 0001:00010c8a       __rtinfnpopse              10011c8a     libucrt:87tran.obj
 0001:00010c9a       __fFLN                     10011c9a     libucrt:87tran.obj
 0001:00010d4f       __rtinfpop                 10011d4f     libucrt:87tran.obj
 0001:00010d51       __rtinfnpop                10011d51     libucrt:87tran.obj
 0001:00010d6e       __ffexpm1                  10011d6e     libucrt:87tran.obj
 0001:00010e20       __trandisp1                10011e20 f   libucrt:87disp.obj
 0001:00010e87       __trandisp2                10011e87 f   libucrt:87disp.obj
 0001:00010f13       __rttospopde               10011f13     libucrt:87disp.obj
 0001:00010f18       __rttospop                 10011f18     libucrt:87disp.obj
 0001:00010f1a       __rtnospop                 10011f1a     libucrt:87disp.obj
 0001:00010f1c       __rttosnpop                10011f1c     libucrt:87disp.obj
 0001:00010f1d       __rtnospopde               10011f1d     libucrt:87disp.obj
 0001:00010f24       __rtzeropop                10011f24     libucrt:87disp.obj
 0001:00010f26       __rtzeronpop               10011f26     libucrt:87disp.obj
 0001:00010f2b       __rtzerospop               10011f2b     libucrt:87disp.obj
 0001:00010f38       __rtonepop                 10011f38     libucrt:87disp.obj
 0001:00010f3a       __rtonenpop                10011f3a     libucrt:87disp.obj
 0001:00010f3f       __tosnan1                  10011f3f     libucrt:87disp.obj
 0001:00010f6a       __nosnan2                  10011f6a     libucrt:87disp.obj
 0001:00010f6c       __tosnan2                  10011f6c     libucrt:87disp.obj
 0001:00010f94       __nan2                     10011f94     libucrt:87disp.obj
 0001:00010fd3       __rtindfpop                10011fd3     libucrt:87disp.obj
 0001:00010fd5       __rtindfnpop               10011fd5     libucrt:87disp.obj
 0001:00010fe6       __rttosnpopde              10011fe6     libucrt:87disp.obj
 0001:00010ff0       __rtatan2inf               10011ff0     libucrt:87disp.obj
 0001:0001100d       __rtchsifneg               1001200d     libucrt:87disp.obj
 0001:00011020       __twoToTOS                 10012020 f   libucrt:common.obj
 0001:00011035       __load_CW                  10012035 f   libucrt:common.obj
 0001:0001104c       __convertTOStoQNaN         1001204c f   libucrt:common.obj
 0001:00011065       __fload_withFB             10012065 f   libucrt:common.obj
 0001:000110a8       __checkTOS_withFB          100120a8 f   libucrt:common.obj
 0001:000110be       __fast_exit                100120be f   libucrt:common.obj
 0001:000110cb       __math_exit                100120cb f   libucrt:common.obj
 0001:000110f5       __check_overflow_exit      100120f5 f   libucrt:common.obj
 0001:00011109       __check_range_exit         10012109 f   libucrt:common.obj
 0001:000111b0       __startTwoArgErrorHandling 100121b0 f   libucrt:genexcep.obj
 0001:000111c7       __startOneArgErrorHandling 100121c7 f   libucrt:genexcep.obj
 0001:00011203       ___libm_error_support      10012203 f   libucrt:libm_error.obj
 0001:0001141b       __ceil_default             1001241b f   libucrt:ceil.obj
 0001:000114d4       ??$?RV<lambda_123407a5e2ac06da108355a851863b7a>@@AAV<lambda_2fe9b910cf3cbf4a0ab98a02ba45b3ec>@@V<lambda_ae55bdf541ad94d75914d381c370e64d>@@@?$__crt_seh_guarded_call@H@@QAEH$$QAV<lambda_123407a5e2ac06da108355a851863b7a>@@AAV<lambda_2fe9b910cf3cbf4a0ab98a02ba45b3ec>@@$$QAV<lambda_ae55bdf541ad94d75914d381c370e64d>@@@Z 100124d4 f i libucrt:close.obj
 0001:00011556       ??$__acrt_lowio_lock_fh_and_call@V<lambda_2fe9b910cf3cbf4a0ab98a02ba45b3ec>@@@@YAHH$$QAV<lambda_2fe9b910cf3cbf4a0ab98a02ba45b3ec>@@@Z 10012556 f i libucrt:close.obj
 0001:0001157e       __close                    1001257e f   libucrt:close.obj
 0001:000115fd       __close_nolock             100125fd f   libucrt:close.obj
 0001:00011699       ?__acrt_stdio_free_stream@@YAXV__crt_stdio_stream@@@Z 10012699 f   libucrt:stream.obj
 0001:000116d4       ___dcrt_lowio_initialize_console_output 100126d4 f   libucrt:initcon.obj
 0001:000116f3       ___dcrt_terminate_console_output 100126f3 f   libucrt:initcon.obj
 0001:0001170a       __clrfp                    1001270a f   libucrt:fpctrl.obj
 0001:0001171d       __ctrlfp                   1001271d f   libucrt:fpctrl.obj
 0001:00011749       __set_statfp               10012749 f   libucrt:fpctrl.obj
 0001:000117a4       __statfp                   100127a4 f   libucrt:fpctrl.obj
 0001:000117b6       __d_inttype                100127b6 f   libucrt:powhlp.obj
 0001:00011820       __powhlp                   10012820 f   libucrt:powhlp.obj
 0001:0001194b       __87except                 1001294b f   libucrt:87except.obj
 0001:00011a56       __frnd                     10012a56 f   libucrt:frnd.obj
 0001:00011a6c       __errcode                  10012a6c f   libucrt:fpexcept.obj
 0001:00011aa0       __except1                  10012aa0 f   libucrt:fpexcept.obj
 0001:00011b6e       __handle_exc               10012b6e f   libucrt:fpexcept.obj
 0001:00011d4e       __raise_exc                10012d4e f   libucrt:fpexcept.obj
 0001:00011d71       __raise_exc_ex             10012d71 f   libucrt:fpexcept.obj
 0001:00012062       __set_errno_from_matherr   10013062 f   libucrt:fpexcept.obj
 0001:00012091       __umatherr                 10013091 f   libucrt:fpexcept.obj
 0001:00012133       __decomp                   10013133 f   libucrt:util.obj
 0001:00012207       __set_exp                  10013207 f   libucrt:util.obj
 0001:00012236       __sptype                   10013236 f   libucrt:util.obj
 0001:00012294       __fpclass                  10013294 f   libucrt:ieeemisc.obj
 0001:00012338       _IsProcessorFeaturePresent@4 10013338 f   kernel32:KERNEL32.dll
 0001:00012340       __FindPESection            10013340 f   LIBCMT:pesect.obj
 0001:00012390       __IsNonwritableInCurrentImage 10013390 f   LIBCMT:pesect.obj
 0001:00012450       __ValidateImageBase        10013450 f   LIBCMT:pesect.obj
 0001:00012490       __aulldvrm                 10013490 f   LIBCMT:ulldvrm.obj
 0001:00012530       __SEH_prolog4_GS           10013530 f   LIBCMT:_sehprolg4gs_.obj
 0001:00012579       __SEH_epilog4_GS           10013579 f   LIBCMT:_sehprolg4gs_.obj
 0001:00012590       __alldvrm                  10013590 f   LIBCMT:lldvrm.obj
 0001:00012670       __aullshr                  10013670 f   LIBCMT:ullshr.obj
 0001:00012690       __alloca_probe_16          10013690 f   LIBCMT:alloca16.obj
 0001:000126a6       __alloca_probe_8           100136a6     LIBCMT:alloca16.obj
 0001:000126c0       __allshl                   100136c0 f   LIBCMT:llshl.obj
 0001:000126e0       __ftol2_sse                100136e0 f   LIBCMT:_ftol2_.obj
 0001:000126e9       __ftol2_pentium4           100136e9 f   LIBCMT:_ftol2_.obj
 0001:000126fc       __ftol2_sse_excpt          100136fc f   LIBCMT:_ftol2_.obj
 0001:00012720       __ftol2                    10013720 f   LIBCMT:_ftol2_.obj
 0001:000127a0       __alloca_probe             100137a0 f   LIBCMT:chkstk.obj
 0001:000127a0       __chkstk                   100137a0 f   LIBCMT:chkstk.obj
 0001:000127d0       _memcpy                    100137d0 f   libvcruntime:memcpy.obj
 0002:00000000       __imp__RegQueryValueExW@24 10014000     advapi32:ADVAPI32.dll
 0002:00000004       __imp__RegOpenKeyExW@20    10014004     advapi32:ADVAPI32.dll
 0002:00000008       __imp__RegCreateKeyExW@36  10014008     advapi32:ADVAPI32.dll
 0002:0000000c       __imp__RegCloseKey@4       1001400c     advapi32:ADVAPI32.dll
 0002:00000010       __imp__RegSetValueExW@24   10014010     advapi32:ADVAPI32.dll
 0002:00000014       \177ADVAPI32_NULL_THUNK_DATA 10014014     advapi32:ADVAPI32.dll
 0002:00000018       __imp__SetTextColor@8      10014018     gdi32:GDI32.dll
 0002:0000001c       __imp__StretchBlt@44       1001401c     gdi32:GDI32.dll
 0002:00000020       __imp__SetBkMode@8         10014020     gdi32:GDI32.dll
 0002:00000024       __imp__SelectObject@8      10014024     gdi32:GDI32.dll
 0002:00000028       __imp__DeleteObject@4      10014028     gdi32:GDI32.dll
 0002:0000002c       __imp__DeleteDC@4          1001402c     gdi32:GDI32.dll
 0002:00000030       __imp__CreateSolidBrush@4  10014030     gdi32:GDI32.dll
 0002:00000034       __imp__CreateFontIndirectW@4 10014034     gdi32:GDI32.dll
 0002:00000038       __imp__CreateCompatibleDC@4 10014038     gdi32:GDI32.dll
 0002:0000003c       __imp__CreateCompatibleBitmap@12 1001403c     gdi32:GDI32.dll
 0002:00000040       __imp__BitBlt@36           10014040     gdi32:GDI32.dll
 0002:00000044       \177GDI32_NULL_THUNK_DATA  10014044     gdi32:GDI32.dll
 0002:00000048       __imp__GetLocalTime@4      10014048     kernel32:KERNEL32.dll
 0002:0000004c       __imp__SystemTimeToFileTime@8 1001404c     kernel32:KERNEL32.dll
 0002:00000050       __imp__lstrcmpW@8          10014050     kernel32:KERNEL32.dll
 0002:00000054       __imp__lstrcmpiW@8         10014054     kernel32:KERNEL32.dll
 0002:00000058       __imp__lstrcpynW@12        10014058     kernel32:KERNEL32.dll
 0002:0000005c       __imp__lstrcpyW@8          1001405c     kernel32:KERNEL32.dll
 0002:00000060       __imp__lstrlenW@4          10014060     kernel32:KERNEL32.dll
 0002:00000064       __imp__LoadLibraryW@4      10014064     kernel32:KERNEL32.dll
 0002:00000068       __imp__GetModuleFileNameW@12 10014068     kernel32:KERNEL32.dll
 0002:0000006c       __imp__ExpandEnvironmentStringsW@12 1001406c     kernel32:KERNEL32.dll
 0002:00000070       __imp__OutputDebugStringW@4 10014070     kernel32:KERNEL32.dll
 0002:00000074       __imp__GetDriveTypeW@4     10014074     kernel32:KERNEL32.dll
 0002:00000078       __imp__GetTempPathW@8      10014078     kernel32:KERNEL32.dll
 0002:0000007c       __imp__GetDiskFreeSpaceExW@16 1001407c     kernel32:KERNEL32.dll
 0002:00000080       __imp__CreateFileW@28      10014080     kernel32:KERNEL32.dll
 0002:00000084       __imp__FindFirstChangeNotificationW@12 10014084     kernel32:KERNEL32.dll
 0002:00000088       __imp__FindNextChangeNotification@4 10014088     kernel32:KERNEL32.dll
 0002:0000008c       __imp__CloseHandle@4       1001408c     kernel32:KERNEL32.dll
 0002:00000090       __imp__WideCharToMultiByte@32 10014090     kernel32:KERNEL32.dll
 0002:00000094       __imp__ReadConsoleOutputW@20 10014094     kernel32:KERNEL32.dll
 0002:00000098       __imp__GetConsoleScreenBufferInfo@8 10014098     kernel32:KERNEL32.dll
 0002:0000009c       __imp__lstrcpynA@12        1001409c     kernel32:KERNEL32.dll
 0002:000000a0       __imp__lstrcpyA@8          100140a0     kernel32:KERNEL32.dll
 0002:000000a4       __imp__lstrlenA@4          100140a4     kernel32:KERNEL32.dll
 0002:000000a8       __imp__MultiByteToWideChar@24 100140a8     kernel32:KERNEL32.dll
 0002:000000ac       __imp__SetStdHandle@8      100140ac     kernel32:KERNEL32.dll
 0002:000000b0       __imp__HeapSize@12         100140b0     kernel32:KERNEL32.dll
 0002:000000b4       __imp__GetFileType@4       100140b4     kernel32:KERNEL32.dll
 0002:000000b8       __imp__FreeEnvironmentStringsW@4 100140b8     kernel32:KERNEL32.dll
 0002:000000bc       __imp__GetEnvironmentStringsW@0 100140bc     kernel32:KERNEL32.dll
 0002:000000c0       __imp__GetCommandLineW@0   100140c0     kernel32:KERNEL32.dll
 0002:000000c4       __imp__SetFilePointerEx@20 100140c4     kernel32:KERNEL32.dll
 0002:000000c8       __imp__ReadFile@20         100140c8     kernel32:KERNEL32.dll
 0002:000000cc       __imp__GetStdHandle@4      100140cc     kernel32:KERNEL32.dll
 0002:000000d0       __imp__GetFileInformationByHandle@8 100140d0     kernel32:KERNEL32.dll
 0002:000000d4       __imp__WaitForSingleObject@8 100140d4     kernel32:KERNEL32.dll
 0002:000000d8       __imp__GetLastError@0      100140d8     kernel32:KERNEL32.dll
 0002:000000dc       __imp__GetCurrentProcessId@0 100140dc     kernel32:KERNEL32.dll
 0002:000000e0       __imp__GetProcessHeap@0    100140e0     kernel32:KERNEL32.dll
 0002:000000e4       __imp__HeapFree@12         100140e4     kernel32:KERNEL32.dll
 0002:000000e8       __imp__HeapReAlloc@16      100140e8     kernel32:KERNEL32.dll
 0002:000000ec       __imp__HeapAlloc@12        100140ec     kernel32:KERNEL32.dll
 0002:000000f0       __imp__GetProcAddress@8    100140f0     kernel32:KERNEL32.dll
 0002:000000f4       __imp__VirtualProtect@16   100140f4     kernel32:KERNEL32.dll
 0002:000000f8       __imp__FreeLibrary@4       100140f8     kernel32:KERNEL32.dll
 0002:000000fc       __imp__WriteConsoleW@20    100140fc     kernel32:KERNEL32.dll
 0002:00000100       __imp__DecodePointer@4     10014100     kernel32:KERNEL32.dll
 0002:00000104       __imp__FindCloseChangeNotification@4 10014104     kernel32:KERNEL32.dll
 0002:00000108       __imp__EnterCriticalSection@4 10014108     kernel32:KERNEL32.dll
 0002:0000010c       __imp__GetConsoleMode@8    1001410c     kernel32:KERNEL32.dll
 0002:00000110       __imp__GetConsoleCP@0      10014110     kernel32:KERNEL32.dll
 0002:00000114       __imp__FlushFileBuffers@4  10014114     kernel32:KERNEL32.dll
 0002:00000118       __imp__HeapCreate@12       10014118     kernel32:KERNEL32.dll
 0002:0000011c       __imp__HeapDestroy@4       1001411c     kernel32:KERNEL32.dll
 0002:00000120       __imp__InitializeCriticalSection@4 10014120     kernel32:KERNEL32.dll
 0002:00000124       __imp__GetCommandLineA@0   10014124     kernel32:KERNEL32.dll
 0002:00000128       __imp__LeaveCriticalSection@4 10014128     kernel32:KERNEL32.dll
 0002:0000012c       __imp__TryEnterCriticalSection@4 1001412c     kernel32:KERNEL32.dll
 0002:00000130       __imp__DeleteCriticalSection@4 10014130     kernel32:KERNEL32.dll
 0002:00000134       __imp__Sleep@4             10014134     kernel32:KERNEL32.dll
 0002:00000138       __imp__GetTickCount@0      10014138     kernel32:KERNEL32.dll
 0002:0000013c       __imp__RaiseException@16   1001413c     kernel32:KERNEL32.dll
 0002:00000140       __imp__CreateThread@24     10014140     kernel32:KERNEL32.dll
 0002:00000144       __imp__GetCurrentThreadId@0 10014144     kernel32:KERNEL32.dll
 0002:00000148       __imp__TerminateThread@8   10014148     kernel32:KERNEL32.dll
 0002:0000014c       __imp__SetLastError@4      1001414c     kernel32:KERNEL32.dll
 0002:00000150       __imp__ResumeThread@4      10014150     kernel32:KERNEL32.dll
 0002:00000154       __imp__IsDebuggerPresent@0 10014154     kernel32:KERNEL32.dll
 0002:00000158       __imp__UnhandledExceptionFilter@4 10014158     kernel32:KERNEL32.dll
 0002:0000015c       __imp__SetUnhandledExceptionFilter@4 1001415c     kernel32:KERNEL32.dll
 0002:00000160       __imp__GetCurrentProcess@0 10014160     kernel32:KERNEL32.dll
 0002:00000164       __imp__TerminateProcess@8  10014164     kernel32:KERNEL32.dll
 0002:00000168       __imp__IsProcessorFeaturePresent@4 10014168     kernel32:KERNEL32.dll
 0002:0000016c       __imp__SetEvent@4          1001416c     kernel32:KERNEL32.dll
 0002:00000170       __imp__ResetEvent@4        10014170     kernel32:KERNEL32.dll
 0002:00000174       __imp__WaitForSingleObjectEx@12 10014174     kernel32:KERNEL32.dll
 0002:00000178       __imp__CreateEventW@16     10014178     kernel32:KERNEL32.dll
 0002:0000017c       __imp__GetModuleHandleW@4  1001417c     kernel32:KERNEL32.dll
 0002:00000180       __imp__GetStartupInfoW@4   10014180     kernel32:KERNEL32.dll
 0002:00000184       __imp__QueryPerformanceCounter@4 10014184     kernel32:KERNEL32.dll
 0002:00000188       __imp__GetSystemTimeAsFileTime@4 10014188     kernel32:KERNEL32.dll
 0002:0000018c       __imp__InitializeSListHead@4 1001418c     kernel32:KERNEL32.dll
 0002:00000190       __imp__RtlUnwind@16        10014190     kernel32:KERNEL32.dll
 0002:00000194       __imp__InitializeCriticalSectionAndSpinCount@8 10014194     kernel32:KERNEL32.dll
 0002:00000198       __imp__TlsAlloc@0          10014198     kernel32:KERNEL32.dll
 0002:0000019c       __imp__TlsGetValue@4       1001419c     kernel32:KERNEL32.dll
 0002:000001a0       __imp__TlsSetValue@8       100141a0     kernel32:KERNEL32.dll
 0002:000001a4       __imp__TlsFree@4           100141a4     kernel32:KERNEL32.dll
 0002:000001a8       __imp__LoadLibraryExW@12   100141a8     kernel32:KERNEL32.dll
 0002:000001ac       __imp__InterlockedFlushSList@4 100141ac     kernel32:KERNEL32.dll
 0002:000001b0       __imp__EncodePointer@4     100141b0     kernel32:KERNEL32.dll
 0002:000001b4       __imp__ExitProcess@4       100141b4     kernel32:KERNEL32.dll
 0002:000001b8       __imp__GetModuleHandleExW@12 100141b8     kernel32:KERNEL32.dll
 0002:000001bc       __imp__GetModuleFileNameA@12 100141bc     kernel32:KERNEL32.dll
 0002:000001c0       __imp__GetStringTypeW@16   100141c0     kernel32:KERNEL32.dll
 0002:000001c4       __imp__GetACP@0            100141c4     kernel32:KERNEL32.dll
 0002:000001c8       __imp__LCMapStringW@24     100141c8     kernel32:KERNEL32.dll
 0002:000001cc       __imp__FindClose@4         100141cc     kernel32:KERNEL32.dll
 0002:000001d0       __imp__FindFirstFileExA@24 100141d0     kernel32:KERNEL32.dll
 0002:000001d4       __imp__FindNextFileA@8     100141d4     kernel32:KERNEL32.dll
 0002:000001d8       __imp__IsValidCodePage@4   100141d8     kernel32:KERNEL32.dll
 0002:000001dc       __imp__GetOEMCP@0          100141dc     kernel32:KERNEL32.dll
 0002:000001e0       __imp__GetCPInfo@8         100141e0     kernel32:KERNEL32.dll
 0002:000001e4       __imp__WriteFile@20        100141e4     kernel32:KERNEL32.dll
 0002:000001e8       \177KERNEL32_NULL_THUNK_DATA 100141e8     kernel32:KERNEL32.dll
 0002:000001ec       __imp__ReleaseDC@8         100141ec     user32:USER32.dll
 0002:000001f0       __imp__GetDC@4             100141f0     user32:USER32.dll
 0002:000001f4       __imp__FillRect@12         100141f4     user32:USER32.dll
 0002:000001f8       __imp__CharLowerBuffW@8    100141f8     user32:USER32.dll
 0002:000001fc       __imp__CharUpperBuffW@8    100141fc     user32:USER32.dll
 0002:00000200       __imp__wsprintfW           10014200     user32:USER32.dll
 0002:00000204       __imp__DrawTextW@20        10014204     user32:USER32.dll
 0002:00000208       __imp__MessageBoxW@16      10014208     user32:USER32.dll
 0002:0000020c       __imp__wsprintfA           1001420c     user32:USER32.dll
 0002:00000210       \177USER32_NULL_THUNK_DATA 10014210     user32:USER32.dll
 0002:00000214       __imp__VerQueryValueW@16   10014214     version:VERSION.dll
 0002:00000218       __imp__GetFileVersionInfoW@16 10014218     version:VERSION.dll
 0002:0000021c       __imp__GetFileVersionInfoSizeW@8 1001421c     version:VERSION.dll
 0002:00000220       \177VERSION_NULL_THUNK_DATA 10014220     version:VERSION.dll
 0002:00000224       __imp__CoInitialize@4      10014224     ole32:ole32.dll
 0002:00000228       __imp__CoUninitialize@0    10014228     ole32:ole32.dll
 0002:0000022c       \177ole32_NULL_THUNK_DATA  1001422c     ole32:ole32.dll
 0002:00000230       ___guard_check_icall_fptr  10014230     LIBCMT:guard_support.obj
 0002:00000234       ___xc_a                    10014234     LIBCMT:initializers.obj
 0002:00000238       ___xc_z                    10014238     LIBCMT:initializers.obj
 0002:0000023c       ___xi_a                    1001423c     LIBCMT:initializers.obj
 0002:00000244       ___acrt_multibyte_initializer 10014244     libucrt:multibyte_initializer.obj
 0002:00000248       ___acrt_stdio_initializer  10014248     libucrt:stdio_initializer.obj
 0002:0000024c       ___acrt_tran_sse2_initializer 1001424c     libucrt:sse2_initializer.obj
 0002:00000250       ___xi_z                    10014250     LIBCMT:initializers.obj
 0002:00000254       ___xl_a                    10014254     LIBCMT:tlssup.obj
 0002:00000258       ___xl_z                    10014258     LIBCMT:tlssup.obj
 0002:0000025c       ___xp_a                    1001425c     LIBCMT:initializers.obj
 0002:00000260       ___acrt_locale_terminator  10014260     libucrt:locale_initializer.obj
 0002:00000264       ___dcrt_console_output_terminator 10014264     libucrt:console_output_initializer.obj
 0002:00000268       ___acrt_stdio_terminator   10014268     libucrt:stdio_initializer.obj
 0002:0000026c       ___xp_z                    1001426c     LIBCMT:initializers.obj
 0002:00000270       ___xt_a                    10014270     LIBCMT:initializers.obj
 0002:00000274       ___xt_z                    10014274     LIBCMT:initializers.obj
 0002:00000280       ??_C@_1BM@GCLEPEKO@?$AAP?$AAl?$AAu?$AAg?$AAi?$AAn?$AAE?$AAn?$AAa?$AAb?$AAl?$AAe?$AAd?$AA?$AA@ 10014280     ConEmuBg.obj
 0002:0000029c       ??_C@_1BM@NBLKFLKP@?$AAX?$AAm?$AAl?$AAC?$AAo?$AAn?$AAf?$AAi?$AAg?$AAF?$AAi?$AAl?$AAe?$AA?$AA@ 1001429c     ConEmuBg.obj
 0002:000002b8       ??_C@_08BCACMCCB@ExitFARW?$AA@ 100142b8     ConEmuBg.obj
 0002:000002c4       ??_C@_0L@DJCGGOCO@ConfigureW?$AA@ 100142c4     ConEmuBg.obj
 0002:000002d0       ??_C@_1BO@DPOJIDLN@?$AAB?$AAa?$AAc?$AAk?$AAg?$AAr?$AAo?$AAu?$AAn?$AAd?$AA?4?$AAx?$AAm?$AAl?$AA?$AA@ 100142d0     ConEmuBg.obj
 0002:000002f0       ??_C@_11LOCGONAA@?$AA?$AA@ 100142f0     ConEmuBg.obj
 0002:000002f8       ??_7MStream@@6B@           100142f8     ConEmuBg.obj
 0002:00000334       ??_C@_13FPGAJAPJ@?$AA?2?$AA?$AA@ 10014334     ConEmuBg.obj
 0002:00000338       ??_C@_1FG@DPPGENBC@?$AAL?$AAo?$AAa?$AAd?$AAA?$AAp?$AAp?$AAV?$AAe?$AAr?$AAs?$AAi?$AAo?$AAn?$AA?4?$AAV?$AAe?$AAr?$AAQ?$AAu?$AAe?$AAr?$AAy?$AAV?$AAa?$AAl?$AAu?$AAe?$AA?$CI?$AA?$CC?$AA?2?$AA?$CC@ 10014338     ConEmuBg.obj
 0002:00000390       ??_C@_1FK@HILEEFML@?$AAL?$AAo?$AAa?$AAd?$AAA?$AAp?$AAp?$AAV?$AAe?$AAr?$AAs?$AAi?$AAo?$AAn?$AA?4?$AAG?$AAe?$AAt?$AAF?$AAi?$AAl?$AAe?$AAV?$AAe?$AAr?$AAs?$AAi?$AAo?$AAn?$AAI?$AAn?$AAf@ 10014390     ConEmuBg.obj
 0002:000003f0       ??_C@_1GC@BINFLBDC@?$AAL?$AAo?$AAa?$AAd?$AAA?$AAp?$AAp?$AAV?$AAe?$AAr?$AAs?$AAi?$AAo?$AAn?$AA?5?$AAf?$AAa?$AAi?$AAl?$AAe?$AAd?$AA?$CB?$AA?5?$AAC?$AAa?$AAn?$AA?8?$AAt?$AA?5?$AAa?$AAl?$AAl@ 100143f0     ConEmuBg.obj
 0002:00000458       ??_C@_1GC@CPPHDKJK@?$AAL?$AAo?$AAa?$AAd?$AAA?$AAp?$AAp?$AAV?$AAe?$AAr?$AAs?$AAi?$AAo?$AAn?$AA?4?$AAG?$AAe?$AAt?$AAF?$AAi?$AAl?$AAe?$AAV?$AAe?$AAr?$AAs?$AAi?$AAo?$AAn?$AAI?$AAn?$AAf@ 10014458     ConEmuBg.obj
 0002:000004c0       ??_C@_1EG@IINOBDEG@?$AAI?$AAn?$AAv?$AAa?$AAl?$AAi?$AAd?$AA?5?$AAa?$AAs?$AAM?$AAo?$AAd?$AAu?$AAl?$AAe?$AAP?$AAa?$AAt?$AAh?$AA?5?$AAw?$AAa?$AAs?$AA?5?$AAs?$AAp?$AAe?$AAc?$AAi?$AAf?$AAi@ 100144c0     ConEmuBg.obj
 0002:00000508       ??_C@_1CA@GGFPMHLH@?$AA?6?$AAE?$AAr?$AAr?$AAC?$AAo?$AAd?$AAe?$AA?$DN?$AA0?$AAx?$AA?$CF?$AA0?$AA8?$AAX?$AA?$AA@ 10014508     ConEmuBg.obj
 0002:00000528       ??_C@_1FG@LNADFPCE@?$AAL?$AAo?$AAa?$AAd?$AAF?$AAa?$AAr?$AAV?$AAe?$AAr?$AAs?$AAi?$AAo?$AAn?$AA?4?$AAG?$AAe?$AAt?$AAM?$AAo?$AAd?$AAu?$AAl?$AAe?$AAF?$AAi?$AAl?$AAe?$AAN?$AAa?$AAm?$AAe@ 10014528     ConEmuBg.obj
 0002:00000580       ??_C@_1CC@JLFNPNCD@?$AAC?$AAo?$AAn?$AAE?$AAm?$AAu?$AAB?$AAg?$AA?0?$AA?5?$AAP?$AAI?$AAD?$AA?$DN?$AA?$CF?$AAu?$AA?$AA@ 10014580     ConEmuBg.obj
 0002:000005a4       ??_C@_1O@DPFEOIGE@?$AA?$DM?$AAN?$AAU?$AAL?$AAL?$AA?$DO?$AA?$AA@ 100145a4     ConEmuBg.obj
 0002:000005b4       ??_C@_1BI@NADJHDOD@?$AA?6?$AAE?$AAx?$AAp?$AAa?$AAn?$AAd?$AAe?$AAd?$AA?3?$AA?5?$AA?$AA@ 100145b4     ConEmuBg.obj
 0002:000005cc       ??_C@_1CA@DIJECNLO@?$AA?6?$AAC?$AAo?$AAn?$AAf?$AAi?$AAg?$AA?5?$AAv?$AAa?$AAl?$AAu?$AAe?$AA?3?$AA?5?$AA?$AA@ 100145cc     ConEmuBg.obj
 0002:000005f0       ??_C@_1GC@JKFCNIDB@?$AAT?$AAo?$AAo?$AA?5?$AAl?$AAo?$AAn?$AAg?$AA?5?$AAx?$AAm?$AAl?$AA?5?$AAp?$AAa?$AAt?$AAh?$AA?5?$AAa?$AAf?$AAt?$AAe?$AAr?$AA?5?$AAE?$AAx?$AAp?$AAa?$AAn?$AAd?$AAE?$AAn@ 100145f0     ConEmuBg.obj
 0002:00000658       ??_C@_1EE@OPEIBADO@?$AAC?$AAa?$AAn?$AA?8?$AAt?$AA?5?$AAi?$AAn?$AAi?$AAt?$AAi?$AAa?$AAl?$AAi?$AAz?$AAe?$AA?5?$AAn?$AAa?$AAm?$AAe?$AA?5?$AAo?$AAf?$AA?5?$AAx?$AAm?$AAl?$AA?5?$AAf?$AAi?$AAl@ 10014658     ConEmuBg.obj
 0002:000006a0       ??_C@_1EA@MFDKJDBE@?$AAC?$AAo?$AAn?$AAf?$AAi?$AAg?$AAu?$AAr?$AAa?$AAt?$AAi?$AAo?$AAn?$AA?5?$AAx?$AAm?$AAl?$AA?5?$AAf?$AAi?$AAl?$AAe?$AA?5?$AAi?$AAs?$AA?5?$AAe?$AAm?$AAp?$AAt?$AAy?$AA?$AA@ 100146a0     ConEmuBg.obj
 0002:000006e0       ??_C@_1FM@NIEBMEBA@?$AAC?$AAa?$AAn?$AA?8?$AAt?$AA?5?$AAa?$AAl?$AAl?$AAo?$AAc?$AAa?$AAt?$AAe?$AA?5?$AA?$CF?$AAu?$AA?5?$AAb?$AAy?$AAt?$AAe?$AAs?$AA?5?$AAf?$AAo?$AAr?$AA?5?$AAx?$AAm?$AAl?$AA?5@ 100146e0     ConEmuBg.obj
 0002:00000740       ??_C@_1GA@PEKCNEOL@?$AAC?$AAa?$AAn?$AA?8?$AAt?$AA?5?$AAr?$AAe?$AAa?$AAd?$AA?5?$AA?$CF?$AAu?$AA?5?$AAb?$AAy?$AAt?$AAe?$AAs?$AA?5?$AAf?$AAr?$AAo?$AAm?$AA?5?$AAx?$AAm?$AAl?$AA?5?$AAc?$AAo?$AAn@ 10014740     ConEmuBg.obj
 0002:000007a0       ??_C@_1HE@IENNFNAG@?$AAC?$AAo?$AAn?$AAf?$AAi?$AAg?$AAu?$AAr?$AAa?$AAt?$AAi?$AAo?$AAn?$AA?5?$AAx?$AAm?$AAl?$AA?5?$AAf?$AAi?$AAl?$AAe?$AA?5?$AAw?$AAa?$AAs?$AA?5?$AAn?$AAo?$AAt?$AA?5?$AAf@ 100147a0     ConEmuBg.obj
 0002:00000818       ??_C@_1HA@MHONNEJA@?$AAC?$AAr?$AAe?$AAa?$AAt?$AAe?$AAC?$AAo?$AAm?$AAp?$AAa?$AAt?$AAi?$AAb?$AAl?$AAe?$AA?$FL?$AAD?$AAC?$AA?$HM?$AAB?$AAi?$AAt?$AAm?$AAa?$AAp?$AA?$FN?$AA?5?$AAf?$AAa?$AAi?$AAl@ 10014818     ConEmuBg.obj
 0002:00000888       ??_C@_1GC@KCIBPHOM@?$AAG?$AAe?$AAt?$AAM?$AAo?$AAd?$AAu?$AAl?$AAe?$AAF?$AAi?$AAl?$AAe?$AAN?$AAa?$AAm?$AAe?$AA?5?$AAf?$AAa?$AAi?$AAl?$AAe?$AAd?$AA?5?$AAi?$AAn?$AA?5?$AAG?$AAD?$AAI?$AAP@ 10014888     ConEmuBg.obj
 0002:000008ec       ??_C@_1BI@LOJECBFD@?$AAG?$AAd?$AAi?$AAP?$AAl?$AAu?$AAs?$AA?4?$AAd?$AAl?$AAl?$AA?$AA@ 100148ec     ConEmuBg.obj
 0002:00000904       ??_C@_1CO@CNEBCEFN@?$AAG?$AAd?$AAi?$AAP?$AAl?$AAu?$AAs?$AA?4?$AAd?$AAl?$AAl?$AA?5?$AAn?$AAo?$AAt?$AA?5?$AAf?$AAo?$AAu?$AAn?$AAd?$AA?$CB?$AA?$AA@ 10014904     ConEmuBg.obj
 0002:00000934       ??_C@_0P@NIGHOHPH@GdiplusStartup?$AA@ 10014934     ConEmuBg.obj
 0002:00000944       ??_C@_0BA@OMKIAPCJ@GdiplusShutdown?$AA@ 10014944     ConEmuBg.obj
 0002:00000954       ??_C@_0BJ@IPKMAACN@GdipCreateBitmapFromFile?$AA@ 10014954     ConEmuBg.obj
 0002:00000970       ??_C@_0BC@DPLNHGNM@GdipGetImageWidth?$AA@ 10014970     ConEmuBg.obj
 0002:00000984       ??_C@_0BD@JIGBIPOH@GdipGetImageHeight?$AA@ 10014984     ConEmuBg.obj
 0002:00000998       ??_C@_0BB@MGCHKKMH@GdipDisposeImage?$AA@ 10014998     ConEmuBg.obj
 0002:000009ac       ??_C@_0P@DANGKLEH@GdipDrawImageI?$AA@ 100149ac     ConEmuBg.obj
 0002:000009bc       ??_C@_0BC@PACDIGJN@GdipCreateFromHDC?$AA@ 100149bc     ConEmuBg.obj
 0002:000009d0       ??_C@_0BD@MFGJCODH@GdipDeleteGraphics?$AA@ 100149d0     ConEmuBg.obj
 0002:000009e4       ??_C@_09EJEFPMLL@GdipGetDC?$AA@ 100149e4     ConEmuBg.obj
 0002:000009f0       ??_C@_0O@KHJJFDII@GdipReleaseDC?$AA@ 100149f0     ConEmuBg.obj
 0002:00000a00       ??_C@_0BM@MMIJHLFD@GdipGetImageGraphicsContext?$AA@ 10014a00     ConEmuBg.obj
 0002:00000a1c       ??_C@_0BI@GEKGFIAG@GdipBitmapConvertFormat?$AA@ 10014a1c     ConEmuBg.obj
 0002:00000a34       ??_C@_1CM@JMKADHIE@?$AAG?$AAd?$AAi?$AAp?$AAl?$AAu?$AAs?$AAS?$AAt?$AAa?$AAr?$AAt?$AAu?$AAp?$AA?5?$AAf?$AAa?$AAi?$AAl?$AAe?$AAd?$AA?$AA@ 10014a34     ConEmuBg.obj
 0002:00000a60       ??_C@_1EG@ENHOOKPB@?$AAF?$AAu?$AAn?$AAc?$AAt?$AAi?$AAo?$AAn?$AAs?$AA?5?$AAn?$AAo?$AAt?$AA?5?$AAf?$AAo?$AAu?$AAn?$AAd?$AA?5?$AAi?$AAn?$AA?5?$AAG?$AAd?$AAi?$AAP?$AAl?$AAu?$AAs?$AA?4?$AAd@ 10014a60     ConEmuBg.obj
 0002:00000aa8       ??_C@_0BD@FCCFIJEI@Bg?3?3FreeThreadProc?$AA@ 10014aa8     ConEmuBg.obj
 0002:00000abc       ??_C@_0BG@LECCBOLO@ConEmuBg?2ConEmuBg?4cpp?$AA@ 10014abc     ConEmuBg.obj
 0002:00000ad8       ??_C@_1EK@HIHBLDLC@?$AAC?$AAa?$AAn?$AA?8?$AAt?$AA?5?$AAa?$AAl?$AAl?$AAo?$AAc?$AAa?$AAt?$AAe?$AA?5?$AAm?$AAe?$AAm?$AAo?$AAr?$AAy?$AA?5?$AAf?$AAo?$AAr?$AA?5?$AAs?$AAz?$AAF?$AAu?$AAl?$AAl@ 10014ad8     ConEmuBg.obj
 0002:00000b24       ??_C@_1DI@MGMDCCIK@?$AAC?$AAa?$AAn?$AA?8?$AAt?$AA?5?$AAl?$AAo?$AAa?$AAd?$AA?5?$AAi?$AAm?$AAa?$AAg?$AAe?$AA?0?$AA?5?$AAE?$AAr?$AAr?$AA?$DN?$AA?$CF?$AAi?$AA?6?$AA?$CF?$AAs?$AA?$AA@ 10014b24     ConEmuBg.obj
 0002:00000b5c       ??_C@_1DO@BMBIALGO@?$AAG?$AAe?$AAt?$AAI?$AAm?$AAa?$AAg?$AAe?$AAS?$AAi?$AAz?$AAe?$AA?5?$AAf?$AAa?$AAi?$AAl?$AAe?$AAd?$AA?0?$AA?5?$AAE?$AAr?$AAr?$AA?$DN?$AA?$CF?$AAi?$AA?6?$AA?$CF?$AAs?$AA?$AA@ 10014b5c     ConEmuBg.obj
 0002:00000ba0       ??_C@_1EG@KBBKNBAB@?$AAC?$AAr?$AAe?$AAa?$AAt?$AAe?$AAC?$AAo?$AAm?$AAp?$AAa?$AAt?$AAi?$AAb?$AAl?$AAe?$AA?$FL?$AAD?$AAC?$AA?$HM?$AAB?$AAi?$AAt?$AAm?$AAa?$AAp?$AA?$FN?$AA?5?$AAf?$AAa?$AAi?$AAl@ 10014ba0     ConEmuBg.obj
 0002:00000be8       ??_C@_1EI@MNPBDJFF@?$AAG?$AAd?$AAi?$AAp?$AAC?$AAr?$AAe?$AAa?$AAt?$AAe?$AAF?$AAr?$AAo?$AAm?$AAH?$AAD?$AAC?$AA?5?$AAf?$AAa?$AAi?$AAl?$AAe?$AAd?$AA?0?$AA?5?$AAE?$AAr?$AAr?$AA?$DN?$AA?$CF?$AAi@ 10014be8     ConEmuBg.obj
 0002:00000c30       ??_C@_1EC@FCMECJAF@?$AAG?$AAd?$AAi?$AAp?$AAD?$AAr?$AAa?$AAw?$AAI?$AAm?$AAa?$AAg?$AAe?$AAI?$AA?5?$AAf?$AAa?$AAi?$AAl?$AAe?$AAd?$AA?0?$AA?5?$AAE?$AAr?$AAr?$AA?$DN?$AA?$CF?$AAi?$AA?6?$AA?$CF?$AAs@ 10014c30     ConEmuBg.obj
 0002:00000c74       ??_C@_1DI@COJKFCDM@?$AAG?$AAd?$AAi?$AAp?$AAG?$AAe?$AAt?$AAD?$AAC?$AA?5?$AAf?$AAa?$AAi?$AAl?$AAe?$AAd?$AA?0?$AA?5?$AAE?$AAr?$AAr?$AA?$DN?$AA?$CF?$AAi?$AA?6?$AA?$CF?$AAs?$AA?$AA@ 10014c74     ConEmuBg.obj
 0002:00000cb0       ??_C@_1EM@FGINKPEA@?$AAC?$AAa?$AAn?$AA?8?$AAt?$AA?5?$AAa?$AAl?$AAl?$AAo?$AAc?$AAa?$AAt?$AAe?$AA?5?$AAm?$AAe?$AAm?$AAo?$AAr?$AAy?$AA?5?$AAf?$AAo?$AAr?$AA?5?$AAC?$AAa?$AAc?$AAh?$AAe?$AAd@ 10014cb0     ConEmuBg.obj
 0002:00000cfc       ??_C@_1BI@DCLCNAFM@?$AAx?$AAm?$AAl?$AAl?$AAi?$AAt?$AAe?$AA?4?$AAd?$AAl?$AAl?$AA?$AA@ 10014cfc     ConEmuBg.obj
 0002:00000d14       ??_C@_1CM@BLKKKOJI@?$AAx?$AAm?$AAl?$AAl?$AAi?$AAt?$AAe?$AA?4?$AAd?$AAl?$AAl?$AA?5?$AAn?$AAo?$AAt?$AA?5?$AAf?$AAo?$AAu?$AAn?$AAd?$AA?$AA@ 10014d14     ConEmuBg.obj
 0002:00000d40       ??_C@_0BA@EICHKACL@CreateXmlReader?$AA@ 10014d40     ConEmuBg.obj
 0002:00000d50       ??_C@_1GM@NPCBAKPP@?$AAf?$AAu?$AAn?$AAc?$AAt?$AAi?$AAo?$AAn?$AA?5?$AAC?$AAr?$AAe?$AAa?$AAt?$AAe?$AAX?$AAm?$AAl?$AAR?$AAe?$AAa?$AAd?$AAe?$AAr?$AA?5?$AAi?$AAn?$AA?5?$AAt?$AAh?$AAe?$AA?5@ 10014d50     ConEmuBg.obj
 0002:00000dbc       __GUID_7279fc81_709d_4095_b63d_69fe4b0d9030 10014dbc     ConEmuBg.obj
 0002:00000dcc       ??_C@_1O@FLJJBOMO@?$AA?2?$AAT?$AAE?$AAM?$AAP?$AA?2?$AA?$AA@ 10014dcc     ConEmuBg.obj
 0002:00000ddc       ??_C@_1O@IANIHGAM@?$AAw?$AAi?$AAn?$AAd?$AAo?$AAw?$AA?$AA@ 10014ddc     ConEmuBg.obj
 0002:00000dec       ??_C@_1M@HCONLDPB@?$AAp?$AAa?$AAn?$AAe?$AAl?$AA?$AA@ 10014dec     ConEmuBg.obj
 0002:00000df8       ??_C@_19FHBCDCCA@?$AAt?$AAy?$AAp?$AAe?$AA?$AA@ 10014df8     ConEmuBg.obj
 0002:00000e04       ??_C@_1O@OCKFCHPL@?$AAP?$AAA?$AAN?$AAE?$AAL?$AAS?$AA?$AA@ 10014e04     ConEmuBg.obj
 0002:00000e14       ??_C@_1M@HLGJKDIH@?$AAP?$AAA?$AAN?$AAE?$AAL?$AA?$AA@ 10014e14     ConEmuBg.obj
 0002:00000e20       ??_C@_1O@PEPCDNON@?$AAE?$AAD?$AAI?$AAT?$AAO?$AAR?$AA?$AA@ 10014e20     ConEmuBg.obj
 0002:00000e30       ??_C@_1O@EFKGOBLP@?$AAV?$AAI?$AAE?$AAW?$AAE?$AAR?$AA?$AA@ 10014e30     ConEmuBg.obj
 0002:00000e40       ??_C@_1M@EKGBHJEJ@?$AAD?$AAR?$AAI?$AAV?$AAE?$AA?$AA@ 10014e40     ConEmuBg.obj
 0002:00000e4c       ??_C@_1O@BDNPEFIG@?$AAP?$AAL?$AAU?$AAG?$AAI?$AAN?$AA?$AA@ 10014e4c     ConEmuBg.obj
 0002:00000e5c       ??_C@_19EINGHGNA@?$AAT?$AAR?$AAE?$AAE?$AA?$AA@ 10014e5c     ConEmuBg.obj
 0002:00000e68       ??_C@_1M@KIGDKMPO@?$AAQ?$AAV?$AAI?$AAE?$AAW?$AA?$AA@ 10014e68     ConEmuBg.obj
 0002:00000e74       ??_C@_19FILLMKCG@?$AAI?$AAN?$AAF?$AAO?$AA?$AA@ 10014e74     ConEmuBg.obj
 0002:00000e80       ??_C@_1BE@FAHOEFOG@?$AAd?$AAr?$AAi?$AAv?$AAe?$AAt?$AAy?$AAp?$AAe?$AA?$AA@ 10014e80     ConEmuBg.obj
[...]
 0002:0000327c       ?candidate_modules@?1??try_get_FlsGetValue@@YAP6GPAXK@ZXZ@4QBW4module_id@?A0x352e5c4b@@B 1001727c     libucrt:winapi_thunks.obj
 0002:00003284       ?candidate_modules@?1??try_get_FlsSetValue@@YAP6GHKPAX@ZXZ@4QBW4module_id@?A0x352e5c4b@@B 10017284     libucrt:winapi_thunks.obj
 0002:0000328c       ?candidate_modules@?1??try_get_GetCurrentPackageId@@YAP6GJPAIPAE@ZXZ@4QBW4module_id@?A0x352e5c4b@@B 1001728c     libucrt:winapi_thunks.obj
 0002:000032a8       ?candidate_modules@?1??try_get_InitializeCriticalSectionEx@@YAP6GHPAU_RTL_CRITICAL_SECTION@@KK@ZXZ@4QBW4module_id@?A0x352e5c4b@@B 100172a8     libucrt:winapi_thunks.obj
 0002:000032b0       ?candidate_modules@?1??try_get_LCMapStringEx@@YAP6GHPB_WK0HPA_WHPAU_nlsversioninfo@@PAXJ@ZXZ@4QBW4module_id@?A0x352e5c4b@@B 100172b0     libucrt:winapi_thunks.obj
 0002:000032c8       ?candidate_modules@?1??try_get_LocaleNameToLCID@@YAP6GKPB_WK@ZXZ@4QBW4module_id@?A0x352e5c4b@@B 100172c8     libucrt:winapi_thunks.obj
 0002:000032e4       __mb_locale_names          100172e4     libucrt:mbctype.obj
 0002:00003330       _LcidToLocaleNameTable     10017330     libucrt:lcidtoname_downlevel.obj
 0002:00004450       _LocaleNameToIndexTable    10018450     libucrt:lcidtoname_downlevel.obj
 0002:000053a0       LOG_name                   100193a0     libucrt:log10.obj
 0002:000053b0       _One                       100193b0     libucrt:ceil_pentium4.obj
 0002:000053c0       _Bns                       100193c0     libucrt:ceil_pentium4.obj
 0002:000053d0       _Zero                      100193d0     libucrt:ceil_pentium4.obj
 0002:000053e0       _S                         100193e0     libucrt:ceil_pentium4.obj
 0002:000053f0       _NegZero                   100193f0     libucrt:ceil_pentium4.obj
 0002:00005400       emask                      10019400     libucrt:log10_pentium4.obj
 0002:00005410       CC                         10019410     libucrt:log10_pentium4.obj
 0002:00005420       Magic                      10019420     libucrt:log10_pentium4.obj
 0002:00005430       hi_mask                    10019430     libucrt:log10_pentium4.obj
 0002:00005440       LOG10_2                    10019440     libucrt:log10_pentium4.obj
 0002:00005450       place_L                    10019450     libucrt:log10_pentium4.obj
 0002:00005470       One                        10019470     libucrt:log10_pentium4.obj
 0002:00005480       Zero                       10019480     libucrt:log10_pentium4.obj
 0002:00005490       Two52                      10019490     libucrt:log10_pentium4.obj
 0002:000054a0       Infs                       100194a0     libucrt:log10_pentium4.obj
 0002:000054b0       NaN                        100194b0     libucrt:log10_pentium4.obj
 0002:000054c0       coeff                      100194c0     libucrt:log10_pentium4.obj
 0002:0000551e       _log2max                   1001951e     libucrt:87tran.obj
 0002:00005528       _smallarg                  10019528     libucrt:87tran.obj
 0002:00005532       _half                      10019532     libucrt:87tran.obj
 0002:0000557e       One                        1001957e     libucrt:87disp.obj
 0002:00005586       Three                      10019586     libucrt:87disp.obj
 0002:0000558e       XAMtoTagTab                1001958e     libucrt:87disp.obj
 0002:000055a0       One                        100195a0     libucrt:common.obj
 0002:000055b4       DblMax                     100195b4     libucrt:common.obj
 0002:000055bc       DblMin                     100195bc     libucrt:common.obj
 0002:000055c4       IeeeAdjO                   100195c4     libucrt:common.obj
 0002:000055cc       IeeeAdjU                   100195cc     libucrt:common.obj
 0002:000055d4       _infinity                  100195d4     libucrt:common.obj
 0002:000055dc       _zero                      100195dc     libucrt:common.obj
 0002:00005628       _over                      10019628     libucrt:fpctrl.obj
 0002:00005634       _under                     10019634     libucrt:fpctrl.obj
 0002:00005ef8       ?_names@?1??_get_fname@@9@9 10019ef8     libucrt:fpexcept.obj
 0002:000066b8       __unwindtable$?CheckXmlFile@@YA_N_N@Z 1001a6b8     ConEmuBg.obj
 0002:000066c0       __ehfuncinfo$?CheckXmlFile@@YA_N_N@Z 1001a6c0     ConEmuBg.obj
 0002:000066e4       __unwindtable$?StartPlugin@@YAXH@Z 1001a6e4     ConEmuBg.obj
 0002:000066ec       __ehfuncinfo$?StartPlugin@@YAXH@Z 1001a6ec     ConEmuBg.obj
 0002:00006710       __unwindtable$?GdipDone@@YAXXZ 1001a710     ConEmuBg.obj
 0002:00006718       __ehfuncinfo$?GdipDone@@YAXXZ 1001a718     ConEmuBg.obj
 0002:0000673c       __unwindtable$?FillPanelParams@@YAHPAUPaintBackgroundArg@@PAUBkPanelInfo@@PAUDrawInfo@@@Z 1001a73c     ConEmuBg.obj
 0002:0000674c       __ehfuncinfo$?FillPanelParams@@YAHPAUPaintBackgroundArg@@PAUBkPanelInfo@@PAUDrawInfo@@@Z 1001a74c     ConEmuBg.obj
 0002:00006770       __sehtable$?SetThreadName@@YAXKPAD@Z 1001a770     common-kernel32:WThreads.obj
 0002:00006790       __sehtable$?dllmain_crt_process_attach@@YAHQAUHINSTANCE__@@QAX@Z 1001a790     LIBCMT:dll_dllmain.obj
 0002:000067b0       __sehtable$?dllmain_crt_process_detach@@YAH_N@Z 1001a7b0     LIBCMT:dll_dllmain.obj
 0002:000067d0       __sehtable$?dllmain_dispatch@@YAHQAUHINSTANCE__@@KQAX@Z 1001a7d0     LIBCMT:dll_dllmain.obj
 0002:000067f0       __sehtable$___scrt_is_nonwritable_in_current_image 1001a7f0     LIBCMT:utility.obj
 0002:00006810       __sehtable$___BuildCatchObject 1001a810     libvcruntime:frame.obj
 0002:00006830       __sehtable$___FrameUnwindToState 1001a830     libvcruntime:frame.obj
 0002:00006858       __sehtable$?CallCatchBlock@@YAPAXPAUEHExceptionRecord@@PAUEHRegistrationNode@@PAU_CONTEXT@@PBU_s_FuncInfo@@PAXHK@Z 1001a858     libvcruntime:frame.obj
 0002:00006880       __catchsym$?CallUnexpected@@YAXPBU_s_ESTypeList@@@Z$2 1001a880     libvcruntime:frame.obj
 0002:00006890       __unwindtable$?CallUnexpected@@YAXPBU_s_ESTypeList@@@Z 1001a890     libvcruntime:frame.obj
 0002:000068a0       __tryblocktable$?CallUnexpected@@YAXPBU_s_ESTypeList@@@Z 1001a8a0     libvcruntime:frame.obj
 0002:000068b4       __ehfuncinfo$?CallUnexpected@@YAXPBU_s_ESTypeList@@@Z 1001a8b4     libvcruntime:frame.obj
 0002:000068d8       __sehtable$___BuildCatchObjectHelper 1001a8d8     libvcruntime:frame.obj
 0002:00006948       __sehtable$___DestructExceptionObject 1001a948     libvcruntime:ehhelpers.obj
 0002:00006968       __sehtable$?common_exit@@YAXHW4_crt_exit_cleanup_mode@@W4_crt_exit_return_mode@@@Z 1001a968     libucrt:exit.obj
 0002:00006990       __sehtable$??$?RV<lambda_800076c951b434888f4765a74a194fcc>@@AAV<lambda_4e60a939b0d047cfe11ddc22648dfba9>@@V<lambda_6dbb1268764f43b569ce7b67e331d33a>@@@?$__crt_seh_guarded_call@H@@QAEH$$QAV<lambda_800076c951b434888f4765a74a194fcc>@@AAV<lambda_4e60a939b0d047cfe11ddc22648dfba9>@@$$QAV<lambda_6dbb1268764f43b569ce7b67e331d33a>@@@Z 1001a990     libucrt:onexit.obj
 0002:000069b0       __sehtable$??$?RV<lambda_995298e7d72eb4c2aab26c0585b3abe5>@@AAV<lambda_275893d493268fdec8709772e3fcec0e>@@V<lambda_293819299cbf9a7022e18b56a874bb5c>@@@?$__crt_seh_guarded_call@H@@QAEH$$QAV<lambda_995298e7d72eb4c2aab26c0585b3abe5>@@AAV<lambda_275893d493268fdec8709772e3fcec0e>@@$$QAV<lambda_293819299cbf9a7022e18b56a874bb5c>@@@Z 1001a9b0     libucrt:onexit.obj
 0002:000069d0       __sehtable$_terminate      1001a9d0     libucrt:terminate.obj
 0002:000069f0       __sehtable$??$?RV<lambda_9df27f884b057bc3edfc946cb5b7cf47>@@AAV<lambda_e69574bed617af4e071282c136b37893>@@V<lambda_cc0d902bcbbeb830f749456577db4721>@@@?$__crt_seh_guarded_call@X@@QAEX$$QAV<lambda_9df27f884b057bc3edfc946cb5b7cf47>@@AAV<lambda_e69574bed617af4e071282c136b37893>@@$$QAV<lambda_cc0d902bcbbeb830f749456577db4721>@@@Z 1001a9f0     libucrt:per_thread_data.obj
 0002:00006a10       __sehtable$??$?RV<lambda_3518db117f0e7cdb002338c5d3c47b6c>@@AAV<lambda_b2ea41f6bbb362cd97d94c6828d90b61>@@V<lambda_abdedf541bb04549bc734292b4a045d4>@@@?$__crt_seh_guarded_call@X@@QAEX$$QAV<lambda_3518db117f0e7cdb002338c5d3c47b6c>@@AAV<lambda_b2ea41f6bbb362cd97d94c6828d90b61>@@$$QAV<lambda_abdedf541bb04549bc734292b4a045d4>@@@Z 1001aa10     libucrt:per_thread_data.obj
 0002:00006a30       __sehtable$??$?RV<lambda_51b6e8b1eb166f2a3faf91f424b38130>@@AAV<lambda_6250bd4b2a391816dd638c3bf72b0bcb>@@V<lambda_0b5a4a3e68152e1d9b943535f5f47bed>@@@?$__crt_seh_guarded_call@X@@QAEX$$QAV<lambda_51b6e8b1eb166f2a3faf91f424b38130>@@AAV<lambda_6250bd4b2a391816dd638c3bf72b0bcb>@@$$QAV<lambda_0b5a4a3e68152e1d9b943535f5f47bed>@@@Z 1001aa30     libucrt:per_thread_data.obj
 0002:00006a50       __sehtable$??$?RV<lambda_5b71d36f03204c0beab531769a5b5694>@@AAV<lambda_be2b3da3f62db62e9dad5dc70221a656>@@V<lambda_8f9ce462984622f9bf76b59e2aaaf805>@@@?$__crt_seh_guarded_call@X@@QAEX$$QAV<lambda_5b71d36f03204c0beab531769a5b5694>@@AAV<lambda_be2b3da3f62db62e9dad5dc70221a656>@@$$QAV<lambda_8f9ce462984622f9bf76b59e2aaaf805>@@@Z 1001aa50     libucrt:per_thread_data.obj
 0002:00006a70       __sehtable$___acrt_uninitialize_locale 1001aa70     libucrt:wsetlocale.obj
 0002:00006a90       __sehtable$___acrt_update_thread_multibyte_data 1001aa90     libucrt:mbctype.obj
 0002:00006ab0       __sehtable$??$?RV<lambda_978dc153c237d78434369da87b74ff60>@@AAV<lambda_ad1ced32f4ac17aa236e5ef05d6b3b7c>@@V<lambda_4a8533e2866a575feecb8298ce776b0d>@@@?$__crt_seh_guarded_call@X@@QAEX$$QAV<lambda_978dc153c237d78434369da87b74ff60>@@AAV<lambda_ad1ced32f4ac17aa236e5ef05d6b3b7c>@@$$QAV<lambda_4a8533e2866a575feecb8298ce776b0d>@@@Z 1001aab0     libucrt:mbctype.obj
 0002:00006ad0       __sehtable$___acrt_initialize_lowio 1001aad0     libucrt:ioinit.obj
 0002:00006af0       __sehtable$__query_new_handler 1001aaf0     libucrt:new_handler.obj
 0002:00006b10       __sehtable$_raise          1001ab10     libucrt:signal.obj
 0002:00006b30       __sehtable$??$?RV<lambda_a048d3beccc847880fc8490e18b82769>@@AAV<lambda_ec61778202f4f5fc7e7711acc23c3bca>@@V<lambda_f7496a158712204296dd6628a163878e>@@@?$__crt_seh_guarded_call@P6AXH@Z@@QAEP6AXH@Z$$QAV<lambda_a048d3beccc847880fc8490e18b82769>@@AAV<lambda_ec61778202f4f5fc7e7711acc23c3bca>@@$$QAV<lambda_f7496a158712204296dd6628a163878e>@@@Z 1001ab30     libucrt:signal.obj
 0002:00006b50       __sehtable$___acrt_update_thread_locale_data 1001ab50     libucrt:locale_refcounting.obj
 0002:00006b70       __sehtable$___acrt_lowio_ensure_fh_exists 1001ab70     libucrt:osfinfo.obj
 0002:00006b90       __sehtable$_common_flush_all 1001ab90     libucrt:fflush.obj
 0002:00006bb8       __sehtable$__fcloseall     1001abb8     libucrt:closeall.obj
 0002:00006bd8       __sehtable$??$?RV<lambda_61cee617f5178ae960314fd4d05640a0>@@AAV<lambda_6978c1fb23f02e42e1d9e99668cc68aa>@@V<lambda_9cd88cf8ad10232537feb2133f08c833>@@@?$__crt_seh_guarded_call@H@@QAEH$$QAV<lambda_61cee617f5178ae960314fd4d05640a0>@@AAV<lambda_6978c1fb23f02e42e1d9e99668cc68aa>@@$$QAV<lambda_9cd88cf8ad10232537feb2133f08c833>@@@Z 1001abd8     libucrt:commit.obj
 0002:00006bf8       __sehtable$__write         1001abf8     libucrt:write.obj
 0002:00006c18       __sehtable$_fclose         1001ac18     libucrt:fclose.obj
 0002:00006c38       __sehtable$??$?RV<lambda_123407a5e2ac06da108355a851863b7a>@@AAV<lambda_2fe9b910cf3cbf4a0ab98a02ba45b3ec>@@V<lambda_ae55bdf541ad94d75914d381c370e64d>@@@?$__crt_seh_guarded_call@H@@QAEH$$QAV<lambda_123407a5e2ac06da108355a851863b7a>@@AAV<lambda_2fe9b910cf3cbf4a0ab98a02ba45b3ec>@@$$QAV<lambda_ae55bdf541ad94d75914d381c370e64d>@@@Z 1001ac38     libucrt:close.obj
 0002:00006c58       __sehtable$__IsNonwritableInCurrentImage 1001ac58     LIBCMT:pesect.obj
 0002:00006c80       .edata                     1001ac80     ConEmuBg.exp
 0002:00006ca8       rgpv                       1001aca8     ConEmuBg.exp
 0002:00006ce4       rgszName                   1001ace4     ConEmuBg.exp
 0002:00006d20       rgwOrd                     1001ad20     ConEmuBg.exp
 0002:00006d3e       szName                     1001ad3e     ConEmuBg.exp
 0002:00006d4b       $N00001                    1001ad4b     ConEmuBg.exp
 0002:00006d5a       $N00002                    1001ad5a     ConEmuBg.exp
 0002:00006d69       $N00003                    1001ad69     ConEmuBg.exp
 0002:00006d6f       $N00004                    1001ad6f     ConEmuBg.exp
 0002:00006d79       $N00005                    1001ad79     ConEmuBg.exp
 0002:00006d84       $N00006                    1001ad84     ConEmuBg.exp
 0002:00006d8c       $N00007                    1001ad8c     ConEmuBg.exp
 0002:00006d95       $N00008                    1001ad95     ConEmuBg.exp
 0002:00006da4       $N00009                    1001ada4     ConEmuBg.exp
 0002:00006db5       $N00010                    1001adb5     ConEmuBg.exp
 0002:00006dc7       $N00011                    1001adc7     ConEmuBg.exp
 0002:00006dd5       $N00012                    1001add5     ConEmuBg.exp
 0002:00006de0       $N00013                    1001ade0     ConEmuBg.exp
 0002:00006dec       $N00014                    1001adec     ConEmuBg.exp
 0002:00006dfb       $N00015                    1001adfb     ConEmuBg.exp
 0002:0000710a       .idata$6                   1001b10a     version:VERSION.dll
 0002:000073e4       .idata$6                   1001b3e4     kernel32:KERNEL32.dll
 0002:0000745c       .idata$6                   1001b45c     user32:USER32.dll
 0002:00007522       .idata$6                   1001b522     gdi32:GDI32.dll
 0002:00007582       .idata$6                   1001b582     advapi32:ADVAPI32.dll
 0002:000075b2       .idata$6                   1001b5b2     ole32:ole32.dll
 0003:00000058       ?items@?1??ConfigureProc@@YAHH@Z@4PAUFarDialogItem@@A 1001c058     ConEmuBg1900.obj
 0003:00000258       ?items@?1??ConfigureProc@@YAHH@Z@4PAUFarDialogItem@@A 1001c258     ConEmuBg2800.obj
 0003:00000458       ?items@?1??ConfigureProc@@YAHH@Z@4PAUFarDialogItem@@A 1001c458     ConEmuBg995.obj
 0003:000005b8       ?items@?1??ConfigureProc@@YAHH@Z@4PAUFarDialogItem@@A 1001c5b8     ConEmuBgA.obj
 0003:00001700       ?__vcrt_flsindex@@3KA      1001d700     libvcruntime:per_thread_data.obj
 0003:00001724       _errno_no_memory           1001d724     libucrt:errno.obj
 0003:00001728       _doserrno_no_memory        1001d728     libucrt:errno.obj
 0003:00001730       ___acrt_flsindex           1001d730     libucrt:per_thread_data.obj
 0003:000017fc       ___rgctypeflag             1001d7fc     libucrt:mbctype.obj
 0003:00001800       ___rgcode_page_info        1001d800     libucrt:mbctype.obj
 0003:00002164       ?gfRegisterBackground@@3P6GHPAURegisterBackgroundArg@@@ZA 1001e164     ConEmuBg.obj
 0003:00002168       ?bWasRegistered@?1??StartPlugin@@YAXH@Z@4_NA 1001e168     ConEmuBg.obj
 0003:00002174       ?szMenu@?1??GetPluginInfoW1900@@YAXPAX@Z@4PAPA_WA 1001e174     ConEmuBg1900.obj
 0003:00002178       ?szMenu1@?1??GetPluginInfoW1900@@YAXPAX@Z@4PA_WA 1001e178     ConEmuBg1900.obj
 0003:00002378       ?$TSS0@?1??ConfigureProc@@YAHH@Z@4HA 1001e378     ConEmuBg1900.obj
 0003:00002384       ?szMenu@?1??GetPluginInfoW2800@@YAXPAX@Z@4PAPA_WA 1001e384     ConEmuBg2800.obj
 0003:00002388       ?szMenu1@?1??GetPluginInfoW2800@@YAXPAX@Z@4PA_WA 1001e388     ConEmuBg2800.obj
 0003:00002588       ?$TSS0@?1??ConfigureProc@@YAHH@Z@4HA 1001e588     ConEmuBg2800.obj
 0003:00002594       ?gszRootKeyW995@@3PA_WA    1001e594     ConEmuBg995.obj
 0003:00002598       ?szMenu@?1??GetPluginInfoW995@@YAXPAX@Z@4PAPA_WA 1001e598     ConEmuBg995.obj
 0003:000025a0       ?szMenu1@?1??GetPluginInfoW995@@YAXPAX@Z@4PA_WA 1001e5a0     ConEmuBg995.obj
 0003:000027a0       ?$TSS0@?1??ConfigureProc@@YAHH@Z@4HA 1001e7a0     ConEmuBg995.obj
 0003:000027ac       ?gszRootKeyA@@3PA_WA       1001e7ac     ConEmuBgA.obj
 0003:000027b0       ?szMenu@?1??GetPluginInfo@@9@4@4PAPADA 1001e7b0     ConEmuBgA.obj
 0003:000027b8       ?szMenu1@?1??GetPluginInfo@@9@4@4PADA 1001e7b8     ConEmuBgA.obj
 0003:000028b8       ?$TSS0@?1??ConfigureProc@@YAHH@Z@4HA 1001e8b8     ConEmuBgA.obj
 0003:000028cc       ?gh_UnknownTerminatedThread@@3PAXA 1001e8cc     common-kernel32:WThreads.obj
 0003:000028d0       ?g_Threads@@3PAUConEmuThreadInfo@@A 1001e8d0     common-kernel32:WThreads.obj
 0003:0000a0d0       _GS_ExceptionRecord        100260d0     LIBCMT:gs_report.obj
 0003:0000a120       _GS_ContextRecord          10026120     LIBCMT:gs_report.obj
 0003:0000a3ec       ?_Tss_mutex@@3U_RTL_CRITICAL_SECTION@@A 100263ec     LIBCMT:thread_safe_statics.obj
 0003:0000a404       ?_Tss_cv@@3U_RTL_CONDITION_VARIABLE@@A 10026404     LIBCMT:thread_safe_statics.obj
 0003:0000a408       ?_Tss_event@@3PAXA         10026408     LIBCMT:thread_safe_statics.obj
 0003:0000a40c       ?encoded_sleep_condition_variable_cs@@3P6GHPAU_RTL_CONDITION_VARIABLE@@PAU_RTL_CRITICAL_SECTION@@K@ZA 1002640c     LIBCMT:thread_safe_statics.obj
 0003:0000a410       ?encoded_wake_all_condition_variable@@3P6GXPAU_RTL_CONDITION_VARIABLE@@@ZA 10026410     LIBCMT:thread_safe_statics.obj
 0003:0000a418       ?__proc_attached@@3HA      10026418     LIBCMT:dll_dllmain.obj
 0003:0000a424       ?module_local_atexit_table@@3U_onexit_table_t@@A 10026424     LIBCMT:utility.obj
 0003:0000a430       ?module_local_at_quick_exit_table@@3U_onexit_table_t@@A 10026430     LIBCMT:utility.obj
 0003:0000a43c       ?module_local_atexit_table_initialized@@3_NA 1002643c     LIBCMT:utility.obj
 0003:0000a43d       ?is_initialized_as_dll@@3_NA 1002643d     LIBCMT:utility.obj
 0003:0000a468       ?module_handles@@3PAPAUHINSTANCE__@@A 10026468     libvcruntime:winapi_downlevel.obj
 0003:0000a474       ?encoded_function_pointers@@3PAPAXA 10026474     libvcruntime:winapi_downlevel.obj
 0003:0000a488       ?__vcrt_startup_thread_ptd@@3U__vcrt_ptd@@A 10026488     libvcruntime:per_thread_data.obj
 0003:0000a4b0       ___vcrt_lock_table         100264b0     libvcruntime:locks.obj
 0003:0000a4c8       ___vcrt_locks_initialized  100264c8     libvcruntime:locks.obj
 0003:0000a4f8       ?heap@@3V_HeapManager@@A   100264f8     libvcruntime:undname.obj
 0003:0000a510       _c_termination_complete    10026510     libucrt:exit.obj
 0003:0000a514       _thread_local_exit_callback_func 10026514     libucrt:exit.obj
 0003:0000a518       ?c_exit_complete@?5??common_exit@@YAXHW4_crt_exit_cleanup_mode@@W4_crt_exit_return_mode@@@Z@4_NA 10026518     libucrt:exit.obj
 0003:0000a520       ?program_name@?5???$common_configure_argv@D@@YAHW4_crt_argv_mode@@@Z@4PADA 10026520     libucrt:argv_parsing.obj
 0003:0000a650       ___acrt_invalid_parameter_handler 10026650     libucrt:invalid_parameter.obj
 0003:0000a660       ___acrt_lock_table         10026660     libucrt:locks.obj
 0003:0000a798       ___acrt_locks_initialized  10026798     libucrt:locks.obj
 0003:0000a7a0       _module_handles            100267a0     libucrt:winapi_thunks.obj
 0003:0000a7f0       _encoded_function_pointers 100267f0     libucrt:winapi_thunks.obj
 0003:0000a870       ?state_cache@?1??__acrt_is_packaged_app@@9@4JA 10026870     libucrt:winapi_thunks.obj
 0003:0000a88c       _fSystemSet                1002688c     libucrt:mbctype.obj
 0003:0000a890       ?initialized@?1??__acrt_initialize_multibyte@@9@4_NA 10026890     libucrt:mbctype.obj
 0003:0000aab4       ___acrt_new_handler        10026ab4     libucrt:new_handler.obj
 0003:0000aab8       _ctrlc_action              10026ab8     libucrt:signal.obj
 0003:0000aabc       _ctrlbreak_action          10026abc     libucrt:signal.obj
 0003:0000aac0       _abort_action              10026ac0     libucrt:signal.obj
 0003:0000aac4       _term_action               10026ac4     libucrt:signal.obj
 0003:0000aac8       _user_matherr              10026ac8     libucrt:matherr.obj
 0003:0000aad4       ___acrt_global_new_mode    10026ad4     libucrt:new_mode.obj
 0003:0000aae8       ___acrt_app_type           10026ae8     libucrt:report_runtime_error.obj
 0003:0000aaf0       __pmatherr_set             10026af0     libucrt:libm_error.obj
 0004:000000a0       $R000000                   100270a0     ConEmuBg.res
 0004:000003b8       $R000318                   100273b8     ConEmuBg.res
