 ConEmuTh

 Timestamp is 5a0575d6 (Fri Nov 10 12:48:06 2017)

 Preferred load address is 10000000

 Start         Length     Name                   Class
 0001:00000000 0001c844H .text$mn                CODE
 0001:0001c844 00000219H .text$x                 CODE
 0002:00000000 00000324H .idata$5                DATA
 0002:00000324 00000004H .00cfg                  DATA
 0002:00000328 00000004H .CRT$XCA                DATA
 0002:0000032c 00000004H .CRT$XCZ                DATA
 0002:00000330 00000004H .CRT$XIA                DATA
 0002:00000334 0000000cH .CRT$XIC                DATA
 0002:00000340 00000004H .CRT$XIZ                DATA
 0002:00000344 00000004H .CRT$XPA                DATA
 0002:00000348 00000008H .CRT$XPX                DATA
 0002:00000350 00000004H .CRT$XPXA               DATA
 0002:00000354 00000004H .CRT$XPZ                DATA
 0002:00000358 00000004H .CRT$XTA                DATA
 0002:0000035c 00000004H .CRT$XTZ                DATA
 0002:00000360 00000000H .gfids$x                DATA
 0002:00000360 00000000H .gfids$y                DATA
 0002:00000360 00005da0H .rdata                  DATA
 0002:00006100 00000210H .rdata$r                DATA
 0002:00006310 00000048H .rdata$sxdata           DATA
 0002:00006358 0000030cH .rdata$zzzdbg           DATA
 0002:00006664 00000004H .rtc$IAA                DATA
 0002:00006668 00000004H .rtc$IZZ                DATA
 0002:0000666c 00000004H .rtc$TAA                DATA
 0002:00006670 00000008H .rtc$TZZ                DATA
 0002:00006678 000006f8H .xdata$x                DATA
 0002:00006d70 00000168H .edata                  DATA
 0002:00006ed8 0000008cH .idata$2                DATA
 0002:00006f64 00000014H .idata$3                DATA
 0002:00006f78 00000324H .idata$4                DATA
 0002:0000729c 00000db4H .idata$6                DATA
 0003:00000000 000007f0H .data                   DATA
 0003:000007f0 00000138H .data$r                 DATA
 0003:00000928 00029814H .bss                    DATA
 0004:00000000 00000130H .rsrc$01                DATA
 0004:00000130 00001558H .rsrc$02                DATA

  Address         Publics by Value              Rva+Base       Lib:Object

 0000:00000000       __except_list              00000000     <absolute>
 0000:00000000       ___enclave_config          00000000     <absolute>
 0000:00000000       ___guard_longjmp_count     00000000     <absolute>
 0000:00000000       ___guard_fids_count        00000000     <absolute>
 0000:00000000       ___guard_longjmp_table     00000000     <absolute>
 0000:00000000       ___guard_iat_table         00000000     <absolute>
 0000:00000000       ___guard_iat_count         00000000     <absolute>
 0000:00000000       ___hybrid_auxiliary_iat    00000000     <absolute>
 0000:00000000       ___hybrid_code_map         00000000     <absolute>
 0000:00000000       ___guard_fids_table        00000000     <absolute>
 0000:00000000       ___hybrid_code_map_count   00000000     <absolute>
 0000:00000000       ___dynamic_value_reloc_table 00000000     <absolute>
 0000:00000012       ___safe_se_handler_count   00000012     <absolute>
 0000:00000100       ___guard_flags             00000100     <absolute>
 0000:00000000       ___ImageBase               10000000     <linker-defined>
 0001:00000000       _ExitFARW@0                10001000 f   ConEmuTh.obj
 0001:00000025       _ProcessSynchroEventW@8    10001025 f   ConEmuTh.obj
 0001:00000039       ?ExitFARW3@@YGXPAX@Z       10001039 f   ConEmuTh.obj
 0001:00000067       ??0?$MFileMapping@Utag_DetectedDialog@@@@QAE@XZ 10001067 f i ConEmuTh.obj
 0001:00000067       ??0?$MFileMapping@UPanelViewSetMapping@@@@QAE@XZ 10001067 f i ConEmuTh.obj
 0001:0000008b       ??1?$MFileMapping@UPanelViewSetMapping@@@@QAE@XZ 1000108b f i ConEmuTh.obj
 0001:00000095       ??_G?$MFileMapping@Utag_DetectedDialog@@@@QAEPAXI@Z 10001095 f i ConEmuTh.obj
 0001:000001f6       ?CheckConEmu@@YAHH@Z       100011f6 f   ConEmuTh.obj
 0001:000002d8       ?CheckPanelSettings@@YAHH@Z 100012d8 f   ConEmuTh.obj
 0001:00000317       ?CheckVarsInitialized@@YAXXZ 10001317 f   ConEmuTh.obj
 0001:00000450       ?CheckWindows@@YA_NXZ      10001450 f   ConEmuTh.obj
 0001:000004f4       ?CloseMap@?$MFileMapping@Utag_DetectedDialog@@@@QAEXXZ 100014f4 f i ConEmuTh.obj
 0001:000004f4       ?CloseMap@?$MFileMapping@UPanelViewSetMapping@@@@QAEXXZ 100014f4 f i ConEmuTh.obj
 0001:00000527       ?ClosePtr@?$MFileMapping@UPanelViewSetMapping@@@@QAEXXZ 10001527 f i ConEmuTh.obj
 0001:00000527       ?ClosePtr@?$MFileMapping@Utag_DetectedDialog@@@@QAEXXZ 10001527 f i ConEmuTh.obj
 0001:0000053f       ?EntryPoint@@YAXHH_N@Z     1000153f f   ConEmuTh.obj
 0001:000006be       ?ExecuteInMainThread@@YAXPAUConEmuThSynchroArg@@@Z 100016be f   ConEmuTh.obj
 0001:00000732       ?ExitPlugin@@YAXXZ         10001732 f   ConEmuTh.obj
 0001:00000838       ?FreeItem@CePluginPanelItem@@QAEXXZ 10001838 f   ConEmuTh.obj
 0001:0000084d       ?FreeUserData@CePluginPanelItem@@QAEXXZ 1000184d f   ConEmuTh.obj
 0001:00000895       ?GetActivePanel@@YAPAUCeFullPanelInfo@@XZ 10001895 f   ConEmuTh.obj
 0001:000008da       ?GetFarRect@@YAHPAU_SMALL_RECT@@@Z 100018da f   ConEmuTh.obj
 0001:0000093d       ?GetFocusedThumbnails@@YAPAUCeFullPanelInfo@@XZ 1000193d f   ConEmuTh.obj
 0001:0000098d       ?GetMainThreadId@@YAKXZ    1000198d f   ConEmuTh.obj
 0001:00000a1a       ?GetMsgW@@YAPB_WH@Z        10001a1a f   ConEmuTh.obj
 0001:00000a5a       ?GetPluginInfoWcmn@@YGXPAX@Z 10001a5a f   ConEmuTh.obj
 0001:00000a8b       ?InitName@?$MFileMapping@Utag_DetectedDialog@@@@QAEPB_WPB_WKK@Z 10001a8b f i ConEmuTh.obj
 0001:00000a8b       ?InitName@?$MFileMapping@UPanelViewSetMapping@@@@QAEPB_WPB_WKK@Z 10001a8b f i ConEmuTh.obj
 0001:00000abc       ?InternalOpenCreate@?$MFileMapping@UPanelViewSetMapping@@@@IAEPAUPanelViewSetMapping@@HHH@Z 10001abc f i ConEmuTh.obj
 0001:00000bd7       ?InternalOpenCreate@?$MFileMapping@Utag_DetectedDialog@@@@IAEPAUtag_DetectedDialog@@HHH@Z 10001bd7 f i ConEmuTh.obj
 0001:00000cf2       ?IsThumbnailsActive@@YAPAUCeFullPanelInfo@@H@Z 10001cf2 f   ConEmuTh.obj
 0001:00000ed2       ?LoadFarVersion@@YAHXZ     10001ed2 f   ConEmuTh.obj
 0001:00001210       ?LoadPanelItemInfo@@YAXPAUCeFullPanelInfo@@H@Z 10002210 f   ConEmuTh.obj
 0001:0000124f       ?LoadThSet@@YAHK@Z         1000224f f   ConEmuTh.obj
 0001:000013d6       ?OnPostPeekConsole@@YGHPAXPAU_INPUT_RECORD@@KPAKPAH@Z 100023d6 f   ConEmuTh.obj
 0001:00001420       ?OnPostReadConsole@@YGHPAXPAU_INPUT_RECORD@@KPAKPAH@Z 10002420 f   ConEmuTh.obj
 0001:00001462       ?OnPrePeekConsole@@YGHPAXPAU_INPUT_RECORD@@KPAKPAH@Z 10002462 f   ConEmuTh.obj
 0001:0000150d       ?OnPreReadConsole@@YGHPAXPAU_INPUT_RECORD@@KPAKPAH@Z 1000250d f   ConEmuTh.obj
 0001:0000152d       ?OnPreWriteConsoleOutput@@YGHPAXPBU_CHAR_INFO@@U_COORD@@2PAU_SMALL_RECT@@@Z 1000252d f   ConEmuTh.obj
 0001:00001652       ?OnReadyForPanelsReload@@YAXXZ 10002652 f   ConEmuTh.obj
 0001:00001775       ?OpenPluginWcmn@@YAPAXHH_N@Z 10002775 f   ConEmuTh.obj
 0001:000017b5       ?OpenW@@YGPAXPBUOpenInfo@@@Z 100027b5 f   ConEmuTh.obj
 0001:000017e7       ?PostMacro@@YAXPA_W@Z      100027e7 f   ConEmuTh.obj
 0001:00001927       ?ProcessConsoleInput@@YAHHPAU_INPUT_RECORD@@KPAK@Z 10002927 f   ConEmuTh.obj
 0001:00001c08       ?ProcessSynchroEventCommon@@YAHHPAX@Z 10002c08 f   ConEmuTh.obj
 0001:00001d5b       ?ReloadPanelsInfo@@YAXXZ   10002d5b f   ConEmuTh.obj
 0001:00001ece       ?ReloadResourcesW@@YAXXZ   10002ece f   ConEmuTh.obj
 0001:00001f31       ?ResetUngetBuffer@@YAXXZ   10002f31 f   ConEmuTh.obj
 0001:00001f40       ?SavePanelViewState@@YAXHK@Z 10002f40 f   ConEmuTh.obj
 0001:00001f74       ?SetFrom@?$MFileMapping@Utag_DetectedDialog@@@@QAE_NPBUtag_DetectedDialog@@H@Z 10002f74 f i ConEmuTh.obj
 0001:00001fc0       ?SettingsLoad@@YAHPB_WPAK@Z 10002fc0 f   ConEmuTh.obj
 0001:00001fff       ?SettingsLoadOther@@YAXPB_W@Z 10002fff f   ConEmuTh.obj
 0001:000020f9       ?SettingsLoadReg@@YAHPB_W0PAK@Z 100030f9 f   ConEmuTh.obj
 0001:0000215b       ?SettingsSave@@YAXPB_WPAK@Z 1000315b f   ConEmuTh.obj
 0001:0000219a       ?SettingsSaveReg@@YAXPB_W0PAK@Z 1000319a f   ConEmuTh.obj
 0001:000021e6       ?ShowLastError@@YAHXZ      100031e6 f   ConEmuTh.obj
 0001:00002276       ?ShowMessage@@YAHHH@Z      10003276 f   ConEmuTh.obj
 0001:000022b5       ?ShowPluginMenu@@YAHXZ     100032b5 f   ConEmuTh.obj
 0001:000022ea       ?StartPlugin@@YAXH@Z       100032ea f   ConEmuTh.obj
 0001:00002410       ?StringCchCatW@@YGJPA_WIPB_W@Z 10003410 f i ConEmuTh.obj
 0001:00002450       ?StringCchCopyW@@YGJPA_WIPB_W@Z 10003450 f i ConEmuTh.obj
 0001:0000255e       ?UpdateEnvVar@@YAXH@Z      1000355e f   ConEmuTh.obj
 0001:0000257f       ?isPreloadByDefault@@YA_NXZ 1000357f f   ConEmuTh.obj
 0001:000025a9       _DllMain@12                100035a9 f   ConEmuTh.obj
 0001:00002669       _GetMinFarVersionW@0       10003669 f   ConEmuTh.obj
 0001:0000266f       _SetStartupInfoW@4         1000366f f   ConEmuTh.obj
 0001:000026c8       ?CheckFarPanelsW1900@@YA_NXZ 100036c8 f   ConEmuTh1900.obj
 0001:00002709       ?CheckPanelSettingsW1900@@YAHH@Z 10003709 f   ConEmuTh1900.obj
 0001:000027a0       ?Color2BgIndex@Far3Color@@SAXKHAAGPBK@Z 100037a0 f i ConEmuTh1900.obj
 0001:00002872       ?Color2FgIndex@Far3Color@@SAXKAAGPBK@Z 10003872 f i ConEmuTh1900.obj
 0001:0000292a       ?ExecuteInMainThreadW1900@@YAXPAUConEmuThSynchroArg@@@Z 1000392a f   ConEmuTh1900.obj
 0001:00002947       ?ExitFARW1900@@YAXXZ       10003947 f   ConEmuTh1900.obj
 0001:00002976       ?FarColor_3_2@@YAEABUFarColor@@@Z 10003976 f i ConEmuTh1900.obj
 0001:00002a17       ?GetFarRectW1900@@YAXPAU_SMALL_RECT@@@Z 10003a17 f   ConEmuTh1900.obj
 0001:00002a89       ?GetMsgW1900@@YAPB_WH@Z    10003a89 f   ConEmuTh1900.obj
 0001:00002aaf       ?GetPluginInfoW1900@@YAXPAX@Z 10003aaf f   ConEmuTh1900.obj
 0001:00002b15       ?GetStdIndex@Far3Color@@SAHKPBK@Z 10003b15 f i ConEmuTh1900.obj
 0001:00002c48       ?LoadPanelInfoW1900@@YAHH@Z 10003c48 f   ConEmuTh1900.obj
 0001:00003057       ?LoadPanelItemInfoW1900@@YAXPAUCeFullPanelInfo@@H@Z 10004057 f   ConEmuTh1900.obj
 0001:000031d6       ?OpenW1900@@YAPAXPBX@Z     100041d6 f   ConEmuTh1900.obj
 0001:00003238       ?PostMacroW1900@@YAXPA_W@Z 10004238 f   ConEmuTh1900.obj
 0001:000032b2       ?ReloadPanelsInfoW1900@@YAXXZ 100042b2 f   ConEmuTh1900.obj
 0001:000032cc       ?SetCurrentPanelItemW1900@@YAXHHH@Z 100042cc f   ConEmuTh1900.obj
 0001:000033cd       ?SetStartupInfoW1900@@YAXPAX@Z 100043cd f   ConEmuTh1900.obj
 0001:000034c8       ?SettingsLoadOtherW2800@@YAXXZ 100044c8 f   ConEmuTh2800.obj
 0001:000034c8       ?LoadPanelItemInfoA@@YAXPAUCeFullPanelInfo@@H@Z 100044c8 f   ConEmuThA.obj
 0001:000034c8       ?OnThreadStopped@?$CQueueProcessor@PAUIMAGE_CACHE_INFO@@@@MAEXXZ 100044c8 f   ImgCache.obj
 0001:000034c8       @_guard_check_icall_nop@4  100044c8 f   LIBCMT:guard_support.obj
 0001:000034c8       ?SettingsLoadOtherW1900@@YAXXZ 100044c8 f   ConEmuTh1900.obj
 0001:000034c9       ?SettingsLoadW1900@@YAHPB_WPAK@Z 100044c9 f   ConEmuTh1900.obj
 0001:00003575       ?SettingsSaveW1900@@YAXPB_WPAK@Z 10004575 f   ConEmuTh1900.obj
 0001:00003622       ?ShowMessageW1900@@YAHHH@Z 10004622 f   ConEmuTh1900.obj
 0001:00003657       ?ShowMessageW1900@@YAHPB_WH@Z 10004657 f   ConEmuTh1900.obj
 0001:000036c3       ?ShowPluginMenuW1900@@YAHXZ 100046c3 f   ConEmuTh1900.obj
 0001:0000388b       ?CheckFarPanelsW2800@@YA_NXZ 1000488b f   ConEmuTh2800.obj
 0001:000038e6       ?CheckPanelSettingsW2800@@YAHH@Z 100048e6 f   ConEmuTh2800.obj
 0001:0000397d       ?ExecuteInMainThreadW2800@@YAXPAUConEmuThSynchroArg@@@Z 1000497d f   ConEmuTh2800.obj
 0001:0000399a       ?ExitFARW2800@@YAXXZ       1000499a f   ConEmuTh2800.obj
 0001:000039c9       ?FreePanelItemUserData2800@@YAXPAXKP6GHXZ@Z 100049c9 f   ConEmuTh2800.obj
 0001:000039f9       ?GetFarRectW2800@@YAXPAU_SMALL_RECT@@@Z 100049f9 f   ConEmuTh2800.obj
 0001:00003a6e       ?GetMsgW2800@@YAPB_WH@Z    10004a6e f   ConEmuTh2800.obj
 0001:00003a94       ?GetPluginInfoW2800@@YAXPAX@Z 10004a94 f   ConEmuTh2800.obj
 0001:00003afa       ?IsFarLua@FarVersion@@QBE_NXZ 10004afa f i ConEmuTh2800.obj
 0001:00003c1c       ?LoadPanelInfoW2800@@YAHH@Z 10004c1c f   ConEmuTh2800.obj
 0001:0000402b       ?LoadPanelItemInfoW2800@@YAXPAUCeFullPanelInfo@@H@Z 1000502b f   ConEmuTh2800.obj
 0001:00004205       ?OpenW2800@@YAPAXPBX@Z     10005205 f   ConEmuTh2800.obj
 0001:000042a9       ?PostMacroW2800@@YAXPA_W@Z 100052a9 f   ConEmuTh2800.obj
 0001:00004325       ?ProcessSynchroEventW3@@YGHPAX@Z 10005325 f   ConEmuTh2800.obj
 0001:0000433c       ?ReloadPanelsInfoW2800@@YAXXZ 1000533c f   ConEmuTh2800.obj
 0001:00004356       ?SetCurrentPanelItemW2800@@YAXHHH@Z 10005356 f   ConEmuTh2800.obj
 0001:0000444e       ?SetCurrentPanelItemW2800Int@@YAXHHH@Z 1000544e f   ConEmuTh2800.obj
 0001:00004544       ?SetStartupInfoW2800@@YAXPAX@Z 10005544 f   ConEmuTh2800.obj
 0001:0000463f       ?SettingsLoadW2800@@YAHPB_WPAK@Z 1000563f f   ConEmuTh2800.obj
 0001:000046e4       ?SettingsSaveW2800@@YAXPB_WPAK@Z 100056e4 f   ConEmuTh2800.obj
 0001:0000478a       ?ShowMessageW2800@@YAHHH@Z 1000578a f   ConEmuTh2800.obj
 0001:000047bf       ?ShowMessageW2800@@YAHPB_WH@Z 100057bf f   ConEmuTh2800.obj
 0001:0000482b       ?ShowPluginMenuW2800@@YAHXZ 1000582b f   ConEmuTh2800.obj
 0001:000049f3       _GetGlobalInfoW@4          100059f3 f   ConEmuTh2800.obj
 0001:00004a88       ?CheckFarPanelsW995@@YA_NXZ 10005a88 f   ConEmuTh995.obj
 0001:00004ae1       ?CheckPanelSettingsW995@@YAHH@Z 10005ae1 f   ConEmuTh995.obj
 0001:00004b3f       ?ExecuteInMainThreadW995@@YAXPAUConEmuThSynchroArg@@@Z 10005b3f f   ConEmuTh995.obj
 0001:00004b58       ?ExitFARW995@@YAXXZ        10005b58 f   ConEmuTh995.obj
 0001:00004b9e       ?GetFarRectW995@@YAXPAU_SMALL_RECT@@@Z 10005b9e f   ConEmuTh995.obj
 0001:00004bc3       ?GetMsgW995@@YAPB_WH@Z     10005bc3 f   ConEmuTh995.obj
 0001:00004be7       ?GetPluginInfoW995@@YAXPAX@Z 10005be7 f   ConEmuTh995.obj
 0001:00004c7a       ?LoadPanelInfo995@@YAHH@Z  10005c7a f   ConEmuTh995.obj
 0001:00004f79       ?LoadPanelItemInfoW995@@YAXPAUCeFullPanelInfo@@H@Z 10005f79 f   ConEmuTh995.obj
 0001:0000508b       ?PostMacroW995@@YAXPA_W@Z  1000608b f   ConEmuTh995.obj
 0001:000050f5       ?ReloadPanelsInfoW995@@YAXXZ 100060f5 f   ConEmuTh995.obj
 0001:0000510f       ?SetCurrentPanelItemW995@@YAXHHH@Z 1000610f f   ConEmuTh995.obj
 0001:000051e4       ?SetStartupInfoW995@@YAXPAX@Z 100061e4 f   ConEmuTh995.obj
 0001:00005326       ?SettingsLoadOtherW995@@YAXXZ 10006326 f   ConEmuTh995.obj
 0001:00005333       ?SettingsLoadW995@@YAHPB_WPAK@Z 10006333 f   ConEmuTh995.obj
 0001:0000534c       ?SettingsSaveW995@@YAXPB_WPAK@Z 1000634c f   ConEmuTh995.obj
 0001:00005365       ?ShowMessageW995@@YAHHH@Z  10006365 f   ConEmuTh995.obj
 0001:00005398       ?ShowMessageW995@@YAHPB_WH@Z 10006398 f   ConEmuTh995.obj
 0001:000053c6       ?ShowPluginMenuW995@@YAHXZ 100063c6 f   ConEmuTh995.obj
 0001:000054f7       _OpenPluginW@8             100064f7 f   ConEmuTh995.obj
 0001:00005526       ?CheckFarPanelsA@@YA_NXZ   10006526 f   ConEmuThA.obj
 0001:0000559f       ?CheckPanelSettingsA@@YAHH@Z 1000659f f   ConEmuThA.obj
 0001:00005609       ?GetMsgA@@YAPB_WHPA_W@Z    10006609 f   ConEmuThA.obj
 0001:000056b9       ?LoadPanelInfoA@@YAHH@Z    100066b9 f   ConEmuThA.obj
 0001:00005a2c       ?PostMacroA@@YAXPAD@Z      10006a2c f   ConEmuThA.obj
 0001:00005a9a       ?ReloadPanelsInfoA@@YAXXZ  10006a9a f   ConEmuThA.obj
 0001:00005ab4       ?ReloadResourcesA@@YAXXZ   10006ab4 f   ConEmuThA.obj
 0001:00005b5f       ?SetCurrentPanelItemA@@YAXHHH@Z 10006b5f f   ConEmuThA.obj
 0001:00005c48       ?SettingsLoadA@@YAHPB_WPAK@Z 10006c48 f   ConEmuThA.obj
 0001:00005c61       ?SettingsLoadOtherA@@YAXXZ 10006c61 f   ConEmuThA.obj
 0001:00005c6e       ?SettingsSaveA@@YAXPB_WPAK@Z 10006c6e f   ConEmuThA.obj
 0001:00005c87       ?ShowMessageA@@YAHHH@Z     10006c87 f   ConEmuThA.obj
 0001:00005cc3       ?ShowMessageA@@YAHPBDH@Z   10006cc3 f   ConEmuThA.obj
 0001:00005cf7       ?ShowPluginMenuA@@YAHXZ    10006cf7 f   ConEmuThA.obj
 0001:00005e87       _ExitFAR@0                 10006e87 f   ConEmuThA.obj
 0001:00005ed2       _GetMinFarVersion@0        10006ed2 f   ConEmuThA.obj
 0001:00005ef7       _GetPluginInfo@4           10006ef7 f   ConEmuThA.obj
 0001:00005f5b       _OpenPlugin@8              10006f5b f   ConEmuThA.obj
 0001:00005f83       _SetStartupInfo@4          10006f83 f   ConEmuThA.obj
 0001:000060f3       ?BisItem2CeItem@CeFullPanelInfo@@QAEHHH_KKKHH@Z 100070f3 f   Display.obj
 0001:00006178       ?CalcTopPanelItem@CeFullPanelInfo@@QAEHHH@Z 10007178 f   Display.obj
 0001:00006254       ?Close@CeFullPanelInfo@@QAEXXZ 10007254 f   Display.obj
 0001:0000628f       ?CreateView@CeFullPanelInfo@@QAEPAUHWND__@@XZ 1000728f f   Display.obj
 0001:000065a5       ?DisplayReloadPanel@CeFullPanelInfo@@QAEXXZ 100075a5 f   Display.obj
 0001:000065c8       ?DisplayThread@CeFullPanelInfo@@SGKPAX@Z 100075c8 f   Display.obj
 0001:000066c4       ?DisplayWndProc@CeFullPanelInfo@@SGJPAUHWND__@@IIJ@Z 100076c4 f   Display.obj
 0001:00006b90       ?DrawItemText@CeFullPanelInfo@@QAEHPAUHDC__@@PAUtagRECT@@1PAUCePluginPanelItem@@PB_WPAUHBRUSH__@@H@Z 10007b90 f   Display.obj
 0001:000071bd       ?FarItem2CeItem@CeFullPanelInfo@@QAEHHPB_W0KU_FILETIME@@_KHPAXKP6GHXZ2K@Z 100081bd f   Display.obj
 0001:00007462       ?FinalRelease@CeFullPanelInfo@@QAEXXZ 10008462 f   Display.obj
 0001:00007538       ?GetConCoordFromIndex@CeFullPanelInfo@@QAEHHAAU_COORD@@@Z 10008538 f   Display.obj
 0001:000075c5       ?GetIndexFromWndCoord@CeFullPanelInfo@@QAEHHHAAH@Z 100085c5 f   Display.obj
 0001:00007645       ?GetItemColors@CeFullPanelInfo@@QAEPAUHBRUSH__@@HPAUCePluginPanelItem@@PAUCePluginPanelItemColor@@HAAK2@Z 10008645 f   Display.obj
 0001:0000769c       ?Invalidate@CeFullPanelInfo@@QAEXXZ 1000869c f   Display.obj
 0001:000076e0       ?InvalidateAll@CeFullPanelInfo@@SAXXZ 100086e0 f   Display.obj
 0001:0000771d       ?LoadItemColors@CeFullPanelInfo@@QAEXHPAUCePluginPanelItem@@PAUCePluginPanelItemColor@@HH@Z 1000871d f   Display.obj
 0001:00007933       ?OnSettingsChanged@CeFullPanelInfo@@QAEHH@Z 10008933 f   Display.obj
 0001:000079c5       ?Paint@CeFullPanelInfo@@QAEXPAUHWND__@@AAUtagPAINTSTRUCT@@AAUtagRECT@@@Z 100089c5 f   Display.obj
 0001:0000815a       ?PaintItem@CeFullPanelInfo@@QAEHPAUHDC__@@HHHPAUCePluginPanelItem@@PAUCePluginPanelItemColor@@HHPAUHBRUSH__@@3K@Z 1000915a f   Display.obj
 0001:000085d7       ?ReallocItems@CeFullPanelInfo@@QAEHH@Z 100095d7 f   Display.obj
 0001:00008708       ?RegisterPanelView@CeFullPanelInfo@@QAEHXZ 10009708 f   Display.obj
 0001:000089a0       ?RequestSetPos@CeFullPanelInfo@@QAEXHHH@Z 100099a0 f   Display.obj
 0001:00008a58       ?StringCchCopyNW@@YGJPA_WIPB_WI@Z 10009a58 f i Display.obj
 0001:00008ada       ?UnregisterPanelView@CeFullPanelInfo@@QAEH_N@Z 10009ada f   Display.obj
 0001:00008bff       ??$SafeDelete@UMSectionSimple@@@@YAXAAPAUMSectionSimple@@@Z 10009bff f i ImgCache.obj
 0001:00008c30       ??0?$CQueueProcessor@PAUIMAGE_CACHE_INFO@@@@QAE@XZ 10009c30 f i ImgCache.obj
 0001:00008c94       ??0CImgCache@@QAE@PAUHINSTANCE__@@@Z 10009c94 f   ImgCache.obj
 0001:00008d97       ??1?$CQueueProcessor@PAUIMAGE_CACHE_INFO@@@@UAE@XZ 10009d97 f i ImgCache.obj
 0001:00008e22       ??1CImgCache@@QAE@XZ       10009e22 f   ImgCache.obj
 0001:00008ee8       ??_ECImgLoader@@UAEPAXI@Z  10009ee8 f i ImgCache.obj
 0001:00008ee8       ??_E?$CQueueProcessor@PAUIMAGE_CACHE_INFO@@@@UAEPAXI@Z 10009ee8 f i ImgCache.obj
 0001:00008ee8       ??_G?$CQueueProcessor@PAUIMAGE_CACHE_INFO@@@@UAEPAXI@Z 10009ee8 f i ImgCache.obj
 0001:00008ee8       ??_GCImgLoader@@UAEPAXI@Z  10009ee8 f i ImgCache.obj
 0001:00008f0a       ?CheckDrawDibCreated@CImgCache@@IAEHXZ 10009f0a f   ImgCache.obj
 0001:0000902b       ?CheckLoadDibCreated@CImgCache@@IAEHXZ 1000a02b f   ImgCache.obj
 0001:0000914c       ?CheckThread@?$CQueueProcessor@PAUIMAGE_CACHE_INFO@@@@IAEJXZ 1000a14c f i ImgCache.obj
 0001:000091da       ?CheckWaitingCount@?$CQueueProcessor@PAUIMAGE_CACHE_INFO@@@@AAEXXZ 1000a1da f i ImgCache.obj
 0001:0000921c       ?ClearQueue@?$CQueueProcessor@PAUIMAGE_CACHE_INFO@@@@AAEXXZ 1000a21c f i ImgCache.obj
 0001:00009275       ?CopyBits@CImgCache@@IAEXU_COORD@@PAEK01@Z 1000a275 f   ImgCache.obj
 0001:000092d4       ?CopyItem@?$CQueueProcessor@PAUIMAGE_CACHE_INFO@@@@MAEXPBQAUIMAGE_CACHE_INFO@@PAPAU2@@Z 1000a2d4 f i ImgCache.obj
 0001:000092f1       ?FindInCache@CImgCache@@IAEHPAUCePluginPanelItem@@PAHI@Z 1000a2f1 f   ImgCache.obj
 0001:000094db       ?FindOrCreate@?$CQueueProcessor@PAUIMAGE_CACHE_INFO@@@@AAEPAUProcessingItem@1@ABQAUIMAGE_CACHE_INFO@@J_NW4ProcessingPriority@@@Z 1000a4db f i ImgCache.obj
 0001:00009645       ?FreeItem@?$CQueueProcessor@PAUIMAGE_CACHE_INFO@@@@MAEXABQAUIMAGE_CACHE_INFO@@@Z 1000a645 f i ImgCache.obj
 0001:00009648       ?FreeModules@CImgCache@@IAEXXZ 1000a648 f   ImgCache.obj
 0001:0000969b       ?Init@CImgCache@@QAEXK@Z   1000a69b f   ImgCache.obj
 0001:000096e4       ?InitializeQueue@?$CQueueProcessor@PAUIMAGE_CACHE_INFO@@@@AAEXH@Z 1000a6e4 f i ImgCache.obj
 0001:0000975a       ?IsEqual@?$CQueueProcessor@PAUIMAGE_CACHE_INFO@@@@MAE_NABQAUIMAGE_CACHE_INFO@@J0J@Z 1000a75a f i ImgCache.obj
 0001:00009787       ?IsEqual@CImgLoader@@UAE_NAAPBUIMAGE_CACHE_INFO@@JAAPAU2@J@Z 1000a787 f i ImgCache.obj
 0001:000097a8       ?IsStopRequested@?$CQueueProcessor@PAUIMAGE_CACHE_INFO@@@@UAE_NABQAUIMAGE_CACHE_INFO@@@Z 1000a7a8 f i ImgCache.obj
 0001:000097b9       ?IsTerminationRequested@?$CQueueProcessor@PAUIMAGE_CACHE_INFO@@@@MAE_NXZ 1000a7b9 f i ImgCache.obj
 0001:000097b9       ?IsTerminationRequested@CImgLoader@@UAE_NXZ 1000a7b9 f i ImgCache.obj
 0001:000097bd       ?LoadModules@CImgCache@@IAEXXZ 1000a7bd f   ImgCache.obj
 0001:000099ec       ?LoadShellIcon@CImgCache@@QAEHPAUIMAGE_CACHE_INFO@@H@Z 1000a9ec f   ImgCache.obj
 0001:00009cde       ?LoadThumbnail@CImgCache@@QAEHPAUIMAGE_CACHE_INFO@@@Z 1000acde f   ImgCache.obj
 0001:0000a11f       ?OnItemFailed@?$CQueueProcessor@PAUIMAGE_CACHE_INFO@@@@MAEXAAPAUIMAGE_CACHE_INFO@@J@Z 1000b11f f i ImgCache.obj
 0001:0000a11f       ?OnItemReady@?$CQueueProcessor@PAUIMAGE_CACHE_INFO@@@@MAEXAAPAUIMAGE_CACHE_INFO@@J@Z 1000b11f f i ImgCache.obj
 0001:0000a11f       ?ApplyChanges@?$CQueueProcessor@PAUIMAGE_CACHE_INFO@@@@MAEXAAPAUIMAGE_CACHE_INFO@@ABQAU2@@Z 1000b11f f i ImgCache.obj
 0001:0000a122       ?OnThreadStarted@?$CQueueProcessor@PAUIMAGE_CACHE_INFO@@@@MAEJXZ 1000b122 f i ImgCache.obj
 0001:0000a125       ?OnThreadStarted@CImgLoader@@UAEJXZ 1000b125 f i ImgCache.obj
 0001:0000a130       ?OnThreadStopped@CImgLoader@@UAEXXZ 1000b130 f i ImgCache.obj
 0001:0000a136       ?PaintItem@CImgCache@@QAEHPAUHDC__@@HHHPAUCePluginPanelItem@@PAPB_WPAH@Z 1000b136 f   ImgCache.obj
 0001:0000a5df       ?ProcessItem@?$CQueueProcessor@PAUIMAGE_CACHE_INFO@@@@IAEJPAUProcessingItem@1@@Z 1000b5df f i ImgCache.obj
 0001:0000a61e       ?ProcessItem@?$CQueueProcessor@PAUIMAGE_CACHE_INFO@@@@MAEJAAPAUIMAGE_CACHE_INFO@@J@Z 1000b61e f i ImgCache.obj
 0001:0000a626       ?ProcessItem@CImgLoader@@UAEJAAPAUIMAGE_CACHE_INFO@@J@Z 1000b626 f i ImgCache.obj
 0001:0000a66b       ?ProcessingStep@?$CQueueProcessor@PAUIMAGE_CACHE_INFO@@@@IAE_NXZ 1000b66b f i ImgCache.obj
 0001:0000a7f7       ?ProcessingThread@?$CQueueProcessor@PAUIMAGE_CACHE_INFO@@@@KGKPAX@Z 1000b7f7 f i ImgCache.obj
 0001:0000a81d       ?RequestItem@?$CQueueProcessor@PAUIMAGE_CACHE_INFO@@@@QAEJ_NW4ProcessingPriority@@QAUIMAGE_CACHE_INFO@@J@Z 1000b81d f i ImgCache.obj
 0001:0000a8bb       ?RequestItem@CImgCache@@QAEHPAUCePluginPanelItem@@I@Z 1000b8bb f   ImgCache.obj
 0001:0000a96d       ?Reset@CImgCache@@QAEXXZ   1000b96d f   ImgCache.obj
 0001:0000aaba       ?SetCacheLocation@CImgCache@@QAEXPB_W@Z 1000baba f   ImgCache.obj
 0001:0000ab17       ?Terminate@?$CQueueProcessor@PAUIMAGE_CACHE_INFO@@@@QAEXK@Z 1000bb17 f i ImgCache.obj
 0001:0000ab67       _GetFileVersionInfoSizeW@8 1000bb67 f   version:VERSION.dll
 0001:0000ab6d       _GetFileVersionInfoW@16    1000bb6d f   version:VERSION.dll
 0001:0000ab73       _VerQueryValueW@16         1000bb73 f   version:VERSION.dll
 0001:0000ab79       _CreateToolhelp32Snapshot@8 1000bb79 f   kernel32:KERNEL32.dll
 0001:0000ab7f       _Thread32First@8           1000bb7f f   kernel32:KERNEL32.dll
 0001:0000ab85       _Thread32Next@8            1000bb85 f   kernel32:KERNEL32.dll
 0001:0000ab8b       ??2@YAPAXI@Z               1000bb8b f   common-kernel32:Memory.obj
 0001:0000abac       ??_U@YAPAXI@Z              1000bbac f   common-kernel32:Memory.obj
 0001:0000abb5       ??3@YAXPAX@Z               1000bbb5 f   common-kernel32:Memory.obj
 0001:0000abb5       ??_V@YAXPAX@Z              1000bbb5 f   common-kernel32:Memory.obj
 0001:0000abba       ?HeapDeinitialize@@YAXXZ   1000bbba f   common-kernel32:Memory.obj
 0001:0000abd2       ?HeapInitialize@@YA_NXZ    1000bbd2 f   common-kernel32:Memory.obj
 0001:0000abf4       ?xf_calloc@@YAPAXII@Z      1000bbf4 f   common-kernel32:Memory.obj
 0001:0000ac0f       ?xf_free@@YAXPAX@Z         1000bc0f f   common-kernel32:Memory.obj
 0001:0000ac2f       ?xf_malloc@@YAPAXI@Z       1000bc2f f   common-kernel32:Memory.obj
 0001:0000ac45       ?xf_realloc@@YAPAXPAXI@Z   1000bc45 f   common-kernel32:Memory.obj
 0001:0000ac6c       ?msprintf@@YAPB_WPA_WIPB_WZZ 1000bc6c f   common-kernel32:MStrSafe.obj
 0001:0000b098       ?CommonShutdown@@YAXXZ     1000c098 f   common-kernel32:Common.obj
 0001:0000b0a7       ??0MNullDesc@@QAE@XZ       1000c0a7 f i common-kernel32:MSecurity.obj
 0001:0000b0c9       ??1MNullDesc@@QAE@XZ       1000c0c9 f i common-kernel32:MSecurity.obj
 0001:0000b101       ?LoadAdvApi@MNullDesc@@IAEHXZ 1000c101 f i common-kernel32:MSecurity.obj
 0001:0000b24c       ?LocalSecurity@@YAPAU_SECURITY_ATTRIBUTES@@XZ 1000c24c f   common-kernel32:MSecurity.obj
 0001:0000b278       ?LocalSecurity@MNullDesc@@QAEPAU_SECURITY_ATTRIBUTES@@XZ 1000c278 f i common-kernel32:MSecurity.obj
 0001:0000b399       ?ShutdownSecurity@@YAXXZ   1000c399 f   common-kernel32:MSecurity.obj
 0001:0000b3be       ?UnloadAdvApi@MNullDesc@@IAEXXZ 1000c3be f i common-kernel32:MSecurity.obj
 0001:0000b3d6       ?ExecuteCmd@@YAPAUCESERVER_REQ@@PB_WPAU1@KPAUHWND__@@HKH@Z 1000c3d6 f   common-kernel32:ConEmuCheck.obj
 0001:0000b5b8       ?ExecuteFreeResult@@YAXAAPAUCESERVER_REQ@@@Z 1000c5b8 f   common-kernel32:ConEmuCheck.obj
 0001:0000b5d0       ?ExecuteGuiCmd@@YAPAUCESERVER_REQ@@PAUHWND__@@PAU1@0H@Z 1000c5d0 f   common-kernel32:ConEmuCheck.obj
 0001:0000b653       ?ExecuteNewCmd@@YAPAUCESERVER_REQ@@KI@Z 1000c653 f   common-kernel32:ConEmuCheck.obj
 0001:0000b691       ?ExecuteOpenPipe@@YAPAXPB_WAAY0CAI@_W0KKHPAXH@Z 1000c691 f   common-kernel32:ConEmuCheck.obj
 0001:0000b7ca       ?ExecutePrepareCmd@@YAXPAUCESERVER_REQ@@KI@Z 1000c7ca f   common-kernel32:ConEmuCheck.obj
 0001:0000b801       ?ExecutePrepareCmd@@YAXPAUCESERVER_REQ_HDR@@KI@Z 1000c801 f   common-kernel32:ConEmuCheck.obj
 0001:0000b869       ?ModuleName@@YAPB_WPB_W@Z  1000c869 f   common-kernel32:ConEmuCheck.obj
 0001:0000b908       ??0?$MToolHelp@UtagPROCESSENTRY32W@@$1?Process32FirstW@@YGHPAXPAU1@@Z$1?Process32NextW@@YGH01@Z@@QAE@KK@Z 1000c908 f i common-kernel32:MProcess.obj
 0001:0000b970       ??1?$MToolHelp@UtagPROCESSENTRY32W@@$1?Process32FirstW@@YGHPAXPAU1@@Z$1?Process32NextW@@YGH01@Z@@UAE@XZ 1000c970 f i common-kernel32:MProcess.obj
 0001:0000b98c       ??_GMToolHelpProcess@@UAEPAXI@Z 1000c98c f i common-kernel32:MProcess.obj
 0001:0000b98c       ??_G?$MToolHelp@UtagPROCESSENTRY32W@@$1?Process32FirstW@@YGHPAXPAU1@@Z$1?Process32NextW@@YGH01@Z@@UAEPAXI@Z 1000c98c f i common-kernel32:MProcess.obj
 0001:0000b98c       ??_EMToolHelpProcess@@UAEPAXI@Z 1000c98c f i common-kernel32:MProcess.obj
 0001:0000b98c       ??_E?$MToolHelp@UtagPROCESSENTRY32W@@$1?Process32FirstW@@YGHPAXPAU1@@Z$1?Process32NextW@@YGH01@Z@@UAEPAXI@Z 1000c98c f i common-kernel32:MProcess.obj
 0001:0000b9b1       ?Close@?$MToolHelp@UtagPROCESSENTRY32W@@$1?Process32FirstW@@YGHPAXPAU1@@Z$1?Process32NextW@@YGH01@Z@@QAEX_N@Z 1000c9b1 f i common-kernel32:MProcess.obj
 0001:0000b9ff       ?Filter@?$MToolHelp@UtagPROCESSENTRY32W@@$1?Process32FirstW@@YGHPAXPAU1@@Z$1?Process32NextW@@YGH01@Z@@MAE_NPAUtagPROCESSENTRY32W@@@Z 1000c9ff f i common-kernel32:MProcess.obj
 0001:0000b9ff       ?CheckHighPriority@?$CQueueProcessor@PAUIMAGE_CACHE_INFO@@@@MAE_NABQAUIMAGE_CACHE_INFO@@@Z 1000c9ff f i ImgCache.obj
 0001:0000b9ff       ?CheckHighPriority@CImgLoader@@UAE_NAAPBUIMAGE_CACHE_INFO@@@Z 1000c9ff f i ImgCache.obj
 0001:0000ba04       ?Find@?$MToolHelp@UtagPROCESSENTRY32W@@$1?Process32FirstW@@YGHPAXPAU1@@Z$1?Process32NextW@@YGH01@Z@@QAE_NP6A_NPAUtagPROCESSENTRY32W@@J@ZJ0@Z 1000ca04 f i common-kernel32:MProcess.obj
 0001:0000ba9b       ?Next@?$MToolHelp@UtagPROCESSENTRY32W@@$1?Process32FirstW@@YGHPAXPAU1@@Z$1?Process32NextW@@YGH01@Z@@QAE_NPAUtagPROCESSENTRY32W@@@Z 1000ca9b f i common-kernel32:MProcess.obj
 0001:0000bae6       ?Open@?$MToolHelp@UtagPROCESSENTRY32W@@$1?Process32FirstW@@YGHPAXPAU1@@Z$1?Process32NextW@@YGH01@Z@@QAE_NXZ 1000cae6 f i common-kernel32:MProcess.obj
 0001:0000bb17       ?addsize@?$MArray@UtagPROCESSENTRY32W@@@@QAEXH@Z 1000cb17 f i common-kernel32:MProcess.obj
 0001:0000bb8b       ?clear@?$MArray@UtagPROCESSENTRY32W@@@@QAEXXZ 1000cb8b f i common-kernel32:MProcess.obj
 0001:0000bbbc       ?getNext@?$MToolHelp@UtagPROCESSENTRY32W@@$1?Process32FirstW@@YGHPAXPAU1@@Z$1?Process32NextW@@YGH01@Z@@IAE_NXZ 1000cbbc f i common-kernel32:MProcess.obj
 0001:0000bc3d       ?isTerminalMode@@YA_NXZ    1000cc3d f   common-kernel32:MProcess.obj
 0001:0000bd45       ?push_back@?$MArray@UtagPROCESSENTRY32W@@@@QAEHABUtagPROCESSENTRY32W@@@Z 1000cd45 f i common-kernel32:MProcess.obj
 0001:0000bd98       ?Init@HkFunc@@QAE_NPB_WPAUHINSTANCE__@@@Z 1000cd98 f   common-kernel32:HkFunc.obj
 0001:0000be01       ??0MSection@@QAE@XZ        1000ce01 f   common-kernel32:MSection.obj
 0001:0000be60       ??0MSectionLock@@QAE@XZ    1000ce60 f   common-kernel32:MSection.obj
 0001:0000be6d       ??1MSection@@QAE@XZ        1000ce6d f   common-kernel32:MSection.obj
 0001:0000bec7       ??1MSectionLock@@QAE@XZ    1000cec7 f   common-kernel32:MSection.obj
 0001:0000bee0       ?AddRef@MSection@@IAEXK@Z  1000cee0 f   common-kernel32:MSection.obj
 0001:0000bf4b       ?Lock@MSection@@IAEHHK@Z   1000cf4b f   common-kernel32:MSection.obj
 0001:0000c015       ?Lock@MSectionLock@@QAEHPAVMSection@@HK@Z 1000d015 f   common-kernel32:MSection.obj
 0001:0000c060       ?MyEnterCriticalSection@MSection@@IAE_NK@Z 1000d060 f   common-kernel32:MSection.obj
 0001:0000c14a       ?ReleaseRef@MSection@@IAEHK@Z 1000d14a f   common-kernel32:MSection.obj
 0001:0000c1b8       ?Unlock@MSection@@IAEXH@Z  1000d1b8 f   common-kernel32:MSection.obj
 0001:0000c1f6       ?Unlock@MSectionLock@@QAEXXZ 1000d1f6 f   common-kernel32:MSection.obj
 0001:0000c213       ?WaitUnlocked@MSection@@IAEXKK@Z 1000d213 f   common-kernel32:MSection.obj
 0001:0000c270       ?SetThreadName@@YAXKPAD@Z  1000d270 f   common-kernel32:WThreads.obj
 0001:0000c2bf       ?apiCreateThread@@YAPAXP6GKPAX@Z0PAKPBDH@Z 1000d2bf f   common-kernel32:WThreads.obj
 0001:0000c3b1       ?apiTerminateThreadEx@@YAHPAXKPBDH@Z 1000d3b1 f   common-kernel32:WThreads.obj
 0001:0000c488       ?apiThreadHelper@@YGKPAX@Z 1000d488 f   common-kernel32:WThreads.obj
 0001:0000c616       ?ExpandEnvStr@@YAPA_WPB_W@Z 1000d616 f   common-kernel32:WObjects.obj
 0001:0000c68e       ?FileExists@@YA_NPB_WPAK@Z 1000d68e f   common-kernel32:WObjects.obj
 0001:0000c7b8       ?GetEnvVar@@YAPA_WPB_W@Z   1000d7b8 f   common-kernel32:WObjects.obj
 0001:0000c82b       ?IsWindows64@@YA_NXZ       1000d82b f   common-kernel32:WObjects.obj
 0001:0000c89d       ?PointToExt@@YAPB_WPB_W@Z  1000d89d f   common-kernel32:CmdLine.obj
 0001:0000c8bb       ?PointToName@@YAPB_WPB_W@Z 1000d8bb f   common-kernel32:CmdLine.obj
 0001:0000c8fd       ?Unquote@@YAPB_WPA_W_N@Z   1000d8fd f   common-kernel32:CmdLine.obj
 0001:0000c948       ?lstrdup@@YAPA_WPB_WI@Z    1000d948 f   common-kernel32:MStrDup.obj
 0001:0000c994       ?lstrmerge@@YAPA_WPB_W00000000@Z 1000d994 f   common-kernel32:MStrDup.obj
 0001:0000ca90       ??0MSectionLockSimple@@QAE@XZ 1000da90 f   common-kernel32:MSectionSimple.obj
 0001:0000ca9a       ??0MSectionSimple@@QAE@_N@Z 1000da9a f   common-kernel32:MSectionSimple.obj
 0001:0000cac7       ??1MSectionLockSimple@@QAE@XZ 1000dac7 f   common-kernel32:MSectionSimple.obj
 0001:0000cad2       ??1MSectionSimple@@QAE@XZ  1000dad2 f   common-kernel32:MSectionSimple.obj
 0001:0000cad7       ?Close@MSectionSimple@@QAEXXZ 1000dad7 f   common-kernel32:MSectionSimple.obj
 0001:0000caed       ?Enter@MSectionSimple@@QAEXXZ 1000daed f   common-kernel32:MSectionSimple.obj
 0001:0000caf5       ?Init@MSectionSimple@@QAEXXZ 1000daf5 f   common-kernel32:MSectionSimple.obj
 0001:0000cb0b       ?Leave@MSectionSimple@@QAEXXZ 1000db0b f   common-kernel32:MSectionSimple.obj
 0001:0000cb13       ?Lock@MSectionLockSimple@@QAEHPAUMSectionSimple@@K@Z 1000db13 f   common-kernel32:MSectionSimple.obj
 0001:0000cb7b       ?RecreateAndLock@MSectionSimple@@QAE_NXZ 1000db7b f   common-kernel32:MSectionSimple.obj
 0001:0000cbc4       ?TryEnter@MSectionSimple@@QAE_NXZ 1000dbc4 f   common-kernel32:MSectionSimple.obj
 0001:0000cbe3       ?Unlock@MSectionLockSimple@@QAEXXZ 1000dbe3 f   common-kernel32:MSectionSimple.obj
 0001:0000cbff       ??0CEStr@@QAE@PB_W00000000@Z 1000dbff f   common-kernel32:CEStr.obj
 0001:0000cc49       ??1CEStr@@QAE@XZ           1000dc49 f   common-kernel32:CEStr.obj
 0001:0000cc81       ??BCEStr@@QBEPB_WXZ        1000dc81 f   common-kernel32:CEStr.obj
 0001:0000cc84       ?AttachInt@CEStr@@AAEPB_WAAPA_W@Z 1000dc84 f   common-kernel32:CEStr.obj
 0001:0000ccdf       ?Empty@CEStr@@QAEXXZ       1000dcdf f   common-kernel32:CEStr.obj
 0001:0000cd00       ?GetBuffer@CEStr@@QAEPA_WH@Z 1000dd00 f   common-kernel32:CEStr.obj
 0001:0000cd79       ?GetLen@CEStr@@QBEHXZ      1000dd79 f   common-kernel32:CEStr.obj
 0001:0000cda7       ?GetMaxCount@CEStr@@QAEHXZ 1000dda7 f   common-kernel32:CEStr.obj
 0001:0000cdc3       ?IsEmpty@CEStr@@QBE_NXZ    1000ddc3 f   common-kernel32:CEStr.obj
 0001:0000cdd3       ?SavePathVar@CEStr@@QAEXPB_W@Z 1000ddd3 f   common-kernel32:CEStr.obj
 0001:0000ce01       ?Set@CEStr@@QAEPB_WPB_WH@Z 1000de01 f   common-kernel32:CEStr.obj
 0001:0000cec0       ??0CRgnDetect@@QAE@XZ      1000dec0 f   common-user32:RgnDetect.obj
 0001:0000cf81       ??1CRgnDetect@@QAE@XZ      1000df81 f   common-user32:RgnDetect.obj
 0001:0000cffe       ?DetectDialog@CRgnDetect@@IAE_NPA_WPAUtag_CharAttr@@HHHHPAH2@Z 1000dffe f   common-user32:RgnDetect.obj
 0001:0000d263       ?ExpandDialogFrame@CRgnDetect@@IAE_NPA_WPAUtag_CharAttr@@HHAAH2HH22@Z 1000e263 f   common-user32:RgnDetect.obj
 0001:0000d506       ?FindByBackground@CRgnDetect@@IAE_NPA_WPAUtag_CharAttr@@HHAAH222AA_N@Z 1000e506 f   common-user32:RgnDetect.obj
 0001:0000d5ee       ?FindDialog_Any@CRgnDetect@@IAE_NPA_WPAUtag_CharAttr@@HHAAH222AA_N@Z 1000e5ee f   common-user32:RgnDetect.obj
 0001:0000d807       ?FindDialog_Inner@CRgnDetect@@IAE_NPA_WPAUtag_CharAttr@@HHAAH2@Z 1000e807 f   common-user32:RgnDetect.obj
 0001:0000d919       ?FindDialog_Left@CRgnDetect@@IAE_NPA_WPAUtag_CharAttr@@HHAAH222AA_N@Z 1000e919 f   common-user32:RgnDetect.obj
 0001:0000da64       ?FindDialog_Right@CRgnDetect@@IAE_NPA_WPAUtag_CharAttr@@HHAAH222AA_N@Z 1000ea64 f   common-user32:RgnDetect.obj
 0001:0000db28       ?FindDialog_TopLeft@CRgnDetect@@IAE_NPA_WPAUtag_CharAttr@@HHAAH222AA_N@Z 1000eb28 f   common-user32:RgnDetect.obj
 0001:0000dbb1       ?FindDialog_TopRight@CRgnDetect@@IAE_NPA_WPAUtag_CharAttr@@HHAAH222AA_N@Z 1000ebb1 f   common-user32:RgnDetect.obj
 0001:0000dc46       ?FindFrameBottom_ByLeft@CRgnDetect@@IAE_NPA_WPAUtag_CharAttr@@HHAAH22@Z 1000ec46 f   common-user32:RgnDetect.obj
 0001:0000dce6       ?FindFrameBottom_ByRight@CRgnDetect@@IAE_NPA_WPAUtag_CharAttr@@HHAAH22@Z 1000ece6 f   common-user32:RgnDetect.obj
 0001:0000ddc6       ?FindFrameLeft_ByBottom@CRgnDetect@@IAE_NPA_WPAUtag_CharAttr@@HHAAH22@Z 1000edc6 f   common-user32:RgnDetect.obj
 0001:0000de74       ?FindFrameLeft_ByTop@CRgnDetect@@IAE_NPA_WPAUtag_CharAttr@@HHAAH22@Z 1000ee74 f   common-user32:RgnDetect.obj
 0001:0000dfb7       ?FindFrameRight_ByBottom@CRgnDetect@@IAE_NPA_WPAUtag_CharAttr@@HHAAH22@Z 1000efb7 f   common-user32:RgnDetect.obj
 0001:0000e066       ?FindFrameRight_ByTop@CRgnDetect@@IAE_NPA_WPAUtag_CharAttr@@HHAAH22@Z 1000f066 f   common-user32:RgnDetect.obj
 0001:0000e168       ?FindFrameTop_ByLeft@CRgnDetect@@IAE_NPA_WPAUtag_CharAttr@@HHAAH22@Z 1000f168 f   common-user32:RgnDetect.obj
 0001:0000e1e9       ?FindFrameTop_ByRight@CRgnDetect@@IAE_NPA_WPAUtag_CharAttr@@HHAAH22@Z 1000f1e9 f   common-user32:RgnDetect.obj
 0001:0000e297       ?FindFrame_TopLeft@CRgnDetect@@IAE_NPA_WPAUtag_CharAttr@@HHAAH222@Z 1000f297 f   common-user32:RgnDetect.obj
 0001:0000e35a       ?GetCharAttr@CRgnDetect@@QAEHHHAA_WAAUtag_CharAttr@@@Z 1000f35a f   common-user32:RgnDetect.obj
 0001:0000e3cc       ?GetDetectedDialogsPtr@CRgnDetect@@QBEPBUtag_DetectedDialog@@XZ 1000f3cc f   common-user32:RgnDetect.obj
 0001:0000e3d0       ?GetFlags@CRgnDetect@@QBEKXZ 1000f3d0 f   common-user32:RgnDetect.obj
 0001:0000e3d7       ?InitializeSBI@CRgnDetect@@QAEHPBK@Z 1000f3d7 f   common-user32:RgnDetect.obj
 0001:0000e741       ?MarkDialog@CRgnDetect@@IAEHPA_WPAUtag_CharAttr@@HHHHHHI_NK@Z 1000f741 f   common-user32:RgnDetect.obj
 0001:0000eea5       ?OnWindowSizeChanged@CRgnDetect@@QAEXXZ 1000fea5 f   common-user32:RgnDetect.obj
 0001:0000eead       ?OnWriteConsoleOutput@CRgnDetect@@QAEXPBU_CHAR_INFO@@U_COORD@@1PAU_SMALL_RECT@@PBK@Z 1000fead f   common-user32:RgnDetect.obj
 0001:0000f126       ?PrepareTransparent@CRgnDetect@@QAEXPBUCEFAR_INFO_MAPPING@@PBK@Z 10010126 f   common-user32:RgnDetect.obj
 0001:0000f1c4       ?PrepareTransparent@CRgnDetect@@QAEXPBUCEFAR_INFO_MAPPING@@PBKPBU_CONSOLE_SCREEN_BUFFER_INFO@@PA_WPAUtag_CharAttr@@HH@Z 100101c4 f   common-user32:RgnDetect.obj
 0001:0000f8c0       ?SetFarRect@CRgnDetect@@QAEXPAU_SMALL_RECT@@@Z 100108c0 f   common-user32:RgnDetect.obj
 0001:0000f956       ?TextHeight@CRgnDetect@@QAEHXZ 10010956 f   common-user32:RgnDetect.obj
 0001:0000f97e       ?TextWidth@CRgnDetect@@QAEHXZ 1001097e f   common-user32:RgnDetect.obj
 0001:0000f9a6       _wmemcmp                   100109a6 f i common-user32:RgnDetect.obj
 0001:0000f9dc       ?SearchAppPaths@@YA_NPB_WAAUCEStr@@_NPAU1@@Z 100109dc f   common-user32:WFiles.obj
 0001:0000fd3a       ?apiShowWindow@@YA_NPAUHWND__@@H@Z 10010d3a f   common-user32:WUser.obj
 0001:0000fd50       ??3@YAXPAXI@Z              10010d50 f   LIBCMT:delete_scalar_size.obj
 0001:0000fd5e       @__security_check_cookie@4 10010d5e f   LIBCMT:_secchk_.obj
 0001:0000fd6f       __EH_epilog3               10010d6f f   LIBCMT:ehprolg3.obj
 0001:0000fd84       __EH_epilog3_GS            10010d84 f   LIBCMT:ehprolg3.obj
 0001:0000fd95       __EH_prolog3               10010d95 f   LIBCMT:ehprolg3.obj
 0001:0000fdc9       __EH_prolog3_GS            10010dc9 f   LIBCMT:ehprolg3.obj
 0001:0000fe00       __EH_prolog3_catch         10010e00 f   LIBCMT:ehprolg3.obj
 0001:0000fe40       __SEH_prolog4              10010e40 f   LIBCMT:_sehprolg4_.obj
 0001:0000fe86       __SEH_epilog4              10010e86 f   LIBCMT:_sehprolg4_.obj
 0001:0000fea0       __alldiv                   10010ea0 f   LIBCMT:lldiv.obj
 0001:0000ff4a       ??_Etype_info@@UAEPAXI@Z   10010f4a f i LIBCMT:std_type_info_static.obj
 0001:0000ff4a       ??_Gtype_info@@UAEPAXI@Z   10010f4a f i LIBCMT:std_type_info_static.obj
 0001:00010267       __DllMainCRTStartup@12     10011267 f   LIBCMT:dll_dllmain.obj
 0001:0001028a       ___raise_securityfailure   1001128a f   LIBCMT:gs_report.obj
 0001:000102b2       ___report_gsfailure        100112b2 f   LIBCMT:gs_report.obj
 0001:000103fc       ___security_init_cookie    100113fc f   LIBCMT:gs_support.obj
 0001:0001044f       ?__scrt_initialize_type_info@@YAXXZ 1001144f f   LIBCMT:tncleanup.obj
 0001:0001045b       ?__scrt_uninitialize_type_info@@YAXXZ 1001145b f   LIBCMT:tncleanup.obj
 0001:00010467       ___local_stdio_printf_options 10011467 f i LIBCMT:default_local_stdio_options.obj
 0001:0001046d       ___local_stdio_scanf_options 1001146d f i LIBCMT:default_local_stdio_options.obj
 0001:00010473       ___scrt_initialize_default_local_stdio_options 10011473 f   LIBCMT:default_local_stdio_options.obj
 0001:000104d4       ___scrt_acquire_startup_lock 100114d4 f   LIBCMT:utility.obj
 0001:00010509       ___scrt_dllmain_after_initialize_c 10011509 f   LIBCMT:utility.obj
 0001:00010534       ___scrt_dllmain_before_initialize_c 10011534 f   LIBCMT:utility.obj
 0001:00010542       ___scrt_dllmain_crt_thread_attach 10011542 f   LIBCMT:utility.obj
 0001:00010561       ___scrt_dllmain_crt_thread_detach 10011561 f   LIBCMT:utility.obj
 0001:0001056e       ___scrt_dllmain_exception_filter 1001156e f   LIBCMT:utility.obj
 0001:000105a1       ___scrt_dllmain_uninitialize_c 100115a1 f   LIBCMT:utility.obj
 0001:000105c4       ___scrt_dllmain_uninitialize_critical 100115c4 f   LIBCMT:utility.obj
 0001:000105d1       ___scrt_initialize_crt     100115d1 f   LIBCMT:utility.obj
 0001:0001060a       ___scrt_initialize_onexit_tables 1001160a f   LIBCMT:utility.obj
 0001:000106b4       ___scrt_is_nonwritable_in_current_image 100116b4 f   LIBCMT:utility.obj
 0001:0001073e       ___scrt_release_startup_lock 1001173e f   LIBCMT:utility.obj
 0001:0001075b       ___scrt_uninitialize_crt   1001175b f   LIBCMT:utility.obj
 0001:00010783       ___scrt_get_dyn_tls_init_callback 10011783 f   LIBCMT:dyn_tls_init.obj
 0001:00010789       ___scrt_fastfail           10011789 f   LIBCMT:utility_desktop.obj
 0001:000108a5       __crt_debugger_hook        100118a5 f   LIBCMT:utility_desktop.obj
 0001:000108ad       __RTC_Initialize           100118ad f   LIBCMT:_initsect_.obj
 0001:000108d8       __RTC_Terminate            100118d8 f   LIBCMT:_initsect_.obj
 0001:00010903       @_guard_check_icall@4      10011903 f i LIBCMT:checkcfg.obj
 0001:00010909       ___isa_available_init      10011909 f   LIBCMT:_cpu_disp_.obj
 0001:00010aa8       __get_startup_argv_mode    10011aa8 f   LIBCMT:argv_mode.obj
 0001:00010aac       ___scrt_is_ucrt_dll_in_use 10011aac f   LIBCMT:ucrt_detection.obj
 0001:00010ac0       _memmove                   10011ac0 f   libvcruntime:memmove.obj
 0001:00011034       _wcsrchr                   10012034 f   libvcruntime:wcsrchr.obj
 0001:000110d5       ?_CallCatchBlock2@@YAPAXPAUEHRegistrationNode@@PBU_s_FuncInfo@@PAXHK@Z 100120d5 f   libvcruntime:trnsctrl.obj
 0001:00011135       ?_CallSETranslator@@YAHPAUEHExceptionRecord@@PAUEHRegistrationNode@@PAX2PBU_s_FuncInfo@@H1@Z 10012135 f   libvcruntime:trnsctrl.obj
 0001:00011212       ?_GetRangeOfTrysToCheck@@YAPBU_s_TryBlockMapEntry@@PBU_s_FuncInfo@@HHPAI1@Z 10012212 f   libvcruntime:trnsctrl.obj
 0001:0001128a       ?_JumpToContinuation@@YGXPAXPAUEHRegistrationNode@@@Z 1001228a f   libvcruntime:trnsctrl.obj
 0001:000112bc       ?_UnwindNestedFrames@@YGXPAUEHRegistrationNode@@PAUEHExceptionRecord@@@Z 100122bc f   libvcruntime:trnsctrl.obj
 0001:00011311       __CatchGuardHandler        10012311 f   libvcruntime:trnsctrl.obj
 0001:00011342       __CreateFrameInfo          10012342 f   libvcruntime:trnsctrl.obj
 0001:00011366       __FindAndUnlinkFrame       10012366 f   libvcruntime:trnsctrl.obj
 0001:000113b0       __TranslatorGuardHandler   100123b0 f   libvcruntime:trnsctrl.obj
 0001:0001144f       ___CxxFrameHandler3        1001244f f   libvcruntime:trnsctrl.obj
 0001:00011485       _memcmp                    10012485 f   libvcruntime:_memcmp_.obj
 0001:00012a10       _memset                    10013a10 f   libvcruntime:memset.obj
 0001:00012b6a       _wcschr                    10013b6a f   libvcruntime:wcschr.obj
 0001:00012c60       __except_handler4          10013c60 f   libvcruntime:_chandler4_.obj
 0001:00012dd0       _strchr                    10013dd0 f   libvcruntime:strchr.obj
 0001:00012e3e       ___from_strstr_to_strchr   10013e3e     libvcruntime:strchr.obj
 0001:00012f00       _strrchr                   10013f00 f   libvcruntime:strrchr.obj
 0001:00013040       _memchr                    10014040 f   libvcruntime:memchr.obj
 0001:000130ed       ___std_type_info_compare   100140ed f   libvcruntime:std_type_info.obj
 0001:00013129       ___std_type_info_destroy_list 10014129 f   libvcruntime:std_type_info.obj
 0001:0001314c       ___vcrt_initialize         1001414c f   libvcruntime:initialization.obj
 0001:00013175       ___vcrt_thread_attach      10014175 f   libvcruntime:initialization.obj
 0001:00013180       ___vcrt_thread_detach      10014180 f   libvcruntime:initialization.obj
 0001:0001318b       ___vcrt_uninitialize       1001418b f   libvcruntime:initialization.obj
 0001:000131aa       ___vcrt_uninitialize_critical 100141aa f   libvcruntime:initialization.obj
 0001:000131b2       ___vcrt_freefls@4          100141b2 f   libvcruntime:per_thread_data.obj
 0001:000131ce       ___vcrt_freeptd            100141ce f   libvcruntime:per_thread_data.obj
 0001:00013204       ___vcrt_getptd             10014204 f   libvcruntime:per_thread_data.obj
 0001:00013212       ___vcrt_getptd_noexit      10014212 f   libvcruntime:per_thread_data.obj
 0001:000132a4       ___vcrt_initialize_ptd     100142a4 f   libvcruntime:per_thread_data.obj
 0001:000132d7       ___vcrt_uninitialize_ptd   100142d7 f   libvcruntime:per_thread_data.obj
 0001:00013300       __CallSettingFrame@12      10014300 f   libvcruntime:lowhelpr.obj
 0001:00013327       __NLG_Return               10014327     libvcruntime:lowhelpr.obj
 0001:0001334c       ??0bad_exception@std@@QAE@ABV01@@Z 1001434c f i libvcruntime:frame.obj
 0001:00013367       ??0bad_exception@std@@QAE@XZ 10014367 f i libvcruntime:frame.obj
 0001:0001337f       ??0exception@std@@QAE@ABV01@@Z 1001437f f i libvcruntime:frame.obj
 0001:000133ab       ??1bad_exception@std@@UAE@XZ 100143ab f i libvcruntime:frame.obj
 0001:000133bc       ??8type_info@@QBE_NABV0@@Z 100143bc f i libvcruntime:frame.obj
 0001:000133db       ??_Gbad_exception@std@@UAEPAXI@Z 100143db f i libvcruntime:frame.obj
 0001:000133db       ??_Eexception@std@@UAEPAXI@Z 100143db f i libvcruntime:frame.obj
 0001:000133db       ??_Gexception@std@@UAEPAXI@Z 100143db f i libvcruntime:frame.obj
 0001:000133db       ??_Ebad_exception@std@@UAEPAXI@Z 100143db f i libvcruntime:frame.obj
 0001:00013c00       ?_CallMemberFunction1@@YGXQAX00@Z 10014c00 f i libvcruntime:frame.obj
 0001:00013c10       ?_CallMemberFunction2@@YGXQAX00H@Z 10014c10 f i libvcruntime:frame.obj
 0001:00013c23       ?what@exception@std@@UBEPBDXZ 10014c23 f i libvcruntime:frame.obj
 0001:00013c30       ___BuildCatchObject        10014c30 f   libvcruntime:frame.obj
 0001:00013cbf       ___BuildCatchObjectHelper  10014cbf f   libvcruntime:frame.obj
 0001:00013ded       ___FrameUnwindToState      10014ded f   libvcruntime:frame.obj
 0001:00013eb5       ___InternalCxxFrameHandler 10014eb5 f   libvcruntime:frame.obj
 0001:00013fb1       ___TypeMatch               10014fb1 f   libvcruntime:frame.obj
 0001:0001403f       ___except_validate_context_record 1001503f f   libvcruntime:jbcxrval.obj
 0001:0001406f       ___except_validate_jump_buffer 1001506f f   libvcruntime:jbcxrval.obj
 0001:000140a0       __local_unwind4            100150a0 f   libvcruntime:_exsup4_.obj
 0001:00014178       __seh_longjmp_unwind4@4    10015178 f   libvcruntime:_exsup4_.obj
 0001:000141a0       @_EH4_CallFilterFunc@8     100151a0 f   libvcruntime:_exsup4_.obj
 0001:000141b8       @_EH4_TransferToHandler@8  100151b8 f   libvcruntime:_exsup4_.obj
 0001:000141d4       @_EH4_GlobalUnwind2@8      100151d4 f   libvcruntime:_exsup4_.obj
 0001:000141f0       @_EH4_LocalUnwind@16       100151f0 f   libvcruntime:_exsup4_.obj
 0001:00014207       ___vcrt_initialize_locks   10015207 f   libvcruntime:locks.obj
 0001:00014243       ___vcrt_uninitialize_locks 10015243 f   libvcruntime:locks.obj
 0001:00014272       ??$__crt_fast_encode_pointer@PAX@@YAPAXQAX@Z 10015272 f i libvcruntime:winapi_downlevel.obj
 0001:000143d5       ___vcrt_FlsAlloc           100153d5 f   libvcruntime:winapi_downlevel.obj
 0001:0001440f       ___vcrt_FlsFree            1001540f f   libvcruntime:winapi_downlevel.obj
 0001:00014449       ___vcrt_FlsGetValue        10015449 f   libvcruntime:winapi_downlevel.obj
 0001:00014483       ___vcrt_FlsSetValue        10015483 f   libvcruntime:winapi_downlevel.obj
 0001:000144c0       ___vcrt_InitializeCriticalSectionEx 100154c0 f   libvcruntime:winapi_downlevel.obj
 0001:00014506       ___vcrt_initialize_winapi_thunks 10015506 f   libvcruntime:winapi_downlevel.obj
 0001:00014540       ___vcrt_uninitialize_winapi_thunks 10015540 f   libvcruntime:winapi_downlevel.obj
 0001:00014572       ___vcrt_initialize_pure_virtual_call_handler 10015572 f   libvcruntime:purevirt_data.obj
 0001:00014590       __global_unwind2           10015590 f   libvcruntime:_exsup_.obj
 0001:000145f6       __local_unwind2            100155f6 f   libvcruntime:_exsup_.obj
 0001:0001467a       __abnormal_termination     1001567a f   libvcruntime:_exsup_.obj
 0001:000146a0       __NLG_Notify1              100156a0 f   libvcruntime:_exsup_.obj
 0001:000146ac       __NLG_Notify               100156ac f   libvcruntime:_exsup_.obj
 0001:000146c3       __NLG_Dispatch             100156c3     libvcruntime:_exsup_.obj
 0001:000146c3       __NLG_Dispatch2            100156c3     libvcruntime:_exsup_.obj
 0001:000146cb       __NLG_Call                 100156cb f   libvcruntime:_exsup_.obj
 0001:000146cd       __NLG_Return2              100156cd     libvcruntime:_exsup_.obj
 0001:000146ce       _unexpected                100156ce f   libvcruntime:unexpected.obj
 0001:000146ea       ___DestructExceptionObject 100156ea f   libvcruntime:ehhelpers.obj
 0001:0001477e       ?_CallMemberFunction0@@YGXQAX0@Z 1001577e f i libvcruntime:ehhelpers.obj
 0001:0001478b       __IsExceptionObjectToBeDestroyed 1001578b f   libvcruntime:ehhelpers.obj
 0001:000147b1       ___AdjustPointer           100157b1 f   libvcruntime:ehhelpers.obj
 0001:000147d6       ___FrameUnwindFilter       100157d6 f   libvcruntime:ehhelpers.obj
 0001:0001481b       ___std_exception_copy      1001581b f   libvcruntime:std_exception.obj
 0001:0001487e       ___std_exception_destroy   1001587e f   libvcruntime:std_exception.obj
 0001:0001489d       __CxxThrowException@8      1001589d f   libvcruntime:throw.obj
 0001:0001490b       _wcsncmp                   1001590b f   libucrt:wcsncmp.obj
 0001:00014945       ??0_LocaleUpdate@@QAE@QAU__crt_locale_pointers@@@Z 10015945 f i libucrt:strtox.obj
 0001:000149c8       _wcspbrk                   100159c8 f   libucrt:wcspbrk.obj
 0001:00014a0d       __initterm                 10015a0d f   libucrt:initterm.obj
 0001:00014a69       __initterm_e               10015a69 f   libucrt:initterm.obj
 0001:00014aae       __seh_filter_dll           10015aae f   libucrt:exception_filter.obj
 0001:00014ace       __seh_filter_exe           10015ace f   libucrt:exception_filter.obj
 0001:00014e5c       ___acrt_initialize_thread_local_exit_callback 10015e5c f   libucrt:exit.obj
 0001:00014e6b       __cexit                    10015e6b f   libucrt:exit.obj
 0001:00014e7a       __exit                     10015e7a f   libucrt:exit.obj
 0001:00014e90       __is_c_termination_complete 10015e90 f   libucrt:exit.obj
 0001:0001512f       ___acrt_allocate_buffer_for_argv 1001612f f   libucrt:argv_parsing.obj
 0001:00015184       __configure_narrow_argv    10016184 f   libucrt:argv_parsing.obj
 0001:000152e8       ??$uninitialize@A6AXAAPAPA_W@Z@?$dual_state_global@PAPA_W@__crt_state_management@@QAEXA6AXAAPAPA_W@Z@Z 100162e8 f i libucrt:environment_initialization.obj
 0001:000152e8       ??$uninitialize@A6AXAAPAPAD@Z@?$dual_state_global@PAPAD@__crt_state_management@@QAEXA6AXAAPAPAD@Z@Z 100162e8 f i libucrt:environment_initialization.obj
 0001:0001535e       ___dcrt_uninitialize_environments_nolock 1001635e f   libucrt:environment_initialization.obj
 0001:00015395       __initialize_narrow_environment 10016395 f   libucrt:environment_initialization.obj
 0001:0001539a       ??$?RV<lambda_995298e7d72eb4c2aab26c0585b3abe5>@@AAV<lambda_275893d493268fdec8709772e3fcec0e>@@V<lambda_293819299cbf9a7022e18b56a874bb5c>@@@?$__crt_seh_guarded_call@H@@QAEH$$QAV<lambda_995298e7d72eb4c2aab26c0585b3abe5>@@AAV<lambda_275893d493268fdec8709772e3fcec0e>@@$$QAV<lambda_293819299cbf9a7022e18b56a874bb5c>@@@Z 1001639a f i libucrt:onexit.obj
 0001:000153eb       ??$__acrt_lock_and_call@V<lambda_275893d493268fdec8709772e3fcec0e>@@@@YAHW4__acrt_lock_id@@$$QAV<lambda_275893d493268fdec8709772e3fcec0e>@@@Z 100163eb f i libucrt:onexit.obj
 0001:00015533       __execute_onexit_table     10016533 f   libucrt:onexit.obj
 0001:00015550       __initialize_onexit_table  10016550 f   libucrt:onexit.obj
 0001:0001567e       ?initialize@?$dual_state_global@P6AXPB_W00II@Z@__crt_state_management@@QAEXQ6AXPB_W00II@Z@Z 1001667e f i libucrt:invalid_parameter.obj
 0001:0001567e       ?initialize@?$dual_state_global@P6AXH@Z@__crt_state_management@@QAEXQ6AXH@Z@Z 1001667e f i libucrt:signal.obj
 0001:0001567e       ?initialize@?$dual_state_global@PAU__crt_locale_data@@@__crt_state_management@@QAEXQAU__crt_locale_data@@@Z 1001667e f i libucrt:initialization.obj
 0001:0001567e       ?initialize@?$dual_state_global@P6AHPAU_exception@@@Z@__crt_state_management@@QAEXQ6AHPAU_exception@@@Z@Z 1001667e f i libucrt:matherr.obj
 0001:0001567e       ?initialize@?$dual_state_global@P6AHI@Z@__crt_state_management@@QAEXQ6AHI@Z@Z 1001667e f i libucrt:new_handler.obj
 0001:0001567e       ?initialize@?$dual_state_global@PAPAD@__crt_state_management@@QAEXQAPAD@Z 1001667e f i libucrt:environment_initialization.obj
 0001:000156af       ___acrt_initialize         100166af f   libucrt:initialization.obj
 0001:000156c1       ___acrt_thread_attach      100166c1 f   libucrt:initialization.obj
 0001:000156cc       ___acrt_thread_detach      100166cc f   libucrt:initialization.obj
 0001:000156d4       ___acrt_uninitialize       100166d4 f   libucrt:initialization.obj
 0001:000156e6       ___acrt_uninitialize_critical 100166e6 f   libucrt:initialization.obj
 0001:000156f8       _terminate                 100166f8 f   libucrt:terminate.obj
 0001:00015734       __free_base                10016734 f   libucrt:free_base.obj
 0001:0001576e       __malloc_base              1001676e f   libucrt:malloc_base.obj
 0001:000157bc       _strcpy_s                  100167bc f   libucrt:strcpy_s.obj
 0001:00015816       _abort                     10016816 f   libucrt:abort.obj
 0001:00015859       __calloc_base              10016859 f   libucrt:calloc_base.obj
 0001:000158b6       _free                      100168b6 f   libucrt:free.obj
 0001:000158bb       _malloc                    100168bb f   libucrt:malloc.obj
 0001:000158c6       ___acrt_call_reportfault   100168c6 f   libucrt:invalid_parameter.obj
 0001:00015a01       ___acrt_initialize_invalid_parameter_handler 10016a01 f   libucrt:invalid_parameter.obj
 0001:00015a15       __invalid_parameter        10016a15 f   libucrt:invalid_parameter.obj
 0001:00015a90       __invalid_parameter_noinfo 10016a90 f   libucrt:invalid_parameter.obj
 0001:00015aa0       __invoke_watson            10016aa0 f   libucrt:invalid_parameter.obj
 0001:00015ad3       ___acrt_errno_from_os_error 10016ad3 f   libucrt:errno.obj
 0001:00015b16       ___acrt_errno_map_os_error 10016b16 f   libucrt:errno.obj
 0001:00015b39       ___doserrno                10016b39 f   libucrt:errno.obj
 0001:00015b4c       __errno                    10016b4c f   libucrt:errno.obj
 0001:00015b5f       ___pctype_func             10016b5f f   libucrt:ctype.obj
 0001:00015b85       ??$?RV<lambda_3518db117f0e7cdb002338c5d3c47b6c>@@AAV<lambda_b2ea41f6bbb362cd97d94c6828d90b61>@@V<lambda_abdedf541bb04549bc734292b4a045d4>@@@?$__crt_seh_guarded_call@X@@QAEX$$QAV<lambda_3518db117f0e7cdb002338c5d3c47b6c>@@AAV<lambda_b2ea41f6bbb362cd97d94c6828d90b61>@@$$QAV<lambda_abdedf541bb04549bc734292b4a045d4>@@@Z 10016b85 f i libucrt:per_thread_data.obj
 0001:00015bd5       ??$?RV<lambda_51b6e8b1eb166f2a3faf91f424b38130>@@AAV<lambda_6250bd4b2a391816dd638c3bf72b0bcb>@@V<lambda_0b5a4a3e68152e1d9b943535f5f47bed>@@@?$__crt_seh_guarded_call@X@@QAEX$$QAV<lambda_51b6e8b1eb166f2a3faf91f424b38130>@@AAV<lambda_6250bd4b2a391816dd638c3bf72b0bcb>@@$$QAV<lambda_0b5a4a3e68152e1d9b943535f5f47bed>@@@Z 10016bd5 f i libucrt:per_thread_data.obj
 0001:00015c36       ??$?RV<lambda_5b71d36f03204c0beab531769a5b5694>@@AAV<lambda_be2b3da3f62db62e9dad5dc70221a656>@@V<lambda_8f9ce462984622f9bf76b59e2aaaf805>@@@?$__crt_seh_guarded_call@X@@QAEX$$QAV<lambda_5b71d36f03204c0beab531769a5b5694>@@AAV<lambda_be2b3da3f62db62e9dad5dc70221a656>@@$$QAV<lambda_8f9ce462984622f9bf76b59e2aaaf805>@@@Z 10016c36 f i libucrt:per_thread_data.obj
 0001:00015c81       ??$?RV<lambda_9df27f884b057bc3edfc946cb5b7cf47>@@AAV<lambda_e69574bed617af4e071282c136b37893>@@V<lambda_cc0d902bcbbeb830f749456577db4721>@@@?$__crt_seh_guarded_call@X@@QAEX$$QAV<lambda_9df27f884b057bc3edfc946cb5b7cf47>@@AAV<lambda_e69574bed617af4e071282c136b37893>@@$$QAV<lambda_cc0d902bcbbeb830f749456577db4721>@@@Z 10016c81 f i libucrt:per_thread_data.obj
 0001:00015cc9       ??$__acrt_lock_and_call@V<lambda_6250bd4b2a391816dd638c3bf72b0bcb>@@@@YAXW4__acrt_lock_id@@$$QAV<lambda_6250bd4b2a391816dd638c3bf72b0bcb>@@@Z 10016cc9 f i libucrt:per_thread_data.obj
 0001:00015cf1       ??$__acrt_lock_and_call@V<lambda_b2ea41f6bbb362cd97d94c6828d90b61>@@@@YAXW4__acrt_lock_id@@$$QAV<lambda_b2ea41f6bbb362cd97d94c6828d90b61>@@@Z 10016cf1 f i libucrt:per_thread_data.obj
 0001:00015d19       ??$__acrt_lock_and_call@V<lambda_be2b3da3f62db62e9dad5dc70221a656>@@@@YAXW4__acrt_lock_id@@$$QAV<lambda_be2b3da3f62db62e9dad5dc70221a656>@@@Z 10016d19 f i libucrt:per_thread_data.obj
 0001:00015d41       ??$__acrt_lock_and_call@V<lambda_e69574bed617af4e071282c136b37893>@@@@YAXW4__acrt_lock_id@@$$QAV<lambda_e69574bed617af4e071282c136b37893>@@@Z 10016d41 f i libucrt:per_thread_data.obj
 0001:00015ef7       ___acrt_freeptd            10016ef7 f   libucrt:per_thread_data.obj
 0001:00015f23       ___acrt_getptd             10016f23 f   libucrt:per_thread_data.obj
 0001:00015faa       ___acrt_getptd_noexit      10016faa f   libucrt:per_thread_data.obj
 0001:0001602f       ___acrt_initialize_ptd     1001702f f   libucrt:per_thread_data.obj
 0001:0001605b       ___acrt_uninitialize_ptd   1001705b f   libucrt:per_thread_data.obj
 0001:00016075       ___acrt_update_locale_info 10017075 f   libucrt:locale_update.obj
 0001:000160a2       ___acrt_update_multibyte_info 100170a2 f   libucrt:locale_update.obj
 0001:000160cf       ___acrt_set_locale_changed 100170cf f   libucrt:wsetlocale.obj
 0001:000160da       ___acrt_uninitialize_locale 100170da f   libucrt:wsetlocale.obj
 0001:0001612c       ___acrt_initialize_locks   1001712c f   libucrt:locks.obj
 0001:0001616d       ___acrt_lock               1001716d f   libucrt:locks.obj
 0001:00016184       ___acrt_uninitialize_locks 10017184 f   libucrt:locks.obj
 0001:000161b5       ___acrt_unlock             100171b5 f   libucrt:locks.obj
 0001:000162e3       ___acrt_FlsAlloc@4         100172e3 f   libucrt:winapi_thunks.obj
 0001:00016339       ___acrt_FlsFree@4          10017339 f   libucrt:winapi_thunks.obj
 0001:0001638f       ___acrt_FlsGetValue@4      1001738f f   libucrt:winapi_thunks.obj
 0001:000163e5       ___acrt_FlsSetValue@8      100173e5 f   libucrt:winapi_thunks.obj
 0001:0001643e       ___acrt_InitializeCriticalSectionEx@12 1001743e f   libucrt:winapi_thunks.obj
 0001:000164a0       ___acrt_LCMapStringEx@36   100174a0 f   libucrt:winapi_thunks.obj
 0001:00016528       ___acrt_LocaleNameToLCID@8 10017528 f   libucrt:winapi_thunks.obj
 0001:00016584       ___acrt_initialize_winapi_thunks 10017584 f   libucrt:winapi_thunks.obj
 0001:000165aa       ___acrt_is_packaged_app    100175aa f   libucrt:winapi_thunks.obj
 0001:00016631       ___acrt_uninitialize_winapi_thunks 10017631 f   libucrt:winapi_thunks.obj
 0001:00016a29       ??1?$argument_list@D@?A0xb0e4b824@@QAE@XZ 10017a29 f i libucrt:argv_wildcards.obj
 0001:00016a4e       ?append@?$argument_list@D@?A0xb0e4b824@@QAEHQAD@Z 10017a4e f i libucrt:argv_wildcards.obj
 0001:00016a83       ?expand_if_necessary@?$argument_list@D@?A0xb0e4b824@@AAEHXZ 10017a83 f i libucrt:argv_wildcards.obj
 0001:00016b0a       ___acrt_expand_narrow_argv_wildcards 10017b0a f   libucrt:argv_wildcards.obj
 0001:00016b15       ??$?RV<lambda_978dc153c237d78434369da87b74ff60>@@AAV<lambda_ad1ced32f4ac17aa236e5ef05d6b3b7c>@@V<lambda_4a8533e2866a575feecb8298ce776b0d>@@@?$__crt_seh_guarded_call@X@@QAEX$$QAV<lambda_978dc153c237d78434369da87b74ff60>@@AAV<lambda_ad1ced32f4ac17aa236e5ef05d6b3b7c>@@$$QAV<lambda_4a8533e2866a575feecb8298ce776b0d>@@@Z 10017b15 f i libucrt:mbctype.obj
 0001:00016b58       ??$__acrt_lock_and_call@V<lambda_ad1ced32f4ac17aa236e5ef05d6b3b7c>@@@@YAXW4__acrt_lock_id@@$$QAV<lambda_ad1ced32f4ac17aa236e5ef05d6b3b7c>@@@Z 10017b58 f i libucrt:mbctype.obj
 0001:00016fef       ___acrt_initialize_multibyte 10017fef f   libucrt:mbctype.obj
 0001:0001700d       ___acrt_update_thread_multibyte_data 1001800d f   libucrt:mbctype.obj
 0001:000170af       __setmbcp_nolock           100180af f   libucrt:mbctype.obj
 0001:0001737a       __ismbblead                1001837a f   libucrt:ismbbyte.obj
 0001:00017392       ___acrt_initialize_command_line 10018392 f   libucrt:argv_data.obj
 0001:000173ab       ___acrt_uninitialize_command_line 100183ab f   libucrt:argv_data.obj
 0001:000173e5       ___dcrt_get_narrow_environment_from_os 100183e5 f   libucrt:get_environment_from_os.obj
 0001:00017468       __recalloc                 10018468 f   libucrt:recalloc.obj
 0001:00017473       __recalloc_base            10018473 f   libucrt:recalloc.obj
 0001:000174e0       ___acrt_initialize_heap    100184e0 f   libucrt:heap_handle.obj
 0001:000174f1       ___acrt_uninitialize_heap  100184f1 f   libucrt:heap_handle.obj
 0001:00017667       ___acrt_initialize_lowio   10018667 f   libucrt:ioinit.obj
 0001:000176bd       ___acrt_uninitialize_lowio 100186bd f   libucrt:ioinit.obj
 0001:000176e9       ___acrt_execute_initializers 100186e9 f   libucrt:shared_initialization.obj
 0001:0001776c       ___acrt_execute_uninitializers 1001876c f   libucrt:shared_initialization.obj
 0001:000177b9       ___acrt_initialize_new_handler 100187b9 f   libucrt:new_handler.obj
 0001:000177cd       __callnewh                 100187cd f   libucrt:new_handler.obj
 0001:00017811       __query_new_handler        10018811 f   libucrt:new_handler.obj
 0001:00017863       ??$?RV<lambda_a048d3beccc847880fc8490e18b82769>@@AAV<lambda_ec61778202f4f5fc7e7711acc23c3bca>@@V<lambda_f7496a158712204296dd6628a163878e>@@@?$__crt_seh_guarded_call@P6AXH@Z@@QAEP6AXH@Z$$QAV<lambda_a048d3beccc847880fc8490e18b82769>@@AAV<lambda_ec61778202f4f5fc7e7711acc23c3bca>@@$$QAV<lambda_f7496a158712204296dd6628a163878e>@@@Z 10018863 f i libucrt:signal.obj
 0001:000178bd       ??$__acrt_lock_and_call@V<lambda_ec61778202f4f5fc7e7711acc23c3bca>@@@@YAP6AXH@ZW4__acrt_lock_id@@$$QAV<lambda_ec61778202f4f5fc7e7711acc23c3bca>@@@Z 100188bd f i libucrt:signal.obj
 0001:0001794f       ___acrt_get_sigabrt_handler 1001894f f   libucrt:signal.obj
 0001:00017966       ___acrt_initialize_signal_handlers 10018966 f   libucrt:signal.obj
 0001:000179a1       ___fpecode                 100189a1 f   libucrt:signal.obj
 0001:000179aa       _raise                     100189aa f   libucrt:signal.obj
 0001:00017bb2       ___acrt_has_user_matherr   10018bb2 f   libucrt:matherr.obj
 0001:00017bcb       ___acrt_initialize_user_matherr 10018bcb f   libucrt:matherr.obj
 0001:00017bdf       ___acrt_invoke_user_matherr 10018bdf f   libucrt:matherr.obj
 0001:00017c28       __query_new_mode           10018c28 f   libucrt:new_mode.obj
 0001:00017c2e       __mbtowc_l                 10018c2e f   libucrt:mbtowc.obj
 0001:00017d28       _mbtowc                    10018d28 f   libucrt:mbtowc.obj
 0001:00017d42       __fileno                   10018d42 f   libucrt:fileno.obj
 0001:00017d68       ___acrt_initialize_stdio   10018d68 f   libucrt:_file.obj
 0001:00017e30       ___acrt_uninitialize_stdio 10018e30 f   libucrt:_file.obj
 0001:00017e7c       __lock_file                10018e7c f   libucrt:_file.obj
 0001:00017e90       __unlock_file              10018e90 f   libucrt:_file.obj
 0001:00017ea4       __isleadbyte_l             10018ea4 f i libucrt:_wctype.obj
 0001:00017edd       ___acrt_GetStringTypeA     10018edd f   libucrt:getstringtypea.obj
 0001:00017ffa       __freea_crt                10018ffa f i libucrt:getstringtypea.obj
 0001:0001801a       ___acrt_add_locale_ref     1001901a f   libucrt:locale_refcounting.obj
 0001:00018097       ___acrt_free_locale        10019097 f   libucrt:locale_refcounting.obj
 0001:000181e1       ___acrt_locale_add_lc_time_reference 100191e1 f   libucrt:locale_refcounting.obj
 0001:0001820a       ___acrt_locale_free_lc_time_if_unreferenced 1001920a f   libucrt:locale_refcounting.obj
 0001:0001823a       ___acrt_locale_release_lc_time_reference 1001923a f   libucrt:locale_refcounting.obj
 0001:00018263       ___acrt_release_locale_ref 10019263 f   libucrt:locale_refcounting.obj
 0001:000182e4       ___acrt_update_thread_locale_data 100192e4 f   libucrt:locale_refcounting.obj
 0001:0001835b       __updatetlocinfoEx_nolock  1001935b f   libucrt:locale_refcounting.obj
 0001:000183ab       ___acrt_locale_free_monetary 100193ab f   libucrt:initmon.obj
 0001:000184a9       ___acrt_locale_free_numeric 100194a9 f   libucrt:initnum.obj
 0001:0001854e       ___acrt_locale_free_time   1001954e f   libucrt:inittime.obj
 0001:000186ee       ___acrt_DownlevelLocaleNameToLCID 100196ee f   libucrt:lcidtoname_downlevel.obj
 0001:00018800       _qsort                     10019800 f   libucrt:qsort.obj
 0001:00018c4b       _strncpy_s                 10019c4b f   libucrt:strncpy_s.obj
 0001:00018c60       _strpbrk                   10019c60 f   libucrt:strpbrk.obj
 0001:00018ca0       __mbsdec                   10019ca0 f   libucrt:mbsdec.obj
 0001:00018cb7       __mbsdec_l                 10019cb7 f   libucrt:mbsdec.obj
 0001:00018f70       ___acrt_LCMapStringA       10019f70 f   libucrt:lcmapstringa.obj
 0001:00018fbb       __msize                    10019fbb f   libucrt:msize.obj
 0001:00018fee       __realloc_base             10019fee f   libucrt:realloc_base.obj
 0001:00019057       ___acrt_lowio_create_handle_array 1001a057 f   libucrt:osfinfo.obj
 0001:000190d1       ___acrt_lowio_destroy_handle_array 1001a0d1 f   libucrt:osfinfo.obj
 0001:00019106       ___acrt_lowio_ensure_fh_exists 1001a106 f   libucrt:osfinfo.obj
 0001:0001919e       ___acrt_lowio_lock_fh      1001a19e f   libucrt:osfinfo.obj
 0001:000191c1       ___acrt_lowio_unlock_fh    1001a1c1 f   libucrt:osfinfo.obj
 0001:000191e4       __free_osfhnd              1001a1e4 f   libucrt:osfinfo.obj
 0001:00019275       __get_osfhandle            1001a275 f   libucrt:osfinfo.obj
 0001:000192df       __isatty                   1001a2df f   libucrt:isatty.obj
 0001:00019335       ___acrt_stdio_flush_nolock 1001a335 f   libucrt:fflush.obj
 0001:0001939b       __fflush_nolock            1001a39b f   libucrt:fflush.obj
 0001:000193e2       __flushall                 1001a3e2 f   libucrt:fflush.obj
 0001:000194c3       __fcloseall                1001a4c3 f   libucrt:closeall.obj
 0001:00019563       ___acrt_stdio_free_buffer_nolock 1001a563 f   libucrt:_freebuf.obj
 0001:000195a1       ___strncnt                 1001a5a1 f   libucrt:strncnt.obj
 0001:000195bd       __query_app_type           1001a5bd f   libucrt:report_runtime_error.obj
 0001:000195c3       ??$?RV<lambda_61cee617f5178ae960314fd4d05640a0>@@AAV<lambda_6978c1fb23f02e42e1d9e99668cc68aa>@@V<lambda_9cd88cf8ad10232537feb2133f08c833>@@@?$__crt_seh_guarded_call@H@@QAEH$$QAV<lambda_61cee617f5178ae960314fd4d05640a0>@@AAV<lambda_6978c1fb23f02e42e1d9e99668cc68aa>@@$$QAV<lambda_9cd88cf8ad10232537feb2133f08c833>@@@Z 1001a5c3 f i libucrt:commit.obj
 0001:0001965b       ??$__acrt_lowio_lock_fh_and_call@V<lambda_6978c1fb23f02e42e1d9e99668cc68aa>@@@@YAHH$$QAV<lambda_6978c1fb23f02e42e1d9e99668cc68aa>@@@Z 1001a65b f i libucrt:commit.obj
 0001:00019683       __commit                   1001a683 f   libucrt:commit.obj
 0001:00019c82       __write                    1001ac82 f   libucrt:write.obj
 0001:00019d6d       __write_nolock             1001ad6d f   libucrt:write.obj
 0001:00019f80       _log10                     1001af80 f   libucrt:log10.obj
 0001:00019fc0       __CIlog10                  1001afc0 f   libucrt:log10.obj
 0001:00019ffb       __CIlog10_default          1001affb f   libucrt:log10.obj
 0001:0001a00f       __log10_default            1001b00f     libucrt:log10.obj
 0001:0001a0d0       _ceil                      1001b0d0 f   libucrt:ceil_pentium4.obj
 0001:0001a110       __ceil_pentium4            1001b110 f   libucrt:ceil_pentium4.obj
 0001:0001a26b       __lseeki64_nolock          1001b26b f   libucrt:lseek.obj
 0001:0001a286       __fclose_nolock            1001b286 f   libucrt:fclose.obj
 0001:0001a2fc       _fclose                    1001b2fc f   libucrt:fclose.obj
 0001:0001a380       ___ascii_strnicmp          1001b380 f   libucrt:_strnicm.obj
 0001:0001a3e1       __putwch_nolock            1001b3e1 f   libucrt:putwch.obj
 0001:0001a426       ___acrt_initialize_sse2    1001b426 f   libucrt:mathfcns.obj
 0001:0001a440       __CIlog10_pentium4         1001b440 f   libucrt:log10_pentium4.obj
 0001:0001a458       __log10_pentium4           1001b458     libucrt:log10_pentium4.obj
 0001:0001a6e1       __fFEXP                    1001b6e1     libucrt:87tran.obj
 0001:0001a738       __rtinfpopse               1001b738     libucrt:87tran.obj
 0001:0001a73a       __rtinfnpopse              1001b73a     libucrt:87tran.obj
 0001:0001a74a       __fFLN                     1001b74a     libucrt:87tran.obj
 0001:0001a7ff       __rtinfpop                 1001b7ff     libucrt:87tran.obj
 0001:0001a801       __rtinfnpop                1001b801     libucrt:87tran.obj
 0001:0001a81e       __ffexpm1                  1001b81e     libucrt:87tran.obj
 0001:0001a8d0       __trandisp1                1001b8d0 f   libucrt:87disp.obj
 0001:0001a937       __trandisp2                1001b937 f   libucrt:87disp.obj
 0001:0001a9c3       __rttospopde               1001b9c3     libucrt:87disp.obj
 0001:0001a9c8       __rttospop                 1001b9c8     libucrt:87disp.obj
 0001:0001a9ca       __rtnospop                 1001b9ca     libucrt:87disp.obj
 0001:0001a9cc       __rttosnpop                1001b9cc     libucrt:87disp.obj
 0001:0001a9cd       __rtnospopde               1001b9cd     libucrt:87disp.obj
 0001:0001a9d4       __rtzeropop                1001b9d4     libucrt:87disp.obj
 0001:0001a9d6       __rtzeronpop               1001b9d6     libucrt:87disp.obj
 0001:0001a9db       __rtzerospop               1001b9db     libucrt:87disp.obj
 0001:0001a9e8       __rtonepop                 1001b9e8     libucrt:87disp.obj
 0001:0001a9ea       __rtonenpop                1001b9ea     libucrt:87disp.obj
 0001:0001a9ef       __tosnan1                  1001b9ef     libucrt:87disp.obj
 0001:0001aa1a       __nosnan2                  1001ba1a     libucrt:87disp.obj
 0001:0001aa1c       __tosnan2                  1001ba1c     libucrt:87disp.obj
 0001:0001aa44       __nan2                     1001ba44     libucrt:87disp.obj
 0001:0001aa83       __rtindfpop                1001ba83     libucrt:87disp.obj
 0001:0001aa85       __rtindfnpop               1001ba85     libucrt:87disp.obj
 0001:0001aa96       __rttosnpopde              1001ba96     libucrt:87disp.obj
 0001:0001aaa0       __rtatan2inf               1001baa0     libucrt:87disp.obj
 0001:0001aabd       __rtchsifneg               1001babd     libucrt:87disp.obj
 0001:0001aad0       __twoToTOS                 1001bad0 f   libucrt:common.obj
 0001:0001aae5       __load_CW                  1001bae5 f   libucrt:common.obj
 0001:0001aafc       __convertTOStoQNaN         1001bafc f   libucrt:common.obj
 0001:0001ab15       __fload_withFB             1001bb15 f   libucrt:common.obj
 0001:0001ab58       __checkTOS_withFB          1001bb58 f   libucrt:common.obj
 0001:0001ab6e       __fast_exit                1001bb6e f   libucrt:common.obj
 0001:0001ab7b       __math_exit                1001bb7b f   libucrt:common.obj
 0001:0001aba5       __check_overflow_exit      1001bba5 f   libucrt:common.obj
 0001:0001abb9       __check_range_exit         1001bbb9 f   libucrt:common.obj
 0001:0001ac60       __startTwoArgErrorHandling 1001bc60 f   libucrt:genexcep.obj
 0001:0001ac77       __startOneArgErrorHandling 1001bc77 f   libucrt:genexcep.obj
 0001:0001acb3       ___libm_error_support      1001bcb3 f   libucrt:libm_error.obj
 0001:0001aecb       __ceil_default             1001becb f   libucrt:ceil.obj
 0001:0001af84       ??$?RV<lambda_123407a5e2ac06da108355a851863b7a>@@AAV<lambda_2fe9b910cf3cbf4a0ab98a02ba45b3ec>@@V<lambda_ae55bdf541ad94d75914d381c370e64d>@@@?$__crt_seh_guarded_call@H@@QAEH$$QAV<lambda_123407a5e2ac06da108355a851863b7a>@@AAV<lambda_2fe9b910cf3cbf4a0ab98a02ba45b3ec>@@$$QAV<lambda_ae55bdf541ad94d75914d381c370e64d>@@@Z 1001bf84 f i libucrt:close.obj
 0001:0001b006       ??$__acrt_lowio_lock_fh_and_call@V<lambda_2fe9b910cf3cbf4a0ab98a02ba45b3ec>@@@@YAHH$$QAV<lambda_2fe9b910cf3cbf4a0ab98a02ba45b3ec>@@@Z 1001c006 f i libucrt:close.obj
 0001:0001b02e       __close                    1001c02e f   libucrt:close.obj
 0001:0001b0ad       __close_nolock             1001c0ad f   libucrt:close.obj
 0001:0001b149       ?__acrt_stdio_free_stream@@YAXV__crt_stdio_stream@@@Z 1001c149 f   libucrt:stream.obj
 0001:0001b184       ___dcrt_lowio_initialize_console_output 1001c184 f   libucrt:initcon.obj
 0001:0001b1a3       ___dcrt_terminate_console_output 1001c1a3 f   libucrt:initcon.obj
 0001:0001b1ba       __clrfp                    1001c1ba f   libucrt:fpctrl.obj
 0001:0001b1cd       __ctrlfp                   1001c1cd f   libucrt:fpctrl.obj
 0001:0001b1f9       __set_statfp               1001c1f9 f   libucrt:fpctrl.obj
 0001:0001b254       __statfp                   1001c254 f   libucrt:fpctrl.obj
 0001:0001b266       __d_inttype                1001c266 f   libucrt:powhlp.obj
 0001:0001b2d0       __powhlp                   1001c2d0 f   libucrt:powhlp.obj
 0001:0001b3fb       __87except                 1001c3fb f   libucrt:87except.obj
 0001:0001b506       __frnd                     1001c506 f   libucrt:frnd.obj
 0001:0001b51c       __errcode                  1001c51c f   libucrt:fpexcept.obj
 0001:0001b550       __except1                  1001c550 f   libucrt:fpexcept.obj
 0001:0001b61e       __handle_exc               1001c61e f   libucrt:fpexcept.obj
 0001:0001b7fe       __raise_exc                1001c7fe f   libucrt:fpexcept.obj
 0001:0001b821       __raise_exc_ex             1001c821 f   libucrt:fpexcept.obj
 0001:0001bb12       __set_errno_from_matherr   1001cb12 f   libucrt:fpexcept.obj
 0001:0001bb41       __umatherr                 1001cb41 f   libucrt:fpexcept.obj
 0001:0001bbe3       __decomp                   1001cbe3 f   libucrt:util.obj
 0001:0001bcb7       __set_exp                  1001ccb7 f   libucrt:util.obj
 0001:0001bce6       __sptype                   1001cce6 f   libucrt:util.obj
 0001:0001bd44       __fpclass                  1001cd44 f   libucrt:ieeemisc.obj
 0001:0001bde8       _Process32FirstW@8         1001cde8 f   kernel32:KERNEL32.dll
 0001:0001bdee       _Process32NextW@8          1001cdee f   kernel32:KERNEL32.dll
 0001:0001bdf4       _IsProcessorFeaturePresent@4 1001cdf4 f   kernel32:KERNEL32.dll
 0001:0001be00       __FindPESection            1001ce00 f   LIBCMT:pesect.obj
 0001:0001be50       __IsNonwritableInCurrentImage 1001ce50 f   LIBCMT:pesect.obj
 0001:0001bf10       __ValidateImageBase        1001cf10 f   LIBCMT:pesect.obj
 0001:0001bf50       __aulldvrm                 1001cf50 f   LIBCMT:ulldvrm.obj
 0001:0001bff0       __allmul                   1001cff0 f   LIBCMT:llmul.obj
 0001:0001c030       __SEH_prolog4_GS           1001d030 f   LIBCMT:_sehprolg4gs_.obj
 0001:0001c079       __SEH_epilog4_GS           1001d079 f   LIBCMT:_sehprolg4gs_.obj
 0001:0001c090       __alldvrm                  1001d090 f   LIBCMT:lldvrm.obj
 0001:0001c170       __aullshr                  1001d170 f   LIBCMT:ullshr.obj
 0001:0001c190       __alloca_probe_16          1001d190 f   LIBCMT:alloca16.obj
 0001:0001c1a6       __alloca_probe_8           1001d1a6     LIBCMT:alloca16.obj
 0001:0001c1c0       __allshl                   1001d1c0 f   LIBCMT:llshl.obj
 0001:0001c1e0       __ftol2_sse                1001d1e0 f   LIBCMT:_ftol2_.obj
 0001:0001c1e9       __ftol2_pentium4           1001d1e9 f   LIBCMT:_ftol2_.obj
 0001:0001c1fc       __ftol2_sse_excpt          1001d1fc f   LIBCMT:_ftol2_.obj
 0001:0001c220       __ftol2                    1001d220 f   LIBCMT:_ftol2_.obj
 0001:0001c2a0       __chkstk                   1001d2a0 f   LIBCMT:chkstk.obj
 0001:0001c2a0       __alloca_probe             1001d2a0 f   LIBCMT:chkstk.obj
 0001:0001c2d0       _memcpy                    1001d2d0 f   libvcruntime:memcpy.obj
 0002:00000000       __imp__RegSetValueExW@24   1001e000     advapi32:ADVAPI32.dll
 0002:00000004       __imp__RegQueryValueExW@24 1001e004     advapi32:ADVAPI32.dll
 0002:00000008       __imp__RegOpenKeyExW@20    1001e008     advapi32:ADVAPI32.dll
 0002:0000000c       __imp__RegCreateKeyExW@36  1001e00c     advapi32:ADVAPI32.dll
 0002:00000010       __imp__RegCloseKey@4       1001e010     advapi32:ADVAPI32.dll
 0002:00000014       \177ADVAPI32_NULL_THUNK_DATA 1001e014     advapi32:ADVAPI32.dll
 0002:00000018       __imp__GdiFlush@0          1001e018     gdi32:GDI32.dll
 0002:0000001c       __imp__GetObjectW@12       1001e01c     gdi32:GDI32.dll
 0002:00000020       __imp__CreateDIBSection@24 1001e020     gdi32:GDI32.dll
 0002:00000024       __imp__GdiAlphaBlend@44    1001e024     gdi32:GDI32.dll
 0002:00000028       __imp__SetStretchBltMode@8 1001e028     gdi32:GDI32.dll
 0002:0000002c       __imp__StretchBlt@44       1001e02c     gdi32:GDI32.dll
 0002:00000030       __imp__MoveToEx@16         1001e030     gdi32:GDI32.dll
 0002:00000034       __imp__SetTextColor@8      1001e034     gdi32:GDI32.dll
 0002:00000038       __imp__SetBkColor@8        1001e038     gdi32:GDI32.dll
 0002:0000003c       __imp__SelectObject@8      1001e03c     gdi32:GDI32.dll
 0002:00000040       __imp__Rectangle@20        1001e040     gdi32:GDI32.dll
 0002:00000044       __imp__LineTo@12           1001e044     gdi32:GDI32.dll
 0002:00000048       __imp__GetStockObject@4    1001e048     gdi32:GDI32.dll
 0002:0000004c       __imp__DeleteObject@4      1001e04c     gdi32:GDI32.dll
 0002:00000050       __imp__DeleteDC@4          1001e050     gdi32:GDI32.dll
 0002:00000054       __imp__CreateSolidBrush@4  1001e054     gdi32:GDI32.dll
 0002:00000058       __imp__CreatePen@12        1001e058     gdi32:GDI32.dll
 0002:0000005c       __imp__CreateFontW@56      1001e05c     gdi32:GDI32.dll
 0002:00000060       __imp__CreateCompatibleDC@4 1001e060     gdi32:GDI32.dll
 0002:00000064       __imp__CreateCompatibleBitmap@12 1001e064     gdi32:GDI32.dll
 0002:00000068       __imp__BitBlt@36           1001e068     gdi32:GDI32.dll
 0002:0000006c       \177GDI32_NULL_THUNK_DATA  1001e06c     gdi32:GDI32.dll
 0002:00000070       __imp__GetExitCodeThread@8 1001e070     kernel32:KERNEL32.dll
 0002:00000074       __imp__SetEvent@4          1001e074     kernel32:KERNEL32.dll
 0002:00000078       __imp__WaitForMultipleObjects@16 1001e078     kernel32:KERNEL32.dll
 0002:0000007c       __imp__Sleep@4             1001e07c     kernel32:KERNEL32.dll
 0002:00000080       __imp__FileTimeToSystemTime@8 1001e080     kernel32:KERNEL32.dll
[...]
 0002:000032e4       __mb_locale_names          100212e4     libucrt:mbctype.obj
 0002:00003330       _LcidToLocaleNameTable     10021330     libucrt:lcidtoname_downlevel.obj
 0002:00004450       _LocaleNameToIndexTable    10022450     libucrt:lcidtoname_downlevel.obj
 0002:000053a0       LOG_name                   100233a0     libucrt:log10.obj
 0002:000053b0       _One                       100233b0     libucrt:ceil_pentium4.obj
 0002:000053c0       _Bns                       100233c0     libucrt:ceil_pentium4.obj
 0002:000053d0       _Zero                      100233d0     libucrt:ceil_pentium4.obj
 0002:000053e0       _S                         100233e0     libucrt:ceil_pentium4.obj
 0002:000053f0       _NegZero                   100233f0     libucrt:ceil_pentium4.obj
 0002:00005400       emask                      10023400     libucrt:log10_pentium4.obj
 0002:00005410       CC                         10023410     libucrt:log10_pentium4.obj
 0002:00005420       Magic                      10023420     libucrt:log10_pentium4.obj
 0002:00005430       hi_mask                    10023430     libucrt:log10_pentium4.obj
 0002:00005440       LOG10_2                    10023440     libucrt:log10_pentium4.obj
 0002:00005450       place_L                    10023450     libucrt:log10_pentium4.obj
 0002:00005470       One                        10023470     libucrt:log10_pentium4.obj
 0002:00005480       Zero                       10023480     libucrt:log10_pentium4.obj
 0002:00005490       Two52                      10023490     libucrt:log10_pentium4.obj
 0002:000054a0       Infs                       100234a0     libucrt:log10_pentium4.obj
 0002:000054b0       NaN                        100234b0     libucrt:log10_pentium4.obj
 0002:000054c0       coeff                      100234c0     libucrt:log10_pentium4.obj
 0002:0000551e       _log2max                   1002351e     libucrt:87tran.obj
 0002:00005528       _smallarg                  10023528     libucrt:87tran.obj
 0002:00005532       _half                      10023532     libucrt:87tran.obj
 0002:0000557e       One                        1002357e     libucrt:87disp.obj
 0002:00005586       Three                      10023586     libucrt:87disp.obj
 0002:0000558e       XAMtoTagTab                1002358e     libucrt:87disp.obj
 0002:000055a0       One                        100235a0     libucrt:common.obj
 0002:000055b4       DblMax                     100235b4     libucrt:common.obj
 0002:000055bc       DblMin                     100235bc     libucrt:common.obj
 0002:000055c4       IeeeAdjO                   100235c4     libucrt:common.obj
 0002:000055cc       IeeeAdjU                   100235cc     libucrt:common.obj
 0002:000055d4       _infinity                  100235d4     libucrt:common.obj
 0002:000055dc       _zero                      100235dc     libucrt:common.obj
 0002:00005628       _over                      10023628     libucrt:fpctrl.obj
 0002:00005634       _under                     10023634     libucrt:fpctrl.obj
 0002:00005ef8       ?_names@?1??_get_fname@@9@9 10023ef8     libucrt:fpexcept.obj
 0002:00006678       __unwindtable$?LoadThSet@@YAHK@Z 10024678     ConEmuTh.obj
 0002:00006680       __ehfuncinfo$?LoadThSet@@YAHK@Z 10024680     ConEmuTh.obj
 0002:000066a4       __unwindtable$?StartPlugin@@YAXH@Z 100246a4     ConEmuTh.obj
 0002:000066ac       __ehfuncinfo$?StartPlugin@@YAXH@Z 100246ac     ConEmuTh.obj
 0002:000066d0       __unwindtable$?CheckVarsInitialized@@YAXXZ 100246d0     ConEmuTh.obj
 0002:000066e8       __ehfuncinfo$?CheckVarsInitialized@@YAXXZ 100246e8     ConEmuTh.obj
 0002:0000670c       __unwindtable$?ReallocItems@CeFullPanelInfo@@QAEHH@Z 1002470c     Display.obj
 0002:00006714       __ehfuncinfo$?ReallocItems@CeFullPanelInfo@@QAEHH@Z 10024714     Display.obj
 0002:00006738       __unwindtable$?Paint@CeFullPanelInfo@@QAEXPAUHWND__@@AAUtagPAINTSTRUCT@@AAUtagRECT@@@Z 10024738     Display.obj
 0002:00006740       __ehfuncinfo$?Paint@CeFullPanelInfo@@QAEXPAUHWND__@@AAUtagPAINTSTRUCT@@AAUtagRECT@@@Z 10024740     Display.obj
 0002:00006764       __unwindtable$?RequestItem@CImgCache@@QAEHPAUCePluginPanelItem@@I@Z 10024764     ImgCache.obj
 0002:0000676c       __ehfuncinfo$?RequestItem@CImgCache@@QAEHPAUCePluginPanelItem@@I@Z 1002476c     ImgCache.obj
 0002:00006790       __unwindtable$?FindOrCreate@?$CQueueProcessor@PAUIMAGE_CACHE_INFO@@@@AAEPAUProcessingItem@1@ABQAUIMAGE_CACHE_INFO@@J_NW4ProcessingPriority@@@Z 10024790     ImgCache.obj
 0002:00006798       __ehfuncinfo$?FindOrCreate@?$CQueueProcessor@PAUIMAGE_CACHE_INFO@@@@AAEPAUProcessingItem@1@ABQAUIMAGE_CACHE_INFO@@J_NW4ProcessingPriority@@@Z 10024798     ImgCache.obj
 0002:000067bc       __unwindtable$??0?$CQueueProcessor@PAUIMAGE_CACHE_INFO@@@@QAE@XZ 100247bc     ImgCache.obj
 0002:000067c4       __ehfuncinfo$??0?$CQueueProcessor@PAUIMAGE_CACHE_INFO@@@@QAE@XZ 100247c4     ImgCache.obj
 0002:000067e8       __sehtable$?ProcessItem@?$CQueueProcessor@PAUIMAGE_CACHE_INFO@@@@IAEJPAUProcessingItem@1@@Z 100247e8     ImgCache.obj
 0002:00006804       __unwindtable$?ProcessingStep@?$CQueueProcessor@PAUIMAGE_CACHE_INFO@@@@IAE_NXZ 10024804     ImgCache.obj
 0002:0000680c       __ehfuncinfo$?ProcessingStep@?$CQueueProcessor@PAUIMAGE_CACHE_INFO@@@@IAE_NXZ 1002480c     ImgCache.obj
 0002:00006830       __sehtable$?SetThreadName@@YAXKPAD@Z 10024830     common-kernel32:WThreads.obj
 0002:0000684c       __ehfuncinfo$??1?$CQueueProcessor@PAUIMAGE_CACHE_INFO@@@@UAE@XZ 1002484c     ImgCache.obj
 0002:0000684c       __ehfuncinfo$??1CRgnDetect@@QAE@XZ 1002484c     common-user32:RgnDetect.obj
 0002:0000684c       __ehfuncinfo$??1CImgCache@@QAE@XZ 1002484c     ImgCache.obj
 0002:00006870       __unwindtable$?SearchAppPaths@@YA_NPB_WAAUCEStr@@_NPAU1@@Z 10024870     common-user32:WFiles.obj
 0002:00006878       __ehfuncinfo$?SearchAppPaths@@YA_NPB_WAAUCEStr@@_NPAU1@@Z 10024878     common-user32:WFiles.obj
 0002:000068a0       __sehtable$?dllmain_crt_process_attach@@YAHQAUHINSTANCE__@@QAX@Z 100248a0     LIBCMT:dll_dllmain.obj
 0002:000068c0       __sehtable$?dllmain_crt_process_detach@@YAH_N@Z 100248c0     LIBCMT:dll_dllmain.obj
 0002:000068e0       __sehtable$?dllmain_dispatch@@YAHQAUHINSTANCE__@@KQAX@Z 100248e0     LIBCMT:dll_dllmain.obj
 0002:00006900       __sehtable$___scrt_is_nonwritable_in_current_image 10024900     LIBCMT:utility.obj
 0002:00006920       __sehtable$___BuildCatchObject 10024920     libvcruntime:frame.obj
 0002:00006940       __sehtable$___FrameUnwindToState 10024940     libvcruntime:frame.obj
 0002:00006968       __sehtable$?CallCatchBlock@@YAPAXPAUEHExceptionRecord@@PAUEHRegistrationNode@@PAU_CONTEXT@@PBU_s_FuncInfo@@PAXHK@Z 10024968     libvcruntime:frame.obj
 0002:00006990       __catchsym$?CallUnexpected@@YAXPBU_s_ESTypeList@@@Z$2 10024990     libvcruntime:frame.obj
 0002:000069a0       __unwindtable$?CallUnexpected@@YAXPBU_s_ESTypeList@@@Z 100249a0     libvcruntime:frame.obj
 0002:000069b0       __tryblocktable$?CallUnexpected@@YAXPBU_s_ESTypeList@@@Z 100249b0     libvcruntime:frame.obj
 0002:000069c4       __ehfuncinfo$?CallUnexpected@@YAXPBU_s_ESTypeList@@@Z 100249c4     libvcruntime:frame.obj
 0002:000069e8       __sehtable$___BuildCatchObjectHelper 100249e8     libvcruntime:frame.obj
 0002:00006a58       __sehtable$___DestructExceptionObject 10024a58     libvcruntime:ehhelpers.obj
 0002:00006a78       __sehtable$?common_exit@@YAXHW4_crt_exit_cleanup_mode@@W4_crt_exit_return_mode@@@Z 10024a78     libucrt:exit.obj
 0002:00006aa0       __sehtable$??$?RV<lambda_995298e7d72eb4c2aab26c0585b3abe5>@@AAV<lambda_275893d493268fdec8709772e3fcec0e>@@V<lambda_293819299cbf9a7022e18b56a874bb5c>@@@?$__crt_seh_guarded_call@H@@QAEH$$QAV<lambda_995298e7d72eb4c2aab26c0585b3abe5>@@AAV<lambda_275893d493268fdec8709772e3fcec0e>@@$$QAV<lambda_293819299cbf9a7022e18b56a874bb5c>@@@Z 10024aa0     libucrt:onexit.obj
 0002:00006ac0       __sehtable$_terminate      10024ac0     libucrt:terminate.obj
 0002:00006ae0       __sehtable$??$?RV<lambda_9df27f884b057bc3edfc946cb5b7cf47>@@AAV<lambda_e69574bed617af4e071282c136b37893>@@V<lambda_cc0d902bcbbeb830f749456577db4721>@@@?$__crt_seh_guarded_call@X@@QAEX$$QAV<lambda_9df27f884b057bc3edfc946cb5b7cf47>@@AAV<lambda_e69574bed617af4e071282c136b37893>@@$$QAV<lambda_cc0d902bcbbeb830f749456577db4721>@@@Z 10024ae0     libucrt:per_thread_data.obj
 0002:00006b00       __sehtable$??$?RV<lambda_3518db117f0e7cdb002338c5d3c47b6c>@@AAV<lambda_b2ea41f6bbb362cd97d94c6828d90b61>@@V<lambda_abdedf541bb04549bc734292b4a045d4>@@@?$__crt_seh_guarded_call@X@@QAEX$$QAV<lambda_3518db117f0e7cdb002338c5d3c47b6c>@@AAV<lambda_b2ea41f6bbb362cd97d94c6828d90b61>@@$$QAV<lambda_abdedf541bb04549bc734292b4a045d4>@@@Z 10024b00     libucrt:per_thread_data.obj
 0002:00006b20       __sehtable$??$?RV<lambda_51b6e8b1eb166f2a3faf91f424b38130>@@AAV<lambda_6250bd4b2a391816dd638c3bf72b0bcb>@@V<lambda_0b5a4a3e68152e1d9b943535f5f47bed>@@@?$__crt_seh_guarded_call@X@@QAEX$$QAV<lambda_51b6e8b1eb166f2a3faf91f424b38130>@@AAV<lambda_6250bd4b2a391816dd638c3bf72b0bcb>@@$$QAV<lambda_0b5a4a3e68152e1d9b943535f5f47bed>@@@Z 10024b20     libucrt:per_thread_data.obj
 0002:00006b40       __sehtable$??$?RV<lambda_5b71d36f03204c0beab531769a5b5694>@@AAV<lambda_be2b3da3f62db62e9dad5dc70221a656>@@V<lambda_8f9ce462984622f9bf76b59e2aaaf805>@@@?$__crt_seh_guarded_call@X@@QAEX$$QAV<lambda_5b71d36f03204c0beab531769a5b5694>@@AAV<lambda_be2b3da3f62db62e9dad5dc70221a656>@@$$QAV<lambda_8f9ce462984622f9bf76b59e2aaaf805>@@@Z 10024b40     libucrt:per_thread_data.obj
 0002:00006b60       __sehtable$___acrt_uninitialize_locale 10024b60     libucrt:wsetlocale.obj
 0002:00006b80       __sehtable$___acrt_update_thread_multibyte_data 10024b80     libucrt:mbctype.obj
 0002:00006ba0       __sehtable$??$?RV<lambda_978dc153c237d78434369da87b74ff60>@@AAV<lambda_ad1ced32f4ac17aa236e5ef05d6b3b7c>@@V<lambda_4a8533e2866a575feecb8298ce776b0d>@@@?$__crt_seh_guarded_call@X@@QAEX$$QAV<lambda_978dc153c237d78434369da87b74ff60>@@AAV<lambda_ad1ced32f4ac17aa236e5ef05d6b3b7c>@@$$QAV<lambda_4a8533e2866a575feecb8298ce776b0d>@@@Z 10024ba0     libucrt:mbctype.obj
 0002:00006bc0       __sehtable$___acrt_initialize_lowio 10024bc0     libucrt:ioinit.obj
 0002:00006be0       __sehtable$__query_new_handler 10024be0     libucrt:new_handler.obj
 0002:00006c00       __sehtable$_raise          10024c00     libucrt:signal.obj
 0002:00006c20       __sehtable$??$?RV<lambda_a048d3beccc847880fc8490e18b82769>@@AAV<lambda_ec61778202f4f5fc7e7711acc23c3bca>@@V<lambda_f7496a158712204296dd6628a163878e>@@@?$__crt_seh_guarded_call@P6AXH@Z@@QAEP6AXH@Z$$QAV<lambda_a048d3beccc847880fc8490e18b82769>@@AAV<lambda_ec61778202f4f5fc7e7711acc23c3bca>@@$$QAV<lambda_f7496a158712204296dd6628a163878e>@@@Z 10024c20     libucrt:signal.obj
 0002:00006c40       __sehtable$___acrt_update_thread_locale_data 10024c40     libucrt:locale_refcounting.obj
 0002:00006c60       __sehtable$___acrt_lowio_ensure_fh_exists 10024c60     libucrt:osfinfo.obj
 0002:00006c80       __sehtable$_common_flush_all 10024c80     libucrt:fflush.obj
 0002:00006ca8       __sehtable$__fcloseall     10024ca8     libucrt:closeall.obj
 0002:00006cc8       __sehtable$??$?RV<lambda_61cee617f5178ae960314fd4d05640a0>@@AAV<lambda_6978c1fb23f02e42e1d9e99668cc68aa>@@V<lambda_9cd88cf8ad10232537feb2133f08c833>@@@?$__crt_seh_guarded_call@H@@QAEH$$QAV<lambda_61cee617f5178ae960314fd4d05640a0>@@AAV<lambda_6978c1fb23f02e42e1d9e99668cc68aa>@@$$QAV<lambda_9cd88cf8ad10232537feb2133f08c833>@@@Z 10024cc8     libucrt:commit.obj
 0002:00006ce8       __sehtable$__write         10024ce8     libucrt:write.obj
 0002:00006d08       __sehtable$_fclose         10024d08     libucrt:fclose.obj
 0002:00006d28       __sehtable$??$?RV<lambda_123407a5e2ac06da108355a851863b7a>@@AAV<lambda_2fe9b910cf3cbf4a0ab98a02ba45b3ec>@@V<lambda_ae55bdf541ad94d75914d381c370e64d>@@@?$__crt_seh_guarded_call@H@@QAEH$$QAV<lambda_123407a5e2ac06da108355a851863b7a>@@AAV<lambda_2fe9b910cf3cbf4a0ab98a02ba45b3ec>@@$$QAV<lambda_ae55bdf541ad94d75914d381c370e64d>@@@Z 10024d28     libucrt:close.obj
 0002:00006d48       __sehtable$__IsNonwritableInCurrentImage 10024d48     LIBCMT:pesect.obj
 0002:00006d70       .edata                     10024d70     ConEmuTh.exp
 0002:00006d98       rgpv                       10024d98     ConEmuTh.exp
 0002:00006dcc       rgszName                   10024dcc     ConEmuTh.exp
 0002:00006e00       rgwOrd                     10024e00     ConEmuTh.exp
 0002:00006e1a       szName                     10024e1a     ConEmuTh.exp
 0002:00006e27       $N00001                    10024e27     ConEmuTh.exp
 0002:00006e36       $N00002                    10024e36     ConEmuTh.exp
 0002:00006e3c       $N00003                    10024e3c     ConEmuTh.exp
 0002:00006e44       $N00004                    10024e44     ConEmuTh.exp
 0002:00006e4d       $N00005                    10024e4d     ConEmuTh.exp
 0002:00006e5c       $N00006                    10024e5c     ConEmuTh.exp
 0002:00006e6d       $N00007                    10024e6d     ConEmuTh.exp
 0002:00006e7f       $N00008                    10024e7f     ConEmuTh.exp
 0002:00006e8d       $N00009                    10024e8d     ConEmuTh.exp
 0002:00006e98       $N00010                    10024e98     ConEmuTh.exp
 0002:00006ea4       $N00011                    10024ea4     ConEmuTh.exp
 0002:00006eb9       $N00012                    10024eb9     ConEmuTh.exp
 0002:00006ec8       $N00013                    10024ec8     ConEmuTh.exp
 0002:000072de       .idata$6                   100252de     version:VERSION.dll
 0002:0000761c       .idata$6                   1002561c     kernel32:KERNEL32.dll
 0002:0000789a       .idata$6                   1002589a     user32:USER32.dll
 0002:000079ec       .idata$6                   100259ec     gdi32:GDI32.dll
 0002:00007a4c       .idata$6                   10025a4c     advapi32:ADVAPI32.dll
 0002:00007a6c       .idata$6                   10025a6c     shell32:SHELL32.dll
 0002:00007a9a       .idata$6                   10025a9a     ole32:ole32.dll
 0003:000000b0       ?__vcrt_flsindex@@3KA      100270b0     libvcruntime:per_thread_data.obj
 0003:000000d4       _errno_no_memory           100270d4     libucrt:errno.obj
 0003:000000d8       _doserrno_no_memory        100270d8     libucrt:errno.obj
 0003:000000dc       ___acrt_flsindex           100270dc     libucrt:per_thread_data.obj
 0003:000001a4       ___rgctypeflag             100271a4     libucrt:mbctype.obj
 0003:000001a8       ___rgcode_page_info        100271a8     libucrt:mbctype.obj
 0003:0002173c       ?sbInClearing@?1??ProcessConsoleInput@@YAHHPAU_INPUT_RECORD@@KPAK@Z@4_NA 1004873c     ConEmuTh.obj
 0003:00021758       ?szMenu@?1??GetPluginInfoW1900@@YAXPAX@Z@4PAPA_WA 10048758     ConEmuTh1900.obj
 0003:00021760       ?szMenu1@?1??GetPluginInfoW1900@@YAXPAX@Z@4PA_WA 10048760     ConEmuTh1900.obj
 0003:00021968       ?szMenu@?1??GetPluginInfoW2800@@YAXPAX@Z@4PAPA_WA 10048968     ConEmuTh2800.obj
 0003:00021970       ?szMenu1@?1??GetPluginInfoW2800@@YAXPAX@Z@4PA_WA 10048970     ConEmuTh2800.obj
 0003:00021b78       ?gszRootKeyW995@@3PA_WA    10048b78     ConEmuTh995.obj
 0003:00021b7c       ?szMenu@?1??GetPluginInfoW995@@YAXPAX@Z@4PAPA_WA 10048b7c     ConEmuTh995.obj
 0003:00021b80       ?szMenu1@?1??GetPluginInfoW995@@YAXPAX@Z@4PA_WA 10048b80     ConEmuTh995.obj
 0003:00021d88       ?gszRootKeyA@@3PA_WA       10048d88     ConEmuThA.obj
 0003:00021d8c       ?szMenu@?1??GetPluginInfo@@9@4@4PAPADA 10048d8c     ConEmuThA.obj
 0003:00021d90       ?szMenu1@?1??GetPluginInfo@@9@4@4PADA 10048d90     ConEmuThA.obj
 0003:00021eac       ?hClass@@3GA               10048eac     Display.obj
 0003:00021ed8       ?szFile@?1??ModuleName@@YAPB_WPB_W@Z@4PA_WA 10048ed8     common-kernel32:ConEmuCheck.obj
 0003:00021f18       ?TerminalMode@?1??isTerminalMode@@YA_NXZ@4_NA 10048f18     common-kernel32:MProcess.obj
 0003:00021f19       ?TerminalChecked@?1??isTerminalMode@@YA_NXZ@4_NA 10048f19     common-kernel32:MProcess.obj
 0003:00021f24       ?gh_UnknownTerminatedThread@@3PAXA 10048f24     common-kernel32:WThreads.obj
 0003:00021f28       ?g_Threads@@3PAUConEmuThreadInfo@@A 10048f28     common-kernel32:WThreads.obj
 0003:0002972c       ?is64bitOs@?1??IsWindows64@@YA_NXZ@4_NA 1005072c     common-kernel32:WObjects.obj
 0003:0002972d       ?isOsChecked@?1??IsWindows64@@YA_NXZ@4_NA 1005072d     common-kernel32:WObjects.obj
 0003:0002972e       ?gbInTransparentAssert@@3_NA 1005072e     common-user32:RgnDetect.obj
 0003:00029730       ?__proc_attached@@3HA      10050730     LIBCMT:dll_dllmain.obj
 0003:00029738       _GS_ExceptionRecord        10050738     LIBCMT:gs_report.obj
 0003:00029788       _GS_ContextRecord          10050788     LIBCMT:gs_report.obj
 0003:00029a78       ?module_local_atexit_table@@3U_onexit_table_t@@A 10050a78     LIBCMT:utility.obj
 0003:00029a84       ?module_local_at_quick_exit_table@@3U_onexit_table_t@@A 10050a84     LIBCMT:utility.obj
 0003:00029a90       ?module_local_atexit_table_initialized@@3_NA 10050a90     LIBCMT:utility.obj
 0003:00029a91       ?is_initialized_as_dll@@3_NA 10050a91     LIBCMT:utility.obj
 0003:00029aa0       ?__vcrt_startup_thread_ptd@@3U__vcrt_ptd@@A 10050aa0     libvcruntime:per_thread_data.obj
 0003:00029af0       ?heap@@3V_HeapManager@@A   10050af0     libvcruntime:undname.obj
 0003:00029b04       ___vcrt_lock_table         10050b04     libvcruntime:locks.obj
 0003:00029b1c       ___vcrt_locks_initialized  10050b1c     libvcruntime:locks.obj
 0003:00029b20       ?module_handles@@3PAPAUHINSTANCE__@@A 10050b20     libvcruntime:winapi_downlevel.obj
 0003:00029b2c       ?encoded_function_pointers@@3PAPAXA 10050b2c     libvcruntime:winapi_downlevel.obj
 0003:00029b48       _c_termination_complete    10050b48     libucrt:exit.obj
 0003:00029b4c       _thread_local_exit_callback_func 10050b4c     libucrt:exit.obj
 0003:00029b50       ?c_exit_complete@?5??common_exit@@YAXHW4_crt_exit_cleanup_mode@@W4_crt_exit_return_mode@@@Z@4_NA 10050b50     libucrt:exit.obj
 0003:00029b58       ?program_name@?5???$common_configure_argv@D@@YAHW4_crt_argv_mode@@@Z@4PADA 10050b58     libucrt:argv_parsing.obj
 0003:00029c88       ___acrt_invalid_parameter_handler 10050c88     libucrt:invalid_parameter.obj
 0003:00029c98       ___acrt_lock_table         10050c98     libucrt:locks.obj
 0003:00029dd0       ___acrt_locks_initialized  10050dd0     libucrt:locks.obj
 0003:00029dd8       _module_handles            10050dd8     libucrt:winapi_thunks.obj
 0003:00029e28       _encoded_function_pointers 10050e28     libucrt:winapi_thunks.obj
 0003:00029ea8       ?state_cache@?1??__acrt_is_packaged_app@@9@4JA 10050ea8     libucrt:winapi_thunks.obj
 0003:00029ec4       _fSystemSet                10050ec4     libucrt:mbctype.obj
 0003:00029ec8       ?initialized@?1??__acrt_initialize_multibyte@@9@4_NA 10050ec8     libucrt:mbctype.obj
 0003:0002a0ec       ___acrt_new_handler        100510ec     libucrt:new_handler.obj
 0003:0002a0f0       _ctrlc_action              100510f0     libucrt:signal.obj
 0003:0002a0f4       _ctrlbreak_action          100510f4     libucrt:signal.obj
 0003:0002a0f8       _abort_action              100510f8     libucrt:signal.obj
 0003:0002a0fc       _term_action               100510fc     libucrt:signal.obj
 0003:0002a100       _user_matherr              10051100     libucrt:matherr.obj
 0003:0002a10c       ___acrt_global_new_mode    1005110c     libucrt:new_mode.obj
 0003:0002a120       ___acrt_app_type           10051120     libucrt:report_runtime_error.obj
 0003:0002a128       __pmatherr_set             10051128     libucrt:libm_error.obj
 0004:00000130       $R000000                   10052130     ConEmuTh.res
 0004:00000448       $R000318                   10052448     ConEmuTh.res
 0004:000014f0       $R0013C0                   100534f0     ConEmuTh.res
 0004:00001508       $R0013D8                   10053508     ConEmuTh.res
