 gdi+

 Timestamp is 5a0575da (Fri Nov 10 12:48:10 2017)

 Preferred load address is 0000000180000000

 Start         Length     Name                   Class
 0001:00000000 0000b400H .text$mn                CODE
 0001:0000b400 000000e0H .text$mn$00             CODE
 0001:0000b4e0 00000260H .text$x                 CODE
 0002:00000000 00000310H .idata$5                DATA
 0002:00000310 00000020H .00cfg                  DATA
 0002:00000330 00000008H .CRT$XCA                DATA
 0002:00000338 00000008H .CRT$XCZ                DATA
 0002:00000340 00000008H .CRT$XIA                DATA
 0002:00000348 00000018H .CRT$XIC                DATA
 0002:00000360 00000008H .CRT$XIZ                DATA
 0002:00000368 00000008H .CRT$XPA                DATA
 0002:00000370 00000010H .CRT$XPX                DATA
 0002:00000380 00000008H .CRT$XPXA               DATA
 0002:00000388 00000008H .CRT$XPZ                DATA
 0002:00000390 00000008H .CRT$XTA                DATA
 0002:00000398 00000008H .CRT$XTZ                DATA
 0002:000003a0 00000000H .gfids$x                DATA
 0002:000003a0 00000000H .gfids$y                DATA
 0002:000003a0 00007298H .rdata                  DATA
 0002:00007638 00000000H .rdata$r                DATA
 0002:00007638 00000300H .rdata$zzzdbg           DATA
 0002:00007938 00000008H .rtc$IAA                DATA
 0002:00007940 00000008H .rtc$IZZ                DATA
 0002:00007948 00000008H .rtc$TAA                DATA
 0002:00007950 00000008H .rtc$TZZ                DATA
 0002:00007958 00000ae8H .xdata                  DATA
 0002:00008440 00000094H .edata                  DATA
 0002:000084d4 00000050H .idata$2                DATA
 0002:00008524 00000014H .idata$3                DATA
 0002:00008538 00000310H .idata$4                DATA
 0002:00008848 000006b6H .idata$6                DATA
 0003:00000000 000008f0H .data                   DATA
 0003:000008f0 00000000H .data$r                 DATA
 0003:000008f0 00009a18H .bss                    DATA
 0004:00000000 00000d68H .pdata                  DATA
 0005:00000000 000000a0H .rsrc$01                DATA
 0005:000000a0 00000490H .rsrc$02                DATA

  Address         Publics by Value              Rva+Base               Lib:Object

 0000:00000000       __guard_iat_count          0000000000000000     <absolute>
 0000:00000000       __hybrid_code_map          0000000000000000     <absolute>
 0000:00000000       __hybrid_code_map_count    0000000000000000     <absolute>
 0000:00000000       __dynamic_value_reloc_table 0000000000000000     <absolute>
 0000:00000000       __guard_iat_table          0000000000000000     <absolute>
 0000:00000000       __guard_longjmp_table      0000000000000000     <absolute>
 0000:00000000       __guard_longjmp_count      0000000000000000     <absolute>
 0000:00000000       __hybrid_auxiliary_iat     0000000000000000     <absolute>
 0000:00000000       __guard_fids_count         0000000000000000     <absolute>
 0000:00000000       __enclave_config           0000000000000000     <absolute>
 0000:00000000       ___safe_se_handler_table   0000000000000000     <absolute>
 0000:00000000       ___safe_se_handler_count   0000000000000000     <absolute>
 0000:00000000       __guard_fids_table         0000000000000000     <absolute>
 0000:00000100       __guard_flags              0000000000000100     <absolute>
 0000:00000000       __ImageBase                0000000180000000     <linker-defined>
 0001:00000000       ?CET_Cancel@@YAXPEAX@Z     0000000180001000 f   gdip.obj
 0001:00000018       ?CET_Done@@YAXPEAUCET_Init@@@Z 0000000180001018 f   gdip.obj
 0001:00000040       ?CET_Free@@YAXPEAUCET_LoadInfo@@@Z 0000000180001040 f   gdip.obj
 0001:000000e4       ?CET_Init@@YAHPEAU0@@Z     00000001800010e4 f   gdip.obj
 0001:00000174       ?CET_Load@@YAHPEAUCET_LoadInfo@@@Z 0000000180001174 f   gdip.obj
 0001:00000448       ?CalculateShowSize@GDIPlusImage@@QEAAXAEAH0000@Z 0000000180001448 f i gdip.obj
 0001:000005e8       ?Close@GDIPlusDecoder@@QEAAXXZ 00000001800015e8 f i gdip.obj
 0001:000006b8       ?Close@GDIPlusImage@@QEAAXXZ 00000001800016b8 f i gdip.obj
 0001:00000738       ?DrawImageAbortCallback@GDIPlusImage@@SAHPEAUGDIPlusDecoder@@@Z 0000000180001738 f i gdip.obj
 0001:00000744       ?FreeThreadProc@GDIPlusDecoder@@SAKPEAX@Z 0000000180001744 f i gdip.obj
 0001:00000764       ?GetExifTagValueAsInt@GDIPlusImage@@QEAA_NKAEAH@Z 0000000180001764 f i gdip.obj
 0001:00000844       ?GetPageBits@GDIPlusImage@@QEAA_NPEAUCET_LoadInfo@@@Z 0000000180001844 f i gdip.obj
 0001:00000d50       ?Init@GDIPlusDecoder@@QEAA_NPEAUCET_Init@@@Z 0000000180001d50 f i gdip.obj
 0001:00001054       ?Open@GDIPlusImage@@QEAA_N_NPEB_WPEBE_JU_COORD@@@Z 0000000180002054 f i gdip.obj
 0001:00001414       ?SelectPage@GDIPlusImage@@QEAA_NI@Z 0000000180002414 f i gdip.obj
 0001:000014dc       ??2@YAPEAX_K@Z             00000001800024dc f   common-kernel64:Memory.obj
 0001:00001510       ??_U@YAPEAX_K@Z            0000000180002510 f   common-kernel64:Memory.obj
 0001:00001524       ??_V@YAXPEAX@Z             0000000180002524 f   common-kernel64:Memory.obj
 0001:00001524       ??3@YAXPEAX@Z              0000000180002524 f   common-kernel64:Memory.obj
 0001:0000152c       ?HeapDeinitialize@@YAXXZ   000000018000252c f   common-kernel64:Memory.obj
 0001:00001550       ?HeapInitialize@@YA_NXZ    0000000180002550 f   common-kernel64:Memory.obj
 0001:00001584       ?xf_free@@YAXPEAX@Z        0000000180002584 f   common-kernel64:Memory.obj
 0001:000015ac       ?SetThreadName@@YAXKPEAD@Z 00000001800025ac f   common-kernel64:WThreads.obj
 0001:000015e4       ?apiCreateThread@@YAPEAXP6AKPEAX@Z0PEAKPEBDH@Z 00000001800025e4 f   common-kernel64:WThreads.obj
 0001:00001734       ?apiTerminateThreadEx@@YAHPEAXKPEBDH@Z 0000000180002734 f   common-kernel64:WThreads.obj
 0001:0000183c       ?apiThreadHelper@@YAKPEAX@Z 000000018000283c f   common-kernel64:WThreads.obj
 0001:00001a48       __raise_securityfailure    0000000180002a48 f   LIBCMT:gs_report.obj
 0001:00001a7c       __report_gsfailure         0000000180002a7c f   LIBCMT:gs_report.obj
 0001:00001b50       __report_rangecheckfailure 0000000180002b50 f   LIBCMT:gs_report.obj
 0001:00001b64       __report_securityfailure   0000000180002b64 f   LIBCMT:gs_report.obj
 0001:00001ce4       __GSHandlerCheck           0000000180002ce4 f   LIBCMT:_gshandler_.obj
 0001:00001d04       __GSHandlerCheckCommon     0000000180002d04 f   LIBCMT:_gshandler_.obj
 0001:00001d70       __security_check_cookie    0000000180002d70 f   LIBCMT:_amdsecgs_.obj
 0001:000020d0       _DllMainCRTStartup         00000001800030d0 f   LIBCMT:dll_dllmain.obj
 0001:00002110       ??3@YAXPEAX_K@Z            0000000180003110 f   LIBCMT:delete_scalar_size.obj
 0001:00002118       __security_init_cookie     0000000180003118 f   LIBCMT:gs_support.obj
 0001:000021c4       _get_startup_argv_mode     00000001800031c4 f   LIBCMT:argv_mode.obj
 0001:000021c4       DllMain                    00000001800031c4 f   LIBCMT:dll_dllmain_stub.obj
 0001:000021cc       ?__scrt_initialize_type_info@@YAXXZ 00000001800031cc f   LIBCMT:tncleanup.obj
 0001:000021dc       ?__scrt_uninitialize_type_info@@YAXXZ 00000001800031dc f   LIBCMT:tncleanup.obj
 0001:000021e8       __local_stdio_printf_options 00000001800031e8 f i LIBCMT:default_local_stdio_options.obj
 0001:000021f0       __local_stdio_scanf_options 00000001800031f0 f i LIBCMT:default_local_stdio_options.obj
 0001:000021f8       __scrt_initialize_default_local_stdio_options 00000001800031f8 f   LIBCMT:default_local_stdio_options.obj
 0001:00002214       __scrt_acquire_startup_lock 0000000180003214 f   LIBCMT:utility.obj
 0001:00002250       __scrt_dllmain_after_initialize_c 0000000180003250 f   LIBCMT:utility.obj
 0001:00002284       __scrt_dllmain_before_initialize_c 0000000180003284 f   LIBCMT:utility.obj
 0001:0000229c       __scrt_dllmain_crt_thread_attach 000000018000329c f   LIBCMT:utility.obj
 0001:000022c4       __scrt_dllmain_crt_thread_detach 00000001800032c4 f   LIBCMT:utility.obj
 0001:000022dc       __scrt_dllmain_exception_filter 00000001800032dc f   LIBCMT:utility.obj
 0001:00002340       __scrt_dllmain_uninitialize_c 0000000180003340 f   LIBCMT:utility.obj
 0001:00002370       __scrt_dllmain_uninitialize_critical 0000000180003370 f   LIBCMT:utility.obj
 0001:00002384       __scrt_initialize_crt      0000000180003384 f   LIBCMT:utility.obj
 0001:000023d0       __scrt_initialize_onexit_tables 00000001800033d0 f   LIBCMT:utility.obj
 0001:000024b0       __scrt_is_nonwritable_in_current_image 00000001800034b0 f   LIBCMT:utility.obj
 0001:0000254c       __scrt_release_startup_lock 000000018000354c f   LIBCMT:utility.obj
 0001:00002570       __scrt_uninitialize_crt    0000000180003570 f   LIBCMT:utility.obj
 0001:0000259c       __scrt_get_dyn_tls_init_callback 000000018000359c f   LIBCMT:dyn_tls_init.obj
 0001:000025a4       __crt_debugger_hook        00000001800035a4 f   LIBCMT:utility_desktop.obj
 0001:000025ac       __scrt_fastfail            00000001800035ac f   LIBCMT:utility_desktop.obj
 0001:000026f8       _RTC_Initialize            00000001800036f8 f   LIBCMT:_initsect_.obj
 0001:00002744       _RTC_Terminate             0000000180003744 f   LIBCMT:_initsect_.obj
 0001:00002790       _guard_check_icall         0000000180003790 f i LIBCMT:checkcfg.obj
 0001:00002798       __isa_available_init       0000000180003798 f   LIBCMT:_cpu_disp_.obj
 0001:00002954       __scrt_is_ucrt_dll_in_use  0000000180003954 f   LIBCMT:ucrt_detection.obj
 0001:00002960       _guard_check_icall_nop     0000000180003960 f i LIBCMT:guard_support.obj
 0001:00002970       wcsrchr                    0000000180003970 f   libvcruntime:wcsrchr.obj
 0001:00002a30       memset                     0000000180003a30 f   libvcruntime:memset.obj
 0001:00002be0       strchr                     0000000180003be0 f   libvcruntime:strchr.obj
 0001:00002c6c       strrchr                    0000000180003c6c f   libvcruntime:strrchr.obj
 0001:00002dac       __C_specific_handler       0000000180003dac f   libvcruntime:_riscchandler_.obj
 0001:00002fa8       __std_type_info_destroy_list 0000000180003fa8 f   libvcruntime:std_type_info.obj
 0001:00002fd4       __vcrt_initialize          0000000180003fd4 f   libvcruntime:initialization.obj
 0001:00003008       __vcrt_thread_attach       0000000180004008 f   libvcruntime:initialization.obj
 0001:0000301c       __vcrt_thread_detach       000000018000401c f   libvcruntime:initialization.obj
 0001:00003030       __vcrt_uninitialize        0000000180004030 f   libvcruntime:initialization.obj
 0001:00003050       __vcrt_uninitialize_critical 0000000180004050 f   libvcruntime:initialization.obj
 0001:00003070       _local_unwind              0000000180004070 f   libvcruntime:_jmpuwind_.obj
 0001:000030a0       _NLG_Notify                00000001800040a0 f   libvcruntime:_jmpuwind_.obj
 0001:000030c0       __NLG_Dispatch2            00000001800040c0 f   libvcruntime:_jmpuwind_.obj
 0001:000030d0       __NLG_Return2              00000001800040d0 f   libvcruntime:_jmpuwind_.obj
 0001:000030d4       __except_validate_context_record 00000001800040d4 f   libvcruntime:jbcxrval.obj
 0001:0000310c       __vcrt_freefls             000000018000410c f   libvcruntime:per_thread_data.obj
 0001:0000312c       __vcrt_freeptd             000000018000412c f   libvcruntime:per_thread_data.obj
 0001:0000317c       __vcrt_getptd_noexit       000000018000417c f   libvcruntime:per_thread_data.obj
 0001:00003234       __vcrt_initialize_ptd      0000000180004234 f   libvcruntime:per_thread_data.obj
 0001:00003274       __vcrt_uninitialize_ptd    0000000180004274 f   libvcruntime:per_thread_data.obj
 0001:00003298       __vcrt_initialize_locks    0000000180004298 f   libvcruntime:locks.obj
 0001:000032e0       __vcrt_uninitialize_locks  00000001800042e0 f   libvcruntime:locks.obj
 0001:000034f0       __vcrt_FlsAlloc            00000001800044f0 f   libvcruntime:winapi_downlevel.obj
 0001:00003544       __vcrt_FlsFree             0000000180004544 f   libvcruntime:winapi_downlevel.obj
 0001:00003598       __vcrt_FlsGetValue         0000000180004598 f   libvcruntime:winapi_downlevel.obj
 0001:000035ec       __vcrt_FlsSetValue         00000001800045ec f   libvcruntime:winapi_downlevel.obj
 0001:00003654       __vcrt_InitializeCriticalSectionEx 0000000180004654 f   libvcruntime:winapi_downlevel.obj
 0001:000036cc       __vcrt_initialize_winapi_thunks 00000001800046cc f   libvcruntime:winapi_downlevel.obj
 0001:00003710       __vcrt_uninitialize_winapi_thunks 0000000180004710 f   libvcruntime:winapi_downlevel.obj
 0001:00003750       __vcrt_initialize_pure_virtual_call_handler 0000000180004750 f   libvcruntime:purevirt_data.obj
 0001:00003774       _initterm                  0000000180004774 f   libucrt:initterm.obj
 0001:000037ec       _initterm_e                00000001800047ec f   libucrt:initterm.obj
 0001:00003838       _seh_filter_dll            0000000180004838 f   libucrt:exception_filter.obj
 0001:0000384c       _seh_filter_exe            000000018000484c f   libucrt:exception_filter.obj
 0001:00003c0c       __acrt_initialize_thread_local_exit_callback 0000000180004c0c f   libucrt:exit.obj
 0001:00003c14       _cexit                     0000000180004c14 f   libucrt:exit.obj
 0001:00003c24       _exit                      0000000180004c24 f   libucrt:exit.obj
 0001:00003c30       _is_c_termination_complete 0000000180004c30 f   libucrt:exit.obj
 0001:00003df4       __acrt_allocate_buffer_for_argv 0000000180004df4 f   libucrt:argv_parsing.obj
 0001:00003e58       _configure_narrow_argv     0000000180004e58 f   libucrt:argv_parsing.obj
 0001:000041b4       __dcrt_uninitialize_environments_nolock 00000001800051b4 f   libucrt:environment_initialization.obj
 0001:000041ec       _initialize_narrow_environment 00000001800051ec f   libucrt:environment_initialization.obj
 0001:000041f4       ??$?RV<lambda_e24bbb7b643b32fcea6fa61b31d4c984>@@AEAV<lambda_275893d493268fdec8709772e3fcec0e>@@V<lambda_9d71df4d7cf3f480f8d633942495c3b0>@@@?$__crt_seh_guarded_call@H@@QEAAH$$QEAV<lambda_e24bbb7b643b32fcea6fa61b31d4c984>@@AEAV<lambda_275893d493268fdec8709772e3fcec0e>@@$$QEAV<lambda_9d71df4d7cf3f480f8d633942495c3b0>@@@Z 00000001800051f4 f i libucrt:onexit.obj
 0001:00004394       _execute_onexit_table      0000000180005394 f   libucrt:onexit.obj
 0001:000043d0       _initialize_onexit_table   00000001800053d0 f   libucrt:onexit.obj
 0001:00004458       __acrt_uninitialize_command_line 0000000180005458 f   libucrt:argv_data.obj
 0001:00004548       __acrt_initialize          0000000180005548 f   libucrt:initialization.obj
 0001:0000455c       __acrt_thread_attach       000000018000555c f   libucrt:initialization.obj
 0001:00004570       __acrt_thread_detach       0000000180005570 f   libucrt:initialization.obj
 0001:00004580       __acrt_uninitialize        0000000180005580 f   libucrt:initialization.obj
 0001:00004594       __acrt_uninitialize_critical 0000000180005594 f   libucrt:initialization.obj
 0001:000045a4       terminate                  00000001800055a4 f   libucrt:terminate.obj
 0001:000045cc       _free_base                 00000001800055cc f   libucrt:free_base.obj
 0001:0000460c       _malloc_base               000000018000560c f   libucrt:malloc_base.obj
 0001:0000466c       strcpy_s                   000000018000566c f   libucrt:strcpy_s.obj
 0001:000046cc       ??0_LocaleUpdate@@QEAA@QEAU__crt_locale_pointers@@@Z 00000001800056cc f i libucrt:output.obj
 0001:0000475c       abort                      000000018000575c f   libucrt:abort.obj
 0001:000047b4       _calloc_base               00000001800057b4 f   libucrt:calloc_base.obj
 0001:0000482c       wcsncmp                    000000018000582c f   libucrt:wcsncmp.obj
 0001:00004858       ??$?RV<lambda_46352004c1216016012b18bd6f87e700>@@AEAV<lambda_3bd07e1a1191394380780325891bf33f>@@V<lambda_334532d3f185bcaa59b5be82d7d22bff>@@@?$__crt_seh_guarded_call@X@@QEAAX$$QEAV<lambda_46352004c1216016012b18bd6f87e700>@@AEAV<lambda_3bd07e1a1191394380780325891bf33f>@@$$QEAV<lambda_334532d3f185bcaa59b5be82d7d22bff>@@@Z 0000000180005858 f i libucrt:per_thread_data.obj
 0001:000048b8       ??$?RV<lambda_5e887d1dcbef67a5eb4283622ba103bf>@@AEAV<lambda_4466841279450cc726390878d4a41900>@@V<lambda_341c25c0346d94847f1f3c463c57e077>@@@?$__crt_seh_guarded_call@X@@QEAAX$$QEAV<lambda_5e887d1dcbef67a5eb4283622ba103bf>@@AEAV<lambda_4466841279450cc726390878d4a41900>@@$$QEAV<lambda_341c25c0346d94847f1f3c463c57e077>@@@Z 00000001800058b8 f i libucrt:per_thread_data.obj
 0001:00004900       ??$?RV<lambda_72d1df2b273a38828b1ce30cbf4cdab5>@@AEAV<lambda_876a65b173b8412d3a47c70a915b0cf4>@@V<lambda_41932305e351933ebe8f8be3ed8bb5dc>@@@?$__crt_seh_guarded_call@X@@QEAAX$$QEAV<lambda_72d1df2b273a38828b1ce30cbf4cdab5>@@AEAV<lambda_876a65b173b8412d3a47c70a915b0cf4>@@$$QEAV<lambda_41932305e351933ebe8f8be3ed8bb5dc>@@@Z 0000000180005900 f i libucrt:per_thread_data.obj
 0001:00004940       ??$?RV<lambda_fb3a7dec4e47f37f22dae91bb15c9095>@@AEAV<lambda_698284760c8add0bfb0756c19673e34b>@@V<lambda_dfb8eca1e75fef3034a8fb18dd509707>@@@?$__crt_seh_guarded_call@X@@QEAAX$$QEAV<lambda_fb3a7dec4e47f37f22dae91bb15c9095>@@AEAV<lambda_698284760c8add0bfb0756c19673e34b>@@$$QEAV<lambda_dfb8eca1e75fef3034a8fb18dd509707>@@@Z 0000000180005940 f i libucrt:per_thread_data.obj
 0001:00004bd0       __acrt_freeptd             0000000180005bd0 f   libucrt:per_thread_data.obj
 0001:00004c14       __acrt_getptd              0000000180005c14 f   libucrt:per_thread_data.obj
 0001:00004ca8       __acrt_getptd_noexit       0000000180005ca8 f   libucrt:per_thread_data.obj
 0001:00004d48       __acrt_initialize_ptd      0000000180005d48 f   libucrt:per_thread_data.obj
 0001:00004d84       __acrt_uninitialize_ptd    0000000180005d84 f   libucrt:per_thread_data.obj
 0001:00004da8       __acrt_initialize_locks    0000000180005da8 f   libucrt:locks.obj
 0001:00004df0       __acrt_lock                0000000180005df0 f   libucrt:locks.obj
 0001:00004e0c       __acrt_uninitialize_locks  0000000180005e0c f   libucrt:locks.obj
 0001:00004e44       __acrt_unlock              0000000180005e44 f   libucrt:locks.obj
 0001:00005000       __acrt_FlsAlloc            0000000180006000 f   libucrt:winapi_thunks.obj
 0001:00005058       __acrt_FlsFree             0000000180006058 f   libucrt:winapi_thunks.obj
 0001:000050b0       __acrt_FlsGetValue         00000001800060b0 f   libucrt:winapi_thunks.obj
 0001:00005108       __acrt_FlsSetValue         0000000180006108 f   libucrt:winapi_thunks.obj
 0001:00005170       __acrt_InitializeCriticalSectionEx 0000000180006170 f   libucrt:winapi_thunks.obj
 0001:000051e8       __acrt_LCMapStringEx       00000001800061e8 f   libucrt:winapi_thunks.obj
 0001:000052d8       __acrt_LocaleNameToLCID    00000001800062d8 f   libucrt:winapi_thunks.obj
 0001:00005340       __acrt_initialize_winapi_thunks 0000000180006340 f   libucrt:winapi_thunks.obj
 0001:00005378       __acrt_is_packaged_app     0000000180006378 f   libucrt:winapi_thunks.obj
 0001:00005400       __acrt_uninitialize_winapi_thunks 0000000180006400 f   libucrt:winapi_thunks.obj
 0001:00005444       __acrt_call_reportfault    0000000180006444 f   libucrt:invalid_parameter.obj
 0001:000055a0       __acrt_initialize_invalid_parameter_handler 00000001800065a0 f   libucrt:invalid_parameter.obj
 0001:000055a8       _invalid_parameter         00000001800065a8 f   libucrt:invalid_parameter.obj
 0001:00005650       _invalid_parameter_noinfo  0000000180006650 f   libucrt:invalid_parameter.obj
 0001:00005670       _invoke_watson             0000000180006670 f   libucrt:invalid_parameter.obj
 0001:000056b8       __acrt_errno_from_os_error 00000001800066b8 f   libucrt:errno.obj
 0001:00005700       __acrt_errno_map_os_error  0000000180006700 f   libucrt:errno.obj
 0001:00005750       __doserrno                 0000000180006750 f   libucrt:errno.obj
 0001:00005770       _errno                     0000000180006770 f   libucrt:errno.obj
 0001:00005c6c       ?expand_if_necessary@?$argument_list@D@?A0xca0879c4@@AEAAHXZ 0000000180006c6c f i libucrt:argv_wildcards.obj
 0001:00005d34       __acrt_expand_narrow_argv_wildcards 0000000180006d34 f   libucrt:argv_wildcards.obj
 0001:00005d3c       ??$?RV<lambda_99476a1ad63dd22509b5d3e65b0ffc95>@@AEAV<lambda_ad1ced32f4ac17aa236e5ef05d6b3b7c>@@V<lambda_f7424dd8d45958661754dc4f2697e9c3>@@@?$__crt_seh_guarded_call@X@@QEAAX$$QEAV<lambda_99476a1ad63dd22509b5d3e65b0ffc95>@@AEAV<lambda_ad1ced32f4ac17aa236e5ef05d6b3b7c>@@$$QEAV<lambda_f7424dd8d45958661754dc4f2697e9c3>@@@Z 0000000180006d3c f i libucrt:mbctype.obj
 0001:00006438       __acrt_initialize_multibyte 0000000180007438 f   libucrt:mbctype.obj
 0001:00006460       __acrt_update_thread_multibyte_data 0000000180007460 f   libucrt:mbctype.obj
 0001:00006520       _setmbcp_nolock            0000000180007520 f   libucrt:mbctype.obj
 0001:00006840       _ismbblead                 0000000180007840 f   libucrt:ismbbyte.obj
 0001:00006854       __acrt_initialize_command_line 0000000180007854 f   libucrt:argv_data.obj
 0001:0000687c       __dcrt_get_narrow_environment_from_os 000000018000787c f   libucrt:get_environment_from_os.obj
 0001:00006980       _recalloc                  0000000180007980 f   libucrt:recalloc.obj
 0001:00006988       _recalloc_base             0000000180007988 f   libucrt:recalloc.obj
 0001:00006a20       __acrt_initialize_heap     0000000180007a20 f   libucrt:heap_handle.obj
 0001:00006a3c       __acrt_uninitialize_heap   0000000180007a3c f   libucrt:heap_handle.obj
 0001:00006c30       __acrt_initialize_lowio    0000000180007c30 f   libucrt:ioinit.obj
 0001:00006c6c       __acrt_uninitialize_lowio  0000000180007c6c f   libucrt:ioinit.obj
 0001:00006cac       __acrt_execute_initializers 0000000180007cac f   libucrt:shared_initialization.obj
 0001:00006d40       __acrt_execute_uninitializers 0000000180007d40 f   libucrt:shared_initialization.obj
 0001:00006d90       __acrt_initialize_new_handler 0000000180007d90 f   libucrt:new_handler.obj
 0001:00006d98       _callnewh                  0000000180007d98 f   libucrt:new_handler.obj
 0001:00006dd8       _query_new_handler         0000000180007dd8 f   libucrt:new_handler.obj
 0001:00006e0c       ??$?RV<lambda_c36588078e9f5dfd39652860aa6b3aaf>@@AEAV<lambda_ec61778202f4f5fc7e7711acc23c3bca>@@V<lambda_dc9d2797ccde5d239b4a0efae8ebd7db>@@@?$__crt_seh_guarded_call@P6AXH@Z@@QEAAP6AXH@Z$$QEAV<lambda_c36588078e9f5dfd39652860aa6b3aaf>@@AEAV<lambda_ec61778202f4f5fc7e7711acc23c3bca>@@$$QEAV<lambda_dc9d2797ccde5d239b4a0efae8ebd7db>@@@Z 0000000180007e0c f i libucrt:signal.obj
 0001:00006e54       __acrt_get_sigabrt_handler 0000000180007e54 f   libucrt:signal.obj
 0001:00006e84       __acrt_initialize_signal_handlers 0000000180007e84 f   libucrt:signal.obj
 0001:00006ea4       raise                      0000000180007ea4 f   libucrt:signal.obj
 0001:00007140       __acrt_has_user_matherr    0000000180008140 f   libucrt:matherr.obj
 0001:00007160       __acrt_initialize_user_matherr 0000000180008160 f   libucrt:matherr.obj
 0001:00007168       __acrt_invoke_user_matherr 0000000180008168 f   libucrt:matherr.obj
 0001:000071b0       _query_new_mode            00000001800081b0 f   libucrt:new_mode.obj
 0001:000071b8       _mbtowc_l                  00000001800081b8 f   libucrt:mbtowc.obj
 0001:00007300       mbtowc                     0000000180008300 f   libucrt:mbtowc.obj
 0001:00007308       __acrt_update_locale_info  0000000180008308 f   libucrt:locale_update.obj
 0001:0000733c       __acrt_update_multibyte_info 000000018000833c f   libucrt:locale_update.obj
 0001:00007370       _fileno                    0000000180008370 f   libucrt:fileno.obj
 0001:00007398       __acrt_initialize_stdio    0000000180008398 f   libucrt:_file.obj
 0001:000074b8       __acrt_uninitialize_stdio  00000001800084b8 f   libucrt:_file.obj
 0001:00007514       _lock_file                 0000000180008514 f   libucrt:_file.obj
 0001:00007520       _unlock_file               0000000180008520 f   libucrt:_file.obj
 0001:0000752c       __acrt_set_locale_changed  000000018000852c f   libucrt:wsetlocale.obj
 0001:00007538       __acrt_uninitialize_locale 0000000180008538 f   libucrt:wsetlocale.obj
 0001:00007580       __pctype_func              0000000180008580 f   libucrt:ctype.obj
 0001:000075b0       __acrt_add_locale_ref      00000001800085b0 f   libucrt:locale_refcounting.obj
 0001:0000763c       __acrt_free_locale         000000018000863c f   libucrt:locale_refcounting.obj
 0001:000077b4       __acrt_locale_add_lc_time_reference 00000001800087b4 f   libucrt:locale_refcounting.obj
 0001:000077dc       __acrt_locale_free_lc_time_if_unreferenced 00000001800087dc f   libucrt:locale_refcounting.obj
 0001:00007814       __acrt_locale_release_lc_time_reference 0000000180008814 f   libucrt:locale_refcounting.obj
 0001:0000783c       __acrt_release_locale_ref  000000018000883c f   libucrt:locale_refcounting.obj
 0001:000078e4       __acrt_update_thread_locale_data 00000001800088e4 f   libucrt:locale_refcounting.obj
 0001:00007954       _updatetlocinfoEx_nolock   0000000180008954 f   libucrt:locale_refcounting.obj
 0001:00007a84       __acrt_DownlevelLocaleNameToLCID 0000000180008a84 f   libucrt:lcidtoname_downlevel.obj
 0001:00007b90       qsort                      0000000180008b90 f   libucrt:qsort.obj
 0001:00007ec4       strncpy_s                  0000000180008ec4 f   libucrt:strncpy_s.obj
 0001:00007f98       strpbrk                    0000000180008f98 f   libucrt:strpbrk.obj
 0001:00008038       _mbsdec                    0000000180009038 f   libucrt:mbsdec.obj
 0001:00008040       _mbsdec_l                  0000000180009040 f   libucrt:mbsdec.obj
 0001:000080f0       __acrt_GetStringTypeA      00000001800090f0 f   libucrt:getstringtypea.obj
 0001:00008600       __acrt_LCMapStringA        0000000180009600 f   libucrt:lcmapstringa.obj
 0001:00008698       _msize                     0000000180009698 f   libucrt:msize.obj
 0001:000086d4       _realloc_base              00000001800096d4 f   libucrt:realloc_base.obj
 0001:00008758       __acrt_lowio_create_handle_array 0000000180009758 f   libucrt:osfinfo.obj
 0001:000087f0       __acrt_lowio_destroy_handle_array 00000001800097f0 f   libucrt:osfinfo.obj
 0001:00008840       __acrt_lowio_ensure_fh_exists 0000000180009840 f   libucrt:osfinfo.obj
 0001:000088f8       __acrt_lowio_lock_fh       00000001800098f8 f   libucrt:osfinfo.obj
 0001:0000891c       __acrt_lowio_unlock_fh     000000018000991c f   libucrt:osfinfo.obj
 0001:00008940       _free_osfhnd               0000000180009940 f   libucrt:osfinfo.obj
 0001:000089fc       _get_osfhandle             00000001800099fc f   libucrt:osfinfo.obj
 0001:00008a74       _isatty                    0000000180009a74 f   libucrt:isatty.obj
 0001:00008ad4       __acrt_stdio_flush_nolock  0000000180009ad4 f   libucrt:fflush.obj
 0001:00008b4c       _fflush_nolock             0000000180009b4c f   libucrt:fflush.obj
 0001:00008b98       _flushall                  0000000180009b98 f   libucrt:fflush.obj
 0001:00008c88       _isleadbyte_l              0000000180009c88 f i libucrt:_wctype.obj
 0001:00008cc8       _fcloseall                 0000000180009cc8 f   libucrt:closeall.obj
 0001:00008d7c       __acrt_stdio_free_buffer_nolock 0000000180009d7c f   libucrt:_freebuf.obj
 0001:00008dbc       __acrt_locale_free_monetary 0000000180009dbc f   libucrt:initmon.obj
 0001:00008ec8       __acrt_locale_free_numeric 0000000180009ec8 f   libucrt:initnum.obj
 0001:00008f8c       __acrt_locale_free_time    0000000180009f8c f   libucrt:inittime.obj
 0001:00009094       __strncnt                  000000018000a094 f   libucrt:strncnt.obj
 0001:000090ac       _query_app_type            000000018000a0ac f   libucrt:report_runtime_error.obj
 0001:000090b4       ??$?RV<lambda_b521505b218e5242e90febf6bfebc422>@@AEAV<lambda_6978c1fb23f02e42e1d9e99668cc68aa>@@V<lambda_314360699dd331753a4119843814e9a7>@@@?$__crt_seh_guarded_call@H@@QEAAH$$QEAV<lambda_b521505b218e5242e90febf6bfebc422>@@AEAV<lambda_6978c1fb23f02e42e1d9e99668cc68aa>@@$$QEAV<lambda_314360699dd331753a4119843814e9a7>@@@Z 000000018000a0b4 f i libucrt:commit.obj
 0001:00009140       _commit                    000000018000a140 f   libucrt:commit.obj
 0001:00009774       _write                     000000018000a774 f   libucrt:write.obj
 0001:00009860       _write_nolock              000000018000a860 f   libucrt:write.obj
 0001:00009b50       log10                      000000018000ab50 f   libucrt:log10.obj
 0001:0000a198       _lseeki64_nolock           000000018000b198 f   libucrt:lseek.obj
 0001:0000a1a0       _fclose_nolock             000000018000b1a0 f   libucrt:fclose.obj
 0001:0000a224       fclose                     000000018000b224 f   libucrt:fclose.obj
 0001:0000a290       _putwch_nolock             000000018000b290 f   libucrt:putwch.obj
 0001:0000a410       _handle_error              000000018000b410 f   libucrt:libm_error.obj
 0001:0000a540       __acrt_initialize_fma3     000000018000b540 f   libucrt:fma3_available.obj
 0001:0000a5b0       _log10_special             000000018000b5b0 f   libucrt:log_special.obj
 0001:0000a668       ??$?RV<lambda_bfedae4ebbf01fab1bb6dcc6a9e276e0>@@AEAV<lambda_2fe9b910cf3cbf4a0ab98a02ba45b3ec>@@V<lambda_237c231691f317818eb88cc1d5d642d6>@@@?$__crt_seh_guarded_call@H@@QEAAH$$QEAV<lambda_bfedae4ebbf01fab1bb6dcc6a9e276e0>@@AEAV<lambda_2fe9b910cf3cbf4a0ab98a02ba45b3ec>@@$$QEAV<lambda_237c231691f317818eb88cc1d5d642d6>@@@Z 000000018000b668 f i libucrt:close.obj
 0001:0000a6dc       _close                     000000018000b6dc f   libucrt:close.obj
 0001:0000a780       _close_nolock              000000018000b780 f   libucrt:close.obj
 0001:0000a83c       ?__acrt_stdio_free_stream@@YAXV__crt_stdio_stream@@@Z 000000018000b83c f   libucrt:stream.obj
 0001:0000a880       __dcrt_lowio_initialize_console_output 000000018000b880 f   libucrt:initcon.obj
 0001:0000a8bc       __dcrt_terminate_console_output 000000018000b8bc f   libucrt:initcon.obj
 0001:0000a8f0       _get_fpsr                  000000018000b8f0 f   libucrt:fpsr.obj
 0001:0000a900       _set_fpsr                  000000018000b900 f   libucrt:fpsr.obj
 0001:0000a90a       _fclrf                     000000018000b90a f   libucrt:fpsr.obj
 0001:0000a91e       _frnd                      000000018000b91e f   libucrt:fpsr.obj
 0001:0000a940       _raise_exc                 000000018000b940 f   libucrt:fpexcept.obj
 0001:0000a968       _raise_exc_ex              000000018000b968 f   libucrt:fpexcept.obj
 0001:0000ac70       _set_errno_from_matherr    000000018000bc70 f   libucrt:fpexcept.obj
 0001:0000aca0       _clrfp                     000000018000bca0 f   libucrt:fpctrl.obj
 0001:0000acc0       _ctrlfp                    000000018000bcc0 f   libucrt:fpctrl.obj
 0001:0000ad3c       _set_statfp                000000018000bd3c f   libucrt:fpctrl.obj
 0001:0000ad5c       _statfp                    000000018000bd5c f   libucrt:fpctrl.obj
 0001:0000ad6d       IsProcessorFeaturePresent  000000018000bd6d f   kernel32:KERNEL32.dll
 0001:0000ad73       RtlUnwindEx                000000018000bd73 f   kernel32:KERNEL32.dll
 0001:0000ad80       _FindPESection             000000018000bd80 f   LIBCMT:pesect.obj
 0001:0000add0       _IsNonwritableInCurrentImage 000000018000bdd0 f   LIBCMT:pesect.obj
 0001:0000ae20       _ValidateImageBase         000000018000be20 f   LIBCMT:pesect.obj
 0001:0000ae60       __chkstk                   000000018000be60 f   LIBCMT:_chkstk_.obj
 0001:0000ae60       _alloca_probe              000000018000be60 f   LIBCMT:_chkstk_.obj
 0001:0000aed0       memmove                    000000018000bed0 f   libvcruntime:memcpy.obj
 0001:0000aed0       memcpy                     000000018000bed0 f   libvcruntime:memcpy.obj
 0001:0000b330       memcmp                     000000018000c330 f   libvcruntime:memcmp.obj
 0001:0000b410       _guard_dispatch_icall_nop  000000018000c410 f   LIBCMT:_guard_dispatch_.obj
 0001:0000b430       __guard_ss_verify_failure  000000018000c430 f   LIBCMT:_rfgfailure_.obj
 0001:0000b43b       __guard_ss_verify_failure_rcx 000000018000c43b     LIBCMT:_rfgfailure_.obj
 0001:0000b441       __guard_ss_verify_failure_rdx 000000018000c441     LIBCMT:_rfgfailure_.obj
 0001:0000b447       __guard_ss_verify_failure_r8 000000018000c447     LIBCMT:_rfgfailure_.obj
 0001:0000b44d       __guard_ss_verify_failure_r9 000000018000c44d     LIBCMT:_rfgfailure_.obj
 0001:0000b453       __guard_ss_verify_failure_r10 000000018000c453     LIBCMT:_rfgfailure_.obj
 0001:0000b460       __guard_ss_verify_failure_default 000000018000c460 f   LIBCMT:_rfgfailure_.obj
 0001:0000b4c0       __guard_ss_verify_sp       000000018000c4c0 f   LIBCMT:_rfgfailure_.obj
 0001:0000b4d0       __guard_ss_verify_sp_default 000000018000c4d0 f   LIBCMT:_rfgfailure_.obj
 0002:00000000       __imp_SelectObject         000000018000d000     gdi32:GDI32.dll
 0002:00000008       __imp_DeleteObject         000000018000d008     gdi32:GDI32.dll
 0002:00000010       __imp_DeleteDC             000000018000d010     gdi32:GDI32.dll
 0002:00000018       __imp_CreateSolidBrush     000000018000d018     gdi32:GDI32.dll
 0002:00000020       __imp_CreateCompatibleDC   000000018000d020     gdi32:GDI32.dll
 0002:00000028       __imp_CreateDIBSection     000000018000d028     gdi32:GDI32.dll
 0002:00000030       \177GDI32_NULL_THUNK_DATA  000000018000d030     gdi32:GDI32.dll
 0002:00000038       __imp_WriteFile            000000018000d038     kernel32:KERNEL32.dll
 0002:00000040       __imp_CloseHandle          000000018000d040     kernel32:KERNEL32.dll
 0002:00000048       __imp_lstrcpynW            000000018000d048     kernel32:KERNEL32.dll
 0002:00000050       __imp_lstrcpyW             000000018000d050     kernel32:KERNEL32.dll
 0002:00000058       __imp_lstrcatW             000000018000d058     kernel32:KERNEL32.dll
 0002:00000060       __imp_lstrlenW             000000018000d060     kernel32:KERNEL32.dll
 0002:00000068       __imp_LoadLibraryW         000000018000d068     kernel32:KERNEL32.dll
 0002:00000070       __imp_WaitForSingleObject  000000018000d070     kernel32:KERNEL32.dll
 0002:00000078       __imp_GetTempFileNameW     000000018000d078     kernel32:KERNEL32.dll
 0002:00000080       __imp_CreateFileW          000000018000d080     kernel32:KERNEL32.dll
 0002:00000088       __imp_DeleteFileW          000000018000d088     kernel32:KERNEL32.dll
 0002:00000090       __imp_WriteConsoleW        000000018000d090     kernel32:KERNEL32.dll
 0002:00000098       __imp_SetFilePointerEx     000000018000d098     kernel32:KERNEL32.dll
 0002:000000a0       __imp_GetLastError         000000018000d0a0     kernel32:KERNEL32.dll
 0002:000000a8       __imp_GetProcessHeap       000000018000d0a8     kernel32:KERNEL32.dll
 0002:000000b0       __imp_HeapFree             000000018000d0b0     kernel32:KERNEL32.dll
 0002:000000b8       __imp_HeapAlloc            000000018000d0b8     kernel32:KERNEL32.dll
 0002:000000c0       __imp_GetProcAddress       000000018000d0c0     kernel32:KERNEL32.dll
 0002:000000c8       __imp_GetTempPathW         000000018000d0c8     kernel32:KERNEL32.dll
 0002:000000d0       __imp_FreeLibrary          000000018000d0d0     kernel32:KERNEL32.dll
 0002:000000d8       __imp_GetConsoleMode       000000018000d0d8     kernel32:KERNEL32.dll
 0002:000000e0       __imp_GetConsoleCP         000000018000d0e0     kernel32:KERNEL32.dll
 0002:000000e8       __imp_FlushFileBuffers     000000018000d0e8     kernel32:KERNEL32.dll
 0002:000000f0       __imp_HeapCreate           000000018000d0f0     kernel32:KERNEL32.dll
 0002:000000f8       __imp_HeapDestroy          000000018000d0f8     kernel32:KERNEL32.dll
 0002:00000100       __imp_HeapReAlloc          000000018000d100     kernel32:KERNEL32.dll
 0002:00000108       __imp_RaiseException       000000018000d108     kernel32:KERNEL32.dll
 0002:00000110       __imp_CreateThread         000000018000d110     kernel32:KERNEL32.dll
 0002:00000118       __imp_GetCurrentThreadId   000000018000d118     kernel32:KERNEL32.dll
 0002:00000120       __imp_TerminateThread      000000018000d120     kernel32:KERNEL32.dll
 0002:00000128       __imp_SetLastError         000000018000d128     kernel32:KERNEL32.dll
 0002:00000130       __imp_ResumeThread         000000018000d130     kernel32:KERNEL32.dll
 0002:00000138       __imp_IsDebuggerPresent    000000018000d138     kernel32:KERNEL32.dll
 0002:00000140       __imp_GetTickCount         000000018000d140     kernel32:KERNEL32.dll
 0002:00000148       __imp_lstrcpynA            000000018000d148     kernel32:KERNEL32.dll
 0002:00000150       __imp_RtlCaptureContext    000000018000d150     kernel32:KERNEL32.dll
 0002:00000158       __imp_RtlLookupFunctionEntry 000000018000d158     kernel32:KERNEL32.dll
 0002:00000160       __imp_RtlVirtualUnwind     000000018000d160     kernel32:KERNEL32.dll
 0002:00000168       __imp_UnhandledExceptionFilter 000000018000d168     kernel32:KERNEL32.dll
 0002:00000170       __imp_SetUnhandledExceptionFilter 000000018000d170     kernel32:KERNEL32.dll
 0002:00000178       __imp_GetCurrentProcess    000000018000d178     kernel32:KERNEL32.dll
 0002:00000180       __imp_TerminateProcess     000000018000d180     kernel32:KERNEL32.dll
 0002:00000188       __imp_IsProcessorFeaturePresent 000000018000d188     kernel32:KERNEL32.dll
 0002:00000190       __imp_QueryPerformanceCounter 000000018000d190     kernel32:KERNEL32.dll
 0002:00000198       __imp_GetCurrentProcessId  000000018000d198     kernel32:KERNEL32.dll
 0002:000001a0       __imp_GetSystemTimeAsFileTime 000000018000d1a0     kernel32:KERNEL32.dll
 0002:000001a8       __imp_InitializeSListHead  000000018000d1a8     kernel32:KERNEL32.dll
 0002:000001b0       __imp_GetStartupInfoW      000000018000d1b0     kernel32:KERNEL32.dll
 0002:000001b8       __imp_GetModuleHandleW     000000018000d1b8     kernel32:KERNEL32.dll
 0002:000001c0       __imp_RtlUnwindEx          000000018000d1c0     kernel32:KERNEL32.dll
 0002:000001c8       __imp_InterlockedFlushSList 000000018000d1c8     kernel32:KERNEL32.dll
 0002:000001d0       __imp_EnterCriticalSection 000000018000d1d0     kernel32:KERNEL32.dll
 0002:000001d8       __imp_LeaveCriticalSection 000000018000d1d8     kernel32:KERNEL32.dll
 0002:000001e0       __imp_DeleteCriticalSection 000000018000d1e0     kernel32:KERNEL32.dll
 0002:000001e8       __imp_InitializeCriticalSectionAndSpinCount 000000018000d1e8     kernel32:KERNEL32.dll
 0002:000001f0       __imp_TlsAlloc             000000018000d1f0     kernel32:KERNEL32.dll
 0002:000001f8       __imp_TlsGetValue          000000018000d1f8     kernel32:KERNEL32.dll
 0002:00000200       __imp_TlsSetValue          000000018000d200     kernel32:KERNEL32.dll
 0002:00000208       __imp_TlsFree              000000018000d208     kernel32:KERNEL32.dll
 0002:00000210       __imp_LoadLibraryExW       000000018000d210     kernel32:KERNEL32.dll
 0002:00000218       __imp_ExitProcess          000000018000d218     kernel32:KERNEL32.dll
 0002:00000220       __imp_GetModuleHandleExW   000000018000d220     kernel32:KERNEL32.dll
 0002:00000228       __imp_GetModuleFileNameA   000000018000d228     kernel32:KERNEL32.dll
 0002:00000230       __imp_MultiByteToWideChar  000000018000d230     kernel32:KERNEL32.dll
 0002:00000238       __imp_WideCharToMultiByte  000000018000d238     kernel32:KERNEL32.dll
 0002:00000240       __imp_LCMapStringW         000000018000d240     kernel32:KERNEL32.dll
 0002:00000248       __imp_FindClose            000000018000d248     kernel32:KERNEL32.dll
 0002:00000250       __imp_FindFirstFileExA     000000018000d250     kernel32:KERNEL32.dll
 0002:00000258       __imp_FindNextFileA        000000018000d258     kernel32:KERNEL32.dll
 0002:00000260       __imp_IsValidCodePage      000000018000d260     kernel32:KERNEL32.dll
 0002:00000268       __imp_GetACP               000000018000d268     kernel32:KERNEL32.dll
 0002:00000270       __imp_GetOEMCP             000000018000d270     kernel32:KERNEL32.dll
 0002:00000278       __imp_GetCPInfo            000000018000d278     kernel32:KERNEL32.dll
 0002:00000280       __imp_GetCommandLineA      000000018000d280     kernel32:KERNEL32.dll
 0002:00000288       __imp_GetCommandLineW      000000018000d288     kernel32:KERNEL32.dll
 0002:00000290       __imp_GetEnvironmentStringsW 000000018000d290     kernel32:KERNEL32.dll
 0002:00000298       __imp_FreeEnvironmentStringsW 000000018000d298     kernel32:KERNEL32.dll
 0002:000002a0       __imp_GetStdHandle         000000018000d2a0     kernel32:KERNEL32.dll
 0002:000002a8       __imp_GetFileType          000000018000d2a8     kernel32:KERNEL32.dll
 0002:000002b0       __imp_GetStringTypeW       000000018000d2b0     kernel32:KERNEL32.dll
 0002:000002b8       __imp_HeapSize             000000018000d2b8     kernel32:KERNEL32.dll
 0002:000002c0       __imp_SetStdHandle         000000018000d2c0     kernel32:KERNEL32.dll
 0002:000002c8       \177KERNEL32_NULL_THUNK_DATA 000000018000d2c8     kernel32:KERNEL32.dll
 0002:000002d0       __imp_FillRect             000000018000d2d0     user32:USER32.dll
 0002:000002d8       __imp_wsprintfW            000000018000d2d8     user32:USER32.dll
 0002:000002e0       __imp_CharLowerBuffW       000000018000d2e0     user32:USER32.dll
 0002:000002e8       __imp_wsprintfA            000000018000d2e8     user32:USER32.dll
 0002:000002f0       \177USER32_NULL_THUNK_DATA 000000018000d2f0     user32:USER32.dll
 0002:000002f8       __imp_CoUninitialize       000000018000d2f8     ole32:ole32.dll
 0002:00000300       __imp_CoInitialize         000000018000d300     ole32:ole32.dll
 0002:00000308       \177ole32_NULL_THUNK_DATA  000000018000d308     ole32:ole32.dll
 0002:00000310       __guard_check_icall_fptr   000000018000d310     LIBCMT:guard_support.obj
 0002:00000318       __guard_dispatch_icall_fptr 000000018000d318     LIBCMT:guard_support.obj
 0002:00000320       __guard_ss_verify_failure_fptr 000000018000d320     LIBCMT:guard_support.obj
 0002:00000328       __guard_ss_verify_sp_fptr  000000018000d328     LIBCMT:guard_support.obj
 0002:00000330       __xc_a                     000000018000d330     LIBCMT:initializers.obj
 0002:00000338       __xc_z                     000000018000d338     LIBCMT:initializers.obj
 0002:00000340       __xi_a                     000000018000d340     LIBCMT:initializers.obj
 0002:00000348       __acrt_multibyte_initializer 000000018000d348     libucrt:multibyte_initializer.obj
 0002:00000350       __acrt_stdio_initializer   000000018000d350     libucrt:stdio_initializer.obj
 0002:00000358       __acrt_tran_fma3_initializer 000000018000d358     libucrt:fma3_initializer.obj
 0002:00000360       __xi_z                     000000018000d360     LIBCMT:initializers.obj
 0002:00000368       __xp_a                     000000018000d368     LIBCMT:initializers.obj
 0002:00000370       __acrt_locale_terminator   000000018000d370     libucrt:locale_initializer.obj
 0002:00000378       __dcrt_console_output_terminator 000000018000d378     libucrt:console_output_initializer.obj
 0002:00000380       __acrt_stdio_terminator    000000018000d380     libucrt:stdio_initializer.obj
 0002:00000388       __xp_z                     000000018000d388     LIBCMT:initializers.obj
 0002:00000390       __xt_a                     000000018000d390     LIBCMT:initializers.obj
 0002:00000398       __xt_z                     000000018000d398     LIBCMT:initializers.obj
 0002:000003a0       FrameDimensionTime         000000018000d3a0     gdip.obj
 0002:000003b0       FrameDimensionPage         000000018000d3b0     gdip.obj
 0002:000003c0       ??_C@_1BI@LOJECBFD@?$AAG?$AAd?$AAi?$AAP?$AAl?$AAu?$AAs?$AA?4?$AAd?$AAl?$AAl?$AA?$AA@ 000000018000d3c0     gdip.obj
 0002:000003d8       ??_C@_0P@NIGHOHPH@GdiplusStartup?$AA@ 000000018000d3d8     gdip.obj
 0002:000003e8       ??_C@_0BA@OMKIAPCJ@GdiplusShutdown?$AA@ 000000018000d3e8     gdip.obj
 0002:000003f8       ??_C@_0BJ@IPKMAACN@GdipCreateBitmapFromFile?$AA@ 000000018000d3f8     gdip.obj
 0002:00000418       ??_C@_0BG@OPKFAGML@GdipGetImageThumbnail?$AA@ 000000018000d418     gdip.obj
 0002:00000430       ??_C@_0BC@DPLNHGNM@GdipGetImageWidth?$AA@ 000000018000d430     gdip.obj
 0002:00000448       ??_C@_0BD@JIGBIPOH@GdipGetImageHeight?$AA@ 000000018000d448     gdip.obj
 0002:00000460       ??_C@_0BI@DDNLFBKI@GdipGetImagePixelFormat?$AA@ 000000018000d460     gdip.obj
 0002:00000478       ??_C@_0BB@MGCHKKMH@GdipDisposeImage?$AA@ 000000018000d478     gdip.obj
 0002:00000490       ??_C@_0BH@PCHOHMFI@GdipImageGetFrameCount?$AA@ 000000018000d490     gdip.obj
 0002:000004a8       ??_C@_0BL@FLMDGKNM@GdipImageSelectActiveFrame?$AA@ 000000018000d4a8     gdip.obj
 0002:000004c8       ??_C@_0BI@PFDIBLKB@GdipGetPropertyItemSize?$AA@ 000000018000d4c8     gdip.obj
 0002:000004e0       ??_C@_0BE@JLBHAGMH@GdipGetPropertyItem?$AA@ 000000018000d4e0     gdip.obj
 0002:000004f8       ??_C@_0BE@HNMMICFD@GdipImageRotateFlip?$AA@ 000000018000d4f8     gdip.obj
 0002:00000510       ??_C@_0BG@BONHLFMI@GdipGetImageRawFormat?$AA@ 000000018000d510     gdip.obj
 0002:00000528       ??_C@_0BC@PACDIGJN@GdipCreateFromHDC?$AA@ 000000018000d528     gdip.obj
 0002:00000540       ??_C@_0BD@MFGJCODH@GdipDeleteGraphics?$AA@ 000000018000d540     gdip.obj
 0002:00000558       ??_C@_0BH@MHAPNLKM@GdipDrawImageRectRectI?$AA@ 000000018000d558     gdip.obj
 0002:00000570       ??_C@_0BF@OBPAMLNN@gdip?3?3FreeThreadProc?$AA@ 000000018000d570     gdip.obj
 0002:00000588       ??_C@_0BP@JHAENBH@ConEmuTh?2Modules?2gdip?2gdip?4cpp?$AA@ 000000018000d588     gdip.obj
 0002:000005a8       ??_C@_17CGDFOGLC@?$AAC?$AAE?$AAT?$AA?$AA@ 000000018000d5a8     gdip.obj
 0002:000005b0       ??_C@_19JJJNAIHN@?$AAJ?$AAP?$AAE?$AAG?$AA?$AA@ 000000018000d5b0     gdip.obj
 0002:000005c0       ??_C@_19PNCGIGON@?$AAT?$AAI?$AAF?$AAF?$AA?$AA@ 000000018000d5c0     gdip.obj
 0002:000005d0       ??_C@_19HEANOPFL@?$AAE?$AAX?$AAI?$AAF?$AA?$AA@ 000000018000d5d0     gdip.obj
 0002:000005e0       ??_C@_1CA@KKEPPKFF@?$AA?$CF?$AAi?$AA?5?$AAx?$AA?5?$AA?$CF?$AAi?$AA?5?$AAx?$AA?5?$AA?$CF?$AAi?$AAb?$AAp?$AAp?$AA?$AA@ 000000018000d5e0     gdip.obj
 0002:00000600       ??_C@_1M@HKOFHKAI@?$AA?5?$AA?$FL?$AA?$CF?$AAi?$AA?$FN?$AA?$AA@ 000000018000d600     gdip.obj
 0002:0000060c       ??_C@_13HOIJIPNN@?$AA?5?$AA?$AA@ 000000018000d60c     gdip.obj
 0002:00000610       ??_C@_05LCABBMOG@?$CFs?3?$CFi?$AA@ 000000018000d610     common-kernel64:WThreads.obj
 0002:00000628       _pRawDllMain               000000018000d628     LIBCMT:dll_dllmain.obj
 0002:00000628       _pDefaultRawDllMain        000000018000d628     LIBCMT:dll_dllmain.obj
 0002:00000958       ??_C@_08EHJDFFNH@__based?$CI?$AA@ 000000018000d958     libvcruntime:undname.obj
 0002:00000968       ??_C@_07KOLFKCDI@__cdecl?$AA@ 000000018000d968     libvcruntime:undname.obj
 0002:00000970       ??_C@_08GHMPAG@__pascal?$AA@ 000000018000d970     libvcruntime:undname.obj
 0002:00000980       ??_C@_09IFJBGAPI@__stdcall?$AA@ 000000018000d980     libvcruntime:undname.obj
 0002:00000990       ??_C@_0L@NPHFGOKO@__thiscall?$AA@ 000000018000d990     libvcruntime:undname.obj
 0002:000009a0       ??_C@_0L@JMKHOMEK@__fastcall?$AA@ 000000018000d9a0     libvcruntime:undname.obj
 0002:000009b0       ??_C@_0N@BCKKPABJ@__vectorcall?$AA@ 000000018000d9b0     libvcruntime:undname.obj
 0002:000009c0       ??_C@_09HIJEGCPM@__clrcall?$AA@ 000000018000d9c0     libvcruntime:undname.obj
 0002:000009cc       ??_C@_06GHPCKEAG@__eabi?$AA@ 000000018000d9cc     libvcruntime:undname.obj
 0002:000009d8       ??_C@_07JOMMBBKO@__ptr64?$AA@ 000000018000d9d8     libvcruntime:undname.obj
 0002:000009e0       ??_C@_0L@PILCLIHE@__restrict?$AA@ 000000018000d9e0     libvcruntime:undname.obj
 0002:000009f0       ??_C@_0M@GFIIJFMG@__unaligned?$AA@ 000000018000d9f0     libvcruntime:undname.obj
 0002:00000a00       ??_C@_09DHDLOLLB@restrict?$CI?$AA@ 000000018000da00     libvcruntime:undname.obj
 0002:00000a0a       ??_C@_00CNPNBAHC@?$AA@     000000018000da0a     libvcruntime:undname.obj
 0002:00000a0c       ??_C@_04NIHEBCM@?5new?$AA@ 000000018000da0c     libvcruntime:undname.obj
 0002:00000a18       ??_C@_07FPCDHGMM@?5delete?$AA@ 000000018000da18     libvcruntime:undname.obj
 0002:00000a20       ??_C@_01NEMOKFLO@?$DN?$AA@ 000000018000da20     libvcruntime:undname.obj
 0002:00000a24       ??_C@_02GPIOPFAK@?$DO?$DO?$AA@ 000000018000da24     libvcruntime:undname.obj
 0002:00000a28       ??_C@_02FODMEDOG@?$DM?$DM?$AA@ 000000018000da28     libvcruntime:undname.obj
 0002:00000a2c       ??_C@_01DCLJPIOD@?$CB?$AA@ 000000018000da2c     libvcruntime:undname.obj
 0002:00000a30       ??_C@_02EGOFBIJA@?$DN?$DN?$AA@ 000000018000da30     libvcruntime:undname.obj
 0002:00000a34       ??_C@_02FDNJECIE@?$CB?$DN?$AA@ 000000018000da34     libvcruntime:undname.obj
 0002:00000a38       ??_C@_02GPECMEKF@?$FL?$FN?$AA@ 000000018000da38     libvcruntime:undname.obj
 0002:00000a40       ??_C@_08LHJFAFGD@operator?$AA@ 000000018000da40     libvcruntime:undname.obj
 0002:00000a4c       ??_C@_02HBOOOICD@?9?$DO?$AA@ 000000018000da4c     libvcruntime:undname.obj
 0002:00000a50       ??_C@_01NBENCBCI@?$CK?$AA@ 000000018000da50     libvcruntime:undname.obj
 0002:00000a54       ??_C@_02ECNGHCIF@?$CL?$CL?$AA@ 000000018000da54     libvcruntime:undname.obj
 0002:00000a58       ??_C@_02BAABKJLB@?9?9?$AA@ 000000018000da58     libvcruntime:undname.obj
 0002:00000a5c       ??_C@_01JOAMLHOP@?9?$AA@   000000018000da5c     libvcruntime:undname.obj
 0002:00000a60       ??_C@_01MIFGBAGJ@?$CL?$AA@ 000000018000da60     libvcruntime:undname.obj
 0002:00000a64       ??_C@_01HNPIGOCE@?$CG?$AA@ 000000018000da64     libvcruntime:undname.obj
 0002:00000a68       ??_C@_03MNHNFDLC@?9?$DO?$CK?$AA@ 000000018000da68     libvcruntime:undname.obj
 0002:00000a6c       ??_C@_01KMDKNFGN@?1?$AA@   000000018000da6c     libvcruntime:undname.obj
 0002:00000a70       ??_C@_01FGNFDNOH@?$CF?$AA@ 000000018000da70     libvcruntime:undname.obj
 0002:00000a74       ??_C@_01MNNFJEPP@?$DM?$AA@ 000000018000da74     libvcruntime:undname.obj
 0002:00000a78       ??_C@_02EHCHHCKH@?$DM?$DN?$AA@ 000000018000da78     libvcruntime:undname.obj
 0002:00000a7c       ??_C@_01PPODPGHN@?$DO?$AA@ 000000018000da7c     libvcruntime:undname.obj
 0002:00000a80       ??_C@_02EEKDKGMJ@?$DO?$DN?$AA@ 000000018000da80     libvcruntime:undname.obj
 0002:00000a84       ??_C@_01IHBHIGKO@?0?$AA@   000000018000da84     libvcruntime:undname.obj
 0002:00000a88       ??_C@_02HCKGKOFO@?$CI?$CJ?$AA@ 000000018000da88     libvcruntime:undname.obj
 0002:00000a8c       ??_C@_01PJKLJHI@?$HO?$AA@  000000018000da8c     libvcruntime:undname.obj
 0002:00000a90       ??_C@_01JKBOJNNK@?$FO?$AA@ 000000018000da90     libvcruntime:undname.obj
 0002:00000a94       ??_C@_01DNKMNLPK@?$HM?$AA@ 000000018000da94     libvcruntime:undname.obj
 0002:00000a98       ??_C@_02PPKAJPJL@?$CG?$CG?$AA@ 000000018000da98     libvcruntime:undname.obj
 0002:00000a9c       ??_C@_02NONPIBCD@?$HM?$HM?$AA@ 000000018000da9c     libvcruntime:undname.obj
 0002:00000aa0       ??_C@_02FPIMKNGF@?$CK?$DN?$AA@ 000000018000daa0     libvcruntime:undname.obj
 0002:00000aa4       ??_C@_02FOEOMHFC@?$CL?$DN?$AA@ 000000018000daa4     libvcruntime:undname.obj
 0002:00000aa8       ??_C@_02FKMDLLOA@?9?$DN?$AA@ 000000018000daa8     libvcruntime:undname.obj
 0002:00000aac       ??_C@_02FJEHGPIO@?1?$DN?$AA@ 000000018000daac     libvcruntime:undname.obj
 0002:00000ab0       ??_C@_02FENAOKFI@?$CF?$DN?$AA@ 000000018000dab0     libvcruntime:undname.obj
 0002:00000ab4       ??_C@_03IKFCCPFF@?$DO?$DO?$DN?$AA@ 000000018000dab4     libvcruntime:undname.obj
 0002:00000ab8       ??_C@_03CDNPDDLA@?$DM?$DM?$DN?$AA@ 000000018000dab8     libvcruntime:undname.obj
 0002:00000abc       ??_C@_02FGJGFEAB@?$CG?$DN?$AA@ 000000018000dabc     libvcruntime:undname.obj
 0002:00000ac0       ??_C@_02DHLNPPGH@?$HM?$DN?$AA@ 000000018000dac0     libvcruntime:undname.obj
 0002:00000ac4       ??_C@_02MHEGNOJ@?$FO?$DN?$AA@ 000000018000dac4     libvcruntime:undname.obj
 0002:00000ac8       ??_C@_09IFPLHPGF@?$GAvftable?8?$AA@ 000000018000dac8     libvcruntime:undname.obj
 0002:00000ad8       ??_C@_09BLBHBJP@?$GAvbtable?8?$AA@ 000000018000dad8     libvcruntime:undname.obj
 0002:00000ae8       ??_C@_07FEEIOKP@?$GAvcall?8?$AA@ 000000018000dae8     libvcruntime:undname.obj
 0002:00000af0       ??_C@_08LLFFHHDJ@?$GAtypeof?8?$AA@ 000000018000daf0     libvcruntime:undname.obj
 0002:00000b00       ??_C@_0BF@KDPPACIK@?$GAlocal?5static?5guard?8?$AA@ 000000018000db00     libvcruntime:undname.obj
 0002:00000b18       ??_C@_08OBABFOLI@?$GAstring?8?$AA@ 000000018000db18     libvcruntime:undname.obj
 0002:00000b28       ??_C@_0BD@JDLKDPAB@?$GAvbase?5destructor?8?$AA@ 000000018000db28     libvcruntime:undname.obj
 0002:00000b40       ??_C@_0BN@DEGPLNFK@?$GAvector?5deleting?5destructor?8?$AA@ 000000018000db40     libvcruntime:undname.obj
 0002:00000b60       ??_C@_0BO@OBMKPJIG@?$GAdefault?5constructor?5closure?8?$AA@ 000000018000db60     libvcruntime:undname.obj
 0002:00000b80       ??_C@_0BN@IMDCHIKM@?$GAscalar?5deleting?5destructor?8?$AA@ 000000018000db80     libvcruntime:undname.obj
 0002:00000ba0       ??_C@_0BO@PFGOCPJJ@?$GAvector?5constructor?5iterator?8?$AA@ 000000018000dba0     libvcruntime:undname.obj
 0002:00000bc0       ??_C@_0BN@LFPFMEDL@?$GAvector?5destructor?5iterator?8?$AA@ 000000018000dbc0     libvcruntime:undname.obj
 0002:00000be0       ??_C@_0CE@IKBNEHA@?$GAvector?5vbase?5constructor?5iterat@ 000000018000dbe0     libvcruntime:undname.obj
 0002:00000c08       ??_C@_0BL@NILFHHPC@?$GAvirtual?5displacement?5map?8?$AA@ 000000018000dc08     libvcruntime:undname.obj
 0002:00000c28       ??_C@_0CB@JONCMFFK@?$GAeh?5vector?5constructor?5iterator?8@ 000000018000dc28     libvcruntime:undname.obj
 0002:00000c50       ??_C@_0CA@GCEOPDGL@?$GAeh?5vector?5destructor?5iterator?8?$AA@ 000000018000dc50     libvcruntime:undname.obj
 0002:00000c70       ??_C@_0CH@OOJPLCPH@?$GAeh?5vector?5vbase?5constructor?5ite@ 000000018000dc70     libvcruntime:undname.obj
 0002:00000c98       ??_C@_0BL@LLKPOHJI@?$GAcopy?5constructor?5closure?8?$AA@ 000000018000dc98     libvcruntime:undname.obj
 0002:00000cb8       ??_C@_0BA@KBCDOMBN@?$GAudt?5returning?8?$AA@ 000000018000dcb8     libvcruntime:undname.obj
 0002:00000cc8       ??_C@_03KLGMFNMG@?$GAEH?$AA@ 000000018000dcc8     libvcruntime:undname.obj
 0002:00000ccc       ??_C@_05KHLCHHI@?$GARTTI?$AA@ 000000018000dccc     libvcruntime:undname.obj
 0002:00000cd8       ??_C@_0BA@KKLDJDLB@?$GAlocal?5vftable?8?$AA@ 000000018000dcd8     libvcruntime:undname.obj
 0002:00000ce8       ??_C@_0CE@IIHCMGGL@?$GAlocal?5vftable?5constructor?5closu@ 000000018000dce8     libvcruntime:undname.obj
 0002:00000d0c       ??_C@_06FHBGPFGH@?5new?$FL?$FN?$AA@ 000000018000dd0c     libvcruntime:undname.obj
 0002:00000d18       ??_C@_09LBNFPBCA@?5delete?$FL?$FN?$AA@ 000000018000dd18     libvcruntime:undname.obj
 0002:00000d28       ??_C@_0P@HJKNJFNN@?$GAomni?5callsig?8?$AA@ 000000018000dd28     libvcruntime:undname.obj
 0002:00000d38       ??_C@_0BL@CNOONJFP@?$GAplacement?5delete?5closure?8?$AA@ 000000018000dd38     libvcruntime:undname.obj
 0002:00000d58       ??_C@_0BN@CKNJLHMB@?$GAplacement?5delete?$FL?$FN?5closure?8?$AA@ 000000018000dd58     libvcruntime:undname.obj
 0002:00000d78       ??_C@_0CG@CFDHKGGD@?$GAmanaged?5vector?5constructor?5iter@ 000000018000dd78     libvcruntime:undname.obj
 0002:00000da0       ??_C@_0CF@IMGKMJNO@?$GAmanaged?5vector?5destructor?5itera@ 000000018000dda0     libvcruntime:undname.obj
 0002:00000dc8       ??_C@_0CG@HLDDJMAG@?$GAeh?5vector?5copy?5constructor?5iter@ 000000018000ddc8     libvcruntime:undname.obj
 0002:00000df0       ??_C@_0CM@FCBBDIGB@?$GAeh?5vector?5vbase?5copy?5constructo@ 000000018000ddf0     libvcruntime:undname.obj
 0002:00000e20       ??_C@_0BL@CLIPGLGB@?$GAdynamic?5initializer?5for?5?8?$AA@ 000000018000de20     libvcruntime:undname.obj
 0002:00000e40       ??_C@_0CB@PDBIFEP@?$GAdynamic?5atexit?5destructor?5for?5?8@ 000000018000de40     libvcruntime:undname.obj
 0002:00000e68       ??_C@_0CD@CGAJBKEJ@?$GAvector?5copy?5constructor?5iterato@ 000000018000de68     libvcruntime:undname.obj
 0002:00000e90       ??_C@_0CJ@GJELGAMM@?$GAvector?5vbase?5copy?5constructor?5i@ 000000018000de90     libvcruntime:undname.obj
 0002:00000ec0       ??_C@_0CL@FGIJHLCE@?$GAmanaged?5vector?5copy?5constructor@ 000000018000dec0     libvcruntime:undname.obj
 0002:00000ef0       ??_C@_0BM@PMGGMLDN@?$GAlocal?5static?5thread?5guard?8?$AA@ 000000018000def0     libvcruntime:undname.obj
 0002:00000f10       ??_C@_0N@BDNMDMOL@operator?5?$CC?$CC?5?$AA@ 000000018000df10     libvcruntime:undname.obj
 0002:00000f20       ??_C@_0BC@GGEBGALA@operator?5co_await?$AA@ 000000018000df20     libvcruntime:undname.obj
 0002:00000f38       ??_C@_0BC@DAFEJGAK@?5Type?5Descriptor?8?$AA@ 000000018000df38     libvcruntime:undname.obj
 0002:00000f50       ??_C@_0BM@LDKODKLH@?5Base?5Class?5Descriptor?5at?5?$CI?$AA@ 000000018000df50     libvcruntime:undname.obj
 0002:00000f70       ??_C@_0BD@LGICGFMM@?5Base?5Class?5Array?8?$AA@ 000000018000df70     libvcruntime:undname.obj
 0002:00000f88       ??_C@_0BN@MECKDCOJ@?5Class?5Hierarchy?5Descriptor?8?$AA@ 000000018000df88     libvcruntime:undname.obj
 0002:00000fa8       ??_C@_0BK@CFCOFLF@?5Complete?5Object?5Locator?8?$AA@ 000000018000dfa8     libvcruntime:undname.obj
 0002:00000fe0       ??_C@_1DM@KHCHBNEB@?$AAa?$AAp?$AAi?$AA?9?$AAm?$AAs?$AA?9?$AAw?$AAi?$AAn?$AA?9?$AAc?$AAo?$AAr?$AAe?$AA?9?$AAf?$AAi?$AAb?$AAe?$AAr?$AAs?$AA?9?$AAl?$AA1?$AA?9?$AA1?$AA?9?$AA1?$AA?$AA@ 000000018000dfe0     libvcruntime:winapi_downlevel.obj
 0002:00001020       ??_C@_1DK@LPPGFMPP@?$AAa?$AAp?$AAi?$AA?9?$AAm?$AAs?$AA?9?$AAw?$AAi?$AAn?$AA?9?$AAc?$AAo?$AAr?$AAe?$AA?9?$AAs?$AAy?$AAn?$AAc?$AAh?$AA?9?$AAl?$AA1?$AA?9?$AA2?$AA?9?$AA0?$AA?$AA@ 000000018000e020     libvcruntime:winapi_downlevel.obj
 0002:00001060       ??_C@_1BC@GDMECMAK@?$AAk?$AAe?$AAr?$AAn?$AAe?$AAl?$AA3?$AA2?$AA?$AA@ 000000018000e060     libvcruntime:winapi_downlevel.obj
 0002:00001078       ??_C@_1BA@PFFKHIOG@?$AAa?$AAp?$AAi?$AA?9?$AAm?$AAs?$AA?9?$AA?$AA@ 000000018000e078     libvcruntime:winapi_downlevel.obj
 0002:00001088       ??_C@_1BA@IAIFMGEF@?$AAe?$AAx?$AAt?$AA?9?$AAm?$AAs?$AA?9?$AA?$AA@ 000000018000e088     libvcruntime:winapi_downlevel.obj
 0002:000010a0       ??_C@_08KNHFBNJ@FlsAlloc?$AA@ 000000018000e0a0     libvcruntime:winapi_downlevel.obj
 0002:000010b8       ??_C@_07PEJMOBNF@FlsFree?$AA@ 000000018000e0b8     libvcruntime:winapi_downlevel.obj
 0002:000010c8       ??_C@_0M@GDNOONDI@FlsGetValue?$AA@ 000000018000e0c8     libvcruntime:winapi_downlevel.obj
 0002:000010e0       ??_C@_0M@JCPCPOEF@FlsSetValue?$AA@ 000000018000e0e0     libvcruntime:winapi_downlevel.obj
 0002:000010f8       ??_C@_0BM@HCFOFFN@InitializeCriticalSectionEx?$AA@ 000000018000e0f8     libvcruntime:winapi_downlevel.obj
 0002:00001120       __acrt_exception_action_table 000000018000e120     libucrt:exception_filter.obj
 0002:000011e0       __acrt_signal_action_table_count 000000018000e1e0     libucrt:exception_filter.obj
 0002:000011e8       __acrt_signal_action_first_fpe_index 000000018000e1e8     libucrt:exception_filter.obj
 0002:000011f0       __acrt_signal_action_fpe_count 000000018000e1f0     libucrt:exception_filter.obj
 0002:000011f8       ??_C@_1BI@BGOHAHKC@?$AAm?$AAs?$AAc?$AAo?$AAr?$AAe?$AAe?$AA?4?$AAd?$AAl?$AAl?$AA?$AA@ 000000018000e1f8     libucrt:exit.obj
 0002:00001210       ??_C@_0P@MIGLKIOC@CorExitProcess?$AA@ 000000018000e210     libucrt:exit.obj
 0002:000013b0       ??_C@_1EG@CNNIPFIM@?$AAa?$AAp?$AAi?$AA?9?$AAm?$AAs?$AA?9?$AAw?$AAi?$AAn?$AA?9?$AAa?$AAp?$AAp?$AAm?$AAo?$AAd?$AAe?$AAl?$AA?9?$AAr?$AAu?$AAn?$AAt?$AAi?$AAm?$AAe?$AA?9?$AAl?$AA1?$AA?9?$AA1@ 000000018000e3b0     libucrt:winapi_thunks.obj
 0002:00001400       ??_C@_1EA@JGEFHKEI@?$AAa?$AAp?$AAi?$AA?9?$AAm?$AAs?$AA?9?$AAw?$AAi?$AAn?$AA?9?$AAc?$AAo?$AAr?$AAe?$AA?9?$AAd?$AAa?$AAt?$AAe?$AAt?$AAi?$AAm?$AAe?$AA?9?$AAl?$AA1?$AA?9?$AA1?$AA?9?$AA1?$AA?$AA@ 000000018000e400     libucrt:winapi_thunks.obj
 0002:00001440       ??_C@_1DI@GCIAAENM@?$AAa?$AAp?$AAi?$AA?9?$AAm?$AAs?$AA?9?$AAw?$AAi?$AAn?$AA?9?$AAc?$AAo?$AAr?$AAe?$AA?9?$AAf?$AAi?$AAl?$AAe?$AA?9?$AAl?$AA2?$AA?9?$AA1?$AA?9?$AA1?$AA?$AA@ 000000018000e440     libucrt:winapi_thunks.obj
 0002:00001480       ??_C@_1EI@MPIAOHOC@?$AAa?$AAp?$AAi?$AA?9?$AAm?$AAs?$AA?9?$AAw?$AAi?$AAn?$AA?9?$AAc?$AAo?$AAr?$AAe?$AA?9?$AAl?$AAo?$AAc?$AAa?$AAl?$AAi?$AAz?$AAa?$AAt?$AAi?$AAo?$AAn?$AA?9?$AAl?$AA1?$AA?9@ 000000018000e480     libucrt:winapi_thunks.obj
 0002:000014d0       ??_C@_1FK@FPHCKFIE@?$AAa?$AAp?$AAi?$AA?9?$AAm?$AAs?$AA?9?$AAw?$AAi?$AAn?$AA?9?$AAc?$AAo?$AAr?$AAe?$AA?9?$AAl?$AAo?$AAc?$AAa?$AAl?$AAi?$AAz?$AAa?$AAt?$AAi?$AAo?$AAn?$AA?9?$AAo?$AAb?$AAs@ 000000018000e4d0     libucrt:winapi_thunks.obj
 0002:00001530       ??_C@_1EM@DILCGIIO@?$AAa?$AAp?$AAi?$AA?9?$AAm?$AAs?$AA?9?$AAw?$AAi?$AAn?$AA?9?$AAc?$AAo?$AAr?$AAe?$AA?9?$AAp?$AAr?$AAo?$AAc?$AAe?$AAs?$AAs?$AAt?$AAh?$AAr?$AAe?$AAa?$AAd?$AAs?$AA?9?$AAl@ 000000018000e530     libucrt:winapi_thunks.obj
 0002:00001580       ??_C@_1DM@LNCGDDPN@?$AAa?$AAp?$AAi?$AA?9?$AAm?$AAs?$AA?9?$AAw?$AAi?$AAn?$AA?9?$AAc?$AAo?$AAr?$AAe?$AA?9?$AAs?$AAt?$AAr?$AAi?$AAn?$AAg?$AA?9?$AAl?$AA1?$AA?9?$AA1?$AA?9?$AA0?$AA?$AA@ 000000018000e580     libucrt:winapi_thunks.obj
 0002:000015c0       ??_C@_1DO@FPAPJEMD@?$AAa?$AAp?$AAi?$AA?9?$AAm?$AAs?$AA?9?$AAw?$AAi?$AAn?$AA?9?$AAc?$AAo?$AAr?$AAe?$AA?9?$AAs?$AAy?$AAs?$AAi?$AAn?$AAf?$AAo?$AA?9?$AAl?$AA1?$AA?9?$AA2?$AA?9?$AA1?$AA?$AA@ 000000018000e5c0     libucrt:winapi_thunks.obj
 0002:00001600       ??_C@_1DK@NDHNAHIO@?$AAa?$AAp?$AAi?$AA?9?$AAm?$AAs?$AA?9?$AAw?$AAi?$AAn?$AA?9?$AAc?$AAo?$AAr?$AAe?$AA?9?$AAw?$AAi?$AAn?$AAr?$AAt?$AA?9?$AAl?$AA1?$AA?9?$AA1?$AA?9?$AA0?$AA?$AA@ 000000018000e600     libucrt:winapi_thunks.obj
 0002:00001640       ??_C@_1DM@KGHDGBCM@?$AAa?$AAp?$AAi?$AA?9?$AAm?$AAs?$AA?9?$AAw?$AAi?$AAn?$AA?9?$AAc?$AAo?$AAr?$AAe?$AA?9?$AAx?$AAs?$AAt?$AAa?$AAt?$AAe?$AA?9?$AAl?$AA2?$AA?9?$AA1?$AA?9?$AA0?$AA?$AA@ 000000018000e640     libucrt:winapi_thunks.obj
 0002:00001680       ??_C@_1EO@IJIOEFOH@?$AAa?$AAp?$AAi?$AA?9?$AAm?$AAs?$AA?9?$AAw?$AAi?$AAn?$AA?9?$AAr?$AAt?$AAc?$AAo?$AAr?$AAe?$AA?9?$AAn?$AAt?$AAu?$AAs?$AAe?$AAr?$AA?9?$AAw?$AAi?$AAn?$AAd?$AAo?$AAw?$AA?9@ 000000018000e680     libucrt:winapi_thunks.obj
 0002:000016d0       ??_C@_1FG@HHGEKANL@?$AAa?$AAp?$AAi?$AA?9?$AAm?$AAs?$AA?9?$AAw?$AAi?$AAn?$AA?9?$AAs?$AAe?$AAc?$AAu?$AAr?$AAi?$AAt?$AAy?$AA?9?$AAs?$AAy?$AAs?$AAt?$AAe?$AAm?$AAf?$AAu?$AAn?$AAc?$AAt?$AAi@ 000000018000e6d0     libucrt:winapi_thunks.obj
 0002:00001730       ??_C@_1FG@NCKKOLKO@?$AAe?$AAx?$AAt?$AA?9?$AAm?$AAs?$AA?9?$AAw?$AAi?$AAn?$AA?9?$AAk?$AAe?$AAr?$AAn?$AAe?$AAl?$AA3?$AA2?$AA?9?$AAp?$AAa?$AAc?$AAk?$AAa?$AAg?$AAe?$AA?9?$AAc?$AAu?$AAr?$AAr@ 000000018000e730     libucrt:winapi_thunks.obj
 0002:00001790       ??_C@_1EG@DBIOJECG@?$AAe?$AAx?$AAt?$AA?9?$AAm?$AAs?$AA?9?$AAw?$AAi?$AAn?$AA?9?$AAn?$AAt?$AAu?$AAs?$AAe?$AAr?$AA?9?$AAd?$AAi?$AAa?$AAl?$AAo?$AAg?$AAb?$AAo?$AAx?$AA?9?$AAl?$AA1?$AA?9?$AA1@ 000000018000e790     libucrt:winapi_thunks.obj
 0002:000017e0       ??_C@_1EO@FIHMJCLF@?$AAe?$AAx?$AAt?$AA?9?$AAm?$AAs?$AA?9?$AAw?$AAi?$AAn?$AA?9?$AAn?$AAt?$AAu?$AAs?$AAe?$AAr?$AA?9?$AAw?$AAi?$AAn?$AAd?$AAo?$AAw?$AAs?$AAt?$AAa?$AAt?$AAi?$AAo?$AAn?$AA?9@ 000000018000e7e0     libucrt:winapi_thunks.obj
 0002:00001830       ??_C@_1BC@DNHGCMLG@?$AAa?$AAd?$AAv?$AAa?$AAp?$AAi?$AA3?$AA2?$AA?$AA@ 000000018000e830     libucrt:winapi_thunks.obj
 0002:00001848       ??_C@_1O@BCCLBEOE@?$AAu?$AAs?$AAe?$AAr?$AA3?$AA2?$AA?$AA@ 000000018000e848     libucrt:winapi_thunks.obj
 0002:00001880       ??_C@_0BE@JOGNEJCI@GetCurrentPackageId?$AA@ 000000018000e880     libucrt:winapi_thunks.obj
 0002:000018a8       ??_C@_0O@KKBNKAPF@LCMapStringEx?$AA@ 000000018000e8a8     libucrt:winapi_thunks.obj
 0002:000018c0       ??_C@_0BB@HBDEELFH@LocaleNameToLCID?$AA@ 000000018000e8c0     libucrt:winapi_thunks.obj
 0002:00001a68       ??_C@_1M@HPNHIDJI@?$AAj?$AAa?$AA?9?$AAJ?$AAP?$AA?$AA@ 000000018000ea68     libucrt:mbctype.obj
 0002:00001a78       ??_C@_1M@BIBDDEMK@?$AAz?$AAh?$AA?9?$AAC?$AAN?$AA?$AA@ 000000018000ea78     libucrt:mbctype.obj
 0002:00001a88       ??_C@_1M@JLOOOEGK@?$AAk?$AAo?$AA?9?$AAK?$AAR?$AA?$AA@ 000000018000ea88     libucrt:mbctype.obj
 0002:00001a98       ??_C@_1M@CLNBBOPM@?$AAz?$AAh?$AA?9?$AAT?$AAW?$AA?$AA@ 000000018000ea98     libucrt:mbctype.obj
 0002:00001ab0       __lc_time_c                000000018000eab0     libucrt:nlsdata.obj
 0002:00001d70       ??_C@_03KOEHGMDN@Sun?$AA@  000000018000ed70     libucrt:nlsdata.obj
 0002:00001d74       ??_C@_03PDAGKDH@Mon?$AA@   000000018000ed74     libucrt:nlsdata.obj
 0002:00001d78       ??_C@_03NAGEINEP@Tue?$AA@  000000018000ed78     libucrt:nlsdata.obj
 0002:00001d7c       ??_C@_03MHOMLAJA@Wed?$AA@  000000018000ed7c     libucrt:nlsdata.obj
 0002:00001d80       ??_C@_03IOFIKPDN@Thu?$AA@  000000018000ed80     libucrt:nlsdata.obj
 0002:00001d84       ??_C@_03IDIOELNC@Fri?$AA@  000000018000ed84     libucrt:nlsdata.obj
 0002:00001d88       ??_C@_03FEFJNEK@Sat?$AA@   000000018000ed88     libucrt:nlsdata.obj
 0002:00001d8c       ??_C@_06OOPIFAJ@Sunday?$AA@ 000000018000ed8c     libucrt:nlsdata.obj
 0002:00001d94       ??_C@_06JLEDEDGH@Monday?$AA@ 000000018000ed94     libucrt:nlsdata.obj
 0002:00001da0       ??_C@_07BAAGCFCM@Tuesday?$AA@ 000000018000eda0     libucrt:nlsdata.obj
 0002:00001da8       ??_C@_09DLIGFAKA@Wednesday?$AA@ 000000018000eda8     libucrt:nlsdata.obj
 0002:00001db8       ??_C@_08HACCIKIA@Thursday?$AA@ 000000018000edb8     libucrt:nlsdata.obj
 0002:00001dc4       ??_C@_06JECMNKMI@Friday?$AA@ 000000018000edc4     libucrt:nlsdata.obj
 0002:00001dd0       ??_C@_08INBOOONO@Saturday?$AA@ 000000018000edd0     libucrt:nlsdata.obj
 0002:00001ddc       ??_C@_03JIHJHPIE@Jan?$AA@  000000018000eddc     libucrt:nlsdata.obj
 0002:00001de0       ??_C@_03HJBDCHOM@Feb?$AA@  000000018000ede0     libucrt:nlsdata.obj
 0002:00001de4       ??_C@_03ODNJBKGA@Mar?$AA@  000000018000ede4     libucrt:nlsdata.obj
 0002:00001de8       ??_C@_03LEOLGMJP@Apr?$AA@  000000018000ede8     libucrt:nlsdata.obj
 0002:00001dec       ??_C@_03CNMDKL@May?$AA@    000000018000edec     libucrt:nlsdata.obj
 0002:00001df0       ??_C@_03IDFGHECI@Jun?$AA@  000000018000edf0     libucrt:nlsdata.obj
 0002:00001df4       ??_C@_03LBGABGKK@Jul?$AA@  000000018000edf4     libucrt:nlsdata.obj
 0002:00001df8       ??_C@_03IFJFEIGA@Aug?$AA@  000000018000edf8     libucrt:nlsdata.obj
 0002:00001dfc       ??_C@_03GGCAPAJC@Sep?$AA@  000000018000edfc     libucrt:nlsdata.obj
 0002:00001e00       ??_C@_03BMAOKBAD@Oct?$AA@  000000018000ee00     libucrt:nlsdata.obj
 0002:00001e04       ??_C@_03JPJOFNIA@Nov?$AA@  000000018000ee04     libucrt:nlsdata.obj
 0002:00001e08       ??_C@_03MKABNOCG@Dec?$AA@  000000018000ee08     libucrt:nlsdata.obj
 0002:00001e10       ??_C@_07CGJPFGJA@January?$AA@ 000000018000ee10     libucrt:nlsdata.obj
 0002:00001e18       ??_C@_08GNJGEPFN@February?$AA@ 000000018000ee18     libucrt:nlsdata.obj
 0002:00001e24       ??_C@_05HPCKOFNC@March?$AA@ 000000018000ee24     libucrt:nlsdata.obj
 0002:00001e2c       ??_C@_05DMJDNLEJ@April?$AA@ 000000018000ee2c     libucrt:nlsdata.obj
 0002:00001e34       ??_C@_04CNLMGBGM@June?$AA@ 000000018000ee34     libucrt:nlsdata.obj
 0002:00001e3c       ??_C@_04MIEPOIFP@July?$AA@ 000000018000ee3c     libucrt:nlsdata.obj
 0002:00001e44       ??_C@_06LBBHFDDG@August?$AA@ 000000018000ee44     libucrt:nlsdata.obj
 0002:00001e50       ??_C@_09BHHEALKD@September?$AA@ 000000018000ee50     libucrt:nlsdata.obj
 0002:00001e60       ??_C@_07JJNFCEND@October?$AA@ 000000018000ee60     libucrt:nlsdata.obj
 0002:00001e68       ??_C@_08HCHEGEOA@November?$AA@ 000000018000ee68     libucrt:nlsdata.obj
 0002:00001e78       ??_C@_08EDHMEBNP@December?$AA@ 000000018000ee78     libucrt:nlsdata.obj
 0002:00001e84       ??_C@_02DEDBPAFC@AM?$AA@   000000018000ee84     libucrt:nlsdata.obj
 0002:00001e88       ??_C@_02CJNFDJBF@PM?$AA@   000000018000ee88     libucrt:nlsdata.obj
 0002:00001e90       ??_C@_08BPBNCDIB@MM?1dd?1yy?$AA@ 000000018000ee90     libucrt:nlsdata.obj
 0002:00001ea0       ??_C@_0BE@CKGJFCPC@dddd?0?5MMMM?5dd?0?5yyyy?$AA@ 000000018000eea0     libucrt:nlsdata.obj
 0002:00001eb8       ??_C@_08JCCMCCIL@HH?3mm?3ss?$AA@ 000000018000eeb8     libucrt:nlsdata.obj
 0002:00001ec8       ??_C@_17MBGCMIPB@?$AAS?$AAu?$AAn?$AA?$AA@ 000000018000eec8     libucrt:nlsdata.obj
 0002:00001ed0       ??_C@_17KBOMKBF@?$AAM?$AAo?$AAn?$AA?$AA@ 000000018000eed0     libucrt:nlsdata.obj
 0002:00001ed8       ??_C@_17BMKGEGOJ@?$AAT?$AAu?$AAe?$AA?$AA@ 000000018000eed8     libucrt:nlsdata.obj
 0002:00001ee0       ??_C@_17CJEDCEPE@?$AAW?$AAe?$AAd?$AA?$AA@ 000000018000eee0     libucrt:nlsdata.obj
 0002:00001ee8       ??_C@_17PDPHAADD@?$AAT?$AAh?$AAu?$AA?$AA@ 000000018000eee8     libucrt:nlsdata.obj
 0002:00001ef0       ??_C@_17HFOLPPLP@?$AAF?$AAr?$AAi?$AA?$AA@ 000000018000eef0     libucrt:nlsdata.obj
 0002:00001ef8       ??_C@_17GGIBDPIH@?$AAS?$AAa?$AAt?$AA?$AA@ 000000018000eef8     libucrt:nlsdata.obj
 0002:00001f00       ??_C@_1O@IHNHDHPB@?$AAS?$AAu?$AAn?$AAd?$AAa?$AAy?$AA?$AA@ 000000018000ef00     libucrt:nlsdata.obj
 0002:00001f10       ??_C@_1O@MMNBFLIA@?$AAM?$AAo?$AAn?$AAd?$AAa?$AAy?$AA?$AA@ 000000018000ef10     libucrt:nlsdata.obj
 0002:00001f20       ??_C@_1BA@ENFBFFEK@?$AAT?$AAu?$AAe?$AAs?$AAd?$AAa?$AAy?$AA?$AA@ 000000018000ef20     libucrt:nlsdata.obj
 0002:00001f30       ??_C@_1BE@EBOGMDOH@?$AAW?$AAe?$AAd?$AAn?$AAe?$AAs?$AAd?$AAa?$AAy?$AA?$AA@ 000000018000ef30     libucrt:nlsdata.obj
 0002:00001f48       ??_C@_1BC@HHMNLIHE@?$AAT?$AAh?$AAu?$AAr?$AAs?$AAd?$AAa?$AAy?$AA?$AA@ 000000018000ef48     libucrt:nlsdata.obj
 0002:00001f60       ??_C@_1O@PDICJHAG@?$AAF?$AAr?$AAi?$AAd?$AAa?$AAy?$AA?$AA@ 000000018000ef60     libucrt:nlsdata.obj
 0002:00001f70       ??_C@_1BC@ENMNNPAJ@?$AAS?$AAa?$AAt?$AAu?$AAr?$AAd?$AAa?$AAy?$AA?$AA@ 000000018000ef70     libucrt:nlsdata.obj
 0002:00001f88       ??_C@_17DKNBKCHM@?$AAJ?$AAa?$AAn?$AA?$AA@ 000000018000ef88     libucrt:nlsdata.obj
 0002:00001f90       ??_C@_17LMDJEKJN@?$AAF?$AAe?$AAb?$AA?$AA@ 000000018000ef90     libucrt:nlsdata.obj
 0002:00001f98       ??_C@_17CKNLEDEC@?$AAM?$AAa?$AAr?$AA?$AA@ 000000018000ef98     libucrt:nlsdata.obj
 0002:00001fa0       ??_C@_17LFPOIHDD@?$AAA?$AAp?$AAr?$AA?$AA@ 000000018000efa0     libucrt:nlsdata.obj
 0002:00001fa8       ??_C@_17PNNKMEED@?$AAM?$AAa?$AAy?$AA?$AA@ 000000018000efa8     libucrt:nlsdata.obj
 0002:00001fb0       ??_C@_17KCJGOCPB@?$AAJ?$AAu?$AAn?$AA?$AA@ 000000018000efb0     libucrt:nlsdata.obj
 0002:00001fb8       ??_C@_17IJPCKHK@?$AAJ?$AAu?$AAl?$AA?$AA@ 000000018000efb8     libucrt:nlsdata.obj
 0002:00001fc0       ??_C@_17ICPELBCN@?$AAA?$AAu?$AAg?$AA?$AA@ 000000018000efc0     libucrt:nlsdata.obj
 0002:00001fc8       ??_C@_17HCHCOKMG@?$AAS?$AAe?$AAp?$AA?$AA@ 000000018000efc8     libucrt:nlsdata.obj
 0002:00001fd0       ??_C@_17FNLKOI@?$AAO?$AAc?$AAt?$AA?$AA@ 000000018000efd0     libucrt:nlsdata.obj
 0002:00001fd8       ??_C@_17BBDMLCIG@?$AAN?$AAo?$AAv?$AA?$AA@ 000000018000efd8     libucrt:nlsdata.obj
 0002:00001fe0       ??_C@_17EGKACKIF@?$AAD?$AAe?$AAc?$AA?$AA@ 000000018000efe0     libucrt:nlsdata.obj
 0002:00001fe8       ??_C@_1BA@EFMEIEBA@?$AAJ?$AAa?$AAn?$AAu?$AAa?$AAr?$AAy?$AA?$AA@ 000000018000efe8     libucrt:nlsdata.obj
 0002:00001ff8       ??_C@_1BC@JGDDFFAM@?$AAF?$AAe?$AAb?$AAr?$AAu?$AAa?$AAr?$AAy?$AA?$AA@ 000000018000eff8     libucrt:nlsdata.obj
 0002:00002010       ??_C@_1M@IKEENEDF@?$AAM?$AAa?$AAr?$AAc?$AAh?$AA?$AA@ 000000018000f010     libucrt:nlsdata.obj
 0002:00002020       ??_C@_1M@GJNLMHFD@?$AAA?$AAp?$AAr?$AAi?$AAl?$AA?$AA@ 000000018000f020     libucrt:nlsdata.obj
 0002:00002030       ??_C@_19EPFLPGAP@?$AAJ?$AAu?$AAn?$AAe?$AA?$AA@ 000000018000f030     libucrt:nlsdata.obj
 0002:00002040       ??_C@_19BIFMLPCD@?$AAJ?$AAu?$AAl?$AAy?$AA?$AA@ 000000018000f040     libucrt:nlsdata.obj
 0002:00002050       ??_C@_1O@PAHLKOAC@?$AAA?$AAu?$AAg?$AAu?$AAs?$AAt?$AA?$AA@ 000000018000f050     libucrt:nlsdata.obj
 0002:00002060       ??_C@_1BE@DKAAMBJL@?$AAS?$AAe?$AAp?$AAt?$AAe?$AAm?$AAb?$AAe?$AAr?$AA?$AA@ 000000018000f060     libucrt:nlsdata.obj
 0002:00002078       ??_C@_1BA@EPANDLNG@?$AAO?$AAc?$AAt?$AAo?$AAb?$AAe?$AAr?$AA?$AA@ 000000018000f078     libucrt:nlsdata.obj
 0002:00002088       ??_C@_1BC@BGLIFPF@?$AAN?$AAo?$AAv?$AAe?$AAm?$AAb?$AAe?$AAr?$AA?$AA@ 000000018000f088     libucrt:nlsdata.obj
 0002:000020a0       ??_C@_1BC@FEMKIFH@?$AAD?$AAe?$AAc?$AAe?$AAm?$AAb?$AAe?$AAr?$AA?$AA@ 000000018000f0a0     libucrt:nlsdata.obj
 0002:000020b4       ??_C@_15ODEHAHHF@?$AAA?$AAM?$AA?$AA@ 000000018000f0b4     libucrt:nlsdata.obj
 0002:000020bc       ??_C@_15CLMNNGEL@?$AAP?$AAM?$AA?$AA@ 000000018000f0bc     libucrt:nlsdata.obj
 0002:000020c8       ??_C@_1BC@IEBCMHCM@?$AAM?$AAM?$AA?1?$AAd?$AAd?$AA?1?$AAy?$AAy?$AA?$AA@ 000000018000f0c8     libucrt:nlsdata.obj
 0002:000020e0       ??_C@_1CI@KNAKOEBC@?$AAd?$AAd?$AAd?$AAd?$AA?0?$AA?5?$AAM?$AAM?$AAM?$AAM?$AA?5?$AAd?$AAd?$AA?0?$AA?5?$AAy?$AAy?$AAy?$AAy?$AA?$AA@ 000000018000f0e0     libucrt:nlsdata.obj
 0002:00002108       ??_C@_1BC@GDGBMEMK@?$AAH?$AAH?$AA?3?$AAm?$AAm?$AA?3?$AAs?$AAs?$AA?$AA@ 000000018000f108     libucrt:nlsdata.obj
 0002:00002120       ??_C@_1M@BMHNFIME@?$AAe?$AAn?$AA?9?$AAU?$AAS?$AA?$AA@ 000000018000f120     libucrt:nlsdata.obj
 0002:00002130       __newctype                 000000018000f130     libucrt:ctype.obj
 0002:00002430       __newclmap                 000000018000f430     libucrt:ctype.obj
 0002:000025b0       __newcumap                 000000018000f5b0     libucrt:ctype.obj
 0002:00003570       ??_C@_15EMKDOKLE@?$AAa?$AAr?$AA?$AA@ 0000000180010570     libucrt:lcidtoname_downlevel.obj
 0002:00003578       ??_C@_15KNPADPLH@?$AAb?$AAg?$AA?$AA@ 0000000180010578     libucrt:lcidtoname_downlevel.obj
 0002:00003580       ??_C@_15EDMHLDMO@?$AAc?$AAa?$AA?$AA@ 0000000180010580     libucrt:lcidtoname_downlevel.obj
 0002:00003588       ??_C@_1O@BPEAJADD@?$AAz?$AAh?$AA?9?$AAC?$AAH?$AAS?$AA?$AA@ 0000000180010588     libucrt:lcidtoname_downlevel.obj
 0002:00003598       ??_C@_15LJNHCMNK@?$AAc?$AAs?$AA?$AA@ 0000000180010598     libucrt:lcidtoname_downlevel.obj
 0002:000035a0       ??_C@_15FOMCIDHG@?$AAd?$AAa?$AA?$AA@ 00000001800105a0     libucrt:lcidtoname_downlevel.obj
 0002:000035a8       ??_C@_15NBKABECB@?$AAd?$AAe?$AA?$AA@ 00000001800105a8     libucrt:lcidtoname_downlevel.obj
 0002:000035b0       ??_C@_15GHPEIIAO@?$AAe?$AAl?$AA?$AA@ 00000001800105b0     libucrt:lcidtoname_downlevel.obj
 0002:000035b8       ??_C@_15MNPNEAIF@?$AAe?$AAn?$AA?$AA@ 00000001800105b8     libucrt:lcidtoname_downlevel.obj
 0002:000035c0       ??_C@_15GPIOMPMH@?$AAe?$AAs?$AA?$AA@ 00000001800105c0     libucrt:lcidtoname_downlevel.obj
 0002:000035c8       ??_C@_15NGLOAKJC@?$AAf?$AAi?$AA?$AA@ 00000001800105c8     libucrt:lcidtoname_downlevel.obj
 0002:000035d0       ??_C@_15FBKGNKAM@?$AAf?$AAr?$AA?$AA@ 00000001800105d0     libucrt:lcidtoname_downlevel.obj
 0002:000035d8       ??_C@_15KGGCNEFK@?$AAh?$AAe?$AA?$AA@ 00000001800105d8     libucrt:lcidtoname_downlevel.obj
 0002:000035e0       ??_C@_15PGHLIDMF@?$AAh?$AAu?$AA?$AA@ 00000001800105e0     libucrt:lcidtoname_downlevel.obj
 0002:000035e8       ??_C@_15BIEMAPLM@?$AAi?$AAs?$AA?$AA@ 00000001800105e8     libucrt:lcidtoname_downlevel.obj
 0002:000035f0       ??_C@_15IFJLDHAF@?$AAi?$AAt?$AA?$AA@ 00000001800105f0     libucrt:lcidtoname_downlevel.obj
 0002:000035f8       ??_C@_15GEMIOCAG@?$AAj?$AAa?$AA?$AA@ 00000001800105f8     libucrt:lcidtoname_downlevel.obj
 0002:00003600       ??_C@_15EPELEGJA@?$AAk?$AAo?$AA?$AA@ 0000000180010600     libucrt:lcidtoname_downlevel.obj
 0002:00003608       ??_C@_15NDDHIMN@?$AAn?$AAl?$AA?$AA@ 0000000180010608     libucrt:lcidtoname_downlevel.obj
 0002:00003610       ??_C@_15BPIGNHCD@?$AAn?$AAo?$AA?$AA@ 0000000180010610     libucrt:lcidtoname_downlevel.obj
 0002:00003618       ??_C@_15DEOPBLCG@?$AAp?$AAl?$AA?$AA@ 0000000180010618     libucrt:lcidtoname_downlevel.obj
 0002:00003620       ??_C@_15KBECGEFG@?$AAp?$AAt?$AA?$AA@ 0000000180010620     libucrt:lcidtoname_downlevel.obj
 0002:00003628       ??_C@_15GLJCBFMD@?$AAr?$AAo?$AA?$AA@ 0000000180010628     libucrt:lcidtoname_downlevel.obj
 0002:00003630       ??_C@_15FEDGKCDI@?$AAr?$AAu?$AA?$AA@ 0000000180010630     libucrt:lcidtoname_downlevel.obj
 0002:00003638       ??_C@_15GLKMLLHM@?$AAh?$AAr?$AA?$AA@ 0000000180010638     libucrt:lcidtoname_downlevel.obj
 0002:00003640       ??_C@_15CPKMFBDB@?$AAs?$AAk?$AA?$AA@ 0000000180010640     libucrt:lcidtoname_downlevel.obj
 0002:00003648       ??_C@_15BAAIOGMK@?$AAs?$AAq?$AA?$AA@ 0000000180010648     libucrt:lcidtoname_downlevel.obj
 0002:00003650       ??_C@_15INNPNOHD@?$AAs?$AAv?$AA?$AA@ 0000000180010650     libucrt:lcidtoname_downlevel.obj
 0002:00003658       ??_C@_15CABMMOGH@?$AAt?$AAh?$AA?$AA@ 0000000180010658     libucrt:lcidtoname_downlevel.obj
 0002:00003660       ??_C@_15BPLIHJJM@?$AAt?$AAr?$AA?$AA@ 0000000180010660     libucrt:lcidtoname_downlevel.obj
 0002:00003668       ??_C@_15NEOEKKDJ@?$AAu?$AAr?$AA?$AA@ 0000000180010668     libucrt:lcidtoname_downlevel.obj
 0002:00003670       ??_C@_15NFICGAJK@?$AAi?$AAd?$AA?$AA@ 0000000180010670     libucrt:lcidtoname_downlevel.obj
 0002:00003678       ??_C@_15PJPFLCCM@?$AAu?$AAk?$AA?$AA@ 0000000180010678     libucrt:lcidtoname_downlevel.obj
 0002:00003680       ??_C@_15HPJPHDM@?$AAb?$AAe?$AA?$AA@ 0000000180010680     libucrt:lcidtoname_downlevel.obj
 0002:00003688       ??_C@_15LCHLGJII@?$AAs?$AAl?$AA?$AA@ 0000000180010688     libucrt:lcidtoname_downlevel.obj
 0002:00003690       ??_C@_15PCFJPHHO@?$AAe?$AAt?$AA?$AA@ 0000000180010690     libucrt:lcidtoname_downlevel.obj
 0002:00003698       ??_C@_15HPFPGODN@?$AAl?$AAv?$AA?$AA@ 0000000180010698     libucrt:lcidtoname_downlevel.obj
 0002:000036a0       ??_C@_15NFFGKGLG@?$AAl?$AAt?$AA?$AA@ 00000001800106a0     libucrt:lcidtoname_downlevel.obj
 0002:000036a8       ??_C@_15BDAKCCHN@?$AAf?$AAa?$AA?$AA@ 00000001800106a8     libucrt:lcidtoname_downlevel.obj
 0002:000036b0       ??_C@_15NFGIAIAJ@?$AAv?$AAi?$AA?$AA@ 00000001800106b0     libucrt:lcidtoname_downlevel.obj
 0002:000036b8       ??_C@_15LMKNDMHN@?$AAh?$AAy?$AA?$AA@ 00000001800106b8     libucrt:lcidtoname_downlevel.obj
 0002:000036c0       ??_C@_15IJBHMCFL@?$AAa?$AAz?$AA?$AA@ 00000001800106c0     libucrt:lcidtoname_downlevel.obj
 0002:000036c8       ??_C@_15EKOFJABL@?$AAe?$AAu?$AA?$AA@ 00000001800106c8     libucrt:lcidtoname_downlevel.obj
 0002:000036d0       ??_C@_15BGHADCNK@?$AAm?$AAk?$AA?$AA@ 00000001800106d0     libucrt:lcidtoname_downlevel.obj
 0002:000036d8       ??_C@_15JDNICKHM@?$AAa?$AAf?$AA?$AA@ 00000001800106d8     libucrt:lcidtoname_downlevel.obj
 0002:000036e0       ??_C@_15KPJEDBKD@?$AAk?$AAa?$AA?$AA@ 00000001800106e0     libucrt:lcidtoname_downlevel.obj
 0002:000036e8       ??_C@_15PDNFFFEO@?$AAf?$AAo?$AA?$AA@ 00000001800106e8     libucrt:lcidtoname_downlevel.obj
 0002:000036f0       ??_C@_15OMLEGLOC@?$AAh?$AAi?$AA?$AA@ 00000001800106f0     libucrt:lcidtoname_downlevel.obj
 0002:000036f8       ??_C@_15IDNNENKK@?$AAm?$AAs?$AA?$AA@ 00000001800106f8     libucrt:lcidtoname_downlevel.obj
 0002:00003700       ??_C@_15MACJNBMH@?$AAk?$AAk?$AA?$AA@ 0000000180010700     libucrt:lcidtoname_downlevel.obj
 0002:00003708       ??_C@_15DKDJEOND@?$AAk?$AAy?$AA?$AA@ 0000000180010708     libucrt:lcidtoname_downlevel.obj
 0002:00003710       ??_C@_15DFGDLJBG@?$AAs?$AAw?$AA?$AA@ 0000000180010710     libucrt:lcidtoname_downlevel.obj
 0002:00003718       ??_C@_15BBFAICNG@?$AAu?$AAz?$AA?$AA@ 0000000180010718     libucrt:lcidtoname_downlevel.obj
 0002:00003720       ??_C@_15DKNDCGEA@?$AAt?$AAt?$AA?$AA@ 0000000180010720     libucrt:lcidtoname_downlevel.obj
 0002:00003728       ??_C@_15MGIFMDPL@?$AAp?$AAa?$AA?$AA@ 0000000180010728     libucrt:lcidtoname_downlevel.obj
 0002:00003730       ??_C@_15HCNDBBA@?$AAg?$AAu?$AA?$AA@ 0000000180010730     libucrt:lcidtoname_downlevel.obj
 0002:00003738       ??_C@_15FNBEIBON@?$AAt?$AAa?$AA?$AA@ 0000000180010738     libucrt:lcidtoname_downlevel.obj
[...]
 0004:0000060c       $pdata$__acrt_uninitialize_locks 000000018002160c     libucrt:locks.obj
 0004:00000618       $pdata$?try_get_function@@YAPEAXW4function_id@?A0x63058377@@QEBDQEBW4module_id@2@2@Z 0000000180021618     libucrt:winapi_thunks.obj
 0004:00000624       $pdata$__acrt_FlsAlloc     0000000180021624     libucrt:winapi_thunks.obj
 0004:00000630       $pdata$__acrt_FlsFree      0000000180021630     libucrt:winapi_thunks.obj
 0004:0000063c       $pdata$__acrt_FlsGetValue  000000018002163c     libucrt:winapi_thunks.obj
 0004:00000648       $pdata$__acrt_FlsSetValue  0000000180021648     libucrt:winapi_thunks.obj
 0004:00000654       $pdata$__acrt_InitializeCriticalSectionEx 0000000180021654     libucrt:winapi_thunks.obj
 0004:00000660       $pdata$__acrt_LCMapStringEx 0000000180021660     libucrt:winapi_thunks.obj
 0004:0000066c       $pdata$__acrt_LocaleNameToLCID 000000018002166c     libucrt:winapi_thunks.obj
 0004:00000678       $pdata$__acrt_initialize_winapi_thunks 0000000180021678     libucrt:winapi_thunks.obj
 0004:00000684       $pdata$__acrt_is_packaged_app 0000000180021684     libucrt:winapi_thunks.obj
 0004:00000690       $pdata$__acrt_uninitialize_winapi_thunks 0000000180021690     libucrt:winapi_thunks.obj
 0004:0000069c       $pdata$__acrt_call_reportfault 000000018002169c     libucrt:invalid_parameter.obj
 0004:000006a8       $pdata$_invalid_parameter  00000001800216a8     libucrt:invalid_parameter.obj
 0004:000006b4       $pdata$_invalid_parameter_noinfo 00000001800216b4     libucrt:invalid_parameter.obj
 0004:000006c0       $pdata$_invoke_watson      00000001800216c0     libucrt:invalid_parameter.obj
 0004:000006cc       $pdata$__acrt_errno_map_os_error 00000001800216cc     libucrt:errno.obj
 0004:000006d8       $pdata$__doserrno          00000001800216d8     libucrt:errno.obj
 0004:000006e4       $pdata$_errno              00000001800216e4     libucrt:errno.obj
 0004:000006f0       $pdata$??$common_expand_argv_wildcards@D@@YAHQEAPEADQEAPEAPEAD@Z 00000001800216f0     libucrt:argv_wildcards.obj
 0004:000006fc       $pdata$??$copy_and_add_argument_to_buffer@D@@YAHQEBD0_KAEAV?$argument_list@D@?A0xca0879c4@@@Z 00000001800216fc     libucrt:argv_wildcards.obj
 0004:00000708       $pdata$??$expand_argument_wildcards@D@@YAHQEAD0AEAV?$argument_list@D@?A0xca0879c4@@@Z 0000000180021708     libucrt:argv_wildcards.obj
 0004:00000714       $pdata$?expand_if_necessary@?$argument_list@D@?A0xca0879c4@@AEAAHXZ 0000000180021714     libucrt:argv_wildcards.obj
 0004:00000720       $pdata$??$?RV<lambda_99476a1ad63dd22509b5d3e65b0ffc95>@@AEAV<lambda_ad1ced32f4ac17aa236e5ef05d6b3b7c>@@V<lambda_f7424dd8d45958661754dc4f2697e9c3>@@@?$__crt_seh_guarded_call@X@@QEAAX$$QEAV<lambda_99476a1ad63dd22509b5d3e65b0ffc95>@@AEAV<lambda_ad1ced32f4ac17aa236e5ef05d6b3b7c>@@$$QEAV<lambda_f7424dd8d45958661754dc4f2697e9c3>@@@Z 0000000180021720     libucrt:mbctype.obj
 0004:0000072c       $pdata$??R<lambda_ad1ced32f4ac17aa236e5ef05d6b3b7c>@@QEBAXXZ 000000018002172c     libucrt:mbctype.obj
 0004:00000738       $pdata$?getSystemCP@@YAHH@Z 0000000180021738     libucrt:mbctype.obj
 0004:00000744       $pdata$?setSBCS@@YAXPEAU__crt_multibyte_data@@@Z 0000000180021744     libucrt:mbctype.obj
 0004:00000750       $pdata$?setSBUpLow@@YAXPEAU__crt_multibyte_data@@@Z 0000000180021750     libucrt:mbctype.obj
 0004:0000075c       $pdata$?setmbcp_internal@@YAHH_N@Z 000000018002175c     libucrt:mbctype.obj
 0004:00000768       $pdata$__acrt_initialize_multibyte 0000000180021768     libucrt:mbctype.obj
 0004:00000774       $pdata$__acrt_update_thread_multibyte_data 0000000180021774     libucrt:mbctype.obj
 0004:00000780       $pdata$_setmbcp_nolock     0000000180021780     libucrt:mbctype.obj
 0004:0000078c       $pdata$?x_ismbbtype_l@@YAHPEAU__crt_locale_pointers@@IHH@Z 000000018002178c     libucrt:ismbbyte.obj
 0004:00000798       $pdata$__acrt_initialize_command_line 0000000180021798     libucrt:argv_data.obj
 0004:000007a4       $pdata$__dcrt_get_narrow_environment_from_os 00000001800217a4     libucrt:get_environment_from_os.obj
 0004:000007b0       $pdata$_recalloc_base      00000001800217b0     libucrt:recalloc.obj
 0004:000007bc       $pdata$__acrt_initialize_heap 00000001800217bc     libucrt:heap_handle.obj
 0004:000007c8       $pdata$?initialize_inherited_file_handles_nolock@@YAXXZ 00000001800217c8     libucrt:ioinit.obj
 0004:000007d4       $pdata$?initialize_stdio_handles_nolock@@YAXXZ 00000001800217d4     libucrt:ioinit.obj
 0004:000007e0       $pdata$__acrt_initialize_lowio 00000001800217e0     libucrt:ioinit.obj
 0004:000007ec       $pdata$__acrt_uninitialize_lowio 00000001800217ec     libucrt:ioinit.obj
 0004:000007f8       $pdata$__acrt_execute_initializers 00000001800217f8     libucrt:shared_initialization.obj
 0004:00000804       $pdata$__acrt_execute_uninitializers 0000000180021804     libucrt:shared_initialization.obj
 0004:00000810       $pdata$_callnewh           0000000180021810     libucrt:new_handler.obj
 0004:0000081c       $pdata$_query_new_handler  000000018002181c     libucrt:new_handler.obj
 0004:00000828       $pdata$??$?RV<lambda_c36588078e9f5dfd39652860aa6b3aaf>@@AEAV<lambda_ec61778202f4f5fc7e7711acc23c3bca>@@V<lambda_dc9d2797ccde5d239b4a0efae8ebd7db>@@@?$__crt_seh_guarded_call@P6AXH@Z@@QEAAP6AXH@Z$$QEAV<lambda_c36588078e9f5dfd39652860aa6b3aaf>@@AEAV<lambda_ec61778202f4f5fc7e7711acc23c3bca>@@$$QEAV<lambda_dc9d2797ccde5d239b4a0efae8ebd7db>@@@Z 0000000180021828     libucrt:signal.obj
 0004:00000834       $pdata$__acrt_get_sigabrt_handler 0000000180021834     libucrt:signal.obj
 0004:00000840       $pdata$raise               0000000180021840     libucrt:signal.obj
 0004:0000084c       $pdata$__acrt_invoke_user_matherr 000000018002184c     libucrt:matherr.obj
 0004:00000858       $pdata$_mbtowc_l           0000000180021858     libucrt:mbtowc.obj
 0004:00000864       $pdata$__acrt_update_locale_info 0000000180021864     libucrt:locale_update.obj
 0004:00000870       $pdata$__acrt_update_multibyte_info 0000000180021870     libucrt:locale_update.obj
 0004:0000087c       $pdata$_fileno             000000018002187c     libucrt:fileno.obj
 0004:00000888       $pdata$__acrt_initialize_stdio 0000000180021888     libucrt:_file.obj
 0004:00000894       $pdata$__acrt_uninitialize_stdio 0000000180021894     libucrt:_file.obj
 0004:000008a0       $pdata$__acrt_uninitialize_locale 00000001800218a0     libucrt:wsetlocale.obj
 0004:000008ac       $pdata$__pctype_func       00000001800218ac     libucrt:ctype.obj
 0004:000008b8       $pdata$__acrt_free_locale  00000001800218b8     libucrt:locale_refcounting.obj
 0004:000008c4       $pdata$__acrt_locale_free_lc_time_if_unreferenced 00000001800218c4     libucrt:locale_refcounting.obj
 0004:000008d0       $pdata$__acrt_release_locale_ref 00000001800218d0     libucrt:locale_refcounting.obj
 0004:000008dc       $pdata$__acrt_update_thread_locale_data 00000001800218dc     libucrt:locale_refcounting.obj
 0004:000008e8       $pdata$_updatetlocinfoEx_nolock 00000001800218e8     libucrt:locale_refcounting.obj
 0004:000008f4       $pdata$?GetTableIndexFromLocaleName@@YAHPEB_W@Z 00000001800218f4     libucrt:lcidtoname_downlevel.obj
 0004:00000900       $pdata$__acrt_DownlevelLocaleNameToLCID 0000000180021900     libucrt:lcidtoname_downlevel.obj
 0004:0000090c       $pdata$?shortsort@@YAXPEAD0_KP6AHPEBX2@Z@Z 000000018002190c     libucrt:qsort.obj
 0004:00000918       $pdata$2$?shortsort@@YAXPEAD0_KP6AHPEBX2@Z@Z 0000000180021918     libucrt:qsort.obj
 0004:00000924       $pdata$3$?shortsort@@YAXPEAD0_KP6AHPEBX2@Z@Z 0000000180021924     libucrt:qsort.obj
 0004:00000930       $pdata$qsort               0000000180021930     libucrt:qsort.obj
 0004:0000093c       $pdata$4$qsort             000000018002193c     libucrt:qsort.obj
 0004:00000948       $pdata$5$qsort             0000000180021948     libucrt:qsort.obj
 0004:00000954       $pdata$strncpy_s           0000000180021954     libucrt:strncpy_s.obj
 0004:00000960       $pdata$strpbrk             0000000180021960     libucrt:strpbrk.obj
 0004:0000096c       $pdata$_mbsdec_l           000000018002196c     libucrt:mbsdec.obj
 0004:00000978       $pdata$?initialize_multibyte@@YAHXZ 0000000180021978     libucrt:multibyte_initializer.obj
 0004:00000984       $pdata$__acrt_GetStringTypeA 0000000180021984     libucrt:getstringtypea.obj
 0004:00000990       $pdata$?__acrt_LCMapStringA_stat@@YAHPEAU__crt_locale_pointers@@PEB_WKPEBDHPEADHHH@Z 0000000180021990     libucrt:lcmapstringa.obj
 0004:0000099c       $pdata$__acrt_LCMapStringA 000000018002199c     libucrt:lcmapstringa.obj
 0004:000009a8       $pdata$_msize              00000001800219a8     libucrt:msize.obj
 0004:000009b4       $pdata$_realloc_base       00000001800219b4     libucrt:realloc_base.obj
 0004:000009c0       $pdata$__acrt_lowio_create_handle_array 00000001800219c0     libucrt:osfinfo.obj
 0004:000009cc       $pdata$__acrt_lowio_destroy_handle_array 00000001800219cc     libucrt:osfinfo.obj
 0004:000009d8       $pdata$__acrt_lowio_ensure_fh_exists 00000001800219d8     libucrt:osfinfo.obj
 0004:000009e4       $pdata$_free_osfhnd        00000001800219e4     libucrt:osfinfo.obj
 0004:000009f0       $pdata$_get_osfhandle      00000001800219f0     libucrt:osfinfo.obj
 0004:000009fc       $pdata$_isatty             00000001800219fc     libucrt:isatty.obj
 0004:00000a08       $pdata$__acrt_stdio_flush_nolock 0000000180021a08     libucrt:fflush.obj
 0004:00000a14       $pdata$_fflush_nolock      0000000180021a14     libucrt:fflush.obj
 0004:00000a20       $pdata$common_flush_all    0000000180021a20     libucrt:fflush.obj
 0004:00000a2c       $pdata$_isleadbyte_l       0000000180021a2c     libucrt:_wctype.obj
 0004:00000a38       $pdata$_fcloseall          0000000180021a38     libucrt:closeall.obj
 0004:00000a44       $pdata$__acrt_stdio_free_buffer_nolock 0000000180021a44     libucrt:_freebuf.obj
 0004:00000a50       $pdata$__acrt_locale_free_monetary 0000000180021a50     libucrt:initmon.obj
 0004:00000a5c       $pdata$__acrt_locale_free_numeric 0000000180021a5c     libucrt:initnum.obj
 0004:00000a68       $pdata$?free_crt_array_internal@@YAXQEAPEBX_K@Z 0000000180021a68     libucrt:inittime.obj
 0004:00000a74       $pdata$__acrt_locale_free_time 0000000180021a74     libucrt:inittime.obj
 0004:00000a80       $pdata$??$?RV<lambda_b521505b218e5242e90febf6bfebc422>@@AEAV<lambda_6978c1fb23f02e42e1d9e99668cc68aa>@@V<lambda_314360699dd331753a4119843814e9a7>@@@?$__crt_seh_guarded_call@H@@QEAAH$$QEAV<lambda_b521505b218e5242e90febf6bfebc422>@@AEAV<lambda_6978c1fb23f02e42e1d9e99668cc68aa>@@$$QEAV<lambda_314360699dd331753a4119843814e9a7>@@@Z 0000000180021a80     libucrt:commit.obj
 0004:00000a8c       $pdata$_commit             0000000180021a8c     libucrt:commit.obj
 0004:00000a98       $pdata$?write_double_translated_ansi_nolock@@YA?AUwrite_result@?A0x9c548279@@HQEBDI@Z 0000000180021a98     libucrt:write.obj
 0004:00000aa4       $pdata$?write_text_ansi_nolock@@YA?AUwrite_result@?A0x9c548279@@HQEBDI@Z 0000000180021aa4     libucrt:write.obj
 0004:00000ab0       $pdata$?write_text_utf16le_nolock@@YA?AUwrite_result@?A0x9c548279@@HQEBDI@Z 0000000180021ab0     libucrt:write.obj
 0004:00000abc       $pdata$?write_text_utf8_nolock@@YA?AUwrite_result@?A0x9c548279@@HQEBDI@Z 0000000180021abc     libucrt:write.obj
 0004:00000ac8       $pdata$_write              0000000180021ac8     libucrt:write.obj
 0004:00000ad4       $pdata$_write_nolock       0000000180021ad4     libucrt:write.obj
 0004:00000aec       $pdata$??$common_lseek_nolock@_J@@YA_JH_JH@Z 0000000180021aec     libucrt:lseek.obj
 0004:00000af8       $pdata$_fclose_nolock      0000000180021af8     libucrt:fclose.obj
 0004:00000b04       $pdata$fclose              0000000180021b04     libucrt:fclose.obj
 0004:00000b10       $pdata$_putwch_nolock      0000000180021b10     libucrt:putwch.obj
 0004:00000b1c       $pdata$_call_matherr       0000000180021b1c     libucrt:libm_error.obj
 0004:00000b28       $pdata$_exception_enabled  0000000180021b28     libucrt:libm_error.obj
 0004:00000b34       $pdata$_handle_error       0000000180021b34     libucrt:libm_error.obj
 0004:00000b40       $pdata$__acrt_initialize_fma3 0000000180021b40     libucrt:fma3_available.obj
 0004:00000b4c       $pdata$_log10_special      0000000180021b4c     libucrt:log_special.obj
 0004:00000b58       $pdata$_log_special_common 0000000180021b58     libucrt:log_special.obj
 0004:00000b64       $pdata$??$?RV<lambda_bfedae4ebbf01fab1bb6dcc6a9e276e0>@@AEAV<lambda_2fe9b910cf3cbf4a0ab98a02ba45b3ec>@@V<lambda_237c231691f317818eb88cc1d5d642d6>@@@?$__crt_seh_guarded_call@H@@QEAAH$$QEAV<lambda_bfedae4ebbf01fab1bb6dcc6a9e276e0>@@AEAV<lambda_2fe9b910cf3cbf4a0ab98a02ba45b3ec>@@$$QEAV<lambda_237c231691f317818eb88cc1d5d642d6>@@@Z 0000000180021b64     libucrt:close.obj
 0004:00000b70       $pdata$_close              0000000180021b70     libucrt:close.obj
 0004:00000b7c       $pdata$_close_nolock       0000000180021b7c     libucrt:close.obj
 0004:00000b88       $pdata$__dcrt_lowio_initialize_console_output 0000000180021b88     libucrt:initcon.obj
 0004:00000b94       $pdata$__dcrt_terminate_console_output 0000000180021b94     libucrt:initcon.obj
 0004:00000bac       $pdata$_raise_exc          0000000180021bac     libucrt:fpexcept.obj
 0004:00000bb8       $pdata$_raise_exc_ex       0000000180021bb8     libucrt:fpexcept.obj
 0004:00000bc4       $pdata$_set_errno_from_matherr 0000000180021bc4     libucrt:fpexcept.obj
 0004:00000bd0       $pdata$_clrfp              0000000180021bd0     libucrt:fpctrl.obj
 0004:00000bdc       $pdata$_ctrlfp             0000000180021bdc     libucrt:fpctrl.obj
 0004:00000be8       $pdata$_set_statfp         0000000180021be8     libucrt:fpctrl.obj
 0004:00000bf4       $pdata$_statfp             0000000180021bf4     libucrt:fpctrl.obj
 0004:00000c00       $pdata$_IsNonwritableInCurrentImage 0000000180021c00     LIBCMT:pesect.obj
 0004:00000c6c       $pdata$?fin$0@?0??dllmain_crt_process_attach@@YAHQEAUHINSTANCE__@@QEAX@Z@4HA 0000000180021c6c     LIBCMT:dll_dllmain.obj
 0004:00000c78       $pdata$?fin$0@?0??dllmain_crt_process_detach@@YAH_N@Z@4HA 0000000180021c78     LIBCMT:dll_dllmain.obj
 0004:00000c84       $pdata$?filt$0@?0??dllmain_dispatch@@YAHQEAUHINSTANCE__@@KQEAX@Z@4HA 0000000180021c84     LIBCMT:dll_dllmain.obj
 0004:00000c90       $pdata$__scrt_is_nonwritable_in_current_image$filt$0 0000000180021c90     LIBCMT:utility.obj
 0004:00000c9c       $pdata$?filt$0@?0??common_exit@@YAXHW4_crt_exit_cleanup_mode@@W4_crt_exit_return_mode@@@Z@4HA 0000000180021c9c     libucrt:exit.obj
 0004:00000ca8       $pdata$?fin$1@?0??common_exit@@YAXHW4_crt_exit_cleanup_mode@@W4_crt_exit_return_mode@@@Z@4HA 0000000180021ca8     libucrt:exit.obj
 0004:00000cb4       $pdata$?fin$0@?0???$?RV<lambda_e24bbb7b643b32fcea6fa61b31d4c984>@@AEAV<lambda_275893d493268fdec8709772e3fcec0e>@@V<lambda_9d71df4d7cf3f480f8d633942495c3b0>@@@?$__crt_seh_guarded_call@H@@QEAAH$$QEAV<lambda_e24bbb7b643b32fcea6fa61b31d4c984>@@AEAV<lambda_275893d493268fdec8709772e3fcec0e>@@$$QEAV<lambda_9d71df4d7cf3f480f8d633942495c3b0>@@@Z@4HA 0000000180021cb4     libucrt:onexit.obj
 0004:00000cc0       $pdata$?fin$0@?0???$?RV<lambda_46352004c1216016012b18bd6f87e700>@@AEAV<lambda_3bd07e1a1191394380780325891bf33f>@@V<lambda_334532d3f185bcaa59b5be82d7d22bff>@@@?$__crt_seh_guarded_call@X@@QEAAX$$QEAV<lambda_46352004c1216016012b18bd6f87e700>@@AEAV<lambda_3bd07e1a1191394380780325891bf33f>@@$$QEAV<lambda_334532d3f185bcaa59b5be82d7d22bff>@@@Z@4HA 0000000180021cc0     libucrt:per_thread_data.obj
 0004:00000cc0       $pdata$?fin$0@?0???$?RV<lambda_fb3a7dec4e47f37f22dae91bb15c9095>@@AEAV<lambda_698284760c8add0bfb0756c19673e34b>@@V<lambda_dfb8eca1e75fef3034a8fb18dd509707>@@@?$__crt_seh_guarded_call@X@@QEAAX$$QEAV<lambda_fb3a7dec4e47f37f22dae91bb15c9095>@@AEAV<lambda_698284760c8add0bfb0756c19673e34b>@@$$QEAV<lambda_dfb8eca1e75fef3034a8fb18dd509707>@@@Z@4HA 0000000180021cc0     libucrt:per_thread_data.obj
 0004:00000cc0       $pdata$?fin$0@?0???$?RV<lambda_72d1df2b273a38828b1ce30cbf4cdab5>@@AEAV<lambda_876a65b173b8412d3a47c70a915b0cf4>@@V<lambda_41932305e351933ebe8f8be3ed8bb5dc>@@@?$__crt_seh_guarded_call@X@@QEAAX$$QEAV<lambda_72d1df2b273a38828b1ce30cbf4cdab5>@@AEAV<lambda_876a65b173b8412d3a47c70a915b0cf4>@@$$QEAV<lambda_41932305e351933ebe8f8be3ed8bb5dc>@@@Z@4HA 0000000180021cc0     libucrt:per_thread_data.obj
 0004:00000cc0       $pdata$?fin$0@?0???$?RV<lambda_99476a1ad63dd22509b5d3e65b0ffc95>@@AEAV<lambda_ad1ced32f4ac17aa236e5ef05d6b3b7c>@@V<lambda_f7424dd8d45958661754dc4f2697e9c3>@@@?$__crt_seh_guarded_call@X@@QEAAX$$QEAV<lambda_99476a1ad63dd22509b5d3e65b0ffc95>@@AEAV<lambda_ad1ced32f4ac17aa236e5ef05d6b3b7c>@@$$QEAV<lambda_f7424dd8d45958661754dc4f2697e9c3>@@@Z@4HA 0000000180021cc0     libucrt:mbctype.obj
 0004:00000cc0       $pdata$?fin$0@?0???$?RV<lambda_c36588078e9f5dfd39652860aa6b3aaf>@@AEAV<lambda_ec61778202f4f5fc7e7711acc23c3bca>@@V<lambda_dc9d2797ccde5d239b4a0efae8ebd7db>@@@?$__crt_seh_guarded_call@P6AXH@Z@@QEAAP6AXH@Z$$QEAV<lambda_c36588078e9f5dfd39652860aa6b3aaf>@@AEAV<lambda_ec61778202f4f5fc7e7711acc23c3bca>@@$$QEAV<lambda_dc9d2797ccde5d239b4a0efae8ebd7db>@@@Z@4HA 0000000180021cc0     libucrt:signal.obj
 0004:00000cc0       $pdata$?fin$0@?0???$?RV<lambda_5e887d1dcbef67a5eb4283622ba103bf>@@AEAV<lambda_4466841279450cc726390878d4a41900>@@V<lambda_341c25c0346d94847f1f3c463c57e077>@@@?$__crt_seh_guarded_call@X@@QEAAX$$QEAV<lambda_5e887d1dcbef67a5eb4283622ba103bf>@@AEAV<lambda_4466841279450cc726390878d4a41900>@@$$QEAV<lambda_341c25c0346d94847f1f3c463c57e077>@@@Z@4HA 0000000180021cc0     libucrt:per_thread_data.obj
 0004:00000ccc       $pdata$__acrt_update_thread_multibyte_data$fin$0 0000000180021ccc     libucrt:mbctype.obj
 0004:00000cd8       $pdata$_query_new_handler$fin$0 0000000180021cd8     libucrt:new_handler.obj
 0004:00000ce4       $pdata$raise$fin$0         0000000180021ce4     libucrt:signal.obj
 0004:00000cf0       $pdata$__acrt_uninitialize_locale$fin$0 0000000180021cf0     libucrt:wsetlocale.obj
 0004:00000cf0       $pdata$__acrt_update_thread_locale_data$fin$0 0000000180021cf0     libucrt:locale_refcounting.obj
 0004:00000cfc       $pdata$__acrt_lowio_ensure_fh_exists$fin$0 0000000180021cfc     libucrt:osfinfo.obj
 0004:00000cfc       $pdata$__acrt_initialize_lowio$fin$0 0000000180021cfc     libucrt:ioinit.obj
 0004:00000d08       $pdata$common_flush_all$fin$0 0000000180021d08     libucrt:fflush.obj
 0004:00000d14       $pdata$common_flush_all$fin$1 0000000180021d14     libucrt:fflush.obj
 0004:00000d20       $pdata$_fcloseall$fin$0    0000000180021d20     libucrt:closeall.obj
 0004:00000d2c       $pdata$?fin$0@?0???$?RV<lambda_b521505b218e5242e90febf6bfebc422>@@AEAV<lambda_6978c1fb23f02e42e1d9e99668cc68aa>@@V<lambda_314360699dd331753a4119843814e9a7>@@@?$__crt_seh_guarded_call@H@@QEAAH$$QEAV<lambda_b521505b218e5242e90febf6bfebc422>@@AEAV<lambda_6978c1fb23f02e42e1d9e99668cc68aa>@@$$QEAV<lambda_314360699dd331753a4119843814e9a7>@@@Z@4HA 0000000180021d2c     libucrt:commit.obj
 0004:00000d2c       $pdata$?fin$0@?0???$?RV<lambda_bfedae4ebbf01fab1bb6dcc6a9e276e0>@@AEAV<lambda_2fe9b910cf3cbf4a0ab98a02ba45b3ec>@@V<lambda_237c231691f317818eb88cc1d5d642d6>@@@?$__crt_seh_guarded_call@H@@QEAAH$$QEAV<lambda_bfedae4ebbf01fab1bb6dcc6a9e276e0>@@AEAV<lambda_2fe9b910cf3cbf4a0ab98a02ba45b3ec>@@$$QEAV<lambda_237c231691f317818eb88cc1d5d642d6>@@@Z@4HA 0000000180021d2c     libucrt:close.obj
 0004:00000d38       $pdata$_write$fin$0        0000000180021d38     libucrt:write.obj
 0004:00000d44       $pdata$fclose$fin$0        0000000180021d44     libucrt:fclose.obj
 0004:00000d50       $pdata$_ctrlfp$filt$0      0000000180021d50     libucrt:fpctrl.obj
 0004:00000d5c       $pdata$_IsNonwritableInCurrentImage$filt$0 0000000180021d5c     LIBCMT:pesect.obj
 0005:000000a0       $R000000                   00000001800220a0     gdip.res
 0005:000003b0       $R000310                   00000001800223b0     gdip.res
