 ico

 Timestamp is 5a0575de (Fri Nov 10 12:48:14 2017)

 Preferred load address is 0000000180000000

 Start         Length     Name                   Class
 0001:00000000 0000b090H .text$mn                CODE
 0001:0000b090 000000e0H .text$mn$00             CODE
 0001:0000b170 00000260H .text$x                 CODE
 0002:00000000 000002b8H .idata$5                DATA
 0002:000002b8 00000020H .00cfg                  DATA
 0002:000002d8 00000008H .CRT$XCA                DATA
 0002:000002e0 00000008H .CRT$XCZ                DATA
 0002:000002e8 00000008H .CRT$XIA                DATA
 0002:000002f0 00000018H .CRT$XIC                DATA
 0002:00000308 00000008H .CRT$XIZ                DATA
 0002:00000310 00000008H .CRT$XPA                DATA
 0002:00000318 00000010H .CRT$XPX                DATA
 0002:00000328 00000008H .CRT$XPXA               DATA
 0002:00000330 00000008H .CRT$XPZ                DATA
 0002:00000338 00000008H .CRT$XTA                DATA
 0002:00000340 00000010H .CRT$XTZ                DATA
 0002:00000348 00000000H .gfids$x                DATA
 0002:00000348 00000000H .gfids$y                DATA
 0002:00000350 00007198H .rdata                  DATA
 0002:000074e8 0000038cH .rdata$r                DATA
 0002:00007874 0000031cH .rdata$zzzdbg           DATA
 0002:00007b90 00000008H .rtc$IAA                DATA
 0002:00007b98 00000008H .rtc$IZZ                DATA
 0002:00007ba0 00000008H .rtc$TAA                DATA
 0002:00007ba8 00000008H .rtc$TZZ                DATA
 0002:00007bb0 00000aa0H .xdata                  DATA
 0002:00008650 00000094H .edata                  DATA
 0002:000086e4 00000050H .idata$2                DATA
 0002:00008734 00000014H .idata$3                DATA
 0002:00008748 000002b8H .idata$4                DATA
 0002:00008a00 0000063eH .idata$6                DATA
 0003:00000000 000008e0H .data                   DATA
 0003:000008e0 00000130H .data$r                 DATA
 0003:00000a10 000011f8H .bss                    DATA
 0004:00000000 00000db0H .pdata                  DATA
 0005:00000000 000000a0H .rsrc$01                DATA
 0005:000000a0 00000488H .rsrc$02                DATA

  Address         Publics by Value              Rva+Base               Lib:Object

 0000:00000000       __guard_iat_count          0000000000000000     <absolute>
 0000:00000000       __hybrid_code_map_count    0000000000000000     <absolute>
 0000:00000000       __hybrid_code_map          0000000000000000     <absolute>
 0000:00000000       __dynamic_value_reloc_table 0000000000000000     <absolute>
 0000:00000000       __guard_iat_table          0000000000000000     <absolute>
 0000:00000000       __guard_longjmp_table      0000000000000000     <absolute>
 0000:00000000       __guard_longjmp_count      0000000000000000     <absolute>
 0000:00000000       __hybrid_auxiliary_iat     0000000000000000     <absolute>
 0000:00000000       __guard_fids_count         0000000000000000     <absolute>
 0000:00000000       __enclave_config           0000000000000000     <absolute>
 0000:00000000       ___safe_se_handler_table   0000000000000000     <absolute>
 0000:00000000       ___safe_se_handler_count   0000000000000000     <absolute>
 0000:00000000       __guard_fids_table         0000000000000000     <absolute>
 0000:00000100       __guard_flags              0000000000000100     <absolute>
 0000:00000000       __ImageBase                0000000180000000     <linker-defined>
 0001:00000000       ??_EImage@Gdiplus@@UEAAPEAXI@Z 0000000180001000 f i ico.obj
 0001:00000000       ??_GBitmap@Gdiplus@@UEAAPEAXI@Z 0000000180001000 f i ico.obj
 0001:00000000       ??_EBitmap@Gdiplus@@UEAAPEAXI@Z 0000000180001000 f i ico.obj
 0001:00000000       ??_GImage@Gdiplus@@UEAAPEAXI@Z 0000000180001000 f i ico.obj
 0001:00000050       ??_GMStream@@UEAAPEAXI@Z   0000000180001050 f i ico.obj
 0001:00000050       ??_EMStream@@UEAAPEAXI@Z   0000000180001050 f i ico.obj
 0001:000000c8       ?AddRef@MStream@@UEAAKXZ   00000001800010c8 f i ico.obj
 0001:000000dc       ?CET_Cancel@@YAXPEAX@Z     00000001800010dc f   ico.obj
 0001:000000f4       ?CET_Done@@YAXPEAUCET_Init@@@Z 00000001800010f4 f   ico.obj
 0001:00000154       ?CET_Free@@YAXPEAUCET_LoadInfo@@@Z 0000000180001154 f   ico.obj
 0001:00000188       ?CET_Init@@YAHPEAU0@@Z     0000000180001188 f   ico.obj
 0001:0000024c       ?CET_Load@@YAHPEAUCET_LoadInfo@@@Z 000000018000124c f   ico.obj
 0001:000003b8       ?Clone@Image@Gdiplus@@UEAAPEAV12@XZ 00000001800013b8 f i ico.obj
 0001:0000040c       ?Close@ICOImage@@QEAAXXZ   000000018000140c f i ico.obj
 0001:0000048c       ?Commit@MStream@@UEAAJK@Z  000000018000148c f i ico.obj
 0001:00000498       ?Decode1BPP@@YAPEAEIIPEAUtagRGBQUAD@@PEAE1AEAK@Z 0000000180001498 f   ico.obj
 0001:000005a4       ?Decode24BPP@@YAPEAEAEAIIPEAE1AEAK@Z 00000001800015a4 f   ico.obj
 0001:0000079c       ?Decode32BPP@@YAPEAEAEAIIPEAE1AEAK@Z 000000018000179c f   ico.obj
 0001:000008a4       ?Decode4BPP@@YAPEAEIIPEAUtagRGBQUAD@@PEAE1AEAK@Z 00000001800018a4 f   ico.obj
 0001:000009d0       ?Decode8BPP@@YAPEAEAEAIIPEAUtagRGBQUAD@@PEAE2AEAK@Z 00000001800019d0 f   ico.obj
 0001:00000ae4       ?DecodeDummy@@YAPEAEIIAEAK@Z 0000000180001ae4 f   ico.obj
 0001:00000b44       ?GetPageBits@ICOImage@@QEAAHPEAUCET_LoadInfo@@@Z 0000000180001b44 f i ico.obj
 0001:00000c94       ?Init@ICODecoder@@QEAAHPEAUCET_Init@@@Z 0000000180001c94 f i ico.obj
 0001:00000d08       ?LoadPageInfo@@YAKPEAUICONCONTEXT@@HAEAI111PEAPEB_W@Z 0000000180001d08 f   ico.obj
 0001:00000e90       ?Open@ICOImage@@QEAAH_NPEB_WPEBEKU_COORD@@@Z 0000000180001e90 f i ico.obj
 0001:000010a8       ?PageDecode@ICOImage@@QEAAHPEAUCET_LoadInfo@@@Z 00000001800020a8 f i ico.obj
 0001:000014dc       ?QueryInterface@MStream@@UEAAJAEBU_GUID@@PEAPEAX@Z 00000001800024dc f i ico.obj
 0001:00001544       ?Read@MStream@@UEAAJPEAXKPEAK@Z 0000000180002544 f i ico.obj
 0001:000015c4       ?Release@MStream@@UEAAKXZ  00000001800025c4 f i ico.obj
 0001:000015f4       ?Seek@MStream@@UEAAJT_LARGE_INTEGER@@KPEAT_ULARGE_INTEGER@@@Z 00000001800025f4 f i ico.obj
 0001:00001658       ?SetSize@MStream@@UEAAJT_ULARGE_INTEGER@@@Z 0000000180002658 f i ico.obj
 0001:00001704       ?Stat@MStream@@UEAAJPEAUtagSTATSTG@@K@Z 0000000180002704 f i ico.obj
 0001:00001780       ?UnlockRegion@MStream@@UEAAJT_ULARGE_INTEGER@@0K@Z 0000000180002780 f i ico.obj
 0001:00001780       ?CopyTo@MStream@@UEAAJPEAUIStream@@T_ULARGE_INTEGER@@PEAT3@2@Z 0000000180002780 f i ico.obj
 0001:00001780       ?LockRegion@MStream@@UEAAJT_ULARGE_INTEGER@@0K@Z 0000000180002780 f i ico.obj
 0001:00001780       ?Revert@MStream@@UEAAJXZ   0000000180002780 f i ico.obj
 0001:00001780       ?Clone@MStream@@UEAAJPEAPEAUIStream@@@Z 0000000180002780 f i ico.obj
 0001:00001788       ?Write@MStream@@UEAAJPEBXKPEAK@Z 0000000180002788 f i ico.obj
 0001:00001850       ??3@YAXPEAX@Z              0000000180002850 f   common-kernel64:Memory.obj
 0001:00001858       ?HeapDeinitialize@@YAXXZ   0000000180002858 f   common-kernel64:Memory.obj
 0001:0000187c       ?HeapInitialize@@YA_NXZ    000000018000287c f   common-kernel64:Memory.obj
 0001:000018b0       ?xf_free@@YAXPEAX@Z        00000001800028b0 f   common-kernel64:Memory.obj
 0001:000018d5       GdipAlloc                  00000001800028d5 f   gdiplus:gdiplus.dll
 0001:000018db       GdipFree                   00000001800028db f   gdiplus:gdiplus.dll
 0001:000018e1       GdiplusStartup             00000001800028e1 f   gdiplus:gdiplus.dll
 0001:000018e7       GdiplusShutdown            00000001800028e7 f   gdiplus:gdiplus.dll
 0001:000018ed       GdipCloneImage             00000001800028ed f   gdiplus:gdiplus.dll
 0001:000018f3       GdipDisposeImage           00000001800028f3 f   gdiplus:gdiplus.dll
 0001:000018f9       GdipGetImagePixelFormat    00000001800028f9 f   gdiplus:gdiplus.dll
 0001:000018ff       GdipCreateBitmapFromStream 00000001800028ff f   gdiplus:gdiplus.dll
 0001:00001905       GdipBitmapLockBits         0000000180002905 f   gdiplus:gdiplus.dll
 0001:0000190b       GdipBitmapUnlockBits       000000018000290b f   gdiplus:gdiplus.dll
 0001:00001914       ??3@YAXPEAX_K@Z            0000000180002914 f   LIBCMT:delete_scalar_size.obj
 0001:0000191c       __GSHandlerCheck           000000018000291c f   LIBCMT:_gshandler_.obj
 0001:0000193c       __GSHandlerCheckCommon     000000018000293c f   LIBCMT:_gshandler_.obj
 0001:000019b0       __security_check_cookie    00000001800029b0 f   LIBCMT:_amdsecgs_.obj
 0001:000019d4       ??_Etype_info@@UEAAPEAXI@Z 00000001800029d4 f i LIBCMT:std_type_info_static.obj
 0001:000019d4       ??_Gtype_info@@UEAAPEAXI@Z 00000001800029d4 f i LIBCMT:std_type_info_static.obj
 0001:00001d3c       _DllMainCRTStartup         0000000180002d3c f   LIBCMT:dll_dllmain.obj
 0001:00001d7c       __raise_securityfailure    0000000180002d7c f   LIBCMT:gs_report.obj
 0001:00001db0       __report_gsfailure         0000000180002db0 f   LIBCMT:gs_report.obj
 0001:00001e84       __report_rangecheckfailure 0000000180002e84 f   LIBCMT:gs_report.obj
 0001:00001e98       __report_securityfailure   0000000180002e98 f   LIBCMT:gs_report.obj
 0001:00002018       __security_init_cookie     0000000180003018 f   LIBCMT:gs_support.obj
 0001:000020c4       ?__scrt_initialize_type_info@@YAXXZ 00000001800030c4 f   LIBCMT:tncleanup.obj
 0001:000020d4       ?__scrt_uninitialize_type_info@@YAXXZ 00000001800030d4 f   LIBCMT:tncleanup.obj
 0001:000020e0       __local_stdio_printf_options 00000001800030e0 f i LIBCMT:default_local_stdio_options.obj
 0001:000020e8       __local_stdio_scanf_options 00000001800030e8 f i LIBCMT:default_local_stdio_options.obj
 0001:000020f0       __scrt_initialize_default_local_stdio_options 00000001800030f0 f   LIBCMT:default_local_stdio_options.obj
 0001:0000210c       __scrt_acquire_startup_lock 000000018000310c f   LIBCMT:utility.obj
 0001:00002148       __scrt_dllmain_after_initialize_c 0000000180003148 f   LIBCMT:utility.obj
 0001:0000217c       __scrt_dllmain_before_initialize_c 000000018000317c f   LIBCMT:utility.obj
 0001:00002194       __scrt_dllmain_crt_thread_attach 0000000180003194 f   LIBCMT:utility.obj
 0001:000021bc       __scrt_dllmain_crt_thread_detach 00000001800031bc f   LIBCMT:utility.obj
 0001:000021d4       __scrt_dllmain_exception_filter 00000001800031d4 f   LIBCMT:utility.obj
 0001:00002238       __scrt_dllmain_uninitialize_c 0000000180003238 f   LIBCMT:utility.obj
 0001:00002268       __scrt_dllmain_uninitialize_critical 0000000180003268 f   LIBCMT:utility.obj
 0001:0000227c       __scrt_initialize_crt      000000018000327c f   LIBCMT:utility.obj
 0001:000022c8       __scrt_initialize_onexit_tables 00000001800032c8 f   LIBCMT:utility.obj
 0001:000023a8       __scrt_is_nonwritable_in_current_image 00000001800033a8 f   LIBCMT:utility.obj
 0001:00002444       __scrt_release_startup_lock 0000000180003444 f   LIBCMT:utility.obj
 0001:00002468       __scrt_uninitialize_crt    0000000180003468 f   LIBCMT:utility.obj
 0001:00002494       __scrt_get_dyn_tls_init_callback 0000000180003494 f   LIBCMT:dyn_tls_init.obj
 0001:0000249c       __crt_debugger_hook        000000018000349c f   LIBCMT:utility_desktop.obj
 0001:000024a4       __scrt_fastfail            00000001800034a4 f   LIBCMT:utility_desktop.obj
 0001:000025f0       _RTC_Initialize            00000001800035f0 f   LIBCMT:_initsect_.obj
 0001:0000263c       _RTC_Terminate             000000018000363c f   LIBCMT:_initsect_.obj
 0001:00002688       _guard_check_icall         0000000180003688 f i LIBCMT:checkcfg.obj
 0001:00002690       __isa_available_init       0000000180003690 f   LIBCMT:_cpu_disp_.obj
 0001:0000284c       DllMain                    000000018000384c f   LIBCMT:dll_dllmain_stub.obj
 0001:0000284c       _get_startup_argv_mode     000000018000384c f   LIBCMT:argv_mode.obj
 0001:00002854       __scrt_is_ucrt_dll_in_use  0000000180003854 f   LIBCMT:ucrt_detection.obj
 0001:00002860       _guard_check_icall_nop     0000000180003860 f i LIBCMT:guard_support.obj
 0001:00002860       ?__empty_global_delete@@YAXPEAX_K@Z 0000000180003860 f i ico.obj
 0001:00002860       ?__global_delete@@YAXPEAX_K@Z 0000000180003860 f i ico.obj
 0001:00002880       memmove                    0000000180003880 f   libvcruntime:memcpy.obj
 0001:00002880       memcpy                     0000000180003880 f   libvcruntime:memcpy.obj
 0001:00002ce0       memset                     0000000180003ce0 f   libvcruntime:memset.obj
 0001:00002e90       __C_specific_handler       0000000180003e90 f   libvcruntime:_riscchandler_.obj
 0001:0000308c       __std_type_info_destroy_list 000000018000408c f   libvcruntime:std_type_info.obj
 0001:000030b8       __vcrt_initialize          00000001800040b8 f   libvcruntime:initialization.obj
 0001:000030ec       __vcrt_thread_attach       00000001800040ec f   libvcruntime:initialization.obj
 0001:00003100       __vcrt_thread_detach       0000000180004100 f   libvcruntime:initialization.obj
 0001:00003114       __vcrt_uninitialize        0000000180004114 f   libvcruntime:initialization.obj
 0001:00003134       __vcrt_uninitialize_critical 0000000180004134 f   libvcruntime:initialization.obj
 0001:00003160       _local_unwind              0000000180004160 f   libvcruntime:_jmpuwind_.obj
 0001:00003190       _NLG_Notify                0000000180004190 f   libvcruntime:_jmpuwind_.obj
 0001:000031b0       __NLG_Dispatch2            00000001800041b0 f   libvcruntime:_jmpuwind_.obj
 0001:000031c0       __NLG_Return2              00000001800041c0 f   libvcruntime:_jmpuwind_.obj
 0001:000031c4       __except_validate_context_record 00000001800041c4 f   libvcruntime:jbcxrval.obj
 0001:000031fc       __vcrt_freefls             00000001800041fc f   libvcruntime:per_thread_data.obj
 0001:0000321c       __vcrt_freeptd             000000018000421c f   libvcruntime:per_thread_data.obj
 0001:0000326c       __vcrt_getptd_noexit       000000018000426c f   libvcruntime:per_thread_data.obj
 0001:00003324       __vcrt_initialize_ptd      0000000180004324 f   libvcruntime:per_thread_data.obj
 0001:00003364       __vcrt_uninitialize_ptd    0000000180004364 f   libvcruntime:per_thread_data.obj
 0001:00003388       __vcrt_initialize_locks    0000000180004388 f   libvcruntime:locks.obj
 0001:000033d0       __vcrt_uninitialize_locks  00000001800043d0 f   libvcruntime:locks.obj
 0001:000035e0       __vcrt_FlsAlloc            00000001800045e0 f   libvcruntime:winapi_downlevel.obj
 0001:00003634       __vcrt_FlsFree             0000000180004634 f   libvcruntime:winapi_downlevel.obj
 0001:00003688       __vcrt_FlsGetValue         0000000180004688 f   libvcruntime:winapi_downlevel.obj
 0001:000036dc       __vcrt_FlsSetValue         00000001800046dc f   libvcruntime:winapi_downlevel.obj
 0001:00003744       __vcrt_InitializeCriticalSectionEx 0000000180004744 f   libvcruntime:winapi_downlevel.obj
 0001:000037bc       __vcrt_initialize_winapi_thunks 00000001800047bc f   libvcruntime:winapi_downlevel.obj
 0001:00003800       __vcrt_uninitialize_winapi_thunks 0000000180004800 f   libvcruntime:winapi_downlevel.obj
 0001:00003840       __vcrt_initialize_pure_virtual_call_handler 0000000180004840 f   libvcruntime:purevirt_data.obj
 0001:00003864       _initterm                  0000000180004864 f   libucrt:initterm.obj
 0001:000038dc       _initterm_e                00000001800048dc f   libucrt:initterm.obj
 0001:00003928       _seh_filter_dll            0000000180004928 f   libucrt:exception_filter.obj
 0001:0000393c       _seh_filter_exe            000000018000493c f   libucrt:exception_filter.obj
 0001:00003cfc       __acrt_initialize_thread_local_exit_callback 0000000180004cfc f   libucrt:exit.obj
 0001:00003d04       _cexit                     0000000180004d04 f   libucrt:exit.obj
 0001:00003d14       _exit                      0000000180004d14 f   libucrt:exit.obj
 0001:00003d20       _is_c_termination_complete 0000000180004d20 f   libucrt:exit.obj
 0001:00003ee4       __acrt_allocate_buffer_for_argv 0000000180004ee4 f   libucrt:argv_parsing.obj
 0001:00003f48       _configure_narrow_argv     0000000180004f48 f   libucrt:argv_parsing.obj
 0001:000042a4       __dcrt_uninitialize_environments_nolock 00000001800052a4 f   libucrt:environment_initialization.obj
 0001:000042dc       _initialize_narrow_environment 00000001800052dc f   libucrt:environment_initialization.obj
 0001:000042e4       ??$?RV<lambda_e24bbb7b643b32fcea6fa61b31d4c984>@@AEAV<lambda_275893d493268fdec8709772e3fcec0e>@@V<lambda_9d71df4d7cf3f480f8d633942495c3b0>@@@?$__crt_seh_guarded_call@H@@QEAAH$$QEAV<lambda_e24bbb7b643b32fcea6fa61b31d4c984>@@AEAV<lambda_275893d493268fdec8709772e3fcec0e>@@$$QEAV<lambda_9d71df4d7cf3f480f8d633942495c3b0>@@@Z 00000001800052e4 f i libucrt:onexit.obj
 0001:00004484       _execute_onexit_table      0000000180005484 f   libucrt:onexit.obj
 0001:000044c0       _initialize_onexit_table   00000001800054c0 f   libucrt:onexit.obj
 0001:00004538       __acrt_uninitialize_command_line 0000000180005538 f   libucrt:argv_data.obj
 0001:00004638       __acrt_initialize          0000000180005638 f   libucrt:initialization.obj
 0001:0000464c       __acrt_thread_attach       000000018000564c f   libucrt:initialization.obj
 0001:00004660       __acrt_thread_detach       0000000180005660 f   libucrt:initialization.obj
 0001:00004670       __acrt_uninitialize        0000000180005670 f   libucrt:initialization.obj
 0001:00004684       __acrt_uninitialize_critical 0000000180005684 f   libucrt:initialization.obj
 0001:00004694       terminate                  0000000180005694 f   libucrt:terminate.obj
 0001:000046bc       _free_base                 00000001800056bc f   libucrt:free_base.obj
 0001:000046fc       _malloc_base               00000001800056fc f   libucrt:malloc_base.obj
 0001:0000475c       strcpy_s                   000000018000575c f   libucrt:strcpy_s.obj
 0001:000047bc       ??0_LocaleUpdate@@QEAA@QEAU__crt_locale_pointers@@@Z 00000001800057bc f i libucrt:output.obj
 0001:0000484c       abort                      000000018000584c f   libucrt:abort.obj
 0001:000048a4       _calloc_base               00000001800058a4 f   libucrt:calloc_base.obj
 0001:0000491c       wcsncmp                    000000018000591c f   libucrt:wcsncmp.obj
 0001:00004948       ??$?RV<lambda_46352004c1216016012b18bd6f87e700>@@AEAV<lambda_3bd07e1a1191394380780325891bf33f>@@V<lambda_334532d3f185bcaa59b5be82d7d22bff>@@@?$__crt_seh_guarded_call@X@@QEAAX$$QEAV<lambda_46352004c1216016012b18bd6f87e700>@@AEAV<lambda_3bd07e1a1191394380780325891bf33f>@@$$QEAV<lambda_334532d3f185bcaa59b5be82d7d22bff>@@@Z 0000000180005948 f i libucrt:per_thread_data.obj
 0001:000049a8       ??$?RV<lambda_5e887d1dcbef67a5eb4283622ba103bf>@@AEAV<lambda_4466841279450cc726390878d4a41900>@@V<lambda_341c25c0346d94847f1f3c463c57e077>@@@?$__crt_seh_guarded_call@X@@QEAAX$$QEAV<lambda_5e887d1dcbef67a5eb4283622ba103bf>@@AEAV<lambda_4466841279450cc726390878d4a41900>@@$$QEAV<lambda_341c25c0346d94847f1f3c463c57e077>@@@Z 00000001800059a8 f i libucrt:per_thread_data.obj
 0001:000049f0       ??$?RV<lambda_72d1df2b273a38828b1ce30cbf4cdab5>@@AEAV<lambda_876a65b173b8412d3a47c70a915b0cf4>@@V<lambda_41932305e351933ebe8f8be3ed8bb5dc>@@@?$__crt_seh_guarded_call@X@@QEAAX$$QEAV<lambda_72d1df2b273a38828b1ce30cbf4cdab5>@@AEAV<lambda_876a65b173b8412d3a47c70a915b0cf4>@@$$QEAV<lambda_41932305e351933ebe8f8be3ed8bb5dc>@@@Z 00000001800059f0 f i libucrt:per_thread_data.obj
 0001:00004a30       ??$?RV<lambda_fb3a7dec4e47f37f22dae91bb15c9095>@@AEAV<lambda_698284760c8add0bfb0756c19673e34b>@@V<lambda_dfb8eca1e75fef3034a8fb18dd509707>@@@?$__crt_seh_guarded_call@X@@QEAAX$$QEAV<lambda_fb3a7dec4e47f37f22dae91bb15c9095>@@AEAV<lambda_698284760c8add0bfb0756c19673e34b>@@$$QEAV<lambda_dfb8eca1e75fef3034a8fb18dd509707>@@@Z 0000000180005a30 f i libucrt:per_thread_data.obj
 0001:00004cc0       __acrt_freeptd             0000000180005cc0 f   libucrt:per_thread_data.obj
 0001:00004d04       __acrt_getptd              0000000180005d04 f   libucrt:per_thread_data.obj
 0001:00004d98       __acrt_getptd_noexit       0000000180005d98 f   libucrt:per_thread_data.obj
 0001:00004e38       __acrt_initialize_ptd      0000000180005e38 f   libucrt:per_thread_data.obj
 0001:00004e74       __acrt_uninitialize_ptd    0000000180005e74 f   libucrt:per_thread_data.obj
 0001:00004e98       __acrt_initialize_locks    0000000180005e98 f   libucrt:locks.obj
 0001:00004ee0       __acrt_lock                0000000180005ee0 f   libucrt:locks.obj
 0001:00004efc       __acrt_uninitialize_locks  0000000180005efc f   libucrt:locks.obj
 0001:00004f34       __acrt_unlock              0000000180005f34 f   libucrt:locks.obj
 0001:000050f0       __acrt_FlsAlloc            00000001800060f0 f   libucrt:winapi_thunks.obj
 0001:00005148       __acrt_FlsFree             0000000180006148 f   libucrt:winapi_thunks.obj
 0001:000051a0       __acrt_FlsGetValue         00000001800061a0 f   libucrt:winapi_thunks.obj
 0001:000051f8       __acrt_FlsSetValue         00000001800061f8 f   libucrt:winapi_thunks.obj
 0001:00005260       __acrt_InitializeCriticalSectionEx 0000000180006260 f   libucrt:winapi_thunks.obj
 0001:000052d8       __acrt_LCMapStringEx       00000001800062d8 f   libucrt:winapi_thunks.obj
 0001:000053c8       __acrt_LocaleNameToLCID    00000001800063c8 f   libucrt:winapi_thunks.obj
 0001:00005430       __acrt_initialize_winapi_thunks 0000000180006430 f   libucrt:winapi_thunks.obj
 0001:00005468       __acrt_is_packaged_app     0000000180006468 f   libucrt:winapi_thunks.obj
 0001:000054f0       __acrt_uninitialize_winapi_thunks 00000001800064f0 f   libucrt:winapi_thunks.obj
 0001:00005534       __acrt_call_reportfault    0000000180006534 f   libucrt:invalid_parameter.obj
 0001:00005690       __acrt_initialize_invalid_parameter_handler 0000000180006690 f   libucrt:invalid_parameter.obj
 0001:00005698       _invalid_parameter         0000000180006698 f   libucrt:invalid_parameter.obj
 0001:00005740       _invalid_parameter_noinfo  0000000180006740 f   libucrt:invalid_parameter.obj
 0001:00005760       _invoke_watson             0000000180006760 f   libucrt:invalid_parameter.obj
 0001:000057a8       __acrt_errno_from_os_error 00000001800067a8 f   libucrt:errno.obj
 0001:000057f0       __acrt_errno_map_os_error  00000001800067f0 f   libucrt:errno.obj
 0001:00005840       __doserrno                 0000000180006840 f   libucrt:errno.obj
 0001:00005860       _errno                     0000000180006860 f   libucrt:errno.obj
 0001:00005d5c       ?expand_if_necessary@?$argument_list@D@?A0xca0879c4@@AEAAHXZ 0000000180006d5c f i libucrt:argv_wildcards.obj
 0001:00005e24       __acrt_expand_narrow_argv_wildcards 0000000180006e24 f   libucrt:argv_wildcards.obj
 0001:00005e2c       ??$?RV<lambda_99476a1ad63dd22509b5d3e65b0ffc95>@@AEAV<lambda_ad1ced32f4ac17aa236e5ef05d6b3b7c>@@V<lambda_f7424dd8d45958661754dc4f2697e9c3>@@@?$__crt_seh_guarded_call@X@@QEAAX$$QEAV<lambda_99476a1ad63dd22509b5d3e65b0ffc95>@@AEAV<lambda_ad1ced32f4ac17aa236e5ef05d6b3b7c>@@$$QEAV<lambda_f7424dd8d45958661754dc4f2697e9c3>@@@Z 0000000180006e2c f i libucrt:mbctype.obj
 0001:00006528       __acrt_initialize_multibyte 0000000180007528 f   libucrt:mbctype.obj
 0001:00006550       __acrt_update_thread_multibyte_data 0000000180007550 f   libucrt:mbctype.obj
 0001:00006610       _setmbcp_nolock            0000000180007610 f   libucrt:mbctype.obj
 0001:00006930       _ismbblead                 0000000180007930 f   libucrt:ismbbyte.obj
 0001:00006944       __acrt_initialize_command_line 0000000180007944 f   libucrt:argv_data.obj
 0001:0000696c       __dcrt_get_narrow_environment_from_os 000000018000796c f   libucrt:get_environment_from_os.obj
 0001:00006a70       _recalloc                  0000000180007a70 f   libucrt:recalloc.obj
 0001:00006a78       _recalloc_base             0000000180007a78 f   libucrt:recalloc.obj
 0001:00006b10       __acrt_initialize_heap     0000000180007b10 f   libucrt:heap_handle.obj
 0001:00006b2c       __acrt_uninitialize_heap   0000000180007b2c f   libucrt:heap_handle.obj
 0001:00006d20       __acrt_initialize_lowio    0000000180007d20 f   libucrt:ioinit.obj
 0001:00006d5c       __acrt_uninitialize_lowio  0000000180007d5c f   libucrt:ioinit.obj
 0001:00006d9c       __acrt_execute_initializers 0000000180007d9c f   libucrt:shared_initialization.obj
 0001:00006e30       __acrt_execute_uninitializers 0000000180007e30 f   libucrt:shared_initialization.obj
 0001:00006e80       __acrt_initialize_new_handler 0000000180007e80 f   libucrt:new_handler.obj
 0001:00006e88       _callnewh                  0000000180007e88 f   libucrt:new_handler.obj
 0001:00006ec8       _query_new_handler         0000000180007ec8 f   libucrt:new_handler.obj
 0001:00006efc       ??$?RV<lambda_c36588078e9f5dfd39652860aa6b3aaf>@@AEAV<lambda_ec61778202f4f5fc7e7711acc23c3bca>@@V<lambda_dc9d2797ccde5d239b4a0efae8ebd7db>@@@?$__crt_seh_guarded_call@P6AXH@Z@@QEAAP6AXH@Z$$QEAV<lambda_c36588078e9f5dfd39652860aa6b3aaf>@@AEAV<lambda_ec61778202f4f5fc7e7711acc23c3bca>@@$$QEAV<lambda_dc9d2797ccde5d239b4a0efae8ebd7db>@@@Z 0000000180007efc f i libucrt:signal.obj
 0001:00006f44       __acrt_get_sigabrt_handler 0000000180007f44 f   libucrt:signal.obj
 0001:00006f74       __acrt_initialize_signal_handlers 0000000180007f74 f   libucrt:signal.obj
 0001:00006f94       raise                      0000000180007f94 f   libucrt:signal.obj
 0001:00007230       __acrt_has_user_matherr    0000000180008230 f   libucrt:matherr.obj
 0001:00007250       __acrt_initialize_user_matherr 0000000180008250 f   libucrt:matherr.obj
 0001:00007258       __acrt_invoke_user_matherr 0000000180008258 f   libucrt:matherr.obj
 0001:000072a0       _query_new_mode            00000001800082a0 f   libucrt:new_mode.obj
 0001:000072a8       _mbtowc_l                  00000001800082a8 f   libucrt:mbtowc.obj
 0001:000073f0       mbtowc                     00000001800083f0 f   libucrt:mbtowc.obj
 0001:000073f8       __acrt_update_locale_info  00000001800083f8 f   libucrt:locale_update.obj
 0001:0000742c       __acrt_update_multibyte_info 000000018000842c f   libucrt:locale_update.obj
 0001:00007460       _fileno                    0000000180008460 f   libucrt:fileno.obj
 0001:00007488       __acrt_initialize_stdio    0000000180008488 f   libucrt:_file.obj
 0001:000075a8       __acrt_uninitialize_stdio  00000001800085a8 f   libucrt:_file.obj
 0001:00007604       _lock_file                 0000000180008604 f   libucrt:_file.obj
 0001:00007610       _unlock_file               0000000180008610 f   libucrt:_file.obj
 0001:0000761c       __acrt_set_locale_changed  000000018000861c f   libucrt:wsetlocale.obj
 0001:00007628       __acrt_uninitialize_locale 0000000180008628 f   libucrt:wsetlocale.obj
 0001:00007670       __pctype_func              0000000180008670 f   libucrt:ctype.obj
 0001:000076a0       __acrt_add_locale_ref      00000001800086a0 f   libucrt:locale_refcounting.obj
 0001:0000772c       __acrt_free_locale         000000018000872c f   libucrt:locale_refcounting.obj
 0001:000078a4       __acrt_locale_add_lc_time_reference 00000001800088a4 f   libucrt:locale_refcounting.obj
 0001:000078cc       __acrt_locale_free_lc_time_if_unreferenced 00000001800088cc f   libucrt:locale_refcounting.obj
 0001:00007904       __acrt_locale_release_lc_time_reference 0000000180008904 f   libucrt:locale_refcounting.obj
 0001:0000792c       __acrt_release_locale_ref  000000018000892c f   libucrt:locale_refcounting.obj
 0001:000079d4       __acrt_update_thread_locale_data 00000001800089d4 f   libucrt:locale_refcounting.obj
 0001:00007a44       _updatetlocinfoEx_nolock   0000000180008a44 f   libucrt:locale_refcounting.obj
 0001:00007b74       __acrt_DownlevelLocaleNameToLCID 0000000180008b74 f   libucrt:lcidtoname_downlevel.obj
 0001:00007c80       qsort                      0000000180008c80 f   libucrt:qsort.obj
 0001:00007fb4       strncpy_s                  0000000180008fb4 f   libucrt:strncpy_s.obj
 0001:00008088       strpbrk                    0000000180009088 f   libucrt:strpbrk.obj
 0001:00008128       _mbsdec                    0000000180009128 f   libucrt:mbsdec.obj
 0001:00008130       _mbsdec_l                  0000000180009130 f   libucrt:mbsdec.obj
 0001:000081e0       __acrt_GetStringTypeA      00000001800091e0 f   libucrt:getstringtypea.obj
 0001:000086f0       __acrt_LCMapStringA        00000001800096f0 f   libucrt:lcmapstringa.obj
 0001:00008788       _msize                     0000000180009788 f   libucrt:msize.obj
 0001:000087c4       _realloc_base              00000001800097c4 f   libucrt:realloc_base.obj
 0001:00008848       __acrt_lowio_create_handle_array 0000000180009848 f   libucrt:osfinfo.obj
 0001:000088e0       __acrt_lowio_destroy_handle_array 00000001800098e0 f   libucrt:osfinfo.obj
 0001:00008930       __acrt_lowio_ensure_fh_exists 0000000180009930 f   libucrt:osfinfo.obj
 0001:000089e8       __acrt_lowio_lock_fh       00000001800099e8 f   libucrt:osfinfo.obj
 0001:00008a0c       __acrt_lowio_unlock_fh     0000000180009a0c f   libucrt:osfinfo.obj
 0001:00008a30       _free_osfhnd               0000000180009a30 f   libucrt:osfinfo.obj
 0001:00008aec       _get_osfhandle             0000000180009aec f   libucrt:osfinfo.obj
 0001:00008b64       _isatty                    0000000180009b64 f   libucrt:isatty.obj
 0001:00008bc4       __acrt_stdio_flush_nolock  0000000180009bc4 f   libucrt:fflush.obj
 0001:00008c3c       _fflush_nolock             0000000180009c3c f   libucrt:fflush.obj
 0001:00008c88       _flushall                  0000000180009c88 f   libucrt:fflush.obj
 0001:00008d78       _isleadbyte_l              0000000180009d78 f i libucrt:_wctype.obj
 0001:00008db8       _fcloseall                 0000000180009db8 f   libucrt:closeall.obj
 0001:00008e6c       __acrt_stdio_free_buffer_nolock 0000000180009e6c f   libucrt:_freebuf.obj
 0001:00008eac       __acrt_locale_free_monetary 0000000180009eac f   libucrt:initmon.obj
 0001:00008fb8       __acrt_locale_free_numeric 0000000180009fb8 f   libucrt:initnum.obj
 0001:0000907c       __acrt_locale_free_time    000000018000a07c f   libucrt:inittime.obj
 0001:00009184       __strncnt                  000000018000a184 f   libucrt:strncnt.obj
 0001:0000919c       _query_app_type            000000018000a19c f   libucrt:report_runtime_error.obj
 0001:000091a4       ??$?RV<lambda_b521505b218e5242e90febf6bfebc422>@@AEAV<lambda_6978c1fb23f02e42e1d9e99668cc68aa>@@V<lambda_314360699dd331753a4119843814e9a7>@@@?$__crt_seh_guarded_call@H@@QEAAH$$QEAV<lambda_b521505b218e5242e90febf6bfebc422>@@AEAV<lambda_6978c1fb23f02e42e1d9e99668cc68aa>@@$$QEAV<lambda_314360699dd331753a4119843814e9a7>@@@Z 000000018000a1a4 f i libucrt:commit.obj
 0001:00009230       _commit                    000000018000a230 f   libucrt:commit.obj
 0001:00009864       _write                     000000018000a864 f   libucrt:write.obj
 0001:00009950       _write_nolock              000000018000a950 f   libucrt:write.obj
 0001:00009c40       log10                      000000018000ac40 f   libucrt:log10.obj
 0001:0000a288       _lseeki64_nolock           000000018000b288 f   libucrt:lseek.obj
 0001:0000a290       _fclose_nolock             000000018000b290 f   libucrt:fclose.obj
 0001:0000a314       fclose                     000000018000b314 f   libucrt:fclose.obj
 0001:0000a380       _putwch_nolock             000000018000b380 f   libucrt:putwch.obj
 0001:0000a500       _handle_error              000000018000b500 f   libucrt:libm_error.obj
 0001:0000a630       __acrt_initialize_fma3     000000018000b630 f   libucrt:fma3_available.obj
 0001:0000a6a0       _log10_special             000000018000b6a0 f   libucrt:log_special.obj
 0001:0000a758       ??$?RV<lambda_bfedae4ebbf01fab1bb6dcc6a9e276e0>@@AEAV<lambda_2fe9b910cf3cbf4a0ab98a02ba45b3ec>@@V<lambda_237c231691f317818eb88cc1d5d642d6>@@@?$__crt_seh_guarded_call@H@@QEAAH$$QEAV<lambda_bfedae4ebbf01fab1bb6dcc6a9e276e0>@@AEAV<lambda_2fe9b910cf3cbf4a0ab98a02ba45b3ec>@@$$QEAV<lambda_237c231691f317818eb88cc1d5d642d6>@@@Z 000000018000b758 f i libucrt:close.obj
 0001:0000a7cc       _close                     000000018000b7cc f   libucrt:close.obj
 0001:0000a870       _close_nolock              000000018000b870 f   libucrt:close.obj
 0001:0000a92c       ?__acrt_stdio_free_stream@@YAXV__crt_stdio_stream@@@Z 000000018000b92c f   libucrt:stream.obj
 0001:0000a970       __dcrt_lowio_initialize_console_output 000000018000b970 f   libucrt:initcon.obj
 0001:0000a9ac       __dcrt_terminate_console_output 000000018000b9ac f   libucrt:initcon.obj
 0001:0000a9e0       _get_fpsr                  000000018000b9e0 f   libucrt:fpsr.obj
 0001:0000a9f0       _set_fpsr                  000000018000b9f0 f   libucrt:fpsr.obj
 0001:0000a9fa       _fclrf                     000000018000b9fa f   libucrt:fpsr.obj
 0001:0000aa0e       _frnd                      000000018000ba0e f   libucrt:fpsr.obj
 0001:0000aa30       _raise_exc                 000000018000ba30 f   libucrt:fpexcept.obj
 0001:0000aa58       _raise_exc_ex              000000018000ba58 f   libucrt:fpexcept.obj
 0001:0000ad60       _set_errno_from_matherr    000000018000bd60 f   libucrt:fpexcept.obj
 0001:0000ad90       _clrfp                     000000018000bd90 f   libucrt:fpctrl.obj
 0001:0000adb0       _ctrlfp                    000000018000bdb0 f   libucrt:fpctrl.obj
 0001:0000ae2c       _set_statfp                000000018000be2c f   libucrt:fpctrl.obj
 0001:0000ae4c       _statfp                    000000018000be4c f   libucrt:fpctrl.obj
 0001:0000ae5d       IsProcessorFeaturePresent  000000018000be5d f   kernel32:KERNEL32.dll
 0001:0000ae63       RtlUnwindEx                000000018000be63 f   kernel32:KERNEL32.dll
 0001:0000ae70       _FindPESection             000000018000be70 f   LIBCMT:pesect.obj
 0001:0000aec0       _IsNonwritableInCurrentImage 000000018000bec0 f   LIBCMT:pesect.obj
 0001:0000af10       _ValidateImageBase         000000018000bf10 f   LIBCMT:pesect.obj
 0001:0000af50       __chkstk                   000000018000bf50 f   LIBCMT:_chkstk_.obj
 0001:0000af50       _alloca_probe              000000018000bf50 f   LIBCMT:_chkstk_.obj
 0001:0000afc0       memcmp                     000000018000bfc0 f   libvcruntime:memcmp.obj
 0001:0000b0a0       _guard_dispatch_icall_nop  000000018000c0a0 f   LIBCMT:_guard_dispatch_.obj
 0001:0000b0c0       __guard_ss_verify_failure  000000018000c0c0 f   LIBCMT:_rfgfailure_.obj
 0001:0000b0cb       __guard_ss_verify_failure_rcx 000000018000c0cb     LIBCMT:_rfgfailure_.obj
 0001:0000b0d1       __guard_ss_verify_failure_rdx 000000018000c0d1     LIBCMT:_rfgfailure_.obj
 0001:0000b0d7       __guard_ss_verify_failure_r8 000000018000c0d7     LIBCMT:_rfgfailure_.obj
 0001:0000b0dd       __guard_ss_verify_failure_r9 000000018000c0dd     LIBCMT:_rfgfailure_.obj
 0001:0000b0e3       __guard_ss_verify_failure_r10 000000018000c0e3     LIBCMT:_rfgfailure_.obj
 0001:0000b0f0       __guard_ss_verify_failure_default 000000018000c0f0 f   LIBCMT:_rfgfailure_.obj
 0001:0000b150       __guard_ss_verify_sp       000000018000c150 f   LIBCMT:_rfgfailure_.obj
 0001:0000b160       __guard_ss_verify_sp_default 000000018000c160 f   LIBCMT:_rfgfailure_.obj
 0002:00000000       __imp_HeapAlloc            000000018000d000     kernel32:KERNEL32.dll
 0002:00000008       __imp_HeapReAlloc          000000018000d008     kernel32:KERNEL32.dll
 0002:00000010       __imp_HeapFree             000000018000d010     kernel32:KERNEL32.dll
 0002:00000018       __imp_GetProcessHeap       000000018000d018     kernel32:KERNEL32.dll
 0002:00000020       __imp_GetLocalTime         000000018000d020     kernel32:KERNEL32.dll
 0002:00000028       __imp_SystemTimeToFileTime 000000018000d028     kernel32:KERNEL32.dll
 0002:00000030       __imp_CreateFileW          000000018000d030     kernel32:KERNEL32.dll
 0002:00000038       __imp_WriteConsoleW        000000018000d038     kernel32:KERNEL32.dll
 0002:00000040       __imp_CloseHandle          000000018000d040     kernel32:KERNEL32.dll
 0002:00000048       __imp_SetFilePointerEx     000000018000d048     kernel32:KERNEL32.dll
 0002:00000050       __imp_GetConsoleMode       000000018000d050     kernel32:KERNEL32.dll
 0002:00000058       __imp_GetConsoleCP         000000018000d058     kernel32:KERNEL32.dll
 0002:00000060       __imp_FlushFileBuffers     000000018000d060     kernel32:KERNEL32.dll
 0002:00000068       __imp_WriteFile            000000018000d068     kernel32:KERNEL32.dll
 0002:00000070       __imp_SetStdHandle         000000018000d070     kernel32:KERNEL32.dll
 0002:00000078       __imp_HeapSize             000000018000d078     kernel32:KERNEL32.dll
 0002:00000080       __imp_GetStringTypeW       000000018000d080     kernel32:KERNEL32.dll
 0002:00000088       __imp_GetFileType          000000018000d088     kernel32:KERNEL32.dll
 0002:00000090       __imp_GetStdHandle         000000018000d090     kernel32:KERNEL32.dll
 0002:00000098       __imp_HeapCreate           000000018000d098     kernel32:KERNEL32.dll
 0002:000000a0       __imp_HeapDestroy          000000018000d0a0     kernel32:KERNEL32.dll
 0002:000000a8       __imp_RtlCaptureContext    000000018000d0a8     kernel32:KERNEL32.dll
 0002:000000b0       __imp_RtlLookupFunctionEntry 000000018000d0b0     kernel32:KERNEL32.dll
 0002:000000b8       __imp_RtlVirtualUnwind     000000018000d0b8     kernel32:KERNEL32.dll
 0002:000000c0       __imp_UnhandledExceptionFilter 000000018000d0c0     kernel32:KERNEL32.dll
 0002:000000c8       __imp_SetUnhandledExceptionFilter 000000018000d0c8     kernel32:KERNEL32.dll
 0002:000000d0       __imp_GetCurrentProcess    000000018000d0d0     kernel32:KERNEL32.dll
 0002:000000d8       __imp_TerminateProcess     000000018000d0d8     kernel32:KERNEL32.dll
 0002:000000e0       __imp_IsProcessorFeaturePresent 000000018000d0e0     kernel32:KERNEL32.dll
 0002:000000e8       __imp_QueryPerformanceCounter 000000018000d0e8     kernel32:KERNEL32.dll
 0002:000000f0       __imp_GetCurrentProcessId  000000018000d0f0     kernel32:KERNEL32.dll
 0002:000000f8       __imp_GetCurrentThreadId   000000018000d0f8     kernel32:KERNEL32.dll
 0002:00000100       __imp_GetSystemTimeAsFileTime 000000018000d100     kernel32:KERNEL32.dll
 0002:00000108       __imp_InitializeSListHead  000000018000d108     kernel32:KERNEL32.dll
 0002:00000110       __imp_IsDebuggerPresent    000000018000d110     kernel32:KERNEL32.dll
 0002:00000118       __imp_GetStartupInfoW      000000018000d118     kernel32:KERNEL32.dll
 0002:00000120       __imp_GetModuleHandleW     000000018000d120     kernel32:KERNEL32.dll
 0002:00000128       __imp_RtlUnwindEx          000000018000d128     kernel32:KERNEL32.dll
 0002:00000130       __imp_InterlockedFlushSList 000000018000d130     kernel32:KERNEL32.dll
 0002:00000138       __imp_GetLastError         000000018000d138     kernel32:KERNEL32.dll
 0002:00000140       __imp_SetLastError         000000018000d140     kernel32:KERNEL32.dll
 0002:00000148       __imp_EnterCriticalSection 000000018000d148     kernel32:KERNEL32.dll
 0002:00000150       __imp_LeaveCriticalSection 000000018000d150     kernel32:KERNEL32.dll
 0002:00000158       __imp_DeleteCriticalSection 000000018000d158     kernel32:KERNEL32.dll
 0002:00000160       __imp_InitializeCriticalSectionAndSpinCount 000000018000d160     kernel32:KERNEL32.dll
 0002:00000168       __imp_TlsAlloc             000000018000d168     kernel32:KERNEL32.dll
 0002:00000170       __imp_TlsGetValue          000000018000d170     kernel32:KERNEL32.dll
 0002:00000178       __imp_TlsSetValue          000000018000d178     kernel32:KERNEL32.dll
 0002:00000180       __imp_TlsFree              000000018000d180     kernel32:KERNEL32.dll
 0002:00000188       __imp_FreeLibrary          000000018000d188     kernel32:KERNEL32.dll
 0002:00000190       __imp_GetProcAddress       000000018000d190     kernel32:KERNEL32.dll
 0002:00000198       __imp_LoadLibraryExW       000000018000d198     kernel32:KERNEL32.dll
 0002:000001a0       __imp_ExitProcess          000000018000d1a0     kernel32:KERNEL32.dll
 0002:000001a8       __imp_GetModuleHandleExW   000000018000d1a8     kernel32:KERNEL32.dll
 0002:000001b0       __imp_GetModuleFileNameA   000000018000d1b0     kernel32:KERNEL32.dll
 0002:000001b8       __imp_MultiByteToWideChar  000000018000d1b8     kernel32:KERNEL32.dll
 0002:000001c0       __imp_WideCharToMultiByte  000000018000d1c0     kernel32:KERNEL32.dll
 0002:000001c8       __imp_LCMapStringW         000000018000d1c8     kernel32:KERNEL32.dll
 0002:000001d0       __imp_FindClose            000000018000d1d0     kernel32:KERNEL32.dll
 0002:000001d8       __imp_FindFirstFileExA     000000018000d1d8     kernel32:KERNEL32.dll
 0002:000001e0       __imp_FindNextFileA        000000018000d1e0     kernel32:KERNEL32.dll
 0002:000001e8       __imp_IsValidCodePage      000000018000d1e8     kernel32:KERNEL32.dll
 0002:000001f0       __imp_GetACP               000000018000d1f0     kernel32:KERNEL32.dll
 0002:000001f8       __imp_GetOEMCP             000000018000d1f8     kernel32:KERNEL32.dll
 0002:00000200       __imp_GetCPInfo            000000018000d200     kernel32:KERNEL32.dll
 0002:00000208       __imp_GetCommandLineA      000000018000d208     kernel32:KERNEL32.dll
 0002:00000210       __imp_GetCommandLineW      000000018000d210     kernel32:KERNEL32.dll
 0002:00000218       __imp_GetEnvironmentStringsW 000000018000d218     kernel32:KERNEL32.dll
 0002:00000220       __imp_FreeEnvironmentStringsW 000000018000d220     kernel32:KERNEL32.dll
 0002:00000228       __imp_RaiseException       000000018000d228     kernel32:KERNEL32.dll
 0002:00000230       \177KERNEL32_NULL_THUNK_DATA 000000018000d230     kernel32:KERNEL32.dll
 0002:00000238       __imp_wsprintfW            000000018000d238     user32:USER32.dll
 0002:00000240       \177USER32_NULL_THUNK_DATA 000000018000d240     user32:USER32.dll
 0002:00000248       __imp_GdipCreateBitmapFromStream 000000018000d248     gdiplus:gdiplus.dll
 0002:00000250       __imp_GdipGetImagePixelFormat 000000018000d250     gdiplus:gdiplus.dll
 0002:00000258       __imp_GdipDisposeImage     000000018000d258     gdiplus:gdiplus.dll
 0002:00000260       __imp_GdiplusShutdown      000000018000d260     gdiplus:gdiplus.dll
 0002:00000268       __imp_GdiplusStartup       000000018000d268     gdiplus:gdiplus.dll
 0002:00000270       __imp_GdipFree             000000018000d270     gdiplus:gdiplus.dll
 0002:00000278       __imp_GdipAlloc            000000018000d278     gdiplus:gdiplus.dll
 0002:00000280       __imp_GdipBitmapLockBits   000000018000d280     gdiplus:gdiplus.dll
 0002:00000288       __imp_GdipBitmapUnlockBits 000000018000d288     gdiplus:gdiplus.dll
 0002:00000290       __imp_GdipCloneImage       000000018000d290     gdiplus:gdiplus.dll
 0002:00000298       \177gdiplus_NULL_THUNK_DATA 000000018000d298     gdiplus:gdiplus.dll
 0002:000002a0       __imp_CoUninitialize       000000018000d2a0     ole32:ole32.dll
 0002:000002a8       __imp_CoInitialize         000000018000d2a8     ole32:ole32.dll
 0002:000002b0       \177ole32_NULL_THUNK_DATA  000000018000d2b0     ole32:ole32.dll
 0002:000002b8       __guard_check_icall_fptr   000000018000d2b8     LIBCMT:guard_support.obj
 0002:000002c0       __guard_dispatch_icall_fptr 000000018000d2c0     LIBCMT:guard_support.obj
 0002:000002c8       __guard_ss_verify_failure_fptr 000000018000d2c8     LIBCMT:guard_support.obj
 0002:000002d0       __guard_ss_verify_sp_fptr  000000018000d2d0     LIBCMT:guard_support.obj
 0002:000002d8       __xc_a                     000000018000d2d8     LIBCMT:initializers.obj
 0002:000002e0       __xc_z                     000000018000d2e0     LIBCMT:initializers.obj
 0002:000002e8       __xi_a                     000000018000d2e8     LIBCMT:initializers.obj
 0002:000002f0       __acrt_multibyte_initializer 000000018000d2f0     libucrt:multibyte_initializer.obj
 0002:000002f8       __acrt_stdio_initializer   000000018000d2f8     libucrt:stdio_initializer.obj
 0002:00000300       __acrt_tran_fma3_initializer 000000018000d300     libucrt:fma3_initializer.obj
 0002:00000308       __xi_z                     000000018000d308     LIBCMT:initializers.obj
 0002:00000310       __xp_a                     000000018000d310     LIBCMT:initializers.obj
 0002:00000318       __acrt_locale_terminator   000000018000d318     libucrt:locale_initializer.obj
 0002:00000320       __dcrt_console_output_terminator 000000018000d320     libucrt:console_output_initializer.obj
 0002:00000328       __acrt_stdio_terminator    000000018000d328     libucrt:stdio_initializer.obj
 0002:00000330       __xp_z                     000000018000d330     LIBCMT:initializers.obj
 0002:00000338       __xt_a                     000000018000d338     LIBCMT:initializers.obj
 0002:00000340       __xt_z                     000000018000d340     LIBCMT:initializers.obj
 0002:00000358       ??_7Image@Gdiplus@@6B@     000000018000d358     ico.obj
 0002:00000370       ??_7Bitmap@Gdiplus@@6B@    000000018000d370     ico.obj
 0002:00000380       ??_C@_11LOCGONAA@?$AA?$AA@ 000000018000d380     ico.obj
 0002:00000390       ??_7MStream@@6B@           000000018000d390     ico.obj
 0002:00000408       ??_C@_1BA@KIENHNBI@?$AAI?$AAC?$AAO?$AA?4?$AAP?$AAN?$AAG?$AA?$AA@ 000000018000d408     ico.obj
 0002:00000418       ??_C@_1BA@HKGHICED@?$AAI?$AAC?$AAO?$AA?4?$AAD?$AAI?$AAB?$AA?$AA@ 000000018000d418     ico.obj
 0002:00000428       ??_C@_1O@PALLNO@?$AA?5?$AA?$FL?$AAP?$AAN?$AAG?$AA?$FN?$AA?$AA@ 000000018000d428     ico.obj
 0002:00000438       ??_C@_17OGLEMJPJ@?$AAI?$AAC?$AAO?$AA?$AA@ 000000018000d438     ico.obj
 0002:00000440       ??_C@_17IILLPF@?$AAC?$AAU?$AAR?$AA?$AA@ 000000018000d440     ico.obj
 0002:00000448       ??_C@_1DE@JEFKLGFF@?$AA?$CF?$AAi?$AA?5?$AAx?$AA?5?$AA?$CF?$AAi?$AA?5?$AAx?$AA?5?$AA?$CF?$AAi?$AAb?$AAp?$AAp?$AA?5?$AA?$FL?$AA?$CF?$AAi?$AA?$FN?$AA?5?$AA?$CF?$AAs?$AA?$CF?$AAs?$AA?$AA@ 000000018000d448     ico.obj
 0002:00000480       IID_IUnknown               000000018000d480     uuid:unknwn_i.obj
 0002:00000490       IID_ISequentialStream      000000018000d490     uuid:objidl_i.obj
 0002:000004a0       IID_IStream                000000018000d4a0     uuid:objidl_i.obj
 0002:000004b8       ??_7type_info@@6B@         000000018000d4b8     LIBCMT:std_type_info_static.obj
 0002:000004c0       _pDefaultRawDllMain        000000018000d4c0     LIBCMT:dll_dllmain.obj
 0002:000004c0       _pRawDllMain               000000018000d4c0     LIBCMT:dll_dllmain.obj
 0002:00000808       ??_C@_08EHJDFFNH@__based?$CI?$AA@ 000000018000d808     libvcruntime:undname.obj
 0002:00000818       ??_C@_07KOLFKCDI@__cdecl?$AA@ 000000018000d818     libvcruntime:undname.obj
 0002:00000820       ??_C@_08GHMPAG@__pascal?$AA@ 000000018000d820     libvcruntime:undname.obj
 0002:00000830       ??_C@_09IFJBGAPI@__stdcall?$AA@ 000000018000d830     libvcruntime:undname.obj
 0002:00000840       ??_C@_0L@NPHFGOKO@__thiscall?$AA@ 000000018000d840     libvcruntime:undname.obj
 0002:00000850       ??_C@_0L@JMKHOMEK@__fastcall?$AA@ 000000018000d850     libvcruntime:undname.obj
 0002:00000860       ??_C@_0N@BCKKPABJ@__vectorcall?$AA@ 000000018000d860     libvcruntime:undname.obj
 0002:00000870       ??_C@_09HIJEGCPM@__clrcall?$AA@ 000000018000d870     libvcruntime:undname.obj
 0002:0000087c       ??_C@_06GHPCKEAG@__eabi?$AA@ 000000018000d87c     libvcruntime:undname.obj
 0002:00000888       ??_C@_07JOMMBBKO@__ptr64?$AA@ 000000018000d888     libvcruntime:undname.obj
 0002:00000890       ??_C@_0L@PILCLIHE@__restrict?$AA@ 000000018000d890     libvcruntime:undname.obj
 0002:000008a0       ??_C@_0M@GFIIJFMG@__unaligned?$AA@ 000000018000d8a0     libvcruntime:undname.obj
 0002:000008b0       ??_C@_09DHDLOLLB@restrict?$CI?$AA@ 000000018000d8b0     libvcruntime:undname.obj
 0002:000008ba       ??_C@_00CNPNBAHC@?$AA@     000000018000d8ba     libvcruntime:undname.obj
 0002:000008bc       ??_C@_04NIHEBCM@?5new?$AA@ 000000018000d8bc     libvcruntime:undname.obj
 0002:000008c8       ??_C@_07FPCDHGMM@?5delete?$AA@ 000000018000d8c8     libvcruntime:undname.obj
 0002:000008d0       ??_C@_01NEMOKFLO@?$DN?$AA@ 000000018000d8d0     libvcruntime:undname.obj
 0002:000008d4       ??_C@_02GPIOPFAK@?$DO?$DO?$AA@ 000000018000d8d4     libvcruntime:undname.obj
 0002:000008d8       ??_C@_02FODMEDOG@?$DM?$DM?$AA@ 000000018000d8d8     libvcruntime:undname.obj
 0002:000008dc       ??_C@_01DCLJPIOD@?$CB?$AA@ 000000018000d8dc     libvcruntime:undname.obj
 0002:000008e0       ??_C@_02EGOFBIJA@?$DN?$DN?$AA@ 000000018000d8e0     libvcruntime:undname.obj
 0002:000008e4       ??_C@_02FDNJECIE@?$CB?$DN?$AA@ 000000018000d8e4     libvcruntime:undname.obj
 0002:000008e8       ??_C@_02GPECMEKF@?$FL?$FN?$AA@ 000000018000d8e8     libvcruntime:undname.obj
 0002:000008f0       ??_C@_08LHJFAFGD@operator?$AA@ 000000018000d8f0     libvcruntime:undname.obj
 0002:000008fc       ??_C@_02HBOOOICD@?9?$DO?$AA@ 000000018000d8fc     libvcruntime:undname.obj
 0002:00000900       ??_C@_01NBENCBCI@?$CK?$AA@ 000000018000d900     libvcruntime:undname.obj
 0002:00000904       ??_C@_02ECNGHCIF@?$CL?$CL?$AA@ 000000018000d904     libvcruntime:undname.obj
 0002:00000908       ??_C@_02BAABKJLB@?9?9?$AA@ 000000018000d908     libvcruntime:undname.obj
 0002:0000090c       ??_C@_01JOAMLHOP@?9?$AA@   000000018000d90c     libvcruntime:undname.obj
 0002:00000910       ??_C@_01MIFGBAGJ@?$CL?$AA@ 000000018000d910     libvcruntime:undname.obj
 0002:00000914       ??_C@_01HNPIGOCE@?$CG?$AA@ 000000018000d914     libvcruntime:undname.obj
 0002:00000918       ??_C@_03MNHNFDLC@?9?$DO?$CK?$AA@ 000000018000d918     libvcruntime:undname.obj
 0002:0000091c       ??_C@_01KMDKNFGN@?1?$AA@   000000018000d91c     libvcruntime:undname.obj
 0002:00000920       ??_C@_01FGNFDNOH@?$CF?$AA@ 000000018000d920     libvcruntime:undname.obj
 0002:00000924       ??_C@_01MNNFJEPP@?$DM?$AA@ 000000018000d924     libvcruntime:undname.obj
 0002:00000928       ??_C@_02EHCHHCKH@?$DM?$DN?$AA@ 000000018000d928     libvcruntime:undname.obj
 0002:0000092c       ??_C@_01PPODPGHN@?$DO?$AA@ 000000018000d92c     libvcruntime:undname.obj
 0002:00000930       ??_C@_02EEKDKGMJ@?$DO?$DN?$AA@ 000000018000d930     libvcruntime:undname.obj
 0002:00000934       ??_C@_01IHBHIGKO@?0?$AA@   000000018000d934     libvcruntime:undname.obj
 0002:00000938       ??_C@_02HCKGKOFO@?$CI?$CJ?$AA@ 000000018000d938     libvcruntime:undname.obj
 0002:0000093c       ??_C@_01PJKLJHI@?$HO?$AA@  000000018000d93c     libvcruntime:undname.obj
 0002:00000940       ??_C@_01JKBOJNNK@?$FO?$AA@ 000000018000d940     libvcruntime:undname.obj
 0002:00000944       ??_C@_01DNKMNLPK@?$HM?$AA@ 000000018000d944     libvcruntime:undname.obj
 0002:00000948       ??_C@_02PPKAJPJL@?$CG?$CG?$AA@ 000000018000d948     libvcruntime:undname.obj
 0002:0000094c       ??_C@_02NONPIBCD@?$HM?$HM?$AA@ 000000018000d94c     libvcruntime:undname.obj
 0002:00000950       ??_C@_02FPIMKNGF@?$CK?$DN?$AA@ 000000018000d950     libvcruntime:undname.obj
 0002:00000954       ??_C@_02FOEOMHFC@?$CL?$DN?$AA@ 000000018000d954     libvcruntime:undname.obj
 0002:00000958       ??_C@_02FKMDLLOA@?9?$DN?$AA@ 000000018000d958     libvcruntime:undname.obj
 0002:0000095c       ??_C@_02FJEHGPIO@?1?$DN?$AA@ 000000018000d95c     libvcruntime:undname.obj
 0002:00000960       ??_C@_02FENAOKFI@?$CF?$DN?$AA@ 000000018000d960     libvcruntime:undname.obj
 0002:00000964       ??_C@_03IKFCCPFF@?$DO?$DO?$DN?$AA@ 000000018000d964     libvcruntime:undname.obj
 0002:00000968       ??_C@_03CDNPDDLA@?$DM?$DM?$DN?$AA@ 000000018000d968     libvcruntime:undname.obj
 0002:0000096c       ??_C@_02FGJGFEAB@?$CG?$DN?$AA@ 000000018000d96c     libvcruntime:undname.obj
 0002:00000970       ??_C@_02DHLNPPGH@?$HM?$DN?$AA@ 000000018000d970     libvcruntime:undname.obj
 0002:00000974       ??_C@_02MHEGNOJ@?$FO?$DN?$AA@ 000000018000d974     libvcruntime:undname.obj
 0002:00000978       ??_C@_09IFPLHPGF@?$GAvftable?8?$AA@ 000000018000d978     libvcruntime:undname.obj
 0002:00000988       ??_C@_09BLBHBJP@?$GAvbtable?8?$AA@ 000000018000d988     libvcruntime:undname.obj
 0002:00000998       ??_C@_07FEEIOKP@?$GAvcall?8?$AA@ 000000018000d998     libvcruntime:undname.obj
 0002:000009a0       ??_C@_08LLFFHHDJ@?$GAtypeof?8?$AA@ 000000018000d9a0     libvcruntime:undname.obj
 0002:000009b0       ??_C@_0BF@KDPPACIK@?$GAlocal?5static?5guard?8?$AA@ 000000018000d9b0     libvcruntime:undname.obj
 0002:000009c8       ??_C@_08OBABFOLI@?$GAstring?8?$AA@ 000000018000d9c8     libvcruntime:undname.obj
 0002:000009d8       ??_C@_0BD@JDLKDPAB@?$GAvbase?5destructor?8?$AA@ 000000018000d9d8     libvcruntime:undname.obj
 0002:000009f0       ??_C@_0BN@DEGPLNFK@?$GAvector?5deleting?5destructor?8?$AA@ 000000018000d9f0     libvcruntime:undname.obj
 0002:00000a10       ??_C@_0BO@OBMKPJIG@?$GAdefault?5constructor?5closure?8?$AA@ 000000018000da10     libvcruntime:undname.obj
 0002:00000a30       ??_C@_0BN@IMDCHIKM@?$GAscalar?5deleting?5destructor?8?$AA@ 000000018000da30     libvcruntime:undname.obj
 0002:00000a50       ??_C@_0BO@PFGOCPJJ@?$GAvector?5constructor?5iterator?8?$AA@ 000000018000da50     libvcruntime:undname.obj
 0002:00000a70       ??_C@_0BN@LFPFMEDL@?$GAvector?5destructor?5iterator?8?$AA@ 000000018000da70     libvcruntime:undname.obj
 0002:00000a90       ??_C@_0CE@IKBNEHA@?$GAvector?5vbase?5constructor?5iterat@ 000000018000da90     libvcruntime:undname.obj
 0002:00000ab8       ??_C@_0BL@NILFHHPC@?$GAvirtual?5displacement?5map?8?$AA@ 000000018000dab8     libvcruntime:undname.obj
 0002:00000ad8       ??_C@_0CB@JONCMFFK@?$GAeh?5vector?5constructor?5iterator?8@ 000000018000dad8     libvcruntime:undname.obj
 0002:00000b00       ??_C@_0CA@GCEOPDGL@?$GAeh?5vector?5destructor?5iterator?8?$AA@ 000000018000db00     libvcruntime:undname.obj
 0002:00000b20       ??_C@_0CH@OOJPLCPH@?$GAeh?5vector?5vbase?5constructor?5ite@ 000000018000db20     libvcruntime:undname.obj
 0002:00000b48       ??_C@_0BL@LLKPOHJI@?$GAcopy?5constructor?5closure?8?$AA@ 000000018000db48     libvcruntime:undname.obj
 0002:00000b68       ??_C@_0BA@KBCDOMBN@?$GAudt?5returning?8?$AA@ 000000018000db68     libvcruntime:undname.obj
 0002:00000b78       ??_C@_03KLGMFNMG@?$GAEH?$AA@ 000000018000db78     libvcruntime:undname.obj
 0002:00000b7c       ??_C@_05KHLCHHI@?$GARTTI?$AA@ 000000018000db7c     libvcruntime:undname.obj
 0002:00000b88       ??_C@_0BA@KKLDJDLB@?$GAlocal?5vftable?8?$AA@ 000000018000db88     libvcruntime:undname.obj
 0002:00000b98       ??_C@_0CE@IIHCMGGL@?$GAlocal?5vftable?5constructor?5closu@ 000000018000db98     libvcruntime:undname.obj
 0002:00000bbc       ??_C@_06FHBGPFGH@?5new?$FL?$FN?$AA@ 000000018000dbbc     libvcruntime:undname.obj
 0002:00000bc8       ??_C@_09LBNFPBCA@?5delete?$FL?$FN?$AA@ 000000018000dbc8     libvcruntime:undname.obj
 0002:00000bd8       ??_C@_0P@HJKNJFNN@?$GAomni?5callsig?8?$AA@ 000000018000dbd8     libvcruntime:undname.obj
 0002:00000be8       ??_C@_0BL@CNOONJFP@?$GAplacement?5delete?5closure?8?$AA@ 000000018000dbe8     libvcruntime:undname.obj
 0002:00000c08       ??_C@_0BN@CKNJLHMB@?$GAplacement?5delete?$FL?$FN?5closure?8?$AA@ 000000018000dc08     libvcruntime:undname.obj
 0002:00000c28       ??_C@_0CG@CFDHKGGD@?$GAmanaged?5vector?5constructor?5iter@ 000000018000dc28     libvcruntime:undname.obj
 0002:00000c50       ??_C@_0CF@IMGKMJNO@?$GAmanaged?5vector?5destructor?5itera@ 000000018000dc50     libvcruntime:undname.obj
 0002:00000c78       ??_C@_0CG@HLDDJMAG@?$GAeh?5vector?5copy?5constructor?5iter@ 000000018000dc78     libvcruntime:undname.obj
 0002:00000ca0       ??_C@_0CM@FCBBDIGB@?$GAeh?5vector?5vbase?5copy?5constructo@ 000000018000dca0     libvcruntime:undname.obj
 0002:00000cd0       ??_C@_0BL@CLIPGLGB@?$GAdynamic?5initializer?5for?5?8?$AA@ 000000018000dcd0     libvcruntime:undname.obj
 0002:00000cf0       ??_C@_0CB@PDBIFEP@?$GAdynamic?5atexit?5destructor?5for?5?8@ 000000018000dcf0     libvcruntime:undname.obj
 0002:00000d18       ??_C@_0CD@CGAJBKEJ@?$GAvector?5copy?5constructor?5iterato@ 000000018000dd18     libvcruntime:undname.obj
 0002:00000d40       ??_C@_0CJ@GJELGAMM@?$GAvector?5vbase?5copy?5constructor?5i@ 000000018000dd40     libvcruntime:undname.obj
 0002:00000d70       ??_C@_0CL@FGIJHLCE@?$GAmanaged?5vector?5copy?5constructor@ 000000018000dd70     libvcruntime:undname.obj
 0002:00000da0       ??_C@_0BM@PMGGMLDN@?$GAlocal?5static?5thread?5guard?8?$AA@ 000000018000dda0     libvcruntime:undname.obj
 0002:00000dc0       ??_C@_0N@BDNMDMOL@operator?5?$CC?$CC?5?$AA@ 000000018000ddc0     libvcruntime:undname.obj
 0002:00000dd0       ??_C@_0BC@GGEBGALA@operator?5co_await?$AA@ 000000018000ddd0     libvcruntime:undname.obj
 0002:00000de8       ??_C@_0BC@DAFEJGAK@?5Type?5Descriptor?8?$AA@ 000000018000dde8     libvcruntime:undname.obj
 0002:00000e00       ??_C@_0BM@LDKODKLH@?5Base?5Class?5Descriptor?5at?5?$CI?$AA@ 000000018000de00     libvcruntime:undname.obj
 0002:00000e20       ??_C@_0BD@LGICGFMM@?5Base?5Class?5Array?8?$AA@ 000000018000de20     libvcruntime:undname.obj
 0002:00000e38       ??_C@_0BN@MECKDCOJ@?5Class?5Hierarchy?5Descriptor?8?$AA@ 000000018000de38     libvcruntime:undname.obj
 0002:00000e58       ??_C@_0BK@CFCOFLF@?5Complete?5Object?5Locator?8?$AA@ 000000018000de58     libvcruntime:undname.obj
 0002:00000e90       ??_C@_1DM@KHCHBNEB@?$AAa?$AAp?$AAi?$AA?9?$AAm?$AAs?$AA?9?$AAw?$AAi?$AAn?$AA?9?$AAc?$AAo?$AAr?$AAe?$AA?9?$AAf?$AAi?$AAb?$AAe?$AAr?$AAs?$AA?9?$AAl?$AA1?$AA?9?$AA1?$AA?9?$AA1?$AA?$AA@ 000000018000de90     libvcruntime:winapi_downlevel.obj
 0002:00000ed0       ??_C@_1DK@LPPGFMPP@?$AAa?$AAp?$AAi?$AA?9?$AAm?$AAs?$AA?9?$AAw?$AAi?$AAn?$AA?9?$AAc?$AAo?$AAr?$AAe?$AA?9?$AAs?$AAy?$AAn?$AAc?$AAh?$AA?9?$AAl?$AA1?$AA?9?$AA2?$AA?9?$AA0?$AA?$AA@ 000000018000ded0     libvcruntime:winapi_downlevel.obj
 0002:00000f10       ??_C@_1BC@GDMECMAK@?$AAk?$AAe?$AAr?$AAn?$AAe?$AAl?$AA3?$AA2?$AA?$AA@ 000000018000df10     libvcruntime:winapi_downlevel.obj
 0002:00000f28       ??_C@_1BA@PFFKHIOG@?$AAa?$AAp?$AAi?$AA?9?$AAm?$AAs?$AA?9?$AA?$AA@ 000000018000df28     libvcruntime:winapi_downlevel.obj
 0002:00000f38       ??_C@_1BA@IAIFMGEF@?$AAe?$AAx?$AAt?$AA?9?$AAm?$AAs?$AA?9?$AA?$AA@ 000000018000df38     libvcruntime:winapi_downlevel.obj
 0002:00000f50       ??_C@_08KNHFBNJ@FlsAlloc?$AA@ 000000018000df50     libvcruntime:winapi_downlevel.obj
 0002:00000f68       ??_C@_07PEJMOBNF@FlsFree?$AA@ 000000018000df68     libvcruntime:winapi_downlevel.obj
 0002:00000f78       ??_C@_0M@GDNOONDI@FlsGetValue?$AA@ 000000018000df78     libvcruntime:winapi_downlevel.obj
 0002:00000f90       ??_C@_0M@JCPCPOEF@FlsSetValue?$AA@ 000000018000df90     libvcruntime:winapi_downlevel.obj
 0002:00000fa8       ??_C@_0BM@HCFOFFN@InitializeCriticalSectionEx?$AA@ 000000018000dfa8     libvcruntime:winapi_downlevel.obj
 0002:00000fd0       __acrt_exception_action_table 000000018000dfd0     libucrt:exception_filter.obj
 0002:00001090       __acrt_signal_action_table_count 000000018000e090     libucrt:exception_filter.obj
 0002:00001098       __acrt_signal_action_first_fpe_index 000000018000e098     libucrt:exception_filter.obj
 0002:000010a0       __acrt_signal_action_fpe_count 000000018000e0a0     libucrt:exception_filter.obj
 0002:000010a8       ??_C@_1BI@BGOHAHKC@?$AAm?$AAs?$AAc?$AAo?$AAr?$AAe?$AAe?$AA?4?$AAd?$AAl?$AAl?$AA?$AA@ 000000018000e0a8     libucrt:exit.obj
 0002:000010c0       ??_C@_0P@MIGLKIOC@CorExitProcess?$AA@ 000000018000e0c0     libucrt:exit.obj
 0002:00001260       ??_C@_1EG@CNNIPFIM@?$AAa?$AAp?$AAi?$AA?9?$AAm?$AAs?$AA?9?$AAw?$AAi?$AAn?$AA?9?$AAa?$AAp?$AAp?$AAm?$AAo?$AAd?$AAe?$AAl?$AA?9?$AAr?$AAu?$AAn?$AAt?$AAi?$AAm?$AAe?$AA?9?$AAl?$AA1?$AA?9?$AA1@ 000000018000e260     libucrt:winapi_thunks.obj
 0002:000012b0       ??_C@_1EA@JGEFHKEI@?$AAa?$AAp?$AAi?$AA?9?$AAm?$AAs?$AA?9?$AAw?$AAi?$AAn?$AA?9?$AAc?$AAo?$AAr?$AAe?$AA?9?$AAd?$AAa?$AAt?$AAe?$AAt?$AAi?$AAm?$AAe?$AA?9?$AAl?$AA1?$AA?9?$AA1?$AA?9?$AA1?$AA?$AA@ 000000018000e2b0     libucrt:winapi_thunks.obj
 0002:000012f0       ??_C@_1DI@GCIAAENM@?$AAa?$AAp?$AAi?$AA?9?$AAm?$AAs?$AA?9?$AAw?$AAi?$AAn?$AA?9?$AAc?$AAo?$AAr?$AAe?$AA?9?$AAf?$AAi?$AAl?$AAe?$AA?9?$AAl?$AA2?$AA?9?$AA1?$AA?9?$AA1?$AA?$AA@ 000000018000e2f0     libucrt:winapi_thunks.obj
 0002:00001330       ??_C@_1EI@MPIAOHOC@?$AAa?$AAp?$AAi?$AA?9?$AAm?$AAs?$AA?9?$AAw?$AAi?$AAn?$AA?9?$AAc?$AAo?$AAr?$AAe?$AA?9?$AAl?$AAo?$AAc?$AAa?$AAl?$AAi?$AAz?$AAa?$AAt?$AAi?$AAo?$AAn?$AA?9?$AAl?$AA1?$AA?9@ 000000018000e330     libucrt:winapi_thunks.obj
 0002:00001380       ??_C@_1FK@FPHCKFIE@?$AAa?$AAp?$AAi?$AA?9?$AAm?$AAs?$AA?9?$AAw?$AAi?$AAn?$AA?9?$AAc?$AAo?$AAr?$AAe?$AA?9?$AAl?$AAo?$AAc?$AAa?$AAl?$AAi?$AAz?$AAa?$AAt?$AAi?$AAo?$AAn?$AA?9?$AAo?$AAb?$AAs@ 000000018000e380     libucrt:winapi_thunks.obj
 0002:000013e0       ??_C@_1EM@DILCGIIO@?$AAa?$AAp?$AAi?$AA?9?$AAm?$AAs?$AA?9?$AAw?$AAi?$AAn?$AA?9?$AAc?$AAo?$AAr?$AAe?$AA?9?$AAp?$AAr?$AAo?$AAc?$AAe?$AAs?$AAs?$AAt?$AAh?$AAr?$AAe?$AAa?$AAd?$AAs?$AA?9?$AAl@ 000000018000e3e0     libucrt:winapi_thunks.obj
 0002:00001430       ??_C@_1DM@LNCGDDPN@?$AAa?$AAp?$AAi?$AA?9?$AAm?$AAs?$AA?9?$AAw?$AAi?$AAn?$AA?9?$AAc?$AAo?$AAr?$AAe?$AA?9?$AAs?$AAt?$AAr?$AAi?$AAn?$AAg?$AA?9?$AAl?$AA1?$AA?9?$AA1?$AA?9?$AA0?$AA?$AA@ 000000018000e430     libucrt:winapi_thunks.obj
 0002:00001470       ??_C@_1DO@FPAPJEMD@?$AAa?$AAp?$AAi?$AA?9?$AAm?$AAs?$AA?9?$AAw?$AAi?$AAn?$AA?9?$AAc?$AAo?$AAr?$AAe?$AA?9?$AAs?$AAy?$AAs?$AAi?$AAn?$AAf?$AAo?$AA?9?$AAl?$AA1?$AA?9?$AA2?$AA?9?$AA1?$AA?$AA@ 000000018000e470     libucrt:winapi_thunks.obj
 0002:000014b0       ??_C@_1DK@NDHNAHIO@?$AAa?$AAp?$AAi?$AA?9?$AAm?$AAs?$AA?9?$AAw?$AAi?$AAn?$AA?9?$AAc?$AAo?$AAr?$AAe?$AA?9?$AAw?$AAi?$AAn?$AAr?$AAt?$AA?9?$AAl?$AA1?$AA?9?$AA1?$AA?9?$AA0?$AA?$AA@ 000000018000e4b0     libucrt:winapi_thunks.obj
 0002:000014f0       ??_C@_1DM@KGHDGBCM@?$AAa?$AAp?$AAi?$AA?9?$AAm?$AAs?$AA?9?$AAw?$AAi?$AAn?$AA?9?$AAc?$AAo?$AAr?$AAe?$AA?9?$AAx?$AAs?$AAt?$AAa?$AAt?$AAe?$AA?9?$AAl?$AA2?$AA?9?$AA1?$AA?9?$AA0?$AA?$AA@ 000000018000e4f0     libucrt:winapi_thunks.obj
 0002:00001530       ??_C@_1EO@IJIOEFOH@?$AAa?$AAp?$AAi?$AA?9?$AAm?$AAs?$AA?9?$AAw?$AAi?$AAn?$AA?9?$AAr?$AAt?$AAc?$AAo?$AAr?$AAe?$AA?9?$AAn?$AAt?$AAu?$AAs?$AAe?$AAr?$AA?9?$AAw?$AAi?$AAn?$AAd?$AAo?$AAw?$AA?9@ 000000018000e530     libucrt:winapi_thunks.obj
 0002:00001580       ??_C@_1FG@HHGEKANL@?$AAa?$AAp?$AAi?$AA?9?$AAm?$AAs?$AA?9?$AAw?$AAi?$AAn?$AA?9?$AAs?$AAe?$AAc?$AAu?$AAr?$AAi?$AAt?$AAy?$AA?9?$AAs?$AAy?$AAs?$AAt?$AAe?$AAm?$AAf?$AAu?$AAn?$AAc?$AAt?$AAi@ 000000018000e580     libucrt:winapi_thunks.obj
 0002:000015e0       ??_C@_1FG@NCKKOLKO@?$AAe?$AAx?$AAt?$AA?9?$AAm?$AAs?$AA?9?$AAw?$AAi?$AAn?$AA?9?$AAk?$AAe?$AAr?$AAn?$AAe?$AAl?$AA3?$AA2?$AA?9?$AAp?$AAa?$AAc?$AAk?$AAa?$AAg?$AAe?$AA?9?$AAc?$AAu?$AAr?$AAr@ 000000018000e5e0     libucrt:winapi_thunks.obj
 0002:00001640       ??_C@_1EG@DBIOJECG@?$AAe?$AAx?$AAt?$AA?9?$AAm?$AAs?$AA?9?$AAw?$AAi?$AAn?$AA?9?$AAn?$AAt?$AAu?$AAs?$AAe?$AAr?$AA?9?$AAd?$AAi?$AAa?$AAl?$AAo?$AAg?$AAb?$AAo?$AAx?$AA?9?$AAl?$AA1?$AA?9?$AA1@ 000000018000e640     libucrt:winapi_thunks.obj
 0002:00001690       ??_C@_1EO@FIHMJCLF@?$AAe?$AAx?$AAt?$AA?9?$AAm?$AAs?$AA?9?$AAw?$AAi?$AAn?$AA?9?$AAn?$AAt?$AAu?$AAs?$AAe?$AAr?$AA?9?$AAw?$AAi?$AAn?$AAd?$AAo?$AAw?$AAs?$AAt?$AAa?$AAt?$AAi?$AAo?$AAn?$AA?9@ 000000018000e690     libucrt:winapi_thunks.obj
 0002:000016e0       ??_C@_1BC@DNHGCMLG@?$AAa?$AAd?$AAv?$AAa?$AAp?$AAi?$AA3?$AA2?$AA?$AA@ 000000018000e6e0     libucrt:winapi_thunks.obj
 0002:000016f8       ??_C@_1O@BCCLBEOE@?$AAu?$AAs?$AAe?$AAr?$AA3?$AA2?$AA?$AA@ 000000018000e6f8     libucrt:winapi_thunks.obj
 0002:00001730       ??_C@_0BE@JOGNEJCI@GetCurrentPackageId?$AA@ 000000018000e730     libucrt:winapi_thunks.obj
 0002:00001758       ??_C@_0O@KKBNKAPF@LCMapStringEx?$AA@ 000000018000e758     libucrt:winapi_thunks.obj
 0002:00001770       ??_C@_0BB@HBDEELFH@LocaleNameToLCID?$AA@ 000000018000e770     libucrt:winapi_thunks.obj
 0002:00001918       ??_C@_1M@HPNHIDJI@?$AAj?$AAa?$AA?9?$AAJ?$AAP?$AA?$AA@ 000000018000e918     libucrt:mbctype.obj
 0002:00001928       ??_C@_1M@BIBDDEMK@?$AAz?$AAh?$AA?9?$AAC?$AAN?$AA?$AA@ 000000018000e928     libucrt:mbctype.obj
 0002:00001938       ??_C@_1M@JLOOOEGK@?$AAk?$AAo?$AA?9?$AAK?$AAR?$AA?$AA@ 000000018000e938     libucrt:mbctype.obj
 0002:00001948       ??_C@_1M@CLNBBOPM@?$AAz?$AAh?$AA?9?$AAT?$AAW?$AA?$AA@ 000000018000e948     libucrt:mbctype.obj
 0002:00001960       __lc_time_c                000000018000e960     libucrt:nlsdata.obj
 0002:00001c20       ??_C@_03KOEHGMDN@Sun?$AA@  000000018000ec20     libucrt:nlsdata.obj
 0002:00001c24       ??_C@_03PDAGKDH@Mon?$AA@   000000018000ec24     libucrt:nlsdata.obj
 0002:00001c28       ??_C@_03NAGEINEP@Tue?$AA@  000000018000ec28     libucrt:nlsdata.obj
 0002:00001c2c       ??_C@_03MHOMLAJA@Wed?$AA@  000000018000ec2c     libucrt:nlsdata.obj
 0002:00001c30       ??_C@_03IOFIKPDN@Thu?$AA@  000000018000ec30     libucrt:nlsdata.obj
 0002:00001c34       ??_C@_03IDIOELNC@Fri?$AA@  000000018000ec34     libucrt:nlsdata.obj
 0002:00001c38       ??_C@_03FEFJNEK@Sat?$AA@   000000018000ec38     libucrt:nlsdata.obj
 0002:00001c3c       ??_C@_06OOPIFAJ@Sunday?$AA@ 000000018000ec3c     libucrt:nlsdata.obj
 0002:00001c44       ??_C@_06JLEDEDGH@Monday?$AA@ 000000018000ec44     libucrt:nlsdata.obj
 0002:00001c50       ??_C@_07BAAGCFCM@Tuesday?$AA@ 000000018000ec50     libucrt:nlsdata.obj
 0002:00001c58       ??_C@_09DLIGFAKA@Wednesday?$AA@ 000000018000ec58     libucrt:nlsdata.obj
 0002:00001c68       ??_C@_08HACCIKIA@Thursday?$AA@ 000000018000ec68     libucrt:nlsdata.obj
 0002:00001c74       ??_C@_06JECMNKMI@Friday?$AA@ 000000018000ec74     libucrt:nlsdata.obj
 0002:00001c80       ??_C@_08INBOOONO@Saturday?$AA@ 000000018000ec80     libucrt:nlsdata.obj
 0002:00001c8c       ??_C@_03JIHJHPIE@Jan?$AA@  000000018000ec8c     libucrt:nlsdata.obj
 0002:00001c90       ??_C@_03HJBDCHOM@Feb?$AA@  000000018000ec90     libucrt:nlsdata.obj
 0002:00001c94       ??_C@_03ODNJBKGA@Mar?$AA@  000000018000ec94     libucrt:nlsdata.obj
 0002:00001c98       ??_C@_03LEOLGMJP@Apr?$AA@  000000018000ec98     libucrt:nlsdata.obj
 0002:00001c9c       ??_C@_03CNMDKL@May?$AA@    000000018000ec9c     libucrt:nlsdata.obj
 0002:00001ca0       ??_C@_03IDFGHECI@Jun?$AA@  000000018000eca0     libucrt:nlsdata.obj
 0002:00001ca4       ??_C@_03LBGABGKK@Jul?$AA@  000000018000eca4     libucrt:nlsdata.obj
 0002:00001ca8       ??_C@_03IFJFEIGA@Aug?$AA@  000000018000eca8     libucrt:nlsdata.obj
 0002:00001cac       ??_C@_03GGCAPAJC@Sep?$AA@  000000018000ecac     libucrt:nlsdata.obj
 0002:00001cb0       ??_C@_03BMAOKBAD@Oct?$AA@  000000018000ecb0     libucrt:nlsdata.obj
 0002:00001cb4       ??_C@_03JPJOFNIA@Nov?$AA@  000000018000ecb4     libucrt:nlsdata.obj
 0002:00001cb8       ??_C@_03MKABNOCG@Dec?$AA@  000000018000ecb8     libucrt:nlsdata.obj
 0002:00001cc0       ??_C@_07CGJPFGJA@January?$AA@ 000000018000ecc0     libucrt:nlsdata.obj
 0002:00001cc8       ??_C@_08GNJGEPFN@February?$AA@ 000000018000ecc8     libucrt:nlsdata.obj
 0002:00001cd4       ??_C@_05HPCKOFNC@March?$AA@ 000000018000ecd4     libucrt:nlsdata.obj
 0002:00001cdc       ??_C@_05DMJDNLEJ@April?$AA@ 000000018000ecdc     libucrt:nlsdata.obj
 0002:00001ce4       ??_C@_04CNLMGBGM@June?$AA@ 000000018000ece4     libucrt:nlsdata.obj
 0002:00001cec       ??_C@_04MIEPOIFP@July?$AA@ 000000018000ecec     libucrt:nlsdata.obj
 0002:00001cf4       ??_C@_06LBBHFDDG@August?$AA@ 000000018000ecf4     libucrt:nlsdata.obj
 0002:00001d00       ??_C@_09BHHEALKD@September?$AA@ 000000018000ed00     libucrt:nlsdata.obj
 0002:00001d10       ??_C@_07JJNFCEND@October?$AA@ 000000018000ed10     libucrt:nlsdata.obj
 0002:00001d18       ??_C@_08HCHEGEOA@November?$AA@ 000000018000ed18     libucrt:nlsdata.obj
 0002:00001d28       ??_C@_08EDHMEBNP@December?$AA@ 000000018000ed28     libucrt:nlsdata.obj
 0002:00001d34       ??_C@_02DEDBPAFC@AM?$AA@   000000018000ed34     libucrt:nlsdata.obj
 0002:00001d38       ??_C@_02CJNFDJBF@PM?$AA@   000000018000ed38     libucrt:nlsdata.obj
 0002:00001d40       ??_C@_08BPBNCDIB@MM?1dd?1yy?$AA@ 000000018000ed40     libucrt:nlsdata.obj
 0002:00001d50       ??_C@_0BE@CKGJFCPC@dddd?0?5MMMM?5dd?0?5yyyy?$AA@ 000000018000ed50     libucrt:nlsdata.obj
 0002:00001d68       ??_C@_08JCCMCCIL@HH?3mm?3ss?$AA@ 000000018000ed68     libucrt:nlsdata.obj
 0002:00001d78       ??_C@_17MBGCMIPB@?$AAS?$AAu?$AAn?$AA?$AA@ 000000018000ed78     libucrt:nlsdata.obj
 0002:00001d80       ??_C@_17KBOMKBF@?$AAM?$AAo?$AAn?$AA?$AA@ 000000018000ed80     libucrt:nlsdata.obj
 0002:00001d88       ??_C@_17BMKGEGOJ@?$AAT?$AAu?$AAe?$AA?$AA@ 000000018000ed88     libucrt:nlsdata.obj
 0002:00001d90       ??_C@_17CJEDCEPE@?$AAW?$AAe?$AAd?$AA?$AA@ 000000018000ed90     libucrt:nlsdata.obj
 0002:00001d98       ??_C@_17PDPHAADD@?$AAT?$AAh?$AAu?$AA?$AA@ 000000018000ed98     libucrt:nlsdata.obj
 0002:00001da0       ??_C@_17HFOLPPLP@?$AAF?$AAr?$AAi?$AA?$AA@ 000000018000eda0     libucrt:nlsdata.obj
 0002:00001da8       ??_C@_17GGIBDPIH@?$AAS?$AAa?$AAt?$AA?$AA@ 000000018000eda8     libucrt:nlsdata.obj
 0002:00001db0       ??_C@_1O@IHNHDHPB@?$AAS?$AAu?$AAn?$AAd?$AAa?$AAy?$AA?$AA@ 000000018000edb0     libucrt:nlsdata.obj
 0002:00001dc0       ??_C@_1O@MMNBFLIA@?$AAM?$AAo?$AAn?$AAd?$AAa?$AAy?$AA?$AA@ 000000018000edc0     libucrt:nlsdata.obj
 0002:00001dd0       ??_C@_1BA@ENFBFFEK@?$AAT?$AAu?$AAe?$AAs?$AAd?$AAa?$AAy?$AA?$AA@ 000000018000edd0     libucrt:nlsdata.obj
 0002:00001de0       ??_C@_1BE@EBOGMDOH@?$AAW?$AAe?$AAd?$AAn?$AAe?$AAs?$AAd?$AAa?$AAy?$AA?$AA@ 000000018000ede0     libucrt:nlsdata.obj
 0002:00001df8       ??_C@_1BC@HHMNLIHE@?$AAT?$AAh?$AAu?$AAr?$AAs?$AAd?$AAa?$AAy?$AA?$AA@ 000000018000edf8     libucrt:nlsdata.obj
 0002:00001e10       ??_C@_1O@PDICJHAG@?$AAF?$AAr?$AAi?$AAd?$AAa?$AAy?$AA?$AA@ 000000018000ee10     libucrt:nlsdata.obj
 0002:00001e20       ??_C@_1BC@ENMNNPAJ@?$AAS?$AAa?$AAt?$AAu?$AAr?$AAd?$AAa?$AAy?$AA?$AA@ 000000018000ee20     libucrt:nlsdata.obj
 0002:00001e38       ??_C@_17DKNBKCHM@?$AAJ?$AAa?$AAn?$AA?$AA@ 000000018000ee38     libucrt:nlsdata.obj
 0002:00001e40       ??_C@_17LMDJEKJN@?$AAF?$AAe?$AAb?$AA?$AA@ 000000018000ee40     libucrt:nlsdata.obj
 0002:00001e48       ??_C@_17CKNLEDEC@?$AAM?$AAa?$AAr?$AA?$AA@ 000000018000ee48     libucrt:nlsdata.obj
 0002:00001e50       ??_C@_17LFPOIHDD@?$AAA?$AAp?$AAr?$AA?$AA@ 000000018000ee50     libucrt:nlsdata.obj
 0002:00001e58       ??_C@_17PNNKMEED@?$AAM?$AAa?$AAy?$AA?$AA@ 000000018000ee58     libucrt:nlsdata.obj
 0002:00001e60       ??_C@_17KCJGOCPB@?$AAJ?$AAu?$AAn?$AA?$AA@ 000000018000ee60     libucrt:nlsdata.obj
 0002:00001e68       ??_C@_17IJPCKHK@?$AAJ?$AAu?$AAl?$AA?$AA@ 000000018000ee68     libucrt:nlsdata.obj
 0002:00001e70       ??_C@_17ICPELBCN@?$AAA?$AAu?$AAg?$AA?$AA@ 000000018000ee70     libucrt:nlsdata.obj
 0002:00001e78       ??_C@_17HCHCOKMG@?$AAS?$AAe?$AAp?$AA?$AA@ 000000018000ee78     libucrt:nlsdata.obj
 0002:00001e80       ??_C@_17FNLKOI@?$AAO?$AAc?$AAt?$AA?$AA@ 000000018000ee80     libucrt:nlsdata.obj
 0002:00001e88       ??_C@_17BBDMLCIG@?$AAN?$AAo?$AAv?$AA?$AA@ 000000018000ee88     libucrt:nlsdata.obj
 0002:00001e90       ??_C@_17EGKACKIF@?$AAD?$AAe?$AAc?$AA?$AA@ 000000018000ee90     libucrt:nlsdata.obj
 0002:00001e98       ??_C@_1BA@EFMEIEBA@?$AAJ?$AAa?$AAn?$AAu?$AAa?$AAr?$AAy?$AA?$AA@ 000000018000ee98     libucrt:nlsdata.obj
 0002:00001ea8       ??_C@_1BC@JGDDFFAM@?$AAF?$AAe?$AAb?$AAr?$AAu?$AAa?$AAr?$AAy?$AA?$AA@ 000000018000eea8     libucrt:nlsdata.obj
 0002:00001ec0       ??_C@_1M@IKEENEDF@?$AAM?$AAa?$AAr?$AAc?$AAh?$AA?$AA@ 000000018000eec0     libucrt:nlsdata.obj
 0002:00001ed0       ??_C@_1M@GJNLMHFD@?$AAA?$AAp?$AAr?$AAi?$AAl?$AA?$AA@ 000000018000eed0     libucrt:nlsdata.obj
 0002:00001ee0       ??_C@_19EPFLPGAP@?$AAJ?$AAu?$AAn?$AAe?$AA?$AA@ 000000018000eee0     libucrt:nlsdata.obj
 0002:00001ef0       ??_C@_19BIFMLPCD@?$AAJ?$AAu?$AAl?$AAy?$AA?$AA@ 000000018000eef0     libucrt:nlsdata.obj
 0002:00001f00       ??_C@_1O@PAHLKOAC@?$AAA?$AAu?$AAg?$AAu?$AAs?$AAt?$AA?$AA@ 000000018000ef00     libucrt:nlsdata.obj
 0002:00001f10       ??_C@_1BE@DKAAMBJL@?$AAS?$AAe?$AAp?$AAt?$AAe?$AAm?$AAb?$AAe?$AAr?$AA?$AA@ 000000018000ef10     libucrt:nlsdata.obj
 0002:00001f28       ??_C@_1BA@EPANDLNG@?$AAO?$AAc?$AAt?$AAo?$AAb?$AAe?$AAr?$AA?$AA@ 000000018000ef28     libucrt:nlsdata.obj
 0002:00001f38       ??_C@_1BC@BGLIFPF@?$AAN?$AAo?$AAv?$AAe?$AAm?$AAb?$AAe?$AAr?$AA?$AA@ 000000018000ef38     libucrt:nlsdata.obj
 0002:00001f50       ??_C@_1BC@FEMKIFH@?$AAD?$AAe?$AAc?$AAe?$AAm?$AAb?$AAe?$AAr?$AA?$AA@ 000000018000ef50     libucrt:nlsdata.obj
 0002:00001f64       ??_C@_15ODEHAHHF@?$AAA?$AAM?$AA?$AA@ 000000018000ef64     libucrt:nlsdata.obj
 0002:00001f6c       ??_C@_15CLMNNGEL@?$AAP?$AAM?$AA?$AA@ 000000018000ef6c     libucrt:nlsdata.obj
 0002:00001f78       ??_C@_1BC@IEBCMHCM@?$AAM?$AAM?$AA?1?$AAd?$AAd?$AA?1?$AAy?$AAy?$AA?$AA@ 000000018000ef78     libucrt:nlsdata.obj
 0002:00001f90       ??_C@_1CI@KNAKOEBC@?$AAd?$AAd?$AAd?$AAd?$AA?0?$AA?5?$AAM?$AAM?$AAM?$AAM?$AA?5?$AAd?$AAd?$AA?0?$AA?5?$AAy?$AAy?$AAy?$AAy?$AA?$AA@ 000000018000ef90     libucrt:nlsdata.obj
 0002:00001fb8       ??_C@_1BC@GDGBMEMK@?$AAH?$AAH?$AA?3?$AAm?$AAm?$AA?3?$AAs?$AAs?$AA?$AA@ 000000018000efb8     libucrt:nlsdata.obj
 0002:00001fd0       ??_C@_1M@BMHNFIME@?$AAe?$AAn?$AA?9?$AAU?$AAS?$AA?$AA@ 000000018000efd0     libucrt:nlsdata.obj
 0002:00001fe0       __newctype                 000000018000efe0     libucrt:ctype.obj
 0002:000022e0       __newclmap                 000000018000f2e0     libucrt:ctype.obj
 0002:00002460       __newcumap                 000000018000f460     libucrt:ctype.obj
 0002:00003420       ??_C@_15EMKDOKLE@?$AAa?$AAr?$AA?$AA@ 0000000180010420     libucrt:lcidtoname_downlevel.obj
 0002:00003428       ??_C@_15KNPADPLH@?$AAb?$AAg?$AA?$AA@ 0000000180010428     libucrt:lcidtoname_downlevel.obj
 0002:00003430       ??_C@_15EDMHLDMO@?$AAc?$AAa?$AA?$AA@ 0000000180010430     libucrt:lcidtoname_downlevel.obj
 0002:00003438       ??_C@_1O@BPEAJADD@?$AAz?$AAh?$AA?9?$AAC?$AAH?$AAS?$AA?$AA@ 0000000180010438     libucrt:lcidtoname_downlevel.obj
 0002:00003448       ??_C@_15LJNHCMNK@?$AAc?$AAs?$AA?$AA@ 0000000180010448     libucrt:lcidtoname_downlevel.obj
 0002:00003450       ??_C@_15FOMCIDHG@?$AAd?$AAa?$AA?$AA@ 0000000180010450     libucrt:lcidtoname_downlevel.obj
 0002:00003458       ??_C@_15NBKABECB@?$AAd?$AAe?$AA?$AA@ 0000000180010458     libucrt:lcidtoname_downlevel.obj
 0002:00003460       ??_C@_15GHPEIIAO@?$AAe?$AAl?$AA?$AA@ 0000000180010460     libucrt:lcidtoname_downlevel.obj
 0002:00003468       ??_C@_15MNPNEAIF@?$AAe?$AAn?$AA?$AA@ 0000000180010468     libucrt:lcidtoname_downlevel.obj
 0002:00003470       ??_C@_15GPIOMPMH@?$AAe?$AAs?$AA?$AA@ 0000000180010470     libucrt:lcidtoname_downlevel.obj
 0002:00003478       ??_C@_15NGLOAKJC@?$AAf?$AAi?$AA?$AA@ 0000000180010478     libucrt:lcidtoname_downlevel.obj
 0002:00003480       ??_C@_15FBKGNKAM@?$AAf?$AAr?$AA?$AA@ 0000000180010480     libucrt:lcidtoname_downlevel.obj
 0002:00003488       ??_C@_15KGGCNEFK@?$AAh?$AAe?$AA?$AA@ 0000000180010488     libucrt:lcidtoname_downlevel.obj
 0002:00003490       ??_C@_15PGHLIDMF@?$AAh?$AAu?$AA?$AA@ 0000000180010490     libucrt:lcidtoname_downlevel.obj
 0002:00003498       ??_C@_15BIEMAPLM@?$AAi?$AAs?$AA?$AA@ 0000000180010498     libucrt:lcidtoname_downlevel.obj
 0002:000034a0       ??_C@_15IFJLDHAF@?$AAi?$AAt?$AA?$AA@ 00000001800104a0     libucrt:lcidtoname_downlevel.obj
 0002:000034a8       ??_C@_15GEMIOCAG@?$AAj?$AAa?$AA?$AA@ 00000001800104a8     libucrt:lcidtoname_downlevel.obj
 0002:000034b0       ??_C@_15EPELEGJA@?$AAk?$AAo?$AA?$AA@ 00000001800104b0     libucrt:lcidtoname_downlevel.obj
 0002:000034b8       ??_C@_15NDDHIMN@?$AAn?$AAl?$AA?$AA@ 00000001800104b8     libucrt:lcidtoname_downlevel.obj
 0002:000034c0       ??_C@_15BPIGNHCD@?$AAn?$AAo?$AA?$AA@ 00000001800104c0     libucrt:lcidtoname_downlevel.obj
 0002:000034c8       ??_C@_15DEOPBLCG@?$AAp?$AAl?$AA?$AA@ 00000001800104c8     libucrt:lcidtoname_downlevel.obj
 0002:000034d0       ??_C@_15KBECGEFG@?$AAp?$AAt?$AA?$AA@ 00000001800104d0     libucrt:lcidtoname_downlevel.obj
 0002:000034d8       ??_C@_15GLJCBFMD@?$AAr?$AAo?$AA?$AA@ 00000001800104d8     libucrt:lcidtoname_downlevel.obj
 0002:000034e0       ??_C@_15FEDGKCDI@?$AAr?$AAu?$AA?$AA@ 00000001800104e0     libucrt:lcidtoname_downlevel.obj
 0002:000034e8       ??_C@_15GLKMLLHM@?$AAh?$AAr?$AA?$AA@ 00000001800104e8     libucrt:lcidtoname_downlevel.obj
 0002:000034f0       ??_C@_15CPKMFBDB@?$AAs?$AAk?$AA?$AA@ 00000001800104f0     libucrt:lcidtoname_downlevel.obj
 0002:000034f8       ??_C@_15BAAIOGMK@?$AAs?$AAq?$AA?$AA@ 00000001800104f8     libucrt:lcidtoname_downlevel.obj
 0002:00003500       ??_C@_15INNPNOHD@?$AAs?$AAv?$AA?$AA@ 0000000180010500     libucrt:lcidtoname_downlevel.obj
 0002:00003508       ??_C@_15CABMMOGH@?$AAt?$AAh?$AA?$AA@ 0000000180010508     libucrt:lcidtoname_downlevel.obj
 0002:00003510       ??_C@_15BPLIHJJM@?$AAt?$AAr?$AA?$AA@ 0000000180010510     libucrt:lcidtoname_downlevel.obj
 0002:00003518       ??_C@_15NEOEKKDJ@?$AAu?$AAr?$AA?$AA@ 0000000180010518     libucrt:lcidtoname_downlevel.obj
 0002:00003520       ??_C@_15NFICGAJK@?$AAi?$AAd?$AA?$AA@ 0000000180010520     libucrt:lcidtoname_downlevel.obj
 0002:00003528       ??_C@_15PJPFLCCM@?$AAu?$AAk?$AA?$AA@ 0000000180010528     libucrt:lcidtoname_downlevel.obj
 0002:00003530       ??_C@_15HPJPHDM@?$AAb?$AAe?$AA?$AA@ 0000000180010530     libucrt:lcidtoname_downlevel.obj
 0002:00003538       ??_C@_15LCHLGJII@?$AAs?$AAl?$AA?$AA@ 0000000180010538     libucrt:lcidtoname_downlevel.obj
 0002:00003540       ??_C@_15PCFJPHHO@?$AAe?$AAt?$AA?$AA@ 0000000180010540     libucrt:lcidtoname_downlevel.obj
 0002:00003548       ??_C@_15HPFPGODN@?$AAl?$AAv?$AA?$AA@ 0000000180010548     libucrt:lcidtoname_downlevel.obj
 0002:00003550       ??_C@_15NFFGKGLG@?$AAl?$AAt?$AA?$AA@ 0000000180010550     libucrt:lcidtoname_downlevel.obj
 0002:00003558       ??_C@_15BDAKCCHN@?$AAf?$AAa?$AA?$AA@ 0000000180010558     libucrt:lcidtoname_downlevel.obj
 0002:00003560       ??_C@_15NFGIAIAJ@?$AAv?$AAi?$AA?$AA@ 0000000180010560     libucrt:lcidtoname_downlevel.obj
 0002:00003568       ??_C@_15LMKNDMHN@?$AAh?$AAy?$AA?$AA@ 0000000180010568     libucrt:lcidtoname_downlevel.obj
 0002:00003570       ??_C@_15IJBHMCFL@?$AAa?$AAz?$AA?$AA@ 0000000180010570     libucrt:lcidtoname_downlevel.obj
 0002:00003578       ??_C@_15EKOFJABL@?$AAe?$AAu?$AA?$AA@ 0000000180010578     libucrt:lcidtoname_downlevel.obj
 0002:00003580       ??_C@_15BGHADCNK@?$AAm?$AAk?$AA?$AA@ 0000000180010580     libucrt:lcidtoname_downlevel.obj
 0002:00003588       ??_C@_15JDNICKHM@?$AAa?$AAf?$AA?$AA@ 0000000180010588     libucrt:lcidtoname_downlevel.obj
 0002:00003590       ??_C@_15KPJEDBKD@?$AAk?$AAa?$AA?$AA@ 0000000180010590     libucrt:lcidtoname_downlevel.obj
 0002:00003598       ??_C@_15PDNFFFEO@?$AAf?$AAo?$AA?$AA@ 0000000180010598     libucrt:lcidtoname_downlevel.obj
 0002:000035a0       ??_C@_15OMLEGLOC@?$AAh?$AAi?$AA?$AA@ 00000001800105a0     libucrt:lcidtoname_downlevel.obj
 0002:000035a8       ??_C@_15IDNNENKK@?$AAm?$AAs?$AA?$AA@ 00000001800105a8     libucrt:lcidtoname_downlevel.obj
 0002:000035b0       ??_C@_15MACJNBMH@?$AAk?$AAk?$AA?$AA@ 00000001800105b0     libucrt:lcidtoname_downlevel.obj
 0002:000035b8       ??_C@_15DKDJEOND@?$AAk?$AAy?$AA?$AA@ 00000001800105b8     libucrt:lcidtoname_downlevel.obj
 0002:000035c0       ??_C@_15DFGDLJBG@?$AAs?$AAw?$AA?$AA@ 00000001800105c0     libucrt:lcidtoname_downlevel.obj
 0002:000035c8       ??_C@_15BBFAICNG@?$AAu?$AAz?$AA?$AA@ 00000001800105c8     libucrt:lcidtoname_downlevel.obj
 0002:000035d0       ??_C@_15DKNDCGEA@?$AAt?$AAt?$AA?$AA@ 00000001800105d0     libucrt:lcidtoname_downlevel.obj
 0002:000035d8       ??_C@_15MGIFMDPL@?$AAp?$AAa?$AA?$AA@ 00000001800105d8     libucrt:lcidtoname_downlevel.obj
 0002:000035e0       ??_C@_15HCNDBBA@?$AAg?$AAu?$AA?$AA@ 00000001800105e0     libucrt:lcidtoname_downlevel.obj
 0002:000035e8       ??_C@_15FNBEIBON@?$AAt?$AAa?$AA?$AA@ 00000001800105e8     libucrt:lcidtoname_downlevel.obj
 0002:000035f0       ??_C@_15NCHGBGLK@?$AAt?$AAe?$AA?$AA@ 00000001800105f0     libucrt:lcidtoname_downlevel.obj
 0002:000035f8       ??_C@_15PHPHCBPF@?$AAk?$AAn?$AA?$AA@ 00000001800105f8     libucrt:lcidtoname_downlevel.obj
 0002:00003600       ??_C@_15DLGBCKMP@?$AAm?$AAr?$AA?$AA@ 0000000180010600     libucrt:lcidtoname_downlevel.obj
[...]
 0004:00000660       $pdata$__acrt_uninitialize_locks 0000000180019660     libucrt:locks.obj
 0004:0000066c       $pdata$?try_get_function@@YAPEAXW4function_id@?A0x63058377@@QEBDQEBW4module_id@2@2@Z 000000018001966c     libucrt:winapi_thunks.obj
 0004:00000678       $pdata$__acrt_FlsAlloc     0000000180019678     libucrt:winapi_thunks.obj
 0004:00000684       $pdata$__acrt_FlsFree      0000000180019684     libucrt:winapi_thunks.obj
 0004:00000690       $pdata$__acrt_FlsGetValue  0000000180019690     libucrt:winapi_thunks.obj
 0004:0000069c       $pdata$__acrt_FlsSetValue  000000018001969c     libucrt:winapi_thunks.obj
 0004:000006a8       $pdata$__acrt_InitializeCriticalSectionEx 00000001800196a8     libucrt:winapi_thunks.obj
 0004:000006b4       $pdata$__acrt_LCMapStringEx 00000001800196b4     libucrt:winapi_thunks.obj
 0004:000006c0       $pdata$__acrt_LocaleNameToLCID 00000001800196c0     libucrt:winapi_thunks.obj
 0004:000006cc       $pdata$__acrt_initialize_winapi_thunks 00000001800196cc     libucrt:winapi_thunks.obj
 0004:000006d8       $pdata$__acrt_is_packaged_app 00000001800196d8     libucrt:winapi_thunks.obj
 0004:000006e4       $pdata$__acrt_uninitialize_winapi_thunks 00000001800196e4     libucrt:winapi_thunks.obj
 0004:000006f0       $pdata$__acrt_call_reportfault 00000001800196f0     libucrt:invalid_parameter.obj
 0004:000006fc       $pdata$_invalid_parameter  00000001800196fc     libucrt:invalid_parameter.obj
 0004:00000708       $pdata$_invalid_parameter_noinfo 0000000180019708     libucrt:invalid_parameter.obj
 0004:00000714       $pdata$_invoke_watson      0000000180019714     libucrt:invalid_parameter.obj
 0004:00000720       $pdata$__acrt_errno_map_os_error 0000000180019720     libucrt:errno.obj
 0004:0000072c       $pdata$__doserrno          000000018001972c     libucrt:errno.obj
 0004:00000738       $pdata$_errno              0000000180019738     libucrt:errno.obj
 0004:00000744       $pdata$??$common_expand_argv_wildcards@D@@YAHQEAPEADQEAPEAPEAD@Z 0000000180019744     libucrt:argv_wildcards.obj
 0004:00000750       $pdata$??$copy_and_add_argument_to_buffer@D@@YAHQEBD0_KAEAV?$argument_list@D@?A0xca0879c4@@@Z 0000000180019750     libucrt:argv_wildcards.obj
 0004:0000075c       $pdata$??$expand_argument_wildcards@D@@YAHQEAD0AEAV?$argument_list@D@?A0xca0879c4@@@Z 000000018001975c     libucrt:argv_wildcards.obj
 0004:00000768       $pdata$?expand_if_necessary@?$argument_list@D@?A0xca0879c4@@AEAAHXZ 0000000180019768     libucrt:argv_wildcards.obj
 0004:00000774       $pdata$??$?RV<lambda_99476a1ad63dd22509b5d3e65b0ffc95>@@AEAV<lambda_ad1ced32f4ac17aa236e5ef05d6b3b7c>@@V<lambda_f7424dd8d45958661754dc4f2697e9c3>@@@?$__crt_seh_guarded_call@X@@QEAAX$$QEAV<lambda_99476a1ad63dd22509b5d3e65b0ffc95>@@AEAV<lambda_ad1ced32f4ac17aa236e5ef05d6b3b7c>@@$$QEAV<lambda_f7424dd8d45958661754dc4f2697e9c3>@@@Z 0000000180019774     libucrt:mbctype.obj
 0004:00000780       $pdata$??R<lambda_ad1ced32f4ac17aa236e5ef05d6b3b7c>@@QEBAXXZ 0000000180019780     libucrt:mbctype.obj
 0004:0000078c       $pdata$?getSystemCP@@YAHH@Z 000000018001978c     libucrt:mbctype.obj
 0004:00000798       $pdata$?setSBCS@@YAXPEAU__crt_multibyte_data@@@Z 0000000180019798     libucrt:mbctype.obj
 0004:000007a4       $pdata$?setSBUpLow@@YAXPEAU__crt_multibyte_data@@@Z 00000001800197a4     libucrt:mbctype.obj
 0004:000007b0       $pdata$?setmbcp_internal@@YAHH_N@Z 00000001800197b0     libucrt:mbctype.obj
 0004:000007bc       $pdata$__acrt_initialize_multibyte 00000001800197bc     libucrt:mbctype.obj
 0004:000007c8       $pdata$__acrt_update_thread_multibyte_data 00000001800197c8     libucrt:mbctype.obj
 0004:000007d4       $pdata$_setmbcp_nolock     00000001800197d4     libucrt:mbctype.obj
 0004:000007e0       $pdata$?x_ismbbtype_l@@YAHPEAU__crt_locale_pointers@@IHH@Z 00000001800197e0     libucrt:ismbbyte.obj
 0004:000007ec       $pdata$__acrt_initialize_command_line 00000001800197ec     libucrt:argv_data.obj
 0004:000007f8       $pdata$__dcrt_get_narrow_environment_from_os 00000001800197f8     libucrt:get_environment_from_os.obj
 0004:00000804       $pdata$_recalloc_base      0000000180019804     libucrt:recalloc.obj
 0004:00000810       $pdata$__acrt_initialize_heap 0000000180019810     libucrt:heap_handle.obj
 0004:0000081c       $pdata$?initialize_inherited_file_handles_nolock@@YAXXZ 000000018001981c     libucrt:ioinit.obj
 0004:00000828       $pdata$?initialize_stdio_handles_nolock@@YAXXZ 0000000180019828     libucrt:ioinit.obj
 0004:00000834       $pdata$__acrt_initialize_lowio 0000000180019834     libucrt:ioinit.obj
 0004:00000840       $pdata$__acrt_uninitialize_lowio 0000000180019840     libucrt:ioinit.obj
 0004:0000084c       $pdata$__acrt_execute_initializers 000000018001984c     libucrt:shared_initialization.obj
 0004:00000858       $pdata$__acrt_execute_uninitializers 0000000180019858     libucrt:shared_initialization.obj
 0004:00000864       $pdata$_callnewh           0000000180019864     libucrt:new_handler.obj
 0004:00000870       $pdata$_query_new_handler  0000000180019870     libucrt:new_handler.obj
 0004:0000087c       $pdata$??$?RV<lambda_c36588078e9f5dfd39652860aa6b3aaf>@@AEAV<lambda_ec61778202f4f5fc7e7711acc23c3bca>@@V<lambda_dc9d2797ccde5d239b4a0efae8ebd7db>@@@?$__crt_seh_guarded_call@P6AXH@Z@@QEAAP6AXH@Z$$QEAV<lambda_c36588078e9f5dfd39652860aa6b3aaf>@@AEAV<lambda_ec61778202f4f5fc7e7711acc23c3bca>@@$$QEAV<lambda_dc9d2797ccde5d239b4a0efae8ebd7db>@@@Z 000000018001987c     libucrt:signal.obj
 0004:00000888       $pdata$__acrt_get_sigabrt_handler 0000000180019888     libucrt:signal.obj
 0004:00000894       $pdata$raise               0000000180019894     libucrt:signal.obj
 0004:000008a0       $pdata$__acrt_invoke_user_matherr 00000001800198a0     libucrt:matherr.obj
 0004:000008ac       $pdata$_mbtowc_l           00000001800198ac     libucrt:mbtowc.obj
 0004:000008b8       $pdata$__acrt_update_locale_info 00000001800198b8     libucrt:locale_update.obj
 0004:000008c4       $pdata$__acrt_update_multibyte_info 00000001800198c4     libucrt:locale_update.obj
 0004:000008d0       $pdata$_fileno             00000001800198d0     libucrt:fileno.obj
 0004:000008dc       $pdata$__acrt_initialize_stdio 00000001800198dc     libucrt:_file.obj
 0004:000008e8       $pdata$__acrt_uninitialize_stdio 00000001800198e8     libucrt:_file.obj
 0004:000008f4       $pdata$__acrt_uninitialize_locale 00000001800198f4     libucrt:wsetlocale.obj
 0004:00000900       $pdata$__pctype_func       0000000180019900     libucrt:ctype.obj
 0004:0000090c       $pdata$__acrt_free_locale  000000018001990c     libucrt:locale_refcounting.obj
 0004:00000918       $pdata$__acrt_locale_free_lc_time_if_unreferenced 0000000180019918     libucrt:locale_refcounting.obj
 0004:00000924       $pdata$__acrt_release_locale_ref 0000000180019924     libucrt:locale_refcounting.obj
 0004:00000930       $pdata$__acrt_update_thread_locale_data 0000000180019930     libucrt:locale_refcounting.obj
 0004:0000093c       $pdata$_updatetlocinfoEx_nolock 000000018001993c     libucrt:locale_refcounting.obj
 0004:00000948       $pdata$?GetTableIndexFromLocaleName@@YAHPEB_W@Z 0000000180019948     libucrt:lcidtoname_downlevel.obj
 0004:00000954       $pdata$__acrt_DownlevelLocaleNameToLCID 0000000180019954     libucrt:lcidtoname_downlevel.obj
 0004:00000960       $pdata$?shortsort@@YAXPEAD0_KP6AHPEBX2@Z@Z 0000000180019960     libucrt:qsort.obj
 0004:0000096c       $pdata$2$?shortsort@@YAXPEAD0_KP6AHPEBX2@Z@Z 000000018001996c     libucrt:qsort.obj
 0004:00000978       $pdata$3$?shortsort@@YAXPEAD0_KP6AHPEBX2@Z@Z 0000000180019978     libucrt:qsort.obj
 0004:00000984       $pdata$qsort               0000000180019984     libucrt:qsort.obj
 0004:00000990       $pdata$4$qsort             0000000180019990     libucrt:qsort.obj
 0004:0000099c       $pdata$5$qsort             000000018001999c     libucrt:qsort.obj
 0004:000009a8       $pdata$strncpy_s           00000001800199a8     libucrt:strncpy_s.obj
 0004:000009b4       $pdata$strpbrk             00000001800199b4     libucrt:strpbrk.obj
 0004:000009c0       $pdata$_mbsdec_l           00000001800199c0     libucrt:mbsdec.obj
 0004:000009cc       $pdata$?initialize_multibyte@@YAHXZ 00000001800199cc     libucrt:multibyte_initializer.obj
 0004:000009d8       $pdata$__acrt_GetStringTypeA 00000001800199d8     libucrt:getstringtypea.obj
 0004:000009e4       $pdata$?__acrt_LCMapStringA_stat@@YAHPEAU__crt_locale_pointers@@PEB_WKPEBDHPEADHHH@Z 00000001800199e4     libucrt:lcmapstringa.obj
 0004:000009f0       $pdata$__acrt_LCMapStringA 00000001800199f0     libucrt:lcmapstringa.obj
 0004:000009fc       $pdata$_msize              00000001800199fc     libucrt:msize.obj
 0004:00000a08       $pdata$_realloc_base       0000000180019a08     libucrt:realloc_base.obj
 0004:00000a14       $pdata$__acrt_lowio_create_handle_array 0000000180019a14     libucrt:osfinfo.obj
 0004:00000a20       $pdata$__acrt_lowio_destroy_handle_array 0000000180019a20     libucrt:osfinfo.obj
 0004:00000a2c       $pdata$__acrt_lowio_ensure_fh_exists 0000000180019a2c     libucrt:osfinfo.obj
 0004:00000a38       $pdata$_free_osfhnd        0000000180019a38     libucrt:osfinfo.obj
 0004:00000a44       $pdata$_get_osfhandle      0000000180019a44     libucrt:osfinfo.obj
 0004:00000a50       $pdata$_isatty             0000000180019a50     libucrt:isatty.obj
 0004:00000a5c       $pdata$__acrt_stdio_flush_nolock 0000000180019a5c     libucrt:fflush.obj
 0004:00000a68       $pdata$_fflush_nolock      0000000180019a68     libucrt:fflush.obj
 0004:00000a74       $pdata$common_flush_all    0000000180019a74     libucrt:fflush.obj
 0004:00000a80       $pdata$_isleadbyte_l       0000000180019a80     libucrt:_wctype.obj
 0004:00000a8c       $pdata$_fcloseall          0000000180019a8c     libucrt:closeall.obj
 0004:00000a98       $pdata$__acrt_stdio_free_buffer_nolock 0000000180019a98     libucrt:_freebuf.obj
 0004:00000aa4       $pdata$__acrt_locale_free_monetary 0000000180019aa4     libucrt:initmon.obj
 0004:00000ab0       $pdata$__acrt_locale_free_numeric 0000000180019ab0     libucrt:initnum.obj
 0004:00000abc       $pdata$?free_crt_array_internal@@YAXQEAPEBX_K@Z 0000000180019abc     libucrt:inittime.obj
 0004:00000ac8       $pdata$__acrt_locale_free_time 0000000180019ac8     libucrt:inittime.obj
 0004:00000ad4       $pdata$??$?RV<lambda_b521505b218e5242e90febf6bfebc422>@@AEAV<lambda_6978c1fb23f02e42e1d9e99668cc68aa>@@V<lambda_314360699dd331753a4119843814e9a7>@@@?$__crt_seh_guarded_call@H@@QEAAH$$QEAV<lambda_b521505b218e5242e90febf6bfebc422>@@AEAV<lambda_6978c1fb23f02e42e1d9e99668cc68aa>@@$$QEAV<lambda_314360699dd331753a4119843814e9a7>@@@Z 0000000180019ad4     libucrt:commit.obj
 0004:00000ae0       $pdata$_commit             0000000180019ae0     libucrt:commit.obj
 0004:00000aec       $pdata$?write_double_translated_ansi_nolock@@YA?AUwrite_result@?A0x9c548279@@HQEBDI@Z 0000000180019aec     libucrt:write.obj
 0004:00000af8       $pdata$?write_text_ansi_nolock@@YA?AUwrite_result@?A0x9c548279@@HQEBDI@Z 0000000180019af8     libucrt:write.obj
 0004:00000b04       $pdata$?write_text_utf16le_nolock@@YA?AUwrite_result@?A0x9c548279@@HQEBDI@Z 0000000180019b04     libucrt:write.obj
 0004:00000b10       $pdata$?write_text_utf8_nolock@@YA?AUwrite_result@?A0x9c548279@@HQEBDI@Z 0000000180019b10     libucrt:write.obj
 0004:00000b1c       $pdata$_write              0000000180019b1c     libucrt:write.obj
 0004:00000b28       $pdata$_write_nolock       0000000180019b28     libucrt:write.obj
 0004:00000b40       $pdata$??$common_lseek_nolock@_J@@YA_JH_JH@Z 0000000180019b40     libucrt:lseek.obj
 0004:00000b4c       $pdata$_fclose_nolock      0000000180019b4c     libucrt:fclose.obj
 0004:00000b58       $pdata$fclose              0000000180019b58     libucrt:fclose.obj
 0004:00000b64       $pdata$_putwch_nolock      0000000180019b64     libucrt:putwch.obj
 0004:00000b70       $pdata$_call_matherr       0000000180019b70     libucrt:libm_error.obj
 0004:00000b7c       $pdata$_exception_enabled  0000000180019b7c     libucrt:libm_error.obj
 0004:00000b88       $pdata$_handle_error       0000000180019b88     libucrt:libm_error.obj
 0004:00000b94       $pdata$__acrt_initialize_fma3 0000000180019b94     libucrt:fma3_available.obj
 0004:00000ba0       $pdata$_log10_special      0000000180019ba0     libucrt:log_special.obj
 0004:00000bac       $pdata$_log_special_common 0000000180019bac     libucrt:log_special.obj
 0004:00000bb8       $pdata$??$?RV<lambda_bfedae4ebbf01fab1bb6dcc6a9e276e0>@@AEAV<lambda_2fe9b910cf3cbf4a0ab98a02ba45b3ec>@@V<lambda_237c231691f317818eb88cc1d5d642d6>@@@?$__crt_seh_guarded_call@H@@QEAAH$$QEAV<lambda_bfedae4ebbf01fab1bb6dcc6a9e276e0>@@AEAV<lambda_2fe9b910cf3cbf4a0ab98a02ba45b3ec>@@$$QEAV<lambda_237c231691f317818eb88cc1d5d642d6>@@@Z 0000000180019bb8     libucrt:close.obj
 0004:00000bc4       $pdata$_close              0000000180019bc4     libucrt:close.obj
 0004:00000bd0       $pdata$_close_nolock       0000000180019bd0     libucrt:close.obj
 0004:00000bdc       $pdata$__dcrt_lowio_initialize_console_output 0000000180019bdc     libucrt:initcon.obj
 0004:00000be8       $pdata$__dcrt_terminate_console_output 0000000180019be8     libucrt:initcon.obj
 0004:00000c00       $pdata$_raise_exc          0000000180019c00     libucrt:fpexcept.obj
 0004:00000c0c       $pdata$_raise_exc_ex       0000000180019c0c     libucrt:fpexcept.obj
 0004:00000c18       $pdata$_set_errno_from_matherr 0000000180019c18     libucrt:fpexcept.obj
 0004:00000c24       $pdata$_clrfp              0000000180019c24     libucrt:fpctrl.obj
 0004:00000c30       $pdata$_ctrlfp             0000000180019c30     libucrt:fpctrl.obj
 0004:00000c3c       $pdata$_set_statfp         0000000180019c3c     libucrt:fpctrl.obj
 0004:00000c48       $pdata$_statfp             0000000180019c48     libucrt:fpctrl.obj
 0004:00000c54       $pdata$_IsNonwritableInCurrentImage 0000000180019c54     LIBCMT:pesect.obj
 0004:00000cb4       $pdata$?fin$0@?0??dllmain_crt_process_attach@@YAHQEAUHINSTANCE__@@QEAX@Z@4HA 0000000180019cb4     LIBCMT:dll_dllmain.obj
 0004:00000cc0       $pdata$?fin$0@?0??dllmain_crt_process_detach@@YAH_N@Z@4HA 0000000180019cc0     LIBCMT:dll_dllmain.obj
 0004:00000ccc       $pdata$?filt$0@?0??dllmain_dispatch@@YAHQEAUHINSTANCE__@@KQEAX@Z@4HA 0000000180019ccc     LIBCMT:dll_dllmain.obj
 0004:00000cd8       $pdata$__scrt_is_nonwritable_in_current_image$filt$0 0000000180019cd8     LIBCMT:utility.obj
 0004:00000ce4       $pdata$?filt$0@?0??common_exit@@YAXHW4_crt_exit_cleanup_mode@@W4_crt_exit_return_mode@@@Z@4HA 0000000180019ce4     libucrt:exit.obj
 0004:00000cf0       $pdata$?fin$1@?0??common_exit@@YAXHW4_crt_exit_cleanup_mode@@W4_crt_exit_return_mode@@@Z@4HA 0000000180019cf0     libucrt:exit.obj
 0004:00000cfc       $pdata$?fin$0@?0???$?RV<lambda_e24bbb7b643b32fcea6fa61b31d4c984>@@AEAV<lambda_275893d493268fdec8709772e3fcec0e>@@V<lambda_9d71df4d7cf3f480f8d633942495c3b0>@@@?$__crt_seh_guarded_call@H@@QEAAH$$QEAV<lambda_e24bbb7b643b32fcea6fa61b31d4c984>@@AEAV<lambda_275893d493268fdec8709772e3fcec0e>@@$$QEAV<lambda_9d71df4d7cf3f480f8d633942495c3b0>@@@Z@4HA 0000000180019cfc     libucrt:onexit.obj
 0004:00000d08       $pdata$?fin$0@?0???$?RV<lambda_46352004c1216016012b18bd6f87e700>@@AEAV<lambda_3bd07e1a1191394380780325891bf33f>@@V<lambda_334532d3f185bcaa59b5be82d7d22bff>@@@?$__crt_seh_guarded_call@X@@QEAAX$$QEAV<lambda_46352004c1216016012b18bd6f87e700>@@AEAV<lambda_3bd07e1a1191394380780325891bf33f>@@$$QEAV<lambda_334532d3f185bcaa59b5be82d7d22bff>@@@Z@4HA 0000000180019d08     libucrt:per_thread_data.obj
 0004:00000d08       $pdata$?fin$0@?0???$?RV<lambda_fb3a7dec4e47f37f22dae91bb15c9095>@@AEAV<lambda_698284760c8add0bfb0756c19673e34b>@@V<lambda_dfb8eca1e75fef3034a8fb18dd509707>@@@?$__crt_seh_guarded_call@X@@QEAAX$$QEAV<lambda_fb3a7dec4e47f37f22dae91bb15c9095>@@AEAV<lambda_698284760c8add0bfb0756c19673e34b>@@$$QEAV<lambda_dfb8eca1e75fef3034a8fb18dd509707>@@@Z@4HA 0000000180019d08     libucrt:per_thread_data.obj
 0004:00000d08       $pdata$?fin$0@?0???$?RV<lambda_72d1df2b273a38828b1ce30cbf4cdab5>@@AEAV<lambda_876a65b173b8412d3a47c70a915b0cf4>@@V<lambda_41932305e351933ebe8f8be3ed8bb5dc>@@@?$__crt_seh_guarded_call@X@@QEAAX$$QEAV<lambda_72d1df2b273a38828b1ce30cbf4cdab5>@@AEAV<lambda_876a65b173b8412d3a47c70a915b0cf4>@@$$QEAV<lambda_41932305e351933ebe8f8be3ed8bb5dc>@@@Z@4HA 0000000180019d08     libucrt:per_thread_data.obj
 0004:00000d08       $pdata$?fin$0@?0???$?RV<lambda_99476a1ad63dd22509b5d3e65b0ffc95>@@AEAV<lambda_ad1ced32f4ac17aa236e5ef05d6b3b7c>@@V<lambda_f7424dd8d45958661754dc4f2697e9c3>@@@?$__crt_seh_guarded_call@X@@QEAAX$$QEAV<lambda_99476a1ad63dd22509b5d3e65b0ffc95>@@AEAV<lambda_ad1ced32f4ac17aa236e5ef05d6b3b7c>@@$$QEAV<lambda_f7424dd8d45958661754dc4f2697e9c3>@@@Z@4HA 0000000180019d08     libucrt:mbctype.obj
 0004:00000d08       $pdata$?fin$0@?0???$?RV<lambda_c36588078e9f5dfd39652860aa6b3aaf>@@AEAV<lambda_ec61778202f4f5fc7e7711acc23c3bca>@@V<lambda_dc9d2797ccde5d239b4a0efae8ebd7db>@@@?$__crt_seh_guarded_call@P6AXH@Z@@QEAAP6AXH@Z$$QEAV<lambda_c36588078e9f5dfd39652860aa6b3aaf>@@AEAV<lambda_ec61778202f4f5fc7e7711acc23c3bca>@@$$QEAV<lambda_dc9d2797ccde5d239b4a0efae8ebd7db>@@@Z@4HA 0000000180019d08     libucrt:signal.obj
 0004:00000d08       $pdata$?fin$0@?0???$?RV<lambda_5e887d1dcbef67a5eb4283622ba103bf>@@AEAV<lambda_4466841279450cc726390878d4a41900>@@V<lambda_341c25c0346d94847f1f3c463c57e077>@@@?$__crt_seh_guarded_call@X@@QEAAX$$QEAV<lambda_5e887d1dcbef67a5eb4283622ba103bf>@@AEAV<lambda_4466841279450cc726390878d4a41900>@@$$QEAV<lambda_341c25c0346d94847f1f3c463c57e077>@@@Z@4HA 0000000180019d08     libucrt:per_thread_data.obj
 0004:00000d14       $pdata$__acrt_update_thread_multibyte_data$fin$0 0000000180019d14     libucrt:mbctype.obj
 0004:00000d20       $pdata$_query_new_handler$fin$0 0000000180019d20     libucrt:new_handler.obj
 0004:00000d2c       $pdata$raise$fin$0         0000000180019d2c     libucrt:signal.obj
 0004:00000d38       $pdata$__acrt_uninitialize_locale$fin$0 0000000180019d38     libucrt:wsetlocale.obj
 0004:00000d38       $pdata$__acrt_update_thread_locale_data$fin$0 0000000180019d38     libucrt:locale_refcounting.obj
 0004:00000d44       $pdata$__acrt_lowio_ensure_fh_exists$fin$0 0000000180019d44     libucrt:osfinfo.obj
 0004:00000d44       $pdata$__acrt_initialize_lowio$fin$0 0000000180019d44     libucrt:ioinit.obj
 0004:00000d50       $pdata$common_flush_all$fin$0 0000000180019d50     libucrt:fflush.obj
 0004:00000d5c       $pdata$common_flush_all$fin$1 0000000180019d5c     libucrt:fflush.obj
 0004:00000d68       $pdata$_fcloseall$fin$0    0000000180019d68     libucrt:closeall.obj
 0004:00000d74       $pdata$?fin$0@?0???$?RV<lambda_b521505b218e5242e90febf6bfebc422>@@AEAV<lambda_6978c1fb23f02e42e1d9e99668cc68aa>@@V<lambda_314360699dd331753a4119843814e9a7>@@@?$__crt_seh_guarded_call@H@@QEAAH$$QEAV<lambda_b521505b218e5242e90febf6bfebc422>@@AEAV<lambda_6978c1fb23f02e42e1d9e99668cc68aa>@@$$QEAV<lambda_314360699dd331753a4119843814e9a7>@@@Z@4HA 0000000180019d74     libucrt:commit.obj
 0004:00000d74       $pdata$?fin$0@?0???$?RV<lambda_bfedae4ebbf01fab1bb6dcc6a9e276e0>@@AEAV<lambda_2fe9b910cf3cbf4a0ab98a02ba45b3ec>@@V<lambda_237c231691f317818eb88cc1d5d642d6>@@@?$__crt_seh_guarded_call@H@@QEAAH$$QEAV<lambda_bfedae4ebbf01fab1bb6dcc6a9e276e0>@@AEAV<lambda_2fe9b910cf3cbf4a0ab98a02ba45b3ec>@@$$QEAV<lambda_237c231691f317818eb88cc1d5d642d6>@@@Z@4HA 0000000180019d74     libucrt:close.obj
 0004:00000d80       $pdata$_write$fin$0        0000000180019d80     libucrt:write.obj
 0004:00000d8c       $pdata$fclose$fin$0        0000000180019d8c     libucrt:fclose.obj
 0004:00000d98       $pdata$_ctrlfp$filt$0      0000000180019d98     libucrt:fpctrl.obj
 0004:00000da4       $pdata$_IsNonwritableInCurrentImage$filt$0 0000000180019da4     LIBCMT:pesect.obj
 0005:000000a0       $R000000                   000000018001a0a0     ico.res
 0005:000003a8       $R000308                   000000018001a3a8     ico.res
